[2026-06-13T10:57:54.913+0000] {local_task_job_runner.py:120} INFO - ::group::Pre task execution logs
[2026-06-13T10:57:54.950+0000] {taskinstance.py:2076} INFO - Dependencies all met for dep_context=non-requeueable deps ti=<TaskInstance: airpulse_pipeline.run_dbt_models manual__2026-06-13T10:57:52.317594+00:00 [queued]>
[2026-06-13T10:57:54.964+0000] {taskinstance.py:2076} INFO - Dependencies all met for dep_context=requeueable deps ti=<TaskInstance: airpulse_pipeline.run_dbt_models manual__2026-06-13T10:57:52.317594+00:00 [queued]>
[2026-06-13T10:57:54.965+0000] {taskinstance.py:2306} INFO - Starting attempt 1 of 2
[2026-06-13T10:57:54.985+0000] {taskinstance.py:2330} INFO - Executing <Task(BashOperator): run_dbt_models> on 2026-06-13 10:57:52.317594+00:00
[2026-06-13T10:57:54.997+0000] {warnings.py:110} WARNING - /home/***/.local/lib/python3.12/site-packages/***/task/task_runner/standard_task_runner.py:61: DeprecationWarning: This process (pid=97) is multi-threaded, use of fork() may lead to deadlocks in the child.
  pid = os.fork()

[2026-06-13T10:57:55.006+0000] {standard_task_runner.py:63} INFO - Started process 99 to run task
[2026-06-13T10:57:55.007+0000] {standard_task_runner.py:90} INFO - Running: ['***', 'tasks', 'run', 'airpulse_pipeline', 'run_dbt_models', 'manual__2026-06-13T10:57:52.317594+00:00', '--job-id', '6', '--raw', '--subdir', 'DAGS_FOLDER/airpulse_pipeline.py', '--cfg-path', '/tmp/tmp5zccw33m']
[2026-06-13T10:57:55.016+0000] {standard_task_runner.py:91} INFO - Job 6: Subtask run_dbt_models
[2026-06-13T10:57:55.157+0000] {task_command.py:426} INFO - Running <TaskInstance: airpulse_pipeline.run_dbt_models manual__2026-06-13T10:57:52.317594+00:00 [running]> on host 817ed83d3090
[2026-06-13T10:57:55.317+0000] {taskinstance.py:2648} INFO - Exporting env vars: AIRFLOW_CTX_DAG_OWNER='jc' AIRFLOW_CTX_DAG_ID='airpulse_pipeline' AIRFLOW_CTX_TASK_ID='run_dbt_models' AIRFLOW_CTX_EXECUTION_DATE='2026-06-13T10:57:52.317594+00:00' AIRFLOW_CTX_TRY_NUMBER='1' AIRFLOW_CTX_DAG_RUN_ID='manual__2026-06-13T10:57:52.317594+00:00'
[2026-06-13T10:57:55.319+0000] {taskinstance.py:430} INFO - ::endgroup::
[2026-06-13T10:57:55.321+0000] {subprocess.py:63} INFO - Tmp dir root location: /tmp
[2026-06-13T10:57:55.323+0000] {subprocess.py:75} INFO - Running command: ['/usr/bin/bash', '-c', 'cd opt/***/transform && dbt run']
[2026-06-13T10:57:55.342+0000] {subprocess.py:86} INFO - Output:
[2026-06-13T10:57:55.346+0000] {subprocess.py:93} INFO - /usr/bin/bash: line 1: cd: opt/***/transform: No such file or directory
[2026-06-13T10:57:55.348+0000] {subprocess.py:97} INFO - Command exited with return code 1
[2026-06-13T10:57:55.349+0000] {taskinstance.py:441} INFO - ::group::Post task execution logs
[2026-06-13T10:57:55.363+0000] {taskinstance.py:2905} ERROR - Task failed with exception
Traceback (most recent call last):
  File "/home/airflow/.local/lib/python3.12/site-packages/airflow/models/taskinstance.py", line 465, in _execute_task
    result = _execute_callable(context=context, **execute_callable_kwargs)
             ^^^^^^^^^^^^^^^^^^^^^^^^^^^^^^^^^^^^^^^^^^^^^^^^^^^^^^^^^^^^^
  File "/home/airflow/.local/lib/python3.12/site-packages/airflow/models/taskinstance.py", line 432, in _execute_callable
    return execute_callable(context=context, **execute_callable_kwargs)
           ^^^^^^^^^^^^^^^^^^^^^^^^^^^^^^^^^^^^^^^^^^^^^^^^^^^^^^^^^^^^
  File "/home/airflow/.local/lib/python3.12/site-packages/airflow/models/baseoperator.py", line 400, in wrapper
    return func(self, *args, **kwargs)
           ^^^^^^^^^^^^^^^^^^^^^^^^^^^
  File "/home/airflow/.local/lib/python3.12/site-packages/airflow/operators/bash.py", line 243, in execute
    raise AirflowException(
airflow.exceptions.AirflowException: Bash command failed. The command returned a non-zero exit code 1.
[2026-06-13T10:57:55.368+0000] {taskinstance.py:1206} INFO - Marking task as UP_FOR_RETRY. dag_id=airpulse_pipeline, task_id=run_dbt_models, run_id=manual__2026-06-13T10:57:52.317594+00:00, execution_date=20260613T105752, start_date=20260613T105754, end_date=20260613T105755
[2026-06-13T10:57:55.385+0000] {standard_task_runner.py:110} ERROR - Failed to execute job 6 for task run_dbt_models (Bash command failed. The command returned a non-zero exit code 1.; 99)
[2026-06-13T10:57:55.424+0000] {local_task_job_runner.py:240} INFO - Task exited with return code 1
[2026-06-13T10:57:55.450+0000] {taskinstance.py:3498} INFO - 0 downstream tasks scheduled from follow-on schedule check
[2026-06-13T10:57:55.453+0000] {local_task_job_runner.py:222} INFO - ::endgroup::
