[2026-06-13T11:15:04.773+0000] {local_task_job_runner.py:120} INFO - ::group::Pre task execution logs
[2026-06-13T11:15:04.800+0000] {taskinstance.py:2076} INFO - Dependencies all met for dep_context=non-requeueable deps ti=<TaskInstance: airpulse_pipeline.run_dbt_models manual__2026-06-13T11:09:59.485170+00:00 [queued]>
[2026-06-13T11:15:04.810+0000] {taskinstance.py:2076} INFO - Dependencies all met for dep_context=requeueable deps ti=<TaskInstance: airpulse_pipeline.run_dbt_models manual__2026-06-13T11:09:59.485170+00:00 [queued]>
[2026-06-13T11:15:04.812+0000] {taskinstance.py:2306} INFO - Starting attempt 2 of 2
[2026-06-13T11:15:04.827+0000] {taskinstance.py:2330} INFO - Executing <Task(BashOperator): run_dbt_models> on 2026-06-13 11:09:59.485170+00:00
[2026-06-13T11:15:04.836+0000] {warnings.py:110} WARNING - /home/***/.local/lib/python3.12/site-packages/***/task/task_runner/standard_task_runner.py:61: DeprecationWarning: This process (pid=148) is multi-threaded, use of fork() may lead to deadlocks in the child.
  pid = os.fork()

[2026-06-13T11:15:04.838+0000] {standard_task_runner.py:63} INFO - Started process 150 to run task
[2026-06-13T11:15:04.839+0000] {standard_task_runner.py:90} INFO - Running: ['***', 'tasks', 'run', 'airpulse_pipeline', 'run_dbt_models', 'manual__2026-06-13T11:09:59.485170+00:00', '--job-id', '12', '--raw', '--subdir', 'DAGS_FOLDER/airpulse_pipeline.py', '--cfg-path', '/tmp/tmpgn26o9dy']
[2026-06-13T11:15:04.842+0000] {standard_task_runner.py:91} INFO - Job 12: Subtask run_dbt_models
[2026-06-13T11:15:04.928+0000] {task_command.py:426} INFO - Running <TaskInstance: airpulse_pipeline.run_dbt_models manual__2026-06-13T11:09:59.485170+00:00 [running]> on host 62caebdebbf8
[2026-06-13T11:15:05.027+0000] {taskinstance.py:2648} INFO - Exporting env vars: AIRFLOW_CTX_DAG_OWNER='jc' AIRFLOW_CTX_DAG_ID='airpulse_pipeline' AIRFLOW_CTX_TASK_ID='run_dbt_models' AIRFLOW_CTX_EXECUTION_DATE='2026-06-13T11:09:59.485170+00:00' AIRFLOW_CTX_TRY_NUMBER='2' AIRFLOW_CTX_DAG_RUN_ID='manual__2026-06-13T11:09:59.485170+00:00'
[2026-06-13T11:15:05.030+0000] {taskinstance.py:430} INFO - ::endgroup::
[2026-06-13T11:15:05.032+0000] {subprocess.py:63} INFO - Tmp dir root location: /tmp
[2026-06-13T11:15:05.033+0000] {subprocess.py:75} INFO - Running command: ['/usr/bin/bash', '-c', 'cd /opt/***/transform && dbt run --profiles-dir .']
[2026-06-13T11:15:05.050+0000] {subprocess.py:86} INFO - Output:
[2026-06-13T11:15:05.053+0000] {subprocess.py:93} INFO - /usr/bin/bash: line 1: dbt: command not found
[2026-06-13T11:15:05.053+0000] {subprocess.py:97} INFO - Command exited with return code 127
[2026-06-13T11:15:05.055+0000] {taskinstance.py:441} INFO - ::group::Post task execution logs
[2026-06-13T11:15:05.067+0000] {taskinstance.py:2905} ERROR - Task failed with exception
Traceback (most recent call last):
  File "/home/airflow/.local/lib/python3.12/site-packages/airflow/models/taskinstance.py", line 465, in _execute_task
    result = _execute_callable(context=context, **execute_callable_kwargs)
             ^^^^^^^^^^^^^^^^^^^^^^^^^^^^^^^^^^^^^^^^^^^^^^^^^^^^^^^^^^^^^
  File "/home/airflow/.local/lib/python3.12/site-packages/airflow/models/taskinstance.py", line 432, in _execute_callable
    return execute_callable(context=context, **execute_callable_kwargs)
           ^^^^^^^^^^^^^^^^^^^^^^^^^^^^^^^^^^^^^^^^^^^^^^^^^^^^^^^^^^^^
  File "/home/airflow/.local/lib/python3.12/site-packages/airflow/models/baseoperator.py", line 400, in wrapper
    return func(self, *args, **kwargs)
           ^^^^^^^^^^^^^^^^^^^^^^^^^^^
  File "/home/airflow/.local/lib/python3.12/site-packages/airflow/operators/bash.py", line 243, in execute
    raise AirflowException(
airflow.exceptions.AirflowException: Bash command failed. The command returned a non-zero exit code 127.
[2026-06-13T11:15:05.073+0000] {taskinstance.py:1206} INFO - Marking task as FAILED. dag_id=airpulse_pipeline, task_id=run_dbt_models, run_id=manual__2026-06-13T11:09:59.485170+00:00, execution_date=20260613T110959, start_date=20260613T111504, end_date=20260613T111505
[2026-06-13T11:15:05.091+0000] {standard_task_runner.py:110} ERROR - Failed to execute job 12 for task run_dbt_models (Bash command failed. The command returned a non-zero exit code 127.; 150)
[2026-06-13T11:15:05.134+0000] {local_task_job_runner.py:240} INFO - Task exited with return code 1
[2026-06-13T11:15:05.160+0000] {taskinstance.py:3498} INFO - 0 downstream tasks scheduled from follow-on schedule check
[2026-06-13T11:15:05.166+0000] {local_task_job_runner.py:222} INFO - ::endgroup::
