[2026-06-23T02:47:04.058+0000] {processor.py:161} INFO - Started process (PID=116) to work on /home/airflow/.local/lib/python3.12/site-packages/airflow/example_dags/example_branch_python_dop_operator_3.py
[2026-06-23T02:47:04.060+0000] {processor.py:830} INFO - Processing file /home/airflow/.local/lib/python3.12/site-packages/airflow/example_dags/example_branch_python_dop_operator_3.py for tasks to queue
[2026-06-23T02:47:04.064+0000] {logging_mixin.py:188} INFO - [2026-06-23T02:47:04.064+0000] {dagbag.py:545} INFO - Filling up the DagBag from /home/airflow/.local/lib/python3.12/site-packages/airflow/example_dags/example_branch_python_dop_operator_3.py
[2026-06-23T02:47:04.082+0000] {processor.py:840} INFO - DAG(s) 'example_branch_dop_operator_v3' retrieved from /home/airflow/.local/lib/python3.12/site-packages/airflow/example_dags/example_branch_python_dop_operator_3.py
[2026-06-23T02:47:04.291+0000] {logging_mixin.py:188} INFO - [2026-06-23T02:47:04.291+0000] {dag.py:3096} INFO - Sync 1 DAGs
[2026-06-23T02:47:04.344+0000] {logging_mixin.py:188} INFO - [2026-06-23T02:47:04.343+0000] {dag.py:3954} INFO - Setting next_dagrun for example_branch_dop_operator_v3 to 2026-06-23 02:46:00+00:00, run_after=2026-06-23 02:47:00+00:00
[2026-06-23T02:47:04.389+0000] {processor.py:183} INFO - Processing /home/airflow/.local/lib/python3.12/site-packages/airflow/example_dags/example_branch_python_dop_operator_3.py took 0.340 seconds
[2026-06-23T02:47:35.311+0000] {processor.py:161} INFO - Started process (PID=175) to work on /home/airflow/.local/lib/python3.12/site-packages/airflow/example_dags/example_branch_python_dop_operator_3.py
[2026-06-23T02:47:35.313+0000] {processor.py:830} INFO - Processing file /home/airflow/.local/lib/python3.12/site-packages/airflow/example_dags/example_branch_python_dop_operator_3.py for tasks to queue
[2026-06-23T02:47:35.316+0000] {logging_mixin.py:188} INFO - [2026-06-23T02:47:35.315+0000] {dagbag.py:545} INFO - Filling up the DagBag from /home/airflow/.local/lib/python3.12/site-packages/airflow/example_dags/example_branch_python_dop_operator_3.py
[2026-06-23T02:47:35.330+0000] {processor.py:840} INFO - DAG(s) 'example_branch_dop_operator_v3' retrieved from /home/airflow/.local/lib/python3.12/site-packages/airflow/example_dags/example_branch_python_dop_operator_3.py
[2026-06-23T02:47:35.359+0000] {logging_mixin.py:188} INFO - [2026-06-23T02:47:35.359+0000] {dag.py:3096} INFO - Sync 1 DAGs
[2026-06-23T02:47:35.395+0000] {logging_mixin.py:188} INFO - [2026-06-23T02:47:35.394+0000] {dag.py:3954} INFO - Setting next_dagrun for example_branch_dop_operator_v3 to 2026-06-23 02:46:00+00:00, run_after=2026-06-23 02:47:00+00:00
[2026-06-23T02:47:35.428+0000] {processor.py:183} INFO - Processing /home/airflow/.local/lib/python3.12/site-packages/airflow/example_dags/example_branch_python_dop_operator_3.py took 0.127 seconds
[2026-06-23T02:48:05.774+0000] {processor.py:161} INFO - Started process (PID=234) to work on /home/airflow/.local/lib/python3.12/site-packages/airflow/example_dags/example_branch_python_dop_operator_3.py
[2026-06-23T02:48:05.776+0000] {processor.py:830} INFO - Processing file /home/airflow/.local/lib/python3.12/site-packages/airflow/example_dags/example_branch_python_dop_operator_3.py for tasks to queue
[2026-06-23T02:48:05.779+0000] {logging_mixin.py:188} INFO - [2026-06-23T02:48:05.779+0000] {dagbag.py:545} INFO - Filling up the DagBag from /home/airflow/.local/lib/python3.12/site-packages/airflow/example_dags/example_branch_python_dop_operator_3.py
[2026-06-23T02:48:05.794+0000] {processor.py:840} INFO - DAG(s) 'example_branch_dop_operator_v3' retrieved from /home/airflow/.local/lib/python3.12/site-packages/airflow/example_dags/example_branch_python_dop_operator_3.py
[2026-06-23T02:48:05.828+0000] {logging_mixin.py:188} INFO - [2026-06-23T02:48:05.827+0000] {dag.py:3096} INFO - Sync 1 DAGs
[2026-06-23T02:48:05.870+0000] {logging_mixin.py:188} INFO - [2026-06-23T02:48:05.869+0000] {dag.py:3954} INFO - Setting next_dagrun for example_branch_dop_operator_v3 to 2026-06-23 02:47:00+00:00, run_after=2026-06-23 02:48:00+00:00
[2026-06-23T02:48:05.906+0000] {processor.py:183} INFO - Processing /home/airflow/.local/lib/python3.12/site-packages/airflow/example_dags/example_branch_python_dop_operator_3.py took 0.142 seconds
[2026-06-23T02:48:36.575+0000] {processor.py:161} INFO - Started process (PID=293) to work on /home/airflow/.local/lib/python3.12/site-packages/airflow/example_dags/example_branch_python_dop_operator_3.py
[2026-06-23T02:48:36.577+0000] {processor.py:830} INFO - Processing file /home/airflow/.local/lib/python3.12/site-packages/airflow/example_dags/example_branch_python_dop_operator_3.py for tasks to queue
[2026-06-23T02:48:36.582+0000] {logging_mixin.py:188} INFO - [2026-06-23T02:48:36.581+0000] {dagbag.py:545} INFO - Filling up the DagBag from /home/airflow/.local/lib/python3.12/site-packages/airflow/example_dags/example_branch_python_dop_operator_3.py
[2026-06-23T02:48:36.602+0000] {processor.py:840} INFO - DAG(s) 'example_branch_dop_operator_v3' retrieved from /home/airflow/.local/lib/python3.12/site-packages/airflow/example_dags/example_branch_python_dop_operator_3.py
[2026-06-23T02:48:36.649+0000] {logging_mixin.py:188} INFO - [2026-06-23T02:48:36.649+0000] {dag.py:3096} INFO - Sync 1 DAGs
[2026-06-23T02:48:36.730+0000] {logging_mixin.py:188} INFO - [2026-06-23T02:48:36.709+0000] {dag.py:3954} INFO - Setting next_dagrun for example_branch_dop_operator_v3 to 2026-06-23 02:47:00+00:00, run_after=2026-06-23 02:48:00+00:00
[2026-06-23T02:48:36.778+0000] {processor.py:183} INFO - Processing /home/airflow/.local/lib/python3.12/site-packages/airflow/example_dags/example_branch_python_dop_operator_3.py took 0.215 seconds
[2026-06-23T02:49:07.570+0000] {processor.py:161} INFO - Started process (PID=353) to work on /home/airflow/.local/lib/python3.12/site-packages/airflow/example_dags/example_branch_python_dop_operator_3.py
[2026-06-23T02:49:07.572+0000] {processor.py:830} INFO - Processing file /home/airflow/.local/lib/python3.12/site-packages/airflow/example_dags/example_branch_python_dop_operator_3.py for tasks to queue
[2026-06-23T02:49:07.577+0000] {logging_mixin.py:188} INFO - [2026-06-23T02:49:07.576+0000] {dagbag.py:545} INFO - Filling up the DagBag from /home/airflow/.local/lib/python3.12/site-packages/airflow/example_dags/example_branch_python_dop_operator_3.py
[2026-06-23T02:49:07.598+0000] {processor.py:840} INFO - DAG(s) 'example_branch_dop_operator_v3' retrieved from /home/airflow/.local/lib/python3.12/site-packages/airflow/example_dags/example_branch_python_dop_operator_3.py
[2026-06-23T02:49:07.651+0000] {logging_mixin.py:188} INFO - [2026-06-23T02:49:07.650+0000] {dag.py:3096} INFO - Sync 1 DAGs
[2026-06-23T02:49:07.705+0000] {logging_mixin.py:188} INFO - [2026-06-23T02:49:07.705+0000] {dag.py:3954} INFO - Setting next_dagrun for example_branch_dop_operator_v3 to 2026-06-23 02:48:00+00:00, run_after=2026-06-23 02:49:00+00:00
[2026-06-23T02:49:07.750+0000] {processor.py:183} INFO - Processing /home/airflow/.local/lib/python3.12/site-packages/airflow/example_dags/example_branch_python_dop_operator_3.py took 0.195 seconds
[2026-06-23T02:49:38.036+0000] {processor.py:161} INFO - Started process (PID=412) to work on /home/airflow/.local/lib/python3.12/site-packages/airflow/example_dags/example_branch_python_dop_operator_3.py
[2026-06-23T02:49:38.038+0000] {processor.py:830} INFO - Processing file /home/airflow/.local/lib/python3.12/site-packages/airflow/example_dags/example_branch_python_dop_operator_3.py for tasks to queue
[2026-06-23T02:49:38.042+0000] {logging_mixin.py:188} INFO - [2026-06-23T02:49:38.041+0000] {dagbag.py:545} INFO - Filling up the DagBag from /home/airflow/.local/lib/python3.12/site-packages/airflow/example_dags/example_branch_python_dop_operator_3.py
[2026-06-23T02:49:38.055+0000] {processor.py:840} INFO - DAG(s) 'example_branch_dop_operator_v3' retrieved from /home/airflow/.local/lib/python3.12/site-packages/airflow/example_dags/example_branch_python_dop_operator_3.py
[2026-06-23T02:49:38.094+0000] {logging_mixin.py:188} INFO - [2026-06-23T02:49:38.093+0000] {dag.py:3096} INFO - Sync 1 DAGs
[2026-06-23T02:49:38.134+0000] {logging_mixin.py:188} INFO - [2026-06-23T02:49:38.133+0000] {dag.py:3954} INFO - Setting next_dagrun for example_branch_dop_operator_v3 to 2026-06-23 02:48:00+00:00, run_after=2026-06-23 02:49:00+00:00
[2026-06-23T02:49:38.180+0000] {processor.py:183} INFO - Processing /home/airflow/.local/lib/python3.12/site-packages/airflow/example_dags/example_branch_python_dop_operator_3.py took 0.155 seconds
[2026-06-23T02:50:08.348+0000] {processor.py:161} INFO - Started process (PID=473) to work on /home/airflow/.local/lib/python3.12/site-packages/airflow/example_dags/example_branch_python_dop_operator_3.py
[2026-06-23T02:50:08.356+0000] {processor.py:830} INFO - Processing file /home/airflow/.local/lib/python3.12/site-packages/airflow/example_dags/example_branch_python_dop_operator_3.py for tasks to queue
[2026-06-23T02:50:08.364+0000] {logging_mixin.py:188} INFO - [2026-06-23T02:50:08.360+0000] {dagbag.py:545} INFO - Filling up the DagBag from /home/airflow/.local/lib/python3.12/site-packages/airflow/example_dags/example_branch_python_dop_operator_3.py
[2026-06-23T02:50:08.396+0000] {processor.py:840} INFO - DAG(s) 'example_branch_dop_operator_v3' retrieved from /home/airflow/.local/lib/python3.12/site-packages/airflow/example_dags/example_branch_python_dop_operator_3.py
[2026-06-23T02:50:08.444+0000] {logging_mixin.py:188} INFO - [2026-06-23T02:50:08.443+0000] {dag.py:3096} INFO - Sync 1 DAGs
[2026-06-23T02:50:08.498+0000] {logging_mixin.py:188} INFO - [2026-06-23T02:50:08.498+0000] {dag.py:3954} INFO - Setting next_dagrun for example_branch_dop_operator_v3 to 2026-06-23 02:49:00+00:00, run_after=2026-06-23 02:50:00+00:00
[2026-06-23T02:50:08.540+0000] {processor.py:183} INFO - Processing /home/airflow/.local/lib/python3.12/site-packages/airflow/example_dags/example_branch_python_dop_operator_3.py took 0.211 seconds
[2026-06-23T02:50:38.663+0000] {processor.py:161} INFO - Started process (PID=534) to work on /home/airflow/.local/lib/python3.12/site-packages/airflow/example_dags/example_branch_python_dop_operator_3.py
[2026-06-23T02:50:38.664+0000] {processor.py:830} INFO - Processing file /home/airflow/.local/lib/python3.12/site-packages/airflow/example_dags/example_branch_python_dop_operator_3.py for tasks to queue
[2026-06-23T02:50:38.667+0000] {logging_mixin.py:188} INFO - [2026-06-23T02:50:38.667+0000] {dagbag.py:545} INFO - Filling up the DagBag from /home/airflow/.local/lib/python3.12/site-packages/airflow/example_dags/example_branch_python_dop_operator_3.py
[2026-06-23T02:50:38.682+0000] {processor.py:840} INFO - DAG(s) 'example_branch_dop_operator_v3' retrieved from /home/airflow/.local/lib/python3.12/site-packages/airflow/example_dags/example_branch_python_dop_operator_3.py
[2026-06-23T02:50:38.715+0000] {logging_mixin.py:188} INFO - [2026-06-23T02:50:38.715+0000] {dag.py:3096} INFO - Sync 1 DAGs
[2026-06-23T02:50:38.750+0000] {logging_mixin.py:188} INFO - [2026-06-23T02:50:38.750+0000] {dag.py:3954} INFO - Setting next_dagrun for example_branch_dop_operator_v3 to 2026-06-23 02:49:00+00:00, run_after=2026-06-23 02:50:00+00:00
[2026-06-23T02:50:38.781+0000] {processor.py:183} INFO - Processing /home/airflow/.local/lib/python3.12/site-packages/airflow/example_dags/example_branch_python_dop_operator_3.py took 0.128 seconds
[2026-06-23T02:51:09.220+0000] {processor.py:161} INFO - Started process (PID=594) to work on /home/airflow/.local/lib/python3.12/site-packages/airflow/example_dags/example_branch_python_dop_operator_3.py
[2026-06-23T02:51:09.222+0000] {processor.py:830} INFO - Processing file /home/airflow/.local/lib/python3.12/site-packages/airflow/example_dags/example_branch_python_dop_operator_3.py for tasks to queue
[2026-06-23T02:51:09.226+0000] {logging_mixin.py:188} INFO - [2026-06-23T02:51:09.226+0000] {dagbag.py:545} INFO - Filling up the DagBag from /home/airflow/.local/lib/python3.12/site-packages/airflow/example_dags/example_branch_python_dop_operator_3.py
[2026-06-23T02:51:09.243+0000] {processor.py:840} INFO - DAG(s) 'example_branch_dop_operator_v3' retrieved from /home/airflow/.local/lib/python3.12/site-packages/airflow/example_dags/example_branch_python_dop_operator_3.py
[2026-06-23T02:51:09.281+0000] {logging_mixin.py:188} INFO - [2026-06-23T02:51:09.280+0000] {dag.py:3096} INFO - Sync 1 DAGs
[2026-06-23T02:51:09.326+0000] {logging_mixin.py:188} INFO - [2026-06-23T02:51:09.326+0000] {dag.py:3954} INFO - Setting next_dagrun for example_branch_dop_operator_v3 to 2026-06-23 02:50:00+00:00, run_after=2026-06-23 02:51:00+00:00
[2026-06-23T02:51:09.366+0000] {processor.py:183} INFO - Processing /home/airflow/.local/lib/python3.12/site-packages/airflow/example_dags/example_branch_python_dop_operator_3.py took 0.156 seconds
[2026-06-23T02:51:39.641+0000] {processor.py:161} INFO - Started process (PID=654) to work on /home/airflow/.local/lib/python3.12/site-packages/airflow/example_dags/example_branch_python_dop_operator_3.py
[2026-06-23T02:51:39.643+0000] {processor.py:830} INFO - Processing file /home/airflow/.local/lib/python3.12/site-packages/airflow/example_dags/example_branch_python_dop_operator_3.py for tasks to queue
[2026-06-23T02:51:39.646+0000] {logging_mixin.py:188} INFO - [2026-06-23T02:51:39.645+0000] {dagbag.py:545} INFO - Filling up the DagBag from /home/airflow/.local/lib/python3.12/site-packages/airflow/example_dags/example_branch_python_dop_operator_3.py
[2026-06-23T02:51:39.658+0000] {processor.py:840} INFO - DAG(s) 'example_branch_dop_operator_v3' retrieved from /home/airflow/.local/lib/python3.12/site-packages/airflow/example_dags/example_branch_python_dop_operator_3.py
[2026-06-23T02:51:39.690+0000] {logging_mixin.py:188} INFO - [2026-06-23T02:51:39.689+0000] {dag.py:3096} INFO - Sync 1 DAGs
[2026-06-23T02:51:39.727+0000] {logging_mixin.py:188} INFO - [2026-06-23T02:51:39.727+0000] {dag.py:3954} INFO - Setting next_dagrun for example_branch_dop_operator_v3 to 2026-06-23 02:50:00+00:00, run_after=2026-06-23 02:51:00+00:00
[2026-06-23T02:51:39.777+0000] {processor.py:183} INFO - Processing /home/airflow/.local/lib/python3.12/site-packages/airflow/example_dags/example_branch_python_dop_operator_3.py took 0.146 seconds
[2026-06-23T02:52:10.025+0000] {processor.py:161} INFO - Started process (PID=713) to work on /home/airflow/.local/lib/python3.12/site-packages/airflow/example_dags/example_branch_python_dop_operator_3.py
[2026-06-23T02:52:10.027+0000] {processor.py:830} INFO - Processing file /home/airflow/.local/lib/python3.12/site-packages/airflow/example_dags/example_branch_python_dop_operator_3.py for tasks to queue
[2026-06-23T02:52:10.029+0000] {logging_mixin.py:188} INFO - [2026-06-23T02:52:10.029+0000] {dagbag.py:545} INFO - Filling up the DagBag from /home/airflow/.local/lib/python3.12/site-packages/airflow/example_dags/example_branch_python_dop_operator_3.py
[2026-06-23T02:52:10.041+0000] {processor.py:840} INFO - DAG(s) 'example_branch_dop_operator_v3' retrieved from /home/airflow/.local/lib/python3.12/site-packages/airflow/example_dags/example_branch_python_dop_operator_3.py
[2026-06-23T02:52:10.066+0000] {logging_mixin.py:188} INFO - [2026-06-23T02:52:10.066+0000] {dag.py:3096} INFO - Sync 1 DAGs
[2026-06-23T02:52:10.099+0000] {logging_mixin.py:188} INFO - [2026-06-23T02:52:10.099+0000] {dag.py:3954} INFO - Setting next_dagrun for example_branch_dop_operator_v3 to 2026-06-23 02:51:00+00:00, run_after=2026-06-23 02:52:00+00:00
[2026-06-23T02:52:10.129+0000] {processor.py:183} INFO - Processing /home/airflow/.local/lib/python3.12/site-packages/airflow/example_dags/example_branch_python_dop_operator_3.py took 0.112 seconds
[2026-06-23T02:52:40.672+0000] {processor.py:161} INFO - Started process (PID=772) to work on /home/airflow/.local/lib/python3.12/site-packages/airflow/example_dags/example_branch_python_dop_operator_3.py
[2026-06-23T02:52:40.674+0000] {processor.py:830} INFO - Processing file /home/airflow/.local/lib/python3.12/site-packages/airflow/example_dags/example_branch_python_dop_operator_3.py for tasks to queue
[2026-06-23T02:52:40.677+0000] {logging_mixin.py:188} INFO - [2026-06-23T02:52:40.677+0000] {dagbag.py:545} INFO - Filling up the DagBag from /home/airflow/.local/lib/python3.12/site-packages/airflow/example_dags/example_branch_python_dop_operator_3.py
[2026-06-23T02:52:40.688+0000] {processor.py:840} INFO - DAG(s) 'example_branch_dop_operator_v3' retrieved from /home/airflow/.local/lib/python3.12/site-packages/airflow/example_dags/example_branch_python_dop_operator_3.py
[2026-06-23T02:52:40.716+0000] {logging_mixin.py:188} INFO - [2026-06-23T02:52:40.716+0000] {dag.py:3096} INFO - Sync 1 DAGs
[2026-06-23T02:52:40.747+0000] {logging_mixin.py:188} INFO - [2026-06-23T02:52:40.747+0000] {dag.py:3954} INFO - Setting next_dagrun for example_branch_dop_operator_v3 to 2026-06-23 02:51:00+00:00, run_after=2026-06-23 02:52:00+00:00
[2026-06-23T02:52:40.773+0000] {processor.py:183} INFO - Processing /home/airflow/.local/lib/python3.12/site-packages/airflow/example_dags/example_branch_python_dop_operator_3.py took 0.108 seconds
[2026-06-23T02:53:11.096+0000] {processor.py:161} INFO - Started process (PID=831) to work on /home/airflow/.local/lib/python3.12/site-packages/airflow/example_dags/example_branch_python_dop_operator_3.py
[2026-06-23T02:53:11.098+0000] {processor.py:830} INFO - Processing file /home/airflow/.local/lib/python3.12/site-packages/airflow/example_dags/example_branch_python_dop_operator_3.py for tasks to queue
[2026-06-23T02:53:11.105+0000] {logging_mixin.py:188} INFO - [2026-06-23T02:53:11.104+0000] {dagbag.py:545} INFO - Filling up the DagBag from /home/airflow/.local/lib/python3.12/site-packages/airflow/example_dags/example_branch_python_dop_operator_3.py
[2026-06-23T02:53:11.122+0000] {processor.py:840} INFO - DAG(s) 'example_branch_dop_operator_v3' retrieved from /home/airflow/.local/lib/python3.12/site-packages/airflow/example_dags/example_branch_python_dop_operator_3.py
[2026-06-23T02:53:11.161+0000] {logging_mixin.py:188} INFO - [2026-06-23T02:53:11.160+0000] {dag.py:3096} INFO - Sync 1 DAGs
[2026-06-23T02:53:11.199+0000] {logging_mixin.py:188} INFO - [2026-06-23T02:53:11.198+0000] {dag.py:3954} INFO - Setting next_dagrun for example_branch_dop_operator_v3 to 2026-06-23 02:52:00+00:00, run_after=2026-06-23 02:53:00+00:00
[2026-06-23T02:53:11.235+0000] {processor.py:183} INFO - Processing /home/airflow/.local/lib/python3.12/site-packages/airflow/example_dags/example_branch_python_dop_operator_3.py took 0.153 seconds
[2026-06-23T02:53:41.598+0000] {processor.py:161} INFO - Started process (PID=890) to work on /home/airflow/.local/lib/python3.12/site-packages/airflow/example_dags/example_branch_python_dop_operator_3.py
[2026-06-23T02:53:41.600+0000] {processor.py:830} INFO - Processing file /home/airflow/.local/lib/python3.12/site-packages/airflow/example_dags/example_branch_python_dop_operator_3.py for tasks to queue
[2026-06-23T02:53:41.603+0000] {logging_mixin.py:188} INFO - [2026-06-23T02:53:41.602+0000] {dagbag.py:545} INFO - Filling up the DagBag from /home/airflow/.local/lib/python3.12/site-packages/airflow/example_dags/example_branch_python_dop_operator_3.py
[2026-06-23T02:53:41.613+0000] {processor.py:840} INFO - DAG(s) 'example_branch_dop_operator_v3' retrieved from /home/airflow/.local/lib/python3.12/site-packages/airflow/example_dags/example_branch_python_dop_operator_3.py
[2026-06-23T02:53:41.641+0000] {logging_mixin.py:188} INFO - [2026-06-23T02:53:41.641+0000] {dag.py:3096} INFO - Sync 1 DAGs
[2026-06-23T02:53:41.672+0000] {logging_mixin.py:188} INFO - [2026-06-23T02:53:41.671+0000] {dag.py:3954} INFO - Setting next_dagrun for example_branch_dop_operator_v3 to 2026-06-23 02:52:00+00:00, run_after=2026-06-23 02:53:00+00:00
[2026-06-23T02:53:41.700+0000] {processor.py:183} INFO - Processing /home/airflow/.local/lib/python3.12/site-packages/airflow/example_dags/example_branch_python_dop_operator_3.py took 0.108 seconds
[2026-06-23T02:54:12.063+0000] {processor.py:161} INFO - Started process (PID=949) to work on /home/airflow/.local/lib/python3.12/site-packages/airflow/example_dags/example_branch_python_dop_operator_3.py
[2026-06-23T02:54:12.065+0000] {processor.py:830} INFO - Processing file /home/airflow/.local/lib/python3.12/site-packages/airflow/example_dags/example_branch_python_dop_operator_3.py for tasks to queue
[2026-06-23T02:54:12.069+0000] {logging_mixin.py:188} INFO - [2026-06-23T02:54:12.068+0000] {dagbag.py:545} INFO - Filling up the DagBag from /home/airflow/.local/lib/python3.12/site-packages/airflow/example_dags/example_branch_python_dop_operator_3.py
[2026-06-23T02:54:12.081+0000] {processor.py:840} INFO - DAG(s) 'example_branch_dop_operator_v3' retrieved from /home/airflow/.local/lib/python3.12/site-packages/airflow/example_dags/example_branch_python_dop_operator_3.py
[2026-06-23T02:54:12.112+0000] {logging_mixin.py:188} INFO - [2026-06-23T02:54:12.112+0000] {dag.py:3096} INFO - Sync 1 DAGs
[2026-06-23T02:54:12.145+0000] {logging_mixin.py:188} INFO - [2026-06-23T02:54:12.145+0000] {dag.py:3954} INFO - Setting next_dagrun for example_branch_dop_operator_v3 to 2026-06-23 02:53:00+00:00, run_after=2026-06-23 02:54:00+00:00
[2026-06-23T02:54:12.178+0000] {processor.py:183} INFO - Processing /home/airflow/.local/lib/python3.12/site-packages/airflow/example_dags/example_branch_python_dop_operator_3.py took 0.121 seconds
[2026-06-23T02:54:42.518+0000] {processor.py:161} INFO - Started process (PID=1009) to work on /home/airflow/.local/lib/python3.12/site-packages/airflow/example_dags/example_branch_python_dop_operator_3.py
[2026-06-23T02:54:42.521+0000] {processor.py:830} INFO - Processing file /home/airflow/.local/lib/python3.12/site-packages/airflow/example_dags/example_branch_python_dop_operator_3.py for tasks to queue
[2026-06-23T02:54:42.525+0000] {logging_mixin.py:188} INFO - [2026-06-23T02:54:42.525+0000] {dagbag.py:545} INFO - Filling up the DagBag from /home/airflow/.local/lib/python3.12/site-packages/airflow/example_dags/example_branch_python_dop_operator_3.py
[2026-06-23T02:54:42.541+0000] {processor.py:840} INFO - DAG(s) 'example_branch_dop_operator_v3' retrieved from /home/airflow/.local/lib/python3.12/site-packages/airflow/example_dags/example_branch_python_dop_operator_3.py
[2026-06-23T02:54:42.583+0000] {logging_mixin.py:188} INFO - [2026-06-23T02:54:42.583+0000] {dag.py:3096} INFO - Sync 1 DAGs
[2026-06-23T02:54:42.629+0000] {logging_mixin.py:188} INFO - [2026-06-23T02:54:42.629+0000] {dag.py:3954} INFO - Setting next_dagrun for example_branch_dop_operator_v3 to 2026-06-23 02:53:00+00:00, run_after=2026-06-23 02:54:00+00:00
[2026-06-23T02:54:42.663+0000] {processor.py:183} INFO - Processing /home/airflow/.local/lib/python3.12/site-packages/airflow/example_dags/example_branch_python_dop_operator_3.py took 0.156 seconds
[2026-06-23T02:55:13.323+0000] {processor.py:161} INFO - Started process (PID=1068) to work on /home/airflow/.local/lib/python3.12/site-packages/airflow/example_dags/example_branch_python_dop_operator_3.py
[2026-06-23T02:55:13.325+0000] {processor.py:830} INFO - Processing file /home/airflow/.local/lib/python3.12/site-packages/airflow/example_dags/example_branch_python_dop_operator_3.py for tasks to queue
[2026-06-23T02:55:13.328+0000] {logging_mixin.py:188} INFO - [2026-06-23T02:55:13.328+0000] {dagbag.py:545} INFO - Filling up the DagBag from /home/airflow/.local/lib/python3.12/site-packages/airflow/example_dags/example_branch_python_dop_operator_3.py
[2026-06-23T02:55:13.341+0000] {processor.py:840} INFO - DAG(s) 'example_branch_dop_operator_v3' retrieved from /home/airflow/.local/lib/python3.12/site-packages/airflow/example_dags/example_branch_python_dop_operator_3.py
[2026-06-23T02:55:13.373+0000] {logging_mixin.py:188} INFO - [2026-06-23T02:55:13.372+0000] {dag.py:3096} INFO - Sync 1 DAGs
[2026-06-23T02:55:13.410+0000] {logging_mixin.py:188} INFO - [2026-06-23T02:55:13.409+0000] {dag.py:3954} INFO - Setting next_dagrun for example_branch_dop_operator_v3 to 2026-06-23 02:54:00+00:00, run_after=2026-06-23 02:55:00+00:00
[2026-06-23T02:55:13.444+0000] {processor.py:183} INFO - Processing /home/airflow/.local/lib/python3.12/site-packages/airflow/example_dags/example_branch_python_dop_operator_3.py took 0.129 seconds
[2026-06-23T02:55:44.026+0000] {processor.py:161} INFO - Started process (PID=1128) to work on /home/airflow/.local/lib/python3.12/site-packages/airflow/example_dags/example_branch_python_dop_operator_3.py
[2026-06-23T02:55:44.028+0000] {processor.py:830} INFO - Processing file /home/airflow/.local/lib/python3.12/site-packages/airflow/example_dags/example_branch_python_dop_operator_3.py for tasks to queue
[2026-06-23T02:55:44.031+0000] {logging_mixin.py:188} INFO - [2026-06-23T02:55:44.031+0000] {dagbag.py:545} INFO - Filling up the DagBag from /home/airflow/.local/lib/python3.12/site-packages/airflow/example_dags/example_branch_python_dop_operator_3.py
[2026-06-23T02:55:44.042+0000] {processor.py:840} INFO - DAG(s) 'example_branch_dop_operator_v3' retrieved from /home/airflow/.local/lib/python3.12/site-packages/airflow/example_dags/example_branch_python_dop_operator_3.py
[2026-06-23T02:55:44.071+0000] {logging_mixin.py:188} INFO - [2026-06-23T02:55:44.071+0000] {dag.py:3096} INFO - Sync 1 DAGs
[2026-06-23T02:55:44.105+0000] {logging_mixin.py:188} INFO - [2026-06-23T02:55:44.105+0000] {dag.py:3954} INFO - Setting next_dagrun for example_branch_dop_operator_v3 to 2026-06-23 02:54:00+00:00, run_after=2026-06-23 02:55:00+00:00
[2026-06-23T02:55:44.138+0000] {processor.py:183} INFO - Processing /home/airflow/.local/lib/python3.12/site-packages/airflow/example_dags/example_branch_python_dop_operator_3.py took 0.119 seconds
[2026-06-23T02:56:15.129+0000] {processor.py:161} INFO - Started process (PID=1187) to work on /home/airflow/.local/lib/python3.12/site-packages/airflow/example_dags/example_branch_python_dop_operator_3.py
[2026-06-23T02:56:15.131+0000] {processor.py:830} INFO - Processing file /home/airflow/.local/lib/python3.12/site-packages/airflow/example_dags/example_branch_python_dop_operator_3.py for tasks to queue
[2026-06-23T02:56:15.135+0000] {logging_mixin.py:188} INFO - [2026-06-23T02:56:15.135+0000] {dagbag.py:545} INFO - Filling up the DagBag from /home/airflow/.local/lib/python3.12/site-packages/airflow/example_dags/example_branch_python_dop_operator_3.py
[2026-06-23T02:56:15.148+0000] {processor.py:840} INFO - DAG(s) 'example_branch_dop_operator_v3' retrieved from /home/airflow/.local/lib/python3.12/site-packages/airflow/example_dags/example_branch_python_dop_operator_3.py
[2026-06-23T02:56:15.183+0000] {logging_mixin.py:188} INFO - [2026-06-23T02:56:15.182+0000] {dag.py:3096} INFO - Sync 1 DAGs
[2026-06-23T02:56:15.228+0000] {logging_mixin.py:188} INFO - [2026-06-23T02:56:15.227+0000] {dag.py:3954} INFO - Setting next_dagrun for example_branch_dop_operator_v3 to 2026-06-23 02:55:00+00:00, run_after=2026-06-23 02:56:00+00:00
[2026-06-23T02:56:15.262+0000] {processor.py:183} INFO - Processing /home/airflow/.local/lib/python3.12/site-packages/airflow/example_dags/example_branch_python_dop_operator_3.py took 0.142 seconds
[2026-06-23T02:56:45.565+0000] {processor.py:161} INFO - Started process (PID=1247) to work on /home/airflow/.local/lib/python3.12/site-packages/airflow/example_dags/example_branch_python_dop_operator_3.py
[2026-06-23T02:56:45.566+0000] {processor.py:830} INFO - Processing file /home/airflow/.local/lib/python3.12/site-packages/airflow/example_dags/example_branch_python_dop_operator_3.py for tasks to queue
[2026-06-23T02:56:45.569+0000] {logging_mixin.py:188} INFO - [2026-06-23T02:56:45.569+0000] {dagbag.py:545} INFO - Filling up the DagBag from /home/airflow/.local/lib/python3.12/site-packages/airflow/example_dags/example_branch_python_dop_operator_3.py
[2026-06-23T02:56:45.580+0000] {processor.py:840} INFO - DAG(s) 'example_branch_dop_operator_v3' retrieved from /home/airflow/.local/lib/python3.12/site-packages/airflow/example_dags/example_branch_python_dop_operator_3.py
[2026-06-23T02:56:45.611+0000] {logging_mixin.py:188} INFO - [2026-06-23T02:56:45.610+0000] {dag.py:3096} INFO - Sync 1 DAGs
[2026-06-23T02:56:45.644+0000] {logging_mixin.py:188} INFO - [2026-06-23T02:56:45.644+0000] {dag.py:3954} INFO - Setting next_dagrun for example_branch_dop_operator_v3 to 2026-06-23 02:55:00+00:00, run_after=2026-06-23 02:56:00+00:00
[2026-06-23T02:56:45.677+0000] {processor.py:183} INFO - Processing /home/airflow/.local/lib/python3.12/site-packages/airflow/example_dags/example_branch_python_dop_operator_3.py took 0.119 seconds
[2026-06-23T02:57:16.620+0000] {processor.py:161} INFO - Started process (PID=1306) to work on /home/airflow/.local/lib/python3.12/site-packages/airflow/example_dags/example_branch_python_dop_operator_3.py
[2026-06-23T02:57:16.623+0000] {processor.py:830} INFO - Processing file /home/airflow/.local/lib/python3.12/site-packages/airflow/example_dags/example_branch_python_dop_operator_3.py for tasks to queue
[2026-06-23T02:57:16.628+0000] {logging_mixin.py:188} INFO - [2026-06-23T02:57:16.627+0000] {dagbag.py:545} INFO - Filling up the DagBag from /home/airflow/.local/lib/python3.12/site-packages/airflow/example_dags/example_branch_python_dop_operator_3.py
[2026-06-23T02:57:16.652+0000] {processor.py:840} INFO - DAG(s) 'example_branch_dop_operator_v3' retrieved from /home/airflow/.local/lib/python3.12/site-packages/airflow/example_dags/example_branch_python_dop_operator_3.py
[2026-06-23T02:57:16.714+0000] {logging_mixin.py:188} INFO - [2026-06-23T02:57:16.713+0000] {dag.py:3096} INFO - Sync 1 DAGs
[2026-06-23T02:57:16.776+0000] {logging_mixin.py:188} INFO - [2026-06-23T02:57:16.775+0000] {dag.py:3954} INFO - Setting next_dagrun for example_branch_dop_operator_v3 to 2026-06-23 02:56:00+00:00, run_after=2026-06-23 02:57:00+00:00
[2026-06-23T02:57:16.829+0000] {processor.py:183} INFO - Processing /home/airflow/.local/lib/python3.12/site-packages/airflow/example_dags/example_branch_python_dop_operator_3.py took 0.223 seconds
[2026-06-23T02:57:47.003+0000] {processor.py:161} INFO - Started process (PID=1365) to work on /home/airflow/.local/lib/python3.12/site-packages/airflow/example_dags/example_branch_python_dop_operator_3.py
[2026-06-23T02:57:47.005+0000] {processor.py:830} INFO - Processing file /home/airflow/.local/lib/python3.12/site-packages/airflow/example_dags/example_branch_python_dop_operator_3.py for tasks to queue
[2026-06-23T02:57:47.009+0000] {logging_mixin.py:188} INFO - [2026-06-23T02:57:47.008+0000] {dagbag.py:545} INFO - Filling up the DagBag from /home/airflow/.local/lib/python3.12/site-packages/airflow/example_dags/example_branch_python_dop_operator_3.py
[2026-06-23T02:57:47.021+0000] {processor.py:840} INFO - DAG(s) 'example_branch_dop_operator_v3' retrieved from /home/airflow/.local/lib/python3.12/site-packages/airflow/example_dags/example_branch_python_dop_operator_3.py
[2026-06-23T02:57:47.053+0000] {logging_mixin.py:188} INFO - [2026-06-23T02:57:47.052+0000] {dag.py:3096} INFO - Sync 1 DAGs
[2026-06-23T02:57:47.090+0000] {logging_mixin.py:188} INFO - [2026-06-23T02:57:47.090+0000] {dag.py:3954} INFO - Setting next_dagrun for example_branch_dop_operator_v3 to 2026-06-23 02:56:00+00:00, run_after=2026-06-23 02:57:00+00:00
[2026-06-23T02:57:47.129+0000] {processor.py:183} INFO - Processing /home/airflow/.local/lib/python3.12/site-packages/airflow/example_dags/example_branch_python_dop_operator_3.py took 0.136 seconds
[2026-06-23T02:58:56.006+0000] {processor.py:161} INFO - Started process (PID=1422) to work on /home/airflow/.local/lib/python3.12/site-packages/airflow/example_dags/example_branch_python_dop_operator_3.py
[2026-06-23T02:58:56.008+0000] {processor.py:830} INFO - Processing file /home/airflow/.local/lib/python3.12/site-packages/airflow/example_dags/example_branch_python_dop_operator_3.py for tasks to queue
[2026-06-23T02:58:56.012+0000] {logging_mixin.py:188} INFO - [2026-06-23T02:58:56.011+0000] {dagbag.py:545} INFO - Filling up the DagBag from /home/airflow/.local/lib/python3.12/site-packages/airflow/example_dags/example_branch_python_dop_operator_3.py
[2026-06-23T02:58:56.023+0000] {processor.py:840} INFO - DAG(s) 'example_branch_dop_operator_v3' retrieved from /home/airflow/.local/lib/python3.12/site-packages/airflow/example_dags/example_branch_python_dop_operator_3.py
[2026-06-23T02:58:56.051+0000] {logging_mixin.py:188} INFO - [2026-06-23T02:58:56.051+0000] {dag.py:3096} INFO - Sync 1 DAGs
[2026-06-23T02:58:56.084+0000] {logging_mixin.py:188} INFO - [2026-06-23T02:58:56.083+0000] {dag.py:3954} INFO - Setting next_dagrun for example_branch_dop_operator_v3 to 2026-06-23 02:57:00+00:00, run_after=2026-06-23 02:58:00+00:00
[2026-06-23T02:58:56.259+0000] {processor.py:183} INFO - Processing /home/airflow/.local/lib/python3.12/site-packages/airflow/example_dags/example_branch_python_dop_operator_3.py took 0.259 seconds
[2026-06-23T02:59:26.370+0000] {processor.py:161} INFO - Started process (PID=1481) to work on /home/airflow/.local/lib/python3.12/site-packages/airflow/example_dags/example_branch_python_dop_operator_3.py
[2026-06-23T02:59:26.372+0000] {processor.py:830} INFO - Processing file /home/airflow/.local/lib/python3.12/site-packages/airflow/example_dags/example_branch_python_dop_operator_3.py for tasks to queue
[2026-06-23T02:59:26.376+0000] {logging_mixin.py:188} INFO - [2026-06-23T02:59:26.376+0000] {dagbag.py:545} INFO - Filling up the DagBag from /home/airflow/.local/lib/python3.12/site-packages/airflow/example_dags/example_branch_python_dop_operator_3.py
[2026-06-23T02:59:26.394+0000] {processor.py:840} INFO - DAG(s) 'example_branch_dop_operator_v3' retrieved from /home/airflow/.local/lib/python3.12/site-packages/airflow/example_dags/example_branch_python_dop_operator_3.py
[2026-06-23T02:59:26.450+0000] {logging_mixin.py:188} INFO - [2026-06-23T02:59:26.450+0000] {dag.py:3096} INFO - Sync 1 DAGs
[2026-06-23T02:59:26.510+0000] {logging_mixin.py:188} INFO - [2026-06-23T02:59:26.510+0000] {dag.py:3954} INFO - Setting next_dagrun for example_branch_dop_operator_v3 to 2026-06-23 02:58:00+00:00, run_after=2026-06-23 02:59:00+00:00
[2026-06-23T02:59:26.555+0000] {processor.py:183} INFO - Processing /home/airflow/.local/lib/python3.12/site-packages/airflow/example_dags/example_branch_python_dop_operator_3.py took 0.200 seconds
[2026-06-23T02:59:58.175+0000] {processor.py:161} INFO - Started process (PID=1540) to work on /home/airflow/.local/lib/python3.12/site-packages/airflow/example_dags/example_branch_python_dop_operator_3.py
[2026-06-23T02:59:58.177+0000] {processor.py:830} INFO - Processing file /home/airflow/.local/lib/python3.12/site-packages/airflow/example_dags/example_branch_python_dop_operator_3.py for tasks to queue
[2026-06-23T02:59:58.180+0000] {logging_mixin.py:188} INFO - [2026-06-23T02:59:58.179+0000] {dagbag.py:545} INFO - Filling up the DagBag from /home/airflow/.local/lib/python3.12/site-packages/airflow/example_dags/example_branch_python_dop_operator_3.py
[2026-06-23T02:59:58.192+0000] {processor.py:840} INFO - DAG(s) 'example_branch_dop_operator_v3' retrieved from /home/airflow/.local/lib/python3.12/site-packages/airflow/example_dags/example_branch_python_dop_operator_3.py
[2026-06-23T02:59:58.220+0000] {logging_mixin.py:188} INFO - [2026-06-23T02:59:58.220+0000] {dag.py:3096} INFO - Sync 1 DAGs
[2026-06-23T02:59:58.254+0000] {logging_mixin.py:188} INFO - [2026-06-23T02:59:58.253+0000] {dag.py:3954} INFO - Setting next_dagrun for example_branch_dop_operator_v3 to 2026-06-23 02:58:00+00:00, run_after=2026-06-23 02:59:00+00:00
[2026-06-23T02:59:58.286+0000] {processor.py:183} INFO - Processing /home/airflow/.local/lib/python3.12/site-packages/airflow/example_dags/example_branch_python_dop_operator_3.py took 0.118 seconds
[2026-06-23T03:00:28.948+0000] {processor.py:161} INFO - Started process (PID=1599) to work on /home/airflow/.local/lib/python3.12/site-packages/airflow/example_dags/example_branch_python_dop_operator_3.py
[2026-06-23T03:00:28.954+0000] {processor.py:830} INFO - Processing file /home/airflow/.local/lib/python3.12/site-packages/airflow/example_dags/example_branch_python_dop_operator_3.py for tasks to queue
[2026-06-23T03:00:28.959+0000] {logging_mixin.py:188} INFO - [2026-06-23T03:00:28.958+0000] {dagbag.py:545} INFO - Filling up the DagBag from /home/airflow/.local/lib/python3.12/site-packages/airflow/example_dags/example_branch_python_dop_operator_3.py
[2026-06-23T03:00:28.974+0000] {processor.py:840} INFO - DAG(s) 'example_branch_dop_operator_v3' retrieved from /home/airflow/.local/lib/python3.12/site-packages/airflow/example_dags/example_branch_python_dop_operator_3.py
[2026-06-23T03:00:29.005+0000] {logging_mixin.py:188} INFO - [2026-06-23T03:00:29.005+0000] {dag.py:3096} INFO - Sync 1 DAGs
[2026-06-23T03:00:29.037+0000] {logging_mixin.py:188} INFO - [2026-06-23T03:00:29.037+0000] {dag.py:3954} INFO - Setting next_dagrun for example_branch_dop_operator_v3 to 2026-06-23 02:59:00+00:00, run_after=2026-06-23 03:00:00+00:00
[2026-06-23T03:00:29.069+0000] {processor.py:183} INFO - Processing /home/airflow/.local/lib/python3.12/site-packages/airflow/example_dags/example_branch_python_dop_operator_3.py took 0.130 seconds
[2026-06-23T03:00:59.702+0000] {processor.py:161} INFO - Started process (PID=1658) to work on /home/airflow/.local/lib/python3.12/site-packages/airflow/example_dags/example_branch_python_dop_operator_3.py
[2026-06-23T03:00:59.704+0000] {processor.py:830} INFO - Processing file /home/airflow/.local/lib/python3.12/site-packages/airflow/example_dags/example_branch_python_dop_operator_3.py for tasks to queue
[2026-06-23T03:00:59.708+0000] {logging_mixin.py:188} INFO - [2026-06-23T03:00:59.707+0000] {dagbag.py:545} INFO - Filling up the DagBag from /home/airflow/.local/lib/python3.12/site-packages/airflow/example_dags/example_branch_python_dop_operator_3.py
[2026-06-23T03:00:59.722+0000] {processor.py:840} INFO - DAG(s) 'example_branch_dop_operator_v3' retrieved from /home/airflow/.local/lib/python3.12/site-packages/airflow/example_dags/example_branch_python_dop_operator_3.py
[2026-06-23T03:00:59.755+0000] {logging_mixin.py:188} INFO - [2026-06-23T03:00:59.755+0000] {dag.py:3096} INFO - Sync 1 DAGs
[2026-06-23T03:00:59.796+0000] {logging_mixin.py:188} INFO - [2026-06-23T03:00:59.795+0000] {dag.py:3954} INFO - Setting next_dagrun for example_branch_dop_operator_v3 to 2026-06-23 02:59:00+00:00, run_after=2026-06-23 03:00:00+00:00
[2026-06-23T03:00:59.834+0000] {processor.py:183} INFO - Processing /home/airflow/.local/lib/python3.12/site-packages/airflow/example_dags/example_branch_python_dop_operator_3.py took 0.142 seconds
[2026-06-23T03:01:31.140+0000] {processor.py:161} INFO - Started process (PID=1717) to work on /home/airflow/.local/lib/python3.12/site-packages/airflow/example_dags/example_branch_python_dop_operator_3.py
[2026-06-23T03:01:31.141+0000] {processor.py:830} INFO - Processing file /home/airflow/.local/lib/python3.12/site-packages/airflow/example_dags/example_branch_python_dop_operator_3.py for tasks to queue
[2026-06-23T03:01:31.144+0000] {logging_mixin.py:188} INFO - [2026-06-23T03:01:31.143+0000] {dagbag.py:545} INFO - Filling up the DagBag from /home/airflow/.local/lib/python3.12/site-packages/airflow/example_dags/example_branch_python_dop_operator_3.py
[2026-06-23T03:01:31.155+0000] {processor.py:840} INFO - DAG(s) 'example_branch_dop_operator_v3' retrieved from /home/airflow/.local/lib/python3.12/site-packages/airflow/example_dags/example_branch_python_dop_operator_3.py
[2026-06-23T03:01:31.185+0000] {logging_mixin.py:188} INFO - [2026-06-23T03:01:31.184+0000] {dag.py:3096} INFO - Sync 1 DAGs
[2026-06-23T03:01:31.217+0000] {logging_mixin.py:188} INFO - [2026-06-23T03:01:31.216+0000] {dag.py:3954} INFO - Setting next_dagrun for example_branch_dop_operator_v3 to 2026-06-23 03:00:00+00:00, run_after=2026-06-23 03:01:00+00:00
[2026-06-23T03:01:31.245+0000] {processor.py:183} INFO - Processing /home/airflow/.local/lib/python3.12/site-packages/airflow/example_dags/example_branch_python_dop_operator_3.py took 0.112 seconds
[2026-06-23T03:02:01.427+0000] {processor.py:161} INFO - Started process (PID=1776) to work on /home/airflow/.local/lib/python3.12/site-packages/airflow/example_dags/example_branch_python_dop_operator_3.py
[2026-06-23T03:02:01.429+0000] {processor.py:830} INFO - Processing file /home/airflow/.local/lib/python3.12/site-packages/airflow/example_dags/example_branch_python_dop_operator_3.py for tasks to queue
[2026-06-23T03:02:01.432+0000] {logging_mixin.py:188} INFO - [2026-06-23T03:02:01.431+0000] {dagbag.py:545} INFO - Filling up the DagBag from /home/airflow/.local/lib/python3.12/site-packages/airflow/example_dags/example_branch_python_dop_operator_3.py
[2026-06-23T03:02:01.442+0000] {processor.py:840} INFO - DAG(s) 'example_branch_dop_operator_v3' retrieved from /home/airflow/.local/lib/python3.12/site-packages/airflow/example_dags/example_branch_python_dop_operator_3.py
[2026-06-23T03:02:01.470+0000] {logging_mixin.py:188} INFO - [2026-06-23T03:02:01.470+0000] {dag.py:3096} INFO - Sync 1 DAGs
[2026-06-23T03:02:01.503+0000] {logging_mixin.py:188} INFO - [2026-06-23T03:02:01.503+0000] {dag.py:3954} INFO - Setting next_dagrun for example_branch_dop_operator_v3 to 2026-06-23 03:01:00+00:00, run_after=2026-06-23 03:02:00+00:00
[2026-06-23T03:02:01.533+0000] {processor.py:183} INFO - Processing /home/airflow/.local/lib/python3.12/site-packages/airflow/example_dags/example_branch_python_dop_operator_3.py took 0.114 seconds
[2026-06-23T03:02:31.676+0000] {processor.py:161} INFO - Started process (PID=1835) to work on /home/airflow/.local/lib/python3.12/site-packages/airflow/example_dags/example_branch_python_dop_operator_3.py
[2026-06-23T03:02:31.678+0000] {processor.py:830} INFO - Processing file /home/airflow/.local/lib/python3.12/site-packages/airflow/example_dags/example_branch_python_dop_operator_3.py for tasks to queue
[2026-06-23T03:02:31.681+0000] {logging_mixin.py:188} INFO - [2026-06-23T03:02:31.681+0000] {dagbag.py:545} INFO - Filling up the DagBag from /home/airflow/.local/lib/python3.12/site-packages/airflow/example_dags/example_branch_python_dop_operator_3.py
[2026-06-23T03:02:31.692+0000] {processor.py:840} INFO - DAG(s) 'example_branch_dop_operator_v3' retrieved from /home/airflow/.local/lib/python3.12/site-packages/airflow/example_dags/example_branch_python_dop_operator_3.py
[2026-06-23T03:02:31.723+0000] {logging_mixin.py:188} INFO - [2026-06-23T03:02:31.722+0000] {dag.py:3096} INFO - Sync 1 DAGs
[2026-06-23T03:02:31.754+0000] {logging_mixin.py:188} INFO - [2026-06-23T03:02:31.754+0000] {dag.py:3954} INFO - Setting next_dagrun for example_branch_dop_operator_v3 to 2026-06-23 03:01:00+00:00, run_after=2026-06-23 03:02:00+00:00
[2026-06-23T03:02:31.786+0000] {processor.py:183} INFO - Processing /home/airflow/.local/lib/python3.12/site-packages/airflow/example_dags/example_branch_python_dop_operator_3.py took 0.117 seconds
[2026-06-23T03:03:02.333+0000] {processor.py:161} INFO - Started process (PID=1894) to work on /home/airflow/.local/lib/python3.12/site-packages/airflow/example_dags/example_branch_python_dop_operator_3.py
[2026-06-23T03:03:02.335+0000] {processor.py:830} INFO - Processing file /home/airflow/.local/lib/python3.12/site-packages/airflow/example_dags/example_branch_python_dop_operator_3.py for tasks to queue
[2026-06-23T03:03:02.338+0000] {logging_mixin.py:188} INFO - [2026-06-23T03:03:02.338+0000] {dagbag.py:545} INFO - Filling up the DagBag from /home/airflow/.local/lib/python3.12/site-packages/airflow/example_dags/example_branch_python_dop_operator_3.py
[2026-06-23T03:03:02.348+0000] {processor.py:840} INFO - DAG(s) 'example_branch_dop_operator_v3' retrieved from /home/airflow/.local/lib/python3.12/site-packages/airflow/example_dags/example_branch_python_dop_operator_3.py
[2026-06-23T03:03:02.378+0000] {logging_mixin.py:188} INFO - [2026-06-23T03:03:02.378+0000] {dag.py:3096} INFO - Sync 1 DAGs
[2026-06-23T03:03:02.414+0000] {logging_mixin.py:188} INFO - [2026-06-23T03:03:02.414+0000] {dag.py:3954} INFO - Setting next_dagrun for example_branch_dop_operator_v3 to 2026-06-23 03:02:00+00:00, run_after=2026-06-23 03:03:00+00:00
[2026-06-23T03:03:02.444+0000] {processor.py:183} INFO - Processing /home/airflow/.local/lib/python3.12/site-packages/airflow/example_dags/example_branch_python_dop_operator_3.py took 0.118 seconds
[2026-06-23T03:03:32.800+0000] {processor.py:161} INFO - Started process (PID=1953) to work on /home/airflow/.local/lib/python3.12/site-packages/airflow/example_dags/example_branch_python_dop_operator_3.py
[2026-06-23T03:03:32.802+0000] {processor.py:830} INFO - Processing file /home/airflow/.local/lib/python3.12/site-packages/airflow/example_dags/example_branch_python_dop_operator_3.py for tasks to queue
[2026-06-23T03:03:32.805+0000] {logging_mixin.py:188} INFO - [2026-06-23T03:03:32.805+0000] {dagbag.py:545} INFO - Filling up the DagBag from /home/airflow/.local/lib/python3.12/site-packages/airflow/example_dags/example_branch_python_dop_operator_3.py
[2026-06-23T03:03:32.816+0000] {processor.py:840} INFO - DAG(s) 'example_branch_dop_operator_v3' retrieved from /home/airflow/.local/lib/python3.12/site-packages/airflow/example_dags/example_branch_python_dop_operator_3.py
[2026-06-23T03:03:32.845+0000] {logging_mixin.py:188} INFO - [2026-06-23T03:03:32.845+0000] {dag.py:3096} INFO - Sync 1 DAGs
[2026-06-23T03:03:32.880+0000] {logging_mixin.py:188} INFO - [2026-06-23T03:03:32.880+0000] {dag.py:3954} INFO - Setting next_dagrun for example_branch_dop_operator_v3 to 2026-06-23 03:02:00+00:00, run_after=2026-06-23 03:03:00+00:00
[2026-06-23T03:03:32.912+0000] {processor.py:183} INFO - Processing /home/airflow/.local/lib/python3.12/site-packages/airflow/example_dags/example_branch_python_dop_operator_3.py took 0.120 seconds
[2026-06-23T03:04:45.338+0000] {processor.py:161} INFO - Started process (PID=406) to work on /home/airflow/.local/lib/python3.12/site-packages/airflow/example_dags/example_branch_python_dop_operator_3.py
[2026-06-23T03:04:45.340+0000] {processor.py:830} INFO - Processing file /home/airflow/.local/lib/python3.12/site-packages/airflow/example_dags/example_branch_python_dop_operator_3.py for tasks to queue
[2026-06-23T03:04:45.344+0000] {logging_mixin.py:188} INFO - [2026-06-23T03:04:45.343+0000] {dagbag.py:545} INFO - Filling up the DagBag from /home/airflow/.local/lib/python3.12/site-packages/airflow/example_dags/example_branch_python_dop_operator_3.py
[2026-06-23T03:04:45.361+0000] {processor.py:840} INFO - DAG(s) 'example_branch_dop_operator_v3' retrieved from /home/airflow/.local/lib/python3.12/site-packages/airflow/example_dags/example_branch_python_dop_operator_3.py
[2026-06-23T03:04:45.385+0000] {logging_mixin.py:188} INFO - [2026-06-23T03:04:45.385+0000] {dag.py:3096} INFO - Sync 1 DAGs
[2026-06-23T03:04:45.429+0000] {logging_mixin.py:188} INFO - [2026-06-23T03:04:45.428+0000] {dag.py:3954} INFO - Setting next_dagrun for example_branch_dop_operator_v3 to 2026-06-23 03:03:00+00:00, run_after=2026-06-23 03:04:00+00:00
[2026-06-23T03:04:45.461+0000] {processor.py:183} INFO - Processing /home/airflow/.local/lib/python3.12/site-packages/airflow/example_dags/example_branch_python_dop_operator_3.py took 0.131 seconds
[2026-06-23T03:05:18.944+0000] {processor.py:161} INFO - Started process (PID=673) to work on /home/airflow/.local/lib/python3.12/site-packages/airflow/example_dags/example_branch_python_dop_operator_3.py
[2026-06-23T03:05:18.946+0000] {processor.py:830} INFO - Processing file /home/airflow/.local/lib/python3.12/site-packages/airflow/example_dags/example_branch_python_dop_operator_3.py for tasks to queue
[2026-06-23T03:05:18.949+0000] {logging_mixin.py:188} INFO - [2026-06-23T03:05:18.949+0000] {dagbag.py:545} INFO - Filling up the DagBag from /home/airflow/.local/lib/python3.12/site-packages/airflow/example_dags/example_branch_python_dop_operator_3.py
[2026-06-23T03:05:18.960+0000] {processor.py:840} INFO - DAG(s) 'example_branch_dop_operator_v3' retrieved from /home/airflow/.local/lib/python3.12/site-packages/airflow/example_dags/example_branch_python_dop_operator_3.py
[2026-06-23T03:05:19.127+0000] {logging_mixin.py:188} INFO - [2026-06-23T03:05:19.127+0000] {dag.py:3096} INFO - Sync 1 DAGs
[2026-06-23T03:05:19.159+0000] {logging_mixin.py:188} INFO - [2026-06-23T03:05:19.159+0000] {dag.py:3954} INFO - Setting next_dagrun for example_branch_dop_operator_v3 to 2026-06-23 03:04:00+00:00, run_after=2026-06-23 03:05:00+00:00
[2026-06-23T03:05:19.192+0000] {processor.py:183} INFO - Processing /home/airflow/.local/lib/python3.12/site-packages/airflow/example_dags/example_branch_python_dop_operator_3.py took 0.256 seconds
[2026-06-23T03:05:49.934+0000] {processor.py:161} INFO - Started process (PID=1057) to work on /home/airflow/.local/lib/python3.12/site-packages/airflow/example_dags/example_branch_python_dop_operator_3.py
[2026-06-23T03:05:49.936+0000] {processor.py:830} INFO - Processing file /home/airflow/.local/lib/python3.12/site-packages/airflow/example_dags/example_branch_python_dop_operator_3.py for tasks to queue
[2026-06-23T03:05:49.940+0000] {logging_mixin.py:188} INFO - [2026-06-23T03:05:49.939+0000] {dagbag.py:545} INFO - Filling up the DagBag from /home/airflow/.local/lib/python3.12/site-packages/airflow/example_dags/example_branch_python_dop_operator_3.py
[2026-06-23T03:05:49.952+0000] {processor.py:840} INFO - DAG(s) 'example_branch_dop_operator_v3' retrieved from /home/airflow/.local/lib/python3.12/site-packages/airflow/example_dags/example_branch_python_dop_operator_3.py
[2026-06-23T03:05:49.983+0000] {logging_mixin.py:188} INFO - [2026-06-23T03:05:49.983+0000] {dag.py:3096} INFO - Sync 1 DAGs
[2026-06-23T03:05:50.019+0000] {logging_mixin.py:188} INFO - [2026-06-23T03:05:50.018+0000] {dag.py:3954} INFO - Setting next_dagrun for example_branch_dop_operator_v3 to 2026-06-23 03:04:00+00:00, run_after=2026-06-23 03:05:00+00:00
[2026-06-23T03:05:50.050+0000] {processor.py:183} INFO - Processing /home/airflow/.local/lib/python3.12/site-packages/airflow/example_dags/example_branch_python_dop_operator_3.py took 0.123 seconds
[2026-06-23T03:06:20.487+0000] {processor.py:161} INFO - Started process (PID=1324) to work on /home/airflow/.local/lib/python3.12/site-packages/airflow/example_dags/example_branch_python_dop_operator_3.py
[2026-06-23T03:06:20.491+0000] {processor.py:830} INFO - Processing file /home/airflow/.local/lib/python3.12/site-packages/airflow/example_dags/example_branch_python_dop_operator_3.py for tasks to queue
[2026-06-23T03:06:20.494+0000] {logging_mixin.py:188} INFO - [2026-06-23T03:06:20.493+0000] {dagbag.py:545} INFO - Filling up the DagBag from /home/airflow/.local/lib/python3.12/site-packages/airflow/example_dags/example_branch_python_dop_operator_3.py
[2026-06-23T03:06:20.505+0000] {processor.py:840} INFO - DAG(s) 'example_branch_dop_operator_v3' retrieved from /home/airflow/.local/lib/python3.12/site-packages/airflow/example_dags/example_branch_python_dop_operator_3.py
[2026-06-23T03:06:20.535+0000] {logging_mixin.py:188} INFO - [2026-06-23T03:06:20.535+0000] {dag.py:3096} INFO - Sync 1 DAGs
[2026-06-23T03:06:20.571+0000] {logging_mixin.py:188} INFO - [2026-06-23T03:06:20.571+0000] {dag.py:3954} INFO - Setting next_dagrun for example_branch_dop_operator_v3 to 2026-06-23 03:05:00+00:00, run_after=2026-06-23 03:06:00+00:00
[2026-06-23T03:06:20.603+0000] {processor.py:183} INFO - Processing /home/airflow/.local/lib/python3.12/site-packages/airflow/example_dags/example_branch_python_dop_operator_3.py took 0.124 seconds
[2026-06-23T03:06:51.489+0000] {processor.py:161} INFO - Started process (PID=1591) to work on /home/airflow/.local/lib/python3.12/site-packages/airflow/example_dags/example_branch_python_dop_operator_3.py
[2026-06-23T03:06:51.490+0000] {processor.py:830} INFO - Processing file /home/airflow/.local/lib/python3.12/site-packages/airflow/example_dags/example_branch_python_dop_operator_3.py for tasks to queue
[2026-06-23T03:06:51.493+0000] {logging_mixin.py:188} INFO - [2026-06-23T03:06:51.493+0000] {dagbag.py:545} INFO - Filling up the DagBag from /home/airflow/.local/lib/python3.12/site-packages/airflow/example_dags/example_branch_python_dop_operator_3.py
[2026-06-23T03:06:51.502+0000] {processor.py:840} INFO - DAG(s) 'example_branch_dop_operator_v3' retrieved from /home/airflow/.local/lib/python3.12/site-packages/airflow/example_dags/example_branch_python_dop_operator_3.py
[2026-06-23T03:06:51.533+0000] {logging_mixin.py:188} INFO - [2026-06-23T03:06:51.533+0000] {dag.py:3096} INFO - Sync 1 DAGs
[2026-06-23T03:06:51.565+0000] {logging_mixin.py:188} INFO - [2026-06-23T03:06:51.565+0000] {dag.py:3954} INFO - Setting next_dagrun for example_branch_dop_operator_v3 to 2026-06-23 03:05:00+00:00, run_after=2026-06-23 03:06:00+00:00
[2026-06-23T03:06:51.594+0000] {processor.py:183} INFO - Processing /home/airflow/.local/lib/python3.12/site-packages/airflow/example_dags/example_branch_python_dop_operator_3.py took 0.112 seconds
[2026-06-23T03:07:21.797+0000] {processor.py:161} INFO - Started process (PID=1858) to work on /home/airflow/.local/lib/python3.12/site-packages/airflow/example_dags/example_branch_python_dop_operator_3.py
[2026-06-23T03:07:21.799+0000] {processor.py:830} INFO - Processing file /home/airflow/.local/lib/python3.12/site-packages/airflow/example_dags/example_branch_python_dop_operator_3.py for tasks to queue
[2026-06-23T03:07:21.803+0000] {logging_mixin.py:188} INFO - [2026-06-23T03:07:21.802+0000] {dagbag.py:545} INFO - Filling up the DagBag from /home/airflow/.local/lib/python3.12/site-packages/airflow/example_dags/example_branch_python_dop_operator_3.py
[2026-06-23T03:07:21.813+0000] {processor.py:840} INFO - DAG(s) 'example_branch_dop_operator_v3' retrieved from /home/airflow/.local/lib/python3.12/site-packages/airflow/example_dags/example_branch_python_dop_operator_3.py
[2026-06-23T03:07:21.844+0000] {logging_mixin.py:188} INFO - [2026-06-23T03:07:21.844+0000] {dag.py:3096} INFO - Sync 1 DAGs
[2026-06-23T03:07:21.880+0000] {logging_mixin.py:188} INFO - [2026-06-23T03:07:21.880+0000] {dag.py:3954} INFO - Setting next_dagrun for example_branch_dop_operator_v3 to 2026-06-23 03:06:00+00:00, run_after=2026-06-23 03:07:00+00:00
[2026-06-23T03:07:21.911+0000] {processor.py:183} INFO - Processing /home/airflow/.local/lib/python3.12/site-packages/airflow/example_dags/example_branch_python_dop_operator_3.py took 0.122 seconds
[2026-06-23T03:07:52.372+0000] {processor.py:161} INFO - Started process (PID=2125) to work on /home/airflow/.local/lib/python3.12/site-packages/airflow/example_dags/example_branch_python_dop_operator_3.py
[2026-06-23T03:07:52.373+0000] {processor.py:830} INFO - Processing file /home/airflow/.local/lib/python3.12/site-packages/airflow/example_dags/example_branch_python_dop_operator_3.py for tasks to queue
[2026-06-23T03:07:52.376+0000] {logging_mixin.py:188} INFO - [2026-06-23T03:07:52.375+0000] {dagbag.py:545} INFO - Filling up the DagBag from /home/airflow/.local/lib/python3.12/site-packages/airflow/example_dags/example_branch_python_dop_operator_3.py
[2026-06-23T03:07:52.385+0000] {processor.py:840} INFO - DAG(s) 'example_branch_dop_operator_v3' retrieved from /home/airflow/.local/lib/python3.12/site-packages/airflow/example_dags/example_branch_python_dop_operator_3.py
[2026-06-23T03:07:52.413+0000] {logging_mixin.py:188} INFO - [2026-06-23T03:07:52.413+0000] {dag.py:3096} INFO - Sync 1 DAGs
[2026-06-23T03:07:52.443+0000] {logging_mixin.py:188} INFO - [2026-06-23T03:07:52.443+0000] {dag.py:3954} INFO - Setting next_dagrun for example_branch_dop_operator_v3 to 2026-06-23 03:06:00+00:00, run_after=2026-06-23 03:07:00+00:00
[2026-06-23T03:07:52.473+0000] {processor.py:183} INFO - Processing /home/airflow/.local/lib/python3.12/site-packages/airflow/example_dags/example_branch_python_dop_operator_3.py took 0.107 seconds
[2026-06-23T03:08:23.385+0000] {processor.py:161} INFO - Started process (PID=2392) to work on /home/airflow/.local/lib/python3.12/site-packages/airflow/example_dags/example_branch_python_dop_operator_3.py
[2026-06-23T03:08:23.387+0000] {processor.py:830} INFO - Processing file /home/airflow/.local/lib/python3.12/site-packages/airflow/example_dags/example_branch_python_dop_operator_3.py for tasks to queue
[2026-06-23T03:08:23.389+0000] {logging_mixin.py:188} INFO - [2026-06-23T03:08:23.389+0000] {dagbag.py:545} INFO - Filling up the DagBag from /home/airflow/.local/lib/python3.12/site-packages/airflow/example_dags/example_branch_python_dop_operator_3.py
[2026-06-23T03:08:23.400+0000] {processor.py:840} INFO - DAG(s) 'example_branch_dop_operator_v3' retrieved from /home/airflow/.local/lib/python3.12/site-packages/airflow/example_dags/example_branch_python_dop_operator_3.py
[2026-06-23T03:08:23.427+0000] {logging_mixin.py:188} INFO - [2026-06-23T03:08:23.426+0000] {dag.py:3096} INFO - Sync 1 DAGs
[2026-06-23T03:08:23.456+0000] {logging_mixin.py:188} INFO - [2026-06-23T03:08:23.456+0000] {dag.py:3954} INFO - Setting next_dagrun for example_branch_dop_operator_v3 to 2026-06-23 03:07:00+00:00, run_after=2026-06-23 03:08:00+00:00
[2026-06-23T03:08:23.487+0000] {processor.py:183} INFO - Processing /home/airflow/.local/lib/python3.12/site-packages/airflow/example_dags/example_branch_python_dop_operator_3.py took 0.112 seconds
[2026-06-23T03:08:53.631+0000] {processor.py:161} INFO - Started process (PID=2659) to work on /home/airflow/.local/lib/python3.12/site-packages/airflow/example_dags/example_branch_python_dop_operator_3.py
[2026-06-23T03:08:53.633+0000] {processor.py:830} INFO - Processing file /home/airflow/.local/lib/python3.12/site-packages/airflow/example_dags/example_branch_python_dop_operator_3.py for tasks to queue
[2026-06-23T03:08:53.635+0000] {logging_mixin.py:188} INFO - [2026-06-23T03:08:53.635+0000] {dagbag.py:545} INFO - Filling up the DagBag from /home/airflow/.local/lib/python3.12/site-packages/airflow/example_dags/example_branch_python_dop_operator_3.py
[2026-06-23T03:08:53.644+0000] {processor.py:840} INFO - DAG(s) 'example_branch_dop_operator_v3' retrieved from /home/airflow/.local/lib/python3.12/site-packages/airflow/example_dags/example_branch_python_dop_operator_3.py
[2026-06-23T03:08:53.672+0000] {logging_mixin.py:188} INFO - [2026-06-23T03:08:53.672+0000] {dag.py:3096} INFO - Sync 1 DAGs
[2026-06-23T03:08:53.702+0000] {logging_mixin.py:188} INFO - [2026-06-23T03:08:53.702+0000] {dag.py:3954} INFO - Setting next_dagrun for example_branch_dop_operator_v3 to 2026-06-23 03:07:00+00:00, run_after=2026-06-23 03:08:00+00:00
[2026-06-23T03:08:53.732+0000] {processor.py:183} INFO - Processing /home/airflow/.local/lib/python3.12/site-packages/airflow/example_dags/example_branch_python_dop_operator_3.py took 0.108 seconds
[2026-06-23T03:09:23.923+0000] {processor.py:161} INFO - Started process (PID=2926) to work on /home/airflow/.local/lib/python3.12/site-packages/airflow/example_dags/example_branch_python_dop_operator_3.py
[2026-06-23T03:09:23.924+0000] {processor.py:830} INFO - Processing file /home/airflow/.local/lib/python3.12/site-packages/airflow/example_dags/example_branch_python_dop_operator_3.py for tasks to queue
[2026-06-23T03:09:23.926+0000] {logging_mixin.py:188} INFO - [2026-06-23T03:09:23.926+0000] {dagbag.py:545} INFO - Filling up the DagBag from /home/airflow/.local/lib/python3.12/site-packages/airflow/example_dags/example_branch_python_dop_operator_3.py
[2026-06-23T03:09:23.936+0000] {processor.py:840} INFO - DAG(s) 'example_branch_dop_operator_v3' retrieved from /home/airflow/.local/lib/python3.12/site-packages/airflow/example_dags/example_branch_python_dop_operator_3.py
[2026-06-23T03:09:23.963+0000] {logging_mixin.py:188} INFO - [2026-06-23T03:09:23.962+0000] {dag.py:3096} INFO - Sync 1 DAGs
[2026-06-23T03:09:23.989+0000] {logging_mixin.py:188} INFO - [2026-06-23T03:09:23.989+0000] {dag.py:3954} INFO - Setting next_dagrun for example_branch_dop_operator_v3 to 2026-06-23 03:08:00+00:00, run_after=2026-06-23 03:09:00+00:00
[2026-06-23T03:09:24.014+0000] {processor.py:183} INFO - Processing /home/airflow/.local/lib/python3.12/site-packages/airflow/example_dags/example_branch_python_dop_operator_3.py took 0.098 seconds
[2026-06-23T03:09:54.112+0000] {processor.py:161} INFO - Started process (PID=3191) to work on /home/airflow/.local/lib/python3.12/site-packages/airflow/example_dags/example_branch_python_dop_operator_3.py
[2026-06-23T03:09:54.113+0000] {processor.py:830} INFO - Processing file /home/airflow/.local/lib/python3.12/site-packages/airflow/example_dags/example_branch_python_dop_operator_3.py for tasks to queue
[2026-06-23T03:09:54.116+0000] {logging_mixin.py:188} INFO - [2026-06-23T03:09:54.115+0000] {dagbag.py:545} INFO - Filling up the DagBag from /home/airflow/.local/lib/python3.12/site-packages/airflow/example_dags/example_branch_python_dop_operator_3.py
[2026-06-23T03:09:54.124+0000] {processor.py:840} INFO - DAG(s) 'example_branch_dop_operator_v3' retrieved from /home/airflow/.local/lib/python3.12/site-packages/airflow/example_dags/example_branch_python_dop_operator_3.py
[2026-06-23T03:09:54.148+0000] {logging_mixin.py:188} INFO - [2026-06-23T03:09:54.147+0000] {dag.py:3096} INFO - Sync 1 DAGs
[2026-06-23T03:09:54.176+0000] {logging_mixin.py:188} INFO - [2026-06-23T03:09:54.176+0000] {dag.py:3954} INFO - Setting next_dagrun for example_branch_dop_operator_v3 to 2026-06-23 03:08:00+00:00, run_after=2026-06-23 03:09:00+00:00
[2026-06-23T03:09:54.202+0000] {processor.py:183} INFO - Processing /home/airflow/.local/lib/python3.12/site-packages/airflow/example_dags/example_branch_python_dop_operator_3.py took 0.097 seconds
[2026-06-23T03:10:24.375+0000] {processor.py:161} INFO - Started process (PID=3460) to work on /home/airflow/.local/lib/python3.12/site-packages/airflow/example_dags/example_branch_python_dop_operator_3.py
[2026-06-23T03:10:24.376+0000] {processor.py:830} INFO - Processing file /home/airflow/.local/lib/python3.12/site-packages/airflow/example_dags/example_branch_python_dop_operator_3.py for tasks to queue
[2026-06-23T03:10:24.378+0000] {logging_mixin.py:188} INFO - [2026-06-23T03:10:24.378+0000] {dagbag.py:545} INFO - Filling up the DagBag from /home/airflow/.local/lib/python3.12/site-packages/airflow/example_dags/example_branch_python_dop_operator_3.py
[2026-06-23T03:10:24.387+0000] {processor.py:840} INFO - DAG(s) 'example_branch_dop_operator_v3' retrieved from /home/airflow/.local/lib/python3.12/site-packages/airflow/example_dags/example_branch_python_dop_operator_3.py
[2026-06-23T03:10:24.415+0000] {logging_mixin.py:188} INFO - [2026-06-23T03:10:24.414+0000] {dag.py:3096} INFO - Sync 1 DAGs
[2026-06-23T03:10:24.447+0000] {logging_mixin.py:188} INFO - [2026-06-23T03:10:24.447+0000] {dag.py:3954} INFO - Setting next_dagrun for example_branch_dop_operator_v3 to 2026-06-23 03:09:00+00:00, run_after=2026-06-23 03:10:00+00:00
[2026-06-23T03:10:24.476+0000] {processor.py:183} INFO - Processing /home/airflow/.local/lib/python3.12/site-packages/airflow/example_dags/example_branch_python_dop_operator_3.py took 0.108 seconds
[2026-06-23T03:10:54.599+0000] {processor.py:161} INFO - Started process (PID=3725) to work on /home/airflow/.local/lib/python3.12/site-packages/airflow/example_dags/example_branch_python_dop_operator_3.py
[2026-06-23T03:10:54.600+0000] {processor.py:830} INFO - Processing file /home/airflow/.local/lib/python3.12/site-packages/airflow/example_dags/example_branch_python_dop_operator_3.py for tasks to queue
[2026-06-23T03:10:54.603+0000] {logging_mixin.py:188} INFO - [2026-06-23T03:10:54.602+0000] {dagbag.py:545} INFO - Filling up the DagBag from /home/airflow/.local/lib/python3.12/site-packages/airflow/example_dags/example_branch_python_dop_operator_3.py
[2026-06-23T03:10:54.613+0000] {processor.py:840} INFO - DAG(s) 'example_branch_dop_operator_v3' retrieved from /home/airflow/.local/lib/python3.12/site-packages/airflow/example_dags/example_branch_python_dop_operator_3.py
[2026-06-23T03:10:54.640+0000] {logging_mixin.py:188} INFO - [2026-06-23T03:10:54.640+0000] {dag.py:3096} INFO - Sync 1 DAGs
[2026-06-23T03:10:54.670+0000] {logging_mixin.py:188} INFO - [2026-06-23T03:10:54.669+0000] {dag.py:3954} INFO - Setting next_dagrun for example_branch_dop_operator_v3 to 2026-06-23 03:09:00+00:00, run_after=2026-06-23 03:10:00+00:00
[2026-06-23T03:10:54.699+0000] {processor.py:183} INFO - Processing /home/airflow/.local/lib/python3.12/site-packages/airflow/example_dags/example_branch_python_dop_operator_3.py took 0.106 seconds
[2026-06-23T03:11:25.115+0000] {processor.py:161} INFO - Started process (PID=3994) to work on /home/airflow/.local/lib/python3.12/site-packages/airflow/example_dags/example_branch_python_dop_operator_3.py
[2026-06-23T03:11:25.117+0000] {processor.py:830} INFO - Processing file /home/airflow/.local/lib/python3.12/site-packages/airflow/example_dags/example_branch_python_dop_operator_3.py for tasks to queue
[2026-06-23T03:11:25.119+0000] {logging_mixin.py:188} INFO - [2026-06-23T03:11:25.119+0000] {dagbag.py:545} INFO - Filling up the DagBag from /home/airflow/.local/lib/python3.12/site-packages/airflow/example_dags/example_branch_python_dop_operator_3.py
[2026-06-23T03:11:25.129+0000] {processor.py:840} INFO - DAG(s) 'example_branch_dop_operator_v3' retrieved from /home/airflow/.local/lib/python3.12/site-packages/airflow/example_dags/example_branch_python_dop_operator_3.py
[2026-06-23T03:11:25.156+0000] {logging_mixin.py:188} INFO - [2026-06-23T03:11:25.155+0000] {dag.py:3096} INFO - Sync 1 DAGs
[2026-06-23T03:11:25.187+0000] {logging_mixin.py:188} INFO - [2026-06-23T03:11:25.187+0000] {dag.py:3954} INFO - Setting next_dagrun for example_branch_dop_operator_v3 to 2026-06-23 03:10:00+00:00, run_after=2026-06-23 03:11:00+00:00
[2026-06-23T03:11:25.215+0000] {processor.py:183} INFO - Processing /home/airflow/.local/lib/python3.12/site-packages/airflow/example_dags/example_branch_python_dop_operator_3.py took 0.107 seconds
[2026-06-23T03:11:55.907+0000] {processor.py:161} INFO - Started process (PID=4261) to work on /home/airflow/.local/lib/python3.12/site-packages/airflow/example_dags/example_branch_python_dop_operator_3.py
[2026-06-23T03:11:55.908+0000] {processor.py:830} INFO - Processing file /home/airflow/.local/lib/python3.12/site-packages/airflow/example_dags/example_branch_python_dop_operator_3.py for tasks to queue
[2026-06-23T03:11:55.911+0000] {logging_mixin.py:188} INFO - [2026-06-23T03:11:55.911+0000] {dagbag.py:545} INFO - Filling up the DagBag from /home/airflow/.local/lib/python3.12/site-packages/airflow/example_dags/example_branch_python_dop_operator_3.py
[2026-06-23T03:11:55.921+0000] {processor.py:840} INFO - DAG(s) 'example_branch_dop_operator_v3' retrieved from /home/airflow/.local/lib/python3.12/site-packages/airflow/example_dags/example_branch_python_dop_operator_3.py
[2026-06-23T03:11:55.948+0000] {logging_mixin.py:188} INFO - [2026-06-23T03:11:55.948+0000] {dag.py:3096} INFO - Sync 1 DAGs
[2026-06-23T03:11:55.978+0000] {logging_mixin.py:188} INFO - [2026-06-23T03:11:55.978+0000] {dag.py:3954} INFO - Setting next_dagrun for example_branch_dop_operator_v3 to 2026-06-23 03:10:00+00:00, run_after=2026-06-23 03:11:00+00:00
[2026-06-23T03:11:56.005+0000] {processor.py:183} INFO - Processing /home/airflow/.local/lib/python3.12/site-packages/airflow/example_dags/example_branch_python_dop_operator_3.py took 0.105 seconds
[2026-06-23T03:12:26.150+0000] {processor.py:161} INFO - Started process (PID=4529) to work on /home/airflow/.local/lib/python3.12/site-packages/airflow/example_dags/example_branch_python_dop_operator_3.py
[2026-06-23T03:12:26.152+0000] {processor.py:830} INFO - Processing file /home/airflow/.local/lib/python3.12/site-packages/airflow/example_dags/example_branch_python_dop_operator_3.py for tasks to queue
[2026-06-23T03:12:26.155+0000] {logging_mixin.py:188} INFO - [2026-06-23T03:12:26.154+0000] {dagbag.py:545} INFO - Filling up the DagBag from /home/airflow/.local/lib/python3.12/site-packages/airflow/example_dags/example_branch_python_dop_operator_3.py
[2026-06-23T03:12:26.165+0000] {processor.py:840} INFO - DAG(s) 'example_branch_dop_operator_v3' retrieved from /home/airflow/.local/lib/python3.12/site-packages/airflow/example_dags/example_branch_python_dop_operator_3.py
[2026-06-23T03:12:26.194+0000] {logging_mixin.py:188} INFO - [2026-06-23T03:12:26.193+0000] {dag.py:3096} INFO - Sync 1 DAGs
[2026-06-23T03:12:26.224+0000] {logging_mixin.py:188} INFO - [2026-06-23T03:12:26.224+0000] {dag.py:3954} INFO - Setting next_dagrun for example_branch_dop_operator_v3 to 2026-06-23 03:11:00+00:00, run_after=2026-06-23 03:12:00+00:00
[2026-06-23T03:12:26.253+0000] {processor.py:183} INFO - Processing /home/airflow/.local/lib/python3.12/site-packages/airflow/example_dags/example_branch_python_dop_operator_3.py took 0.109 seconds
[2026-06-23T03:12:56.514+0000] {processor.py:161} INFO - Started process (PID=4796) to work on /home/airflow/.local/lib/python3.12/site-packages/airflow/example_dags/example_branch_python_dop_operator_3.py
[2026-06-23T03:12:56.516+0000] {processor.py:830} INFO - Processing file /home/airflow/.local/lib/python3.12/site-packages/airflow/example_dags/example_branch_python_dop_operator_3.py for tasks to queue
[2026-06-23T03:12:56.519+0000] {logging_mixin.py:188} INFO - [2026-06-23T03:12:56.518+0000] {dagbag.py:545} INFO - Filling up the DagBag from /home/airflow/.local/lib/python3.12/site-packages/airflow/example_dags/example_branch_python_dop_operator_3.py
[2026-06-23T03:12:56.528+0000] {processor.py:840} INFO - DAG(s) 'example_branch_dop_operator_v3' retrieved from /home/airflow/.local/lib/python3.12/site-packages/airflow/example_dags/example_branch_python_dop_operator_3.py
[2026-06-23T03:12:56.554+0000] {logging_mixin.py:188} INFO - [2026-06-23T03:12:56.554+0000] {dag.py:3096} INFO - Sync 1 DAGs
[2026-06-23T03:12:56.583+0000] {logging_mixin.py:188} INFO - [2026-06-23T03:12:56.583+0000] {dag.py:3954} INFO - Setting next_dagrun for example_branch_dop_operator_v3 to 2026-06-23 03:11:00+00:00, run_after=2026-06-23 03:12:00+00:00
[2026-06-23T03:12:56.612+0000] {processor.py:183} INFO - Processing /home/airflow/.local/lib/python3.12/site-packages/airflow/example_dags/example_branch_python_dop_operator_3.py took 0.105 seconds
[2026-06-23T03:13:27.266+0000] {processor.py:161} INFO - Started process (PID=5063) to work on /home/airflow/.local/lib/python3.12/site-packages/airflow/example_dags/example_branch_python_dop_operator_3.py
[2026-06-23T03:13:27.268+0000] {processor.py:830} INFO - Processing file /home/airflow/.local/lib/python3.12/site-packages/airflow/example_dags/example_branch_python_dop_operator_3.py for tasks to queue
[2026-06-23T03:13:27.271+0000] {logging_mixin.py:188} INFO - [2026-06-23T03:13:27.270+0000] {dagbag.py:545} INFO - Filling up the DagBag from /home/airflow/.local/lib/python3.12/site-packages/airflow/example_dags/example_branch_python_dop_operator_3.py
[2026-06-23T03:13:27.280+0000] {processor.py:840} INFO - DAG(s) 'example_branch_dop_operator_v3' retrieved from /home/airflow/.local/lib/python3.12/site-packages/airflow/example_dags/example_branch_python_dop_operator_3.py
[2026-06-23T03:13:27.308+0000] {logging_mixin.py:188} INFO - [2026-06-23T03:13:27.307+0000] {dag.py:3096} INFO - Sync 1 DAGs
[2026-06-23T03:13:27.337+0000] {logging_mixin.py:188} INFO - [2026-06-23T03:13:27.337+0000] {dag.py:3954} INFO - Setting next_dagrun for example_branch_dop_operator_v3 to 2026-06-23 03:12:00+00:00, run_after=2026-06-23 03:13:00+00:00
[2026-06-23T03:13:27.363+0000] {processor.py:183} INFO - Processing /home/airflow/.local/lib/python3.12/site-packages/airflow/example_dags/example_branch_python_dop_operator_3.py took 0.103 seconds
[2026-06-23T03:13:57.490+0000] {processor.py:161} INFO - Started process (PID=5330) to work on /home/airflow/.local/lib/python3.12/site-packages/airflow/example_dags/example_branch_python_dop_operator_3.py
[2026-06-23T03:13:57.491+0000] {processor.py:830} INFO - Processing file /home/airflow/.local/lib/python3.12/site-packages/airflow/example_dags/example_branch_python_dop_operator_3.py for tasks to queue
[2026-06-23T03:13:57.494+0000] {logging_mixin.py:188} INFO - [2026-06-23T03:13:57.493+0000] {dagbag.py:545} INFO - Filling up the DagBag from /home/airflow/.local/lib/python3.12/site-packages/airflow/example_dags/example_branch_python_dop_operator_3.py
[2026-06-23T03:13:57.504+0000] {processor.py:840} INFO - DAG(s) 'example_branch_dop_operator_v3' retrieved from /home/airflow/.local/lib/python3.12/site-packages/airflow/example_dags/example_branch_python_dop_operator_3.py
[2026-06-23T03:13:57.533+0000] {logging_mixin.py:188} INFO - [2026-06-23T03:13:57.532+0000] {dag.py:3096} INFO - Sync 1 DAGs
[2026-06-23T03:13:57.560+0000] {logging_mixin.py:188} INFO - [2026-06-23T03:13:57.560+0000] {dag.py:3954} INFO - Setting next_dagrun for example_branch_dop_operator_v3 to 2026-06-23 03:12:00+00:00, run_after=2026-06-23 03:13:00+00:00
[2026-06-23T03:13:57.588+0000] {processor.py:183} INFO - Processing /home/airflow/.local/lib/python3.12/site-packages/airflow/example_dags/example_branch_python_dop_operator_3.py took 0.106 seconds
[2026-06-23T03:14:27.696+0000] {processor.py:161} INFO - Started process (PID=5597) to work on /home/airflow/.local/lib/python3.12/site-packages/airflow/example_dags/example_branch_python_dop_operator_3.py
[2026-06-23T03:14:27.699+0000] {processor.py:830} INFO - Processing file /home/airflow/.local/lib/python3.12/site-packages/airflow/example_dags/example_branch_python_dop_operator_3.py for tasks to queue
[2026-06-23T03:14:27.702+0000] {logging_mixin.py:188} INFO - [2026-06-23T03:14:27.701+0000] {dagbag.py:545} INFO - Filling up the DagBag from /home/airflow/.local/lib/python3.12/site-packages/airflow/example_dags/example_branch_python_dop_operator_3.py
[2026-06-23T03:14:27.711+0000] {processor.py:840} INFO - DAG(s) 'example_branch_dop_operator_v3' retrieved from /home/airflow/.local/lib/python3.12/site-packages/airflow/example_dags/example_branch_python_dop_operator_3.py
[2026-06-23T03:14:27.740+0000] {logging_mixin.py:188} INFO - [2026-06-23T03:14:27.740+0000] {dag.py:3096} INFO - Sync 1 DAGs
[2026-06-23T03:14:27.768+0000] {logging_mixin.py:188} INFO - [2026-06-23T03:14:27.768+0000] {dag.py:3954} INFO - Setting next_dagrun for example_branch_dop_operator_v3 to 2026-06-23 03:13:00+00:00, run_after=2026-06-23 03:14:00+00:00
[2026-06-23T03:14:27.794+0000] {processor.py:183} INFO - Processing /home/airflow/.local/lib/python3.12/site-packages/airflow/example_dags/example_branch_python_dop_operator_3.py took 0.105 seconds
[2026-06-23T03:14:58.174+0000] {processor.py:161} INFO - Started process (PID=5864) to work on /home/airflow/.local/lib/python3.12/site-packages/airflow/example_dags/example_branch_python_dop_operator_3.py
[2026-06-23T03:14:58.176+0000] {processor.py:830} INFO - Processing file /home/airflow/.local/lib/python3.12/site-packages/airflow/example_dags/example_branch_python_dop_operator_3.py for tasks to queue
[2026-06-23T03:14:58.180+0000] {logging_mixin.py:188} INFO - [2026-06-23T03:14:58.179+0000] {dagbag.py:545} INFO - Filling up the DagBag from /home/airflow/.local/lib/python3.12/site-packages/airflow/example_dags/example_branch_python_dop_operator_3.py
[2026-06-23T03:14:58.191+0000] {processor.py:840} INFO - DAG(s) 'example_branch_dop_operator_v3' retrieved from /home/airflow/.local/lib/python3.12/site-packages/airflow/example_dags/example_branch_python_dop_operator_3.py
[2026-06-23T03:14:58.219+0000] {logging_mixin.py:188} INFO - [2026-06-23T03:14:58.219+0000] {dag.py:3096} INFO - Sync 1 DAGs
[2026-06-23T03:14:58.249+0000] {logging_mixin.py:188} INFO - [2026-06-23T03:14:58.249+0000] {dag.py:3954} INFO - Setting next_dagrun for example_branch_dop_operator_v3 to 2026-06-23 03:13:00+00:00, run_after=2026-06-23 03:14:00+00:00
[2026-06-23T03:14:58.281+0000] {processor.py:183} INFO - Processing /home/airflow/.local/lib/python3.12/site-packages/airflow/example_dags/example_branch_python_dop_operator_3.py took 0.114 seconds
[2026-06-23T03:15:28.474+0000] {processor.py:161} INFO - Started process (PID=6131) to work on /home/airflow/.local/lib/python3.12/site-packages/airflow/example_dags/example_branch_python_dop_operator_3.py
[2026-06-23T03:15:28.476+0000] {processor.py:830} INFO - Processing file /home/airflow/.local/lib/python3.12/site-packages/airflow/example_dags/example_branch_python_dop_operator_3.py for tasks to queue
[2026-06-23T03:15:28.479+0000] {logging_mixin.py:188} INFO - [2026-06-23T03:15:28.478+0000] {dagbag.py:545} INFO - Filling up the DagBag from /home/airflow/.local/lib/python3.12/site-packages/airflow/example_dags/example_branch_python_dop_operator_3.py
[2026-06-23T03:15:28.489+0000] {processor.py:840} INFO - DAG(s) 'example_branch_dop_operator_v3' retrieved from /home/airflow/.local/lib/python3.12/site-packages/airflow/example_dags/example_branch_python_dop_operator_3.py
[2026-06-23T03:15:28.516+0000] {logging_mixin.py:188} INFO - [2026-06-23T03:15:28.516+0000] {dag.py:3096} INFO - Sync 1 DAGs
[2026-06-23T03:15:28.546+0000] {logging_mixin.py:188} INFO - [2026-06-23T03:15:28.545+0000] {dag.py:3954} INFO - Setting next_dagrun for example_branch_dop_operator_v3 to 2026-06-23 03:14:00+00:00, run_after=2026-06-23 03:15:00+00:00
[2026-06-23T03:15:28.575+0000] {processor.py:183} INFO - Processing /home/airflow/.local/lib/python3.12/site-packages/airflow/example_dags/example_branch_python_dop_operator_3.py took 0.108 seconds
[2026-06-23T03:15:59.308+0000] {processor.py:161} INFO - Started process (PID=6398) to work on /home/airflow/.local/lib/python3.12/site-packages/airflow/example_dags/example_branch_python_dop_operator_3.py
[2026-06-23T03:15:59.310+0000] {processor.py:830} INFO - Processing file /home/airflow/.local/lib/python3.12/site-packages/airflow/example_dags/example_branch_python_dop_operator_3.py for tasks to queue
[2026-06-23T03:15:59.313+0000] {logging_mixin.py:188} INFO - [2026-06-23T03:15:59.312+0000] {dagbag.py:545} INFO - Filling up the DagBag from /home/airflow/.local/lib/python3.12/site-packages/airflow/example_dags/example_branch_python_dop_operator_3.py
[2026-06-23T03:15:59.324+0000] {processor.py:840} INFO - DAG(s) 'example_branch_dop_operator_v3' retrieved from /home/airflow/.local/lib/python3.12/site-packages/airflow/example_dags/example_branch_python_dop_operator_3.py
[2026-06-23T03:15:59.350+0000] {logging_mixin.py:188} INFO - [2026-06-23T03:15:59.350+0000] {dag.py:3096} INFO - Sync 1 DAGs
[2026-06-23T03:15:59.380+0000] {logging_mixin.py:188} INFO - [2026-06-23T03:15:59.380+0000] {dag.py:3954} INFO - Setting next_dagrun for example_branch_dop_operator_v3 to 2026-06-23 03:14:00+00:00, run_after=2026-06-23 03:15:00+00:00
[2026-06-23T03:15:59.408+0000] {processor.py:183} INFO - Processing /home/airflow/.local/lib/python3.12/site-packages/airflow/example_dags/example_branch_python_dop_operator_3.py took 0.107 seconds
[2026-06-23T03:16:30.088+0000] {processor.py:161} INFO - Started process (PID=6664) to work on /home/airflow/.local/lib/python3.12/site-packages/airflow/example_dags/example_branch_python_dop_operator_3.py
[2026-06-23T03:16:30.089+0000] {processor.py:830} INFO - Processing file /home/airflow/.local/lib/python3.12/site-packages/airflow/example_dags/example_branch_python_dop_operator_3.py for tasks to queue
[2026-06-23T03:16:30.092+0000] {logging_mixin.py:188} INFO - [2026-06-23T03:16:30.092+0000] {dagbag.py:545} INFO - Filling up the DagBag from /home/airflow/.local/lib/python3.12/site-packages/airflow/example_dags/example_branch_python_dop_operator_3.py
[2026-06-23T03:16:30.102+0000] {processor.py:840} INFO - DAG(s) 'example_branch_dop_operator_v3' retrieved from /home/airflow/.local/lib/python3.12/site-packages/airflow/example_dags/example_branch_python_dop_operator_3.py
[2026-06-23T03:16:30.128+0000] {logging_mixin.py:188} INFO - [2026-06-23T03:16:30.128+0000] {dag.py:3096} INFO - Sync 1 DAGs
[2026-06-23T03:16:30.158+0000] {logging_mixin.py:188} INFO - [2026-06-23T03:16:30.158+0000] {dag.py:3954} INFO - Setting next_dagrun for example_branch_dop_operator_v3 to 2026-06-23 03:15:00+00:00, run_after=2026-06-23 03:16:00+00:00
[2026-06-23T03:16:30.187+0000] {processor.py:183} INFO - Processing /home/airflow/.local/lib/python3.12/site-packages/airflow/example_dags/example_branch_python_dop_operator_3.py took 0.105 seconds
[2026-06-23T03:17:00.423+0000] {processor.py:161} INFO - Started process (PID=6932) to work on /home/airflow/.local/lib/python3.12/site-packages/airflow/example_dags/example_branch_python_dop_operator_3.py
[2026-06-23T03:17:00.424+0000] {processor.py:830} INFO - Processing file /home/airflow/.local/lib/python3.12/site-packages/airflow/example_dags/example_branch_python_dop_operator_3.py for tasks to queue
[2026-06-23T03:17:00.428+0000] {logging_mixin.py:188} INFO - [2026-06-23T03:17:00.427+0000] {dagbag.py:545} INFO - Filling up the DagBag from /home/airflow/.local/lib/python3.12/site-packages/airflow/example_dags/example_branch_python_dop_operator_3.py
[2026-06-23T03:17:00.437+0000] {processor.py:840} INFO - DAG(s) 'example_branch_dop_operator_v3' retrieved from /home/airflow/.local/lib/python3.12/site-packages/airflow/example_dags/example_branch_python_dop_operator_3.py
[2026-06-23T03:17:00.465+0000] {logging_mixin.py:188} INFO - [2026-06-23T03:17:00.464+0000] {dag.py:3096} INFO - Sync 1 DAGs
[2026-06-23T03:17:00.494+0000] {logging_mixin.py:188} INFO - [2026-06-23T03:17:00.493+0000] {dag.py:3954} INFO - Setting next_dagrun for example_branch_dop_operator_v3 to 2026-06-23 03:16:00+00:00, run_after=2026-06-23 03:17:00+00:00
[2026-06-23T03:17:00.522+0000] {processor.py:183} INFO - Processing /home/airflow/.local/lib/python3.12/site-packages/airflow/example_dags/example_branch_python_dop_operator_3.py took 0.106 seconds
