[2026-06-23T02:47:00.792+0000] {processor.py:161} INFO - Started process (PID=101) to work on /home/airflow/.local/lib/python3.12/site-packages/airflow/example_dags/example_complex.py
[2026-06-23T02:47:00.795+0000] {processor.py:830} INFO - Processing file /home/airflow/.local/lib/python3.12/site-packages/airflow/example_dags/example_complex.py for tasks to queue
[2026-06-23T02:47:00.800+0000] {logging_mixin.py:188} INFO - [2026-06-23T02:47:00.799+0000] {dagbag.py:545} INFO - Filling up the DagBag from /home/airflow/.local/lib/python3.12/site-packages/airflow/example_dags/example_complex.py
[2026-06-23T02:47:00.839+0000] {processor.py:840} INFO - DAG(s) 'example_complex' retrieved from /home/airflow/.local/lib/python3.12/site-packages/airflow/example_dags/example_complex.py
[2026-06-23T02:47:01.096+0000] {logging_mixin.py:188} INFO - [2026-06-23T02:47:01.096+0000] {dag.py:3096} INFO - Sync 1 DAGs
[2026-06-23T02:47:01.112+0000] {logging_mixin.py:188} INFO - [2026-06-23T02:47:01.112+0000] {dag.py:3954} INFO - Setting next_dagrun for example_complex to None, run_after=None
[2026-06-23T02:47:01.149+0000] {processor.py:183} INFO - Processing /home/airflow/.local/lib/python3.12/site-packages/airflow/example_dags/example_complex.py took 0.371 seconds
[2026-06-23T02:47:31.317+0000] {processor.py:161} INFO - Started process (PID=160) to work on /home/airflow/.local/lib/python3.12/site-packages/airflow/example_dags/example_complex.py
[2026-06-23T02:47:31.319+0000] {processor.py:830} INFO - Processing file /home/airflow/.local/lib/python3.12/site-packages/airflow/example_dags/example_complex.py for tasks to queue
[2026-06-23T02:47:31.324+0000] {logging_mixin.py:188} INFO - [2026-06-23T02:47:31.323+0000] {dagbag.py:545} INFO - Filling up the DagBag from /home/airflow/.local/lib/python3.12/site-packages/airflow/example_dags/example_complex.py
[2026-06-23T02:47:31.345+0000] {processor.py:840} INFO - DAG(s) 'example_complex' retrieved from /home/airflow/.local/lib/python3.12/site-packages/airflow/example_dags/example_complex.py
[2026-06-23T02:47:31.419+0000] {logging_mixin.py:188} INFO - [2026-06-23T02:47:31.419+0000] {dag.py:3096} INFO - Sync 1 DAGs
[2026-06-23T02:47:31.439+0000] {logging_mixin.py:188} INFO - [2026-06-23T02:47:31.439+0000] {dag.py:3954} INFO - Setting next_dagrun for example_complex to None, run_after=None
[2026-06-23T02:47:31.472+0000] {processor.py:183} INFO - Processing /home/airflow/.local/lib/python3.12/site-packages/airflow/example_dags/example_complex.py took 0.166 seconds
[2026-06-23T02:48:01.541+0000] {processor.py:161} INFO - Started process (PID=219) to work on /home/airflow/.local/lib/python3.12/site-packages/airflow/example_dags/example_complex.py
[2026-06-23T02:48:01.542+0000] {processor.py:830} INFO - Processing file /home/airflow/.local/lib/python3.12/site-packages/airflow/example_dags/example_complex.py for tasks to queue
[2026-06-23T02:48:01.547+0000] {logging_mixin.py:188} INFO - [2026-06-23T02:48:01.546+0000] {dagbag.py:545} INFO - Filling up the DagBag from /home/airflow/.local/lib/python3.12/site-packages/airflow/example_dags/example_complex.py
[2026-06-23T02:48:01.567+0000] {processor.py:840} INFO - DAG(s) 'example_complex' retrieved from /home/airflow/.local/lib/python3.12/site-packages/airflow/example_dags/example_complex.py
[2026-06-23T02:48:01.648+0000] {logging_mixin.py:188} INFO - [2026-06-23T02:48:01.648+0000] {dag.py:3096} INFO - Sync 1 DAGs
[2026-06-23T02:48:01.669+0000] {logging_mixin.py:188} INFO - [2026-06-23T02:48:01.668+0000] {dag.py:3954} INFO - Setting next_dagrun for example_complex to None, run_after=None
[2026-06-23T02:48:01.705+0000] {processor.py:183} INFO - Processing /home/airflow/.local/lib/python3.12/site-packages/airflow/example_dags/example_complex.py took 0.175 seconds
[2026-06-23T02:48:31.863+0000] {processor.py:161} INFO - Started process (PID=278) to work on /home/airflow/.local/lib/python3.12/site-packages/airflow/example_dags/example_complex.py
[2026-06-23T02:48:31.865+0000] {processor.py:830} INFO - Processing file /home/airflow/.local/lib/python3.12/site-packages/airflow/example_dags/example_complex.py for tasks to queue
[2026-06-23T02:48:31.868+0000] {logging_mixin.py:188} INFO - [2026-06-23T02:48:31.867+0000] {dagbag.py:545} INFO - Filling up the DagBag from /home/airflow/.local/lib/python3.12/site-packages/airflow/example_dags/example_complex.py
[2026-06-23T02:48:31.883+0000] {processor.py:840} INFO - DAG(s) 'example_complex' retrieved from /home/airflow/.local/lib/python3.12/site-packages/airflow/example_dags/example_complex.py
[2026-06-23T02:48:31.952+0000] {logging_mixin.py:188} INFO - [2026-06-23T02:48:31.951+0000] {dag.py:3096} INFO - Sync 1 DAGs
[2026-06-23T02:48:31.979+0000] {logging_mixin.py:188} INFO - [2026-06-23T02:48:31.978+0000] {dag.py:3954} INFO - Setting next_dagrun for example_complex to None, run_after=None
[2026-06-23T02:48:32.011+0000] {processor.py:183} INFO - Processing /home/airflow/.local/lib/python3.12/site-packages/airflow/example_dags/example_complex.py took 0.158 seconds
[2026-06-23T02:49:02.810+0000] {processor.py:161} INFO - Started process (PID=338) to work on /home/airflow/.local/lib/python3.12/site-packages/airflow/example_dags/example_complex.py
[2026-06-23T02:49:02.813+0000] {processor.py:830} INFO - Processing file /home/airflow/.local/lib/python3.12/site-packages/airflow/example_dags/example_complex.py for tasks to queue
[2026-06-23T02:49:02.818+0000] {logging_mixin.py:188} INFO - [2026-06-23T02:49:02.817+0000] {dagbag.py:545} INFO - Filling up the DagBag from /home/airflow/.local/lib/python3.12/site-packages/airflow/example_dags/example_complex.py
[2026-06-23T02:49:02.844+0000] {processor.py:840} INFO - DAG(s) 'example_complex' retrieved from /home/airflow/.local/lib/python3.12/site-packages/airflow/example_dags/example_complex.py
[2026-06-23T02:49:02.941+0000] {logging_mixin.py:188} INFO - [2026-06-23T02:49:02.940+0000] {dag.py:3096} INFO - Sync 1 DAGs
[2026-06-23T02:49:02.976+0000] {logging_mixin.py:188} INFO - [2026-06-23T02:49:02.975+0000] {dag.py:3954} INFO - Setting next_dagrun for example_complex to None, run_after=None
[2026-06-23T02:49:03.023+0000] {processor.py:183} INFO - Processing /home/airflow/.local/lib/python3.12/site-packages/airflow/example_dags/example_complex.py took 0.224 seconds
[2026-06-23T02:49:33.166+0000] {processor.py:161} INFO - Started process (PID=397) to work on /home/airflow/.local/lib/python3.12/site-packages/airflow/example_dags/example_complex.py
[2026-06-23T02:49:33.168+0000] {processor.py:830} INFO - Processing file /home/airflow/.local/lib/python3.12/site-packages/airflow/example_dags/example_complex.py for tasks to queue
[2026-06-23T02:49:33.171+0000] {logging_mixin.py:188} INFO - [2026-06-23T02:49:33.171+0000] {dagbag.py:545} INFO - Filling up the DagBag from /home/airflow/.local/lib/python3.12/site-packages/airflow/example_dags/example_complex.py
[2026-06-23T02:49:33.187+0000] {processor.py:840} INFO - DAG(s) 'example_complex' retrieved from /home/airflow/.local/lib/python3.12/site-packages/airflow/example_dags/example_complex.py
[2026-06-23T02:49:33.243+0000] {logging_mixin.py:188} INFO - [2026-06-23T02:49:33.242+0000] {dag.py:3096} INFO - Sync 1 DAGs
[2026-06-23T02:49:33.262+0000] {logging_mixin.py:188} INFO - [2026-06-23T02:49:33.261+0000] {dag.py:3954} INFO - Setting next_dagrun for example_complex to None, run_after=None
[2026-06-23T02:49:33.297+0000] {processor.py:183} INFO - Processing /home/airflow/.local/lib/python3.12/site-packages/airflow/example_dags/example_complex.py took 0.142 seconds
[2026-06-23T02:50:04.550+0000] {processor.py:161} INFO - Started process (PID=458) to work on /home/airflow/.local/lib/python3.12/site-packages/airflow/example_dags/example_complex.py
[2026-06-23T02:50:04.552+0000] {processor.py:830} INFO - Processing file /home/airflow/.local/lib/python3.12/site-packages/airflow/example_dags/example_complex.py for tasks to queue
[2026-06-23T02:50:04.557+0000] {logging_mixin.py:188} INFO - [2026-06-23T02:50:04.556+0000] {dagbag.py:545} INFO - Filling up the DagBag from /home/airflow/.local/lib/python3.12/site-packages/airflow/example_dags/example_complex.py
[2026-06-23T02:50:04.587+0000] {processor.py:840} INFO - DAG(s) 'example_complex' retrieved from /home/airflow/.local/lib/python3.12/site-packages/airflow/example_dags/example_complex.py
[2026-06-23T02:50:04.647+0000] {logging_mixin.py:188} INFO - [2026-06-23T02:50:04.647+0000] {dag.py:3096} INFO - Sync 1 DAGs
[2026-06-23T02:50:04.670+0000] {logging_mixin.py:188} INFO - [2026-06-23T02:50:04.670+0000] {dag.py:3954} INFO - Setting next_dagrun for example_complex to None, run_after=None
[2026-06-23T02:50:04.709+0000] {processor.py:183} INFO - Processing /home/airflow/.local/lib/python3.12/site-packages/airflow/example_dags/example_complex.py took 0.169 seconds
[2026-06-23T02:50:35.321+0000] {processor.py:161} INFO - Started process (PID=517) to work on /home/airflow/.local/lib/python3.12/site-packages/airflow/example_dags/example_complex.py
[2026-06-23T02:50:35.323+0000] {processor.py:830} INFO - Processing file /home/airflow/.local/lib/python3.12/site-packages/airflow/example_dags/example_complex.py for tasks to queue
[2026-06-23T02:50:35.326+0000] {logging_mixin.py:188} INFO - [2026-06-23T02:50:35.325+0000] {dagbag.py:545} INFO - Filling up the DagBag from /home/airflow/.local/lib/python3.12/site-packages/airflow/example_dags/example_complex.py
[2026-06-23T02:50:35.342+0000] {processor.py:840} INFO - DAG(s) 'example_complex' retrieved from /home/airflow/.local/lib/python3.12/site-packages/airflow/example_dags/example_complex.py
[2026-06-23T02:50:35.412+0000] {logging_mixin.py:188} INFO - [2026-06-23T02:50:35.412+0000] {dag.py:3096} INFO - Sync 1 DAGs
[2026-06-23T02:50:35.434+0000] {logging_mixin.py:188} INFO - [2026-06-23T02:50:35.433+0000] {dag.py:3954} INFO - Setting next_dagrun for example_complex to None, run_after=None
[2026-06-23T02:50:35.474+0000] {processor.py:183} INFO - Processing /home/airflow/.local/lib/python3.12/site-packages/airflow/example_dags/example_complex.py took 0.162 seconds
[2026-06-23T02:51:05.655+0000] {processor.py:161} INFO - Started process (PID=578) to work on /home/airflow/.local/lib/python3.12/site-packages/airflow/example_dags/example_complex.py
[2026-06-23T02:51:05.657+0000] {processor.py:830} INFO - Processing file /home/airflow/.local/lib/python3.12/site-packages/airflow/example_dags/example_complex.py for tasks to queue
[2026-06-23T02:51:05.660+0000] {logging_mixin.py:188} INFO - [2026-06-23T02:51:05.660+0000] {dagbag.py:545} INFO - Filling up the DagBag from /home/airflow/.local/lib/python3.12/site-packages/airflow/example_dags/example_complex.py
[2026-06-23T02:51:05.676+0000] {processor.py:840} INFO - DAG(s) 'example_complex' retrieved from /home/airflow/.local/lib/python3.12/site-packages/airflow/example_dags/example_complex.py
[2026-06-23T02:51:05.738+0000] {logging_mixin.py:188} INFO - [2026-06-23T02:51:05.737+0000] {dag.py:3096} INFO - Sync 1 DAGs
[2026-06-23T02:51:05.759+0000] {logging_mixin.py:188} INFO - [2026-06-23T02:51:05.759+0000] {dag.py:3954} INFO - Setting next_dagrun for example_complex to None, run_after=None
[2026-06-23T02:51:05.795+0000] {processor.py:183} INFO - Processing /home/airflow/.local/lib/python3.12/site-packages/airflow/example_dags/example_complex.py took 0.150 seconds
[2026-06-23T02:51:35.926+0000] {processor.py:161} INFO - Started process (PID=638) to work on /home/airflow/.local/lib/python3.12/site-packages/airflow/example_dags/example_complex.py
[2026-06-23T02:51:35.929+0000] {processor.py:830} INFO - Processing file /home/airflow/.local/lib/python3.12/site-packages/airflow/example_dags/example_complex.py for tasks to queue
[2026-06-23T02:51:35.933+0000] {logging_mixin.py:188} INFO - [2026-06-23T02:51:35.932+0000] {dagbag.py:545} INFO - Filling up the DagBag from /home/airflow/.local/lib/python3.12/site-packages/airflow/example_dags/example_complex.py
[2026-06-23T02:51:35.949+0000] {processor.py:840} INFO - DAG(s) 'example_complex' retrieved from /home/airflow/.local/lib/python3.12/site-packages/airflow/example_dags/example_complex.py
[2026-06-23T02:51:35.998+0000] {logging_mixin.py:188} INFO - [2026-06-23T02:51:35.997+0000] {dag.py:3096} INFO - Sync 1 DAGs
[2026-06-23T02:51:36.018+0000] {logging_mixin.py:188} INFO - [2026-06-23T02:51:36.018+0000] {dag.py:3954} INFO - Setting next_dagrun for example_complex to None, run_after=None
[2026-06-23T02:51:36.051+0000] {processor.py:183} INFO - Processing /home/airflow/.local/lib/python3.12/site-packages/airflow/example_dags/example_complex.py took 0.134 seconds
[2026-06-23T02:52:06.643+0000] {processor.py:161} INFO - Started process (PID=697) to work on /home/airflow/.local/lib/python3.12/site-packages/airflow/example_dags/example_complex.py
[2026-06-23T02:52:06.645+0000] {processor.py:830} INFO - Processing file /home/airflow/.local/lib/python3.12/site-packages/airflow/example_dags/example_complex.py for tasks to queue
[2026-06-23T02:52:06.647+0000] {logging_mixin.py:188} INFO - [2026-06-23T02:52:06.647+0000] {dagbag.py:545} INFO - Filling up the DagBag from /home/airflow/.local/lib/python3.12/site-packages/airflow/example_dags/example_complex.py
[2026-06-23T02:52:06.658+0000] {processor.py:840} INFO - DAG(s) 'example_complex' retrieved from /home/airflow/.local/lib/python3.12/site-packages/airflow/example_dags/example_complex.py
[2026-06-23T02:52:06.696+0000] {logging_mixin.py:188} INFO - [2026-06-23T02:52:06.695+0000] {dag.py:3096} INFO - Sync 1 DAGs
[2026-06-23T02:52:06.711+0000] {logging_mixin.py:188} INFO - [2026-06-23T02:52:06.711+0000] {dag.py:3954} INFO - Setting next_dagrun for example_complex to None, run_after=None
[2026-06-23T02:52:06.739+0000] {processor.py:183} INFO - Processing /home/airflow/.local/lib/python3.12/site-packages/airflow/example_dags/example_complex.py took 0.102 seconds
[2026-06-23T02:52:37.286+0000] {processor.py:161} INFO - Started process (PID=756) to work on /home/airflow/.local/lib/python3.12/site-packages/airflow/example_dags/example_complex.py
[2026-06-23T02:52:37.288+0000] {processor.py:830} INFO - Processing file /home/airflow/.local/lib/python3.12/site-packages/airflow/example_dags/example_complex.py for tasks to queue
[2026-06-23T02:52:37.290+0000] {logging_mixin.py:188} INFO - [2026-06-23T02:52:37.290+0000] {dagbag.py:545} INFO - Filling up the DagBag from /home/airflow/.local/lib/python3.12/site-packages/airflow/example_dags/example_complex.py
[2026-06-23T02:52:37.302+0000] {processor.py:840} INFO - DAG(s) 'example_complex' retrieved from /home/airflow/.local/lib/python3.12/site-packages/airflow/example_dags/example_complex.py
[2026-06-23T02:52:37.348+0000] {logging_mixin.py:188} INFO - [2026-06-23T02:52:37.347+0000] {dag.py:3096} INFO - Sync 1 DAGs
[2026-06-23T02:52:37.363+0000] {logging_mixin.py:188} INFO - [2026-06-23T02:52:37.363+0000] {dag.py:3954} INFO - Setting next_dagrun for example_complex to None, run_after=None
[2026-06-23T02:52:37.392+0000] {processor.py:183} INFO - Processing /home/airflow/.local/lib/python3.12/site-packages/airflow/example_dags/example_complex.py took 0.114 seconds
[2026-06-23T02:53:07.633+0000] {processor.py:161} INFO - Started process (PID=815) to work on /home/airflow/.local/lib/python3.12/site-packages/airflow/example_dags/example_complex.py
[2026-06-23T02:53:07.635+0000] {processor.py:830} INFO - Processing file /home/airflow/.local/lib/python3.12/site-packages/airflow/example_dags/example_complex.py for tasks to queue
[2026-06-23T02:53:07.639+0000] {logging_mixin.py:188} INFO - [2026-06-23T02:53:07.638+0000] {dagbag.py:545} INFO - Filling up the DagBag from /home/airflow/.local/lib/python3.12/site-packages/airflow/example_dags/example_complex.py
[2026-06-23T02:53:07.651+0000] {processor.py:840} INFO - DAG(s) 'example_complex' retrieved from /home/airflow/.local/lib/python3.12/site-packages/airflow/example_dags/example_complex.py
[2026-06-23T02:53:07.696+0000] {logging_mixin.py:188} INFO - [2026-06-23T02:53:07.695+0000] {dag.py:3096} INFO - Sync 1 DAGs
[2026-06-23T02:53:07.712+0000] {logging_mixin.py:188} INFO - [2026-06-23T02:53:07.712+0000] {dag.py:3954} INFO - Setting next_dagrun for example_complex to None, run_after=None
[2026-06-23T02:53:07.743+0000] {processor.py:183} INFO - Processing /home/airflow/.local/lib/python3.12/site-packages/airflow/example_dags/example_complex.py took 0.117 seconds
[2026-06-23T02:53:38.230+0000] {processor.py:161} INFO - Started process (PID=874) to work on /home/airflow/.local/lib/python3.12/site-packages/airflow/example_dags/example_complex.py
[2026-06-23T02:53:38.232+0000] {processor.py:830} INFO - Processing file /home/airflow/.local/lib/python3.12/site-packages/airflow/example_dags/example_complex.py for tasks to queue
[2026-06-23T02:53:38.235+0000] {logging_mixin.py:188} INFO - [2026-06-23T02:53:38.234+0000] {dagbag.py:545} INFO - Filling up the DagBag from /home/airflow/.local/lib/python3.12/site-packages/airflow/example_dags/example_complex.py
[2026-06-23T02:53:38.246+0000] {processor.py:840} INFO - DAG(s) 'example_complex' retrieved from /home/airflow/.local/lib/python3.12/site-packages/airflow/example_dags/example_complex.py
[2026-06-23T02:53:38.287+0000] {logging_mixin.py:188} INFO - [2026-06-23T02:53:38.287+0000] {dag.py:3096} INFO - Sync 1 DAGs
[2026-06-23T02:53:38.303+0000] {logging_mixin.py:188} INFO - [2026-06-23T02:53:38.303+0000] {dag.py:3954} INFO - Setting next_dagrun for example_complex to None, run_after=None
[2026-06-23T02:53:38.332+0000] {processor.py:183} INFO - Processing /home/airflow/.local/lib/python3.12/site-packages/airflow/example_dags/example_complex.py took 0.109 seconds
[2026-06-23T02:54:08.414+0000] {processor.py:161} INFO - Started process (PID=933) to work on /home/airflow/.local/lib/python3.12/site-packages/airflow/example_dags/example_complex.py
[2026-06-23T02:54:08.416+0000] {processor.py:830} INFO - Processing file /home/airflow/.local/lib/python3.12/site-packages/airflow/example_dags/example_complex.py for tasks to queue
[2026-06-23T02:54:08.419+0000] {logging_mixin.py:188} INFO - [2026-06-23T02:54:08.419+0000] {dagbag.py:545} INFO - Filling up the DagBag from /home/airflow/.local/lib/python3.12/site-packages/airflow/example_dags/example_complex.py
[2026-06-23T02:54:08.433+0000] {processor.py:840} INFO - DAG(s) 'example_complex' retrieved from /home/airflow/.local/lib/python3.12/site-packages/airflow/example_dags/example_complex.py
[2026-06-23T02:54:08.470+0000] {logging_mixin.py:188} INFO - [2026-06-23T02:54:08.470+0000] {dag.py:3096} INFO - Sync 1 DAGs
[2026-06-23T02:54:08.487+0000] {logging_mixin.py:188} INFO - [2026-06-23T02:54:08.486+0000] {dag.py:3954} INFO - Setting next_dagrun for example_complex to None, run_after=None
[2026-06-23T02:54:08.516+0000] {processor.py:183} INFO - Processing /home/airflow/.local/lib/python3.12/site-packages/airflow/example_dags/example_complex.py took 0.112 seconds
[2026-06-23T02:54:38.868+0000] {processor.py:161} INFO - Started process (PID=993) to work on /home/airflow/.local/lib/python3.12/site-packages/airflow/example_dags/example_complex.py
[2026-06-23T02:54:38.870+0000] {processor.py:830} INFO - Processing file /home/airflow/.local/lib/python3.12/site-packages/airflow/example_dags/example_complex.py for tasks to queue
[2026-06-23T02:54:38.873+0000] {logging_mixin.py:188} INFO - [2026-06-23T02:54:38.872+0000] {dagbag.py:545} INFO - Filling up the DagBag from /home/airflow/.local/lib/python3.12/site-packages/airflow/example_dags/example_complex.py
[2026-06-23T02:54:38.883+0000] {processor.py:840} INFO - DAG(s) 'example_complex' retrieved from /home/airflow/.local/lib/python3.12/site-packages/airflow/example_dags/example_complex.py
[2026-06-23T02:54:38.922+0000] {logging_mixin.py:188} INFO - [2026-06-23T02:54:38.922+0000] {dag.py:3096} INFO - Sync 1 DAGs
[2026-06-23T02:54:38.937+0000] {logging_mixin.py:188} INFO - [2026-06-23T02:54:38.937+0000] {dag.py:3954} INFO - Setting next_dagrun for example_complex to None, run_after=None
[2026-06-23T02:54:38.967+0000] {processor.py:183} INFO - Processing /home/airflow/.local/lib/python3.12/site-packages/airflow/example_dags/example_complex.py took 0.105 seconds
[2026-06-23T02:55:09.839+0000] {processor.py:161} INFO - Started process (PID=1052) to work on /home/airflow/.local/lib/python3.12/site-packages/airflow/example_dags/example_complex.py
[2026-06-23T02:55:09.841+0000] {processor.py:830} INFO - Processing file /home/airflow/.local/lib/python3.12/site-packages/airflow/example_dags/example_complex.py for tasks to queue
[2026-06-23T02:55:09.844+0000] {logging_mixin.py:188} INFO - [2026-06-23T02:55:09.843+0000] {dagbag.py:545} INFO - Filling up the DagBag from /home/airflow/.local/lib/python3.12/site-packages/airflow/example_dags/example_complex.py
[2026-06-23T02:55:09.856+0000] {processor.py:840} INFO - DAG(s) 'example_complex' retrieved from /home/airflow/.local/lib/python3.12/site-packages/airflow/example_dags/example_complex.py
[2026-06-23T02:55:09.894+0000] {logging_mixin.py:188} INFO - [2026-06-23T02:55:09.894+0000] {dag.py:3096} INFO - Sync 1 DAGs
[2026-06-23T02:55:09.910+0000] {logging_mixin.py:188} INFO - [2026-06-23T02:55:09.910+0000] {dag.py:3954} INFO - Setting next_dagrun for example_complex to None, run_after=None
[2026-06-23T02:55:09.939+0000] {processor.py:183} INFO - Processing /home/airflow/.local/lib/python3.12/site-packages/airflow/example_dags/example_complex.py took 0.108 seconds
[2026-06-23T02:55:40.503+0000] {processor.py:161} INFO - Started process (PID=1112) to work on /home/airflow/.local/lib/python3.12/site-packages/airflow/example_dags/example_complex.py
[2026-06-23T02:55:40.505+0000] {processor.py:830} INFO - Processing file /home/airflow/.local/lib/python3.12/site-packages/airflow/example_dags/example_complex.py for tasks to queue
[2026-06-23T02:55:40.508+0000] {logging_mixin.py:188} INFO - [2026-06-23T02:55:40.507+0000] {dagbag.py:545} INFO - Filling up the DagBag from /home/airflow/.local/lib/python3.12/site-packages/airflow/example_dags/example_complex.py
[2026-06-23T02:55:40.522+0000] {processor.py:840} INFO - DAG(s) 'example_complex' retrieved from /home/airflow/.local/lib/python3.12/site-packages/airflow/example_dags/example_complex.py
[2026-06-23T02:55:40.566+0000] {logging_mixin.py:188} INFO - [2026-06-23T02:55:40.566+0000] {dag.py:3096} INFO - Sync 1 DAGs
[2026-06-23T02:55:40.584+0000] {logging_mixin.py:188} INFO - [2026-06-23T02:55:40.584+0000] {dag.py:3954} INFO - Setting next_dagrun for example_complex to None, run_after=None
[2026-06-23T02:55:40.613+0000] {processor.py:183} INFO - Processing /home/airflow/.local/lib/python3.12/site-packages/airflow/example_dags/example_complex.py took 0.119 seconds
[2026-06-23T02:56:11.451+0000] {processor.py:161} INFO - Started process (PID=1171) to work on /home/airflow/.local/lib/python3.12/site-packages/airflow/example_dags/example_complex.py
[2026-06-23T02:56:11.453+0000] {processor.py:830} INFO - Processing file /home/airflow/.local/lib/python3.12/site-packages/airflow/example_dags/example_complex.py for tasks to queue
[2026-06-23T02:56:11.456+0000] {logging_mixin.py:188} INFO - [2026-06-23T02:56:11.456+0000] {dagbag.py:545} INFO - Filling up the DagBag from /home/airflow/.local/lib/python3.12/site-packages/airflow/example_dags/example_complex.py
[2026-06-23T02:56:11.473+0000] {processor.py:840} INFO - DAG(s) 'example_complex' retrieved from /home/airflow/.local/lib/python3.12/site-packages/airflow/example_dags/example_complex.py
[2026-06-23T02:56:11.526+0000] {logging_mixin.py:188} INFO - [2026-06-23T02:56:11.526+0000] {dag.py:3096} INFO - Sync 1 DAGs
[2026-06-23T02:56:11.548+0000] {logging_mixin.py:188} INFO - [2026-06-23T02:56:11.548+0000] {dag.py:3954} INFO - Setting next_dagrun for example_complex to None, run_after=None
[2026-06-23T02:56:11.585+0000] {processor.py:183} INFO - Processing /home/airflow/.local/lib/python3.12/site-packages/airflow/example_dags/example_complex.py took 0.144 seconds
[2026-06-23T02:56:41.927+0000] {processor.py:161} INFO - Started process (PID=1231) to work on /home/airflow/.local/lib/python3.12/site-packages/airflow/example_dags/example_complex.py
[2026-06-23T02:56:41.929+0000] {processor.py:830} INFO - Processing file /home/airflow/.local/lib/python3.12/site-packages/airflow/example_dags/example_complex.py for tasks to queue
[2026-06-23T02:56:41.932+0000] {logging_mixin.py:188} INFO - [2026-06-23T02:56:41.932+0000] {dagbag.py:545} INFO - Filling up the DagBag from /home/airflow/.local/lib/python3.12/site-packages/airflow/example_dags/example_complex.py
[2026-06-23T02:56:41.953+0000] {processor.py:840} INFO - DAG(s) 'example_complex' retrieved from /home/airflow/.local/lib/python3.12/site-packages/airflow/example_dags/example_complex.py
[2026-06-23T02:56:42.002+0000] {logging_mixin.py:188} INFO - [2026-06-23T02:56:42.001+0000] {dag.py:3096} INFO - Sync 1 DAGs
[2026-06-23T02:56:42.022+0000] {logging_mixin.py:188} INFO - [2026-06-23T02:56:42.021+0000] {dag.py:3954} INFO - Setting next_dagrun for example_complex to None, run_after=None
[2026-06-23T02:56:42.055+0000] {processor.py:183} INFO - Processing /home/airflow/.local/lib/python3.12/site-packages/airflow/example_dags/example_complex.py took 0.138 seconds
[2026-06-23T02:57:12.191+0000] {processor.py:161} INFO - Started process (PID=1290) to work on /home/airflow/.local/lib/python3.12/site-packages/airflow/example_dags/example_complex.py
[2026-06-23T02:57:12.193+0000] {processor.py:830} INFO - Processing file /home/airflow/.local/lib/python3.12/site-packages/airflow/example_dags/example_complex.py for tasks to queue
[2026-06-23T02:57:12.196+0000] {logging_mixin.py:188} INFO - [2026-06-23T02:57:12.196+0000] {dagbag.py:545} INFO - Filling up the DagBag from /home/airflow/.local/lib/python3.12/site-packages/airflow/example_dags/example_complex.py
[2026-06-23T02:57:12.212+0000] {processor.py:840} INFO - DAG(s) 'example_complex' retrieved from /home/airflow/.local/lib/python3.12/site-packages/airflow/example_dags/example_complex.py
[2026-06-23T02:57:12.263+0000] {logging_mixin.py:188} INFO - [2026-06-23T02:57:12.262+0000] {dag.py:3096} INFO - Sync 1 DAGs
[2026-06-23T02:57:12.289+0000] {logging_mixin.py:188} INFO - [2026-06-23T02:57:12.288+0000] {dag.py:3954} INFO - Setting next_dagrun for example_complex to None, run_after=None
[2026-06-23T02:57:12.332+0000] {processor.py:183} INFO - Processing /home/airflow/.local/lib/python3.12/site-packages/airflow/example_dags/example_complex.py took 0.148 seconds
[2026-06-23T02:57:42.421+0000] {processor.py:161} INFO - Started process (PID=1348) to work on /home/airflow/.local/lib/python3.12/site-packages/airflow/example_dags/example_complex.py
[2026-06-23T02:57:42.423+0000] {processor.py:830} INFO - Processing file /home/airflow/.local/lib/python3.12/site-packages/airflow/example_dags/example_complex.py for tasks to queue
[2026-06-23T02:57:42.426+0000] {logging_mixin.py:188} INFO - [2026-06-23T02:57:42.425+0000] {dagbag.py:545} INFO - Filling up the DagBag from /home/airflow/.local/lib/python3.12/site-packages/airflow/example_dags/example_complex.py
[2026-06-23T02:57:42.439+0000] {processor.py:840} INFO - DAG(s) 'example_complex' retrieved from /home/airflow/.local/lib/python3.12/site-packages/airflow/example_dags/example_complex.py
[2026-06-23T02:57:42.485+0000] {logging_mixin.py:188} INFO - [2026-06-23T02:57:42.484+0000] {dag.py:3096} INFO - Sync 1 DAGs
[2026-06-23T02:57:42.503+0000] {logging_mixin.py:188} INFO - [2026-06-23T02:57:42.503+0000] {dag.py:3954} INFO - Setting next_dagrun for example_complex to None, run_after=None
[2026-06-23T02:57:42.687+0000] {processor.py:183} INFO - Processing /home/airflow/.local/lib/python3.12/site-packages/airflow/example_dags/example_complex.py took 0.274 seconds
[2026-06-23T02:58:54.118+0000] {processor.py:161} INFO - Started process (PID=1407) to work on /home/airflow/.local/lib/python3.12/site-packages/airflow/example_dags/example_complex.py
[2026-06-23T02:58:54.120+0000] {processor.py:830} INFO - Processing file /home/airflow/.local/lib/python3.12/site-packages/airflow/example_dags/example_complex.py for tasks to queue
[2026-06-23T02:58:54.123+0000] {logging_mixin.py:188} INFO - [2026-06-23T02:58:54.122+0000] {dagbag.py:545} INFO - Filling up the DagBag from /home/airflow/.local/lib/python3.12/site-packages/airflow/example_dags/example_complex.py
[2026-06-23T02:58:54.136+0000] {processor.py:840} INFO - DAG(s) 'example_complex' retrieved from /home/airflow/.local/lib/python3.12/site-packages/airflow/example_dags/example_complex.py
[2026-06-23T02:58:54.181+0000] {logging_mixin.py:188} INFO - [2026-06-23T02:58:54.181+0000] {dag.py:3096} INFO - Sync 1 DAGs
[2026-06-23T02:58:54.197+0000] {logging_mixin.py:188} INFO - [2026-06-23T02:58:54.197+0000] {dag.py:3954} INFO - Setting next_dagrun for example_complex to None, run_after=None
[2026-06-23T02:58:54.227+0000] {processor.py:183} INFO - Processing /home/airflow/.local/lib/python3.12/site-packages/airflow/example_dags/example_complex.py took 0.117 seconds
[2026-06-23T02:59:24.961+0000] {processor.py:161} INFO - Started process (PID=1466) to work on /home/airflow/.local/lib/python3.12/site-packages/airflow/example_dags/example_complex.py
[2026-06-23T02:59:24.963+0000] {processor.py:830} INFO - Processing file /home/airflow/.local/lib/python3.12/site-packages/airflow/example_dags/example_complex.py for tasks to queue
[2026-06-23T02:59:24.966+0000] {logging_mixin.py:188} INFO - [2026-06-23T02:59:24.965+0000] {dagbag.py:545} INFO - Filling up the DagBag from /home/airflow/.local/lib/python3.12/site-packages/airflow/example_dags/example_complex.py
[2026-06-23T02:59:24.977+0000] {processor.py:840} INFO - DAG(s) 'example_complex' retrieved from /home/airflow/.local/lib/python3.12/site-packages/airflow/example_dags/example_complex.py
[2026-06-23T02:59:25.016+0000] {logging_mixin.py:188} INFO - [2026-06-23T02:59:25.015+0000] {dag.py:3096} INFO - Sync 1 DAGs
[2026-06-23T02:59:25.031+0000] {logging_mixin.py:188} INFO - [2026-06-23T02:59:25.030+0000] {dag.py:3954} INFO - Setting next_dagrun for example_complex to None, run_after=None
[2026-06-23T02:59:25.061+0000] {processor.py:183} INFO - Processing /home/airflow/.local/lib/python3.12/site-packages/airflow/example_dags/example_complex.py took 0.106 seconds
[2026-06-23T02:59:57.056+0000] {processor.py:161} INFO - Started process (PID=1525) to work on /home/airflow/.local/lib/python3.12/site-packages/airflow/example_dags/example_complex.py
[2026-06-23T02:59:57.058+0000] {processor.py:830} INFO - Processing file /home/airflow/.local/lib/python3.12/site-packages/airflow/example_dags/example_complex.py for tasks to queue
[2026-06-23T02:59:57.061+0000] {logging_mixin.py:188} INFO - [2026-06-23T02:59:57.061+0000] {dagbag.py:545} INFO - Filling up the DagBag from /home/airflow/.local/lib/python3.12/site-packages/airflow/example_dags/example_complex.py
[2026-06-23T02:59:57.073+0000] {processor.py:840} INFO - DAG(s) 'example_complex' retrieved from /home/airflow/.local/lib/python3.12/site-packages/airflow/example_dags/example_complex.py
[2026-06-23T02:59:57.113+0000] {logging_mixin.py:188} INFO - [2026-06-23T02:59:57.113+0000] {dag.py:3096} INFO - Sync 1 DAGs
[2026-06-23T02:59:57.129+0000] {logging_mixin.py:188} INFO - [2026-06-23T02:59:57.129+0000] {dag.py:3954} INFO - Setting next_dagrun for example_complex to None, run_after=None
[2026-06-23T02:59:57.158+0000] {processor.py:183} INFO - Processing /home/airflow/.local/lib/python3.12/site-packages/airflow/example_dags/example_complex.py took 0.109 seconds
[2026-06-23T03:00:27.797+0000] {processor.py:161} INFO - Started process (PID=1584) to work on /home/airflow/.local/lib/python3.12/site-packages/airflow/example_dags/example_complex.py
[2026-06-23T03:00:27.798+0000] {processor.py:830} INFO - Processing file /home/airflow/.local/lib/python3.12/site-packages/airflow/example_dags/example_complex.py for tasks to queue
[2026-06-23T03:00:27.801+0000] {logging_mixin.py:188} INFO - [2026-06-23T03:00:27.801+0000] {dagbag.py:545} INFO - Filling up the DagBag from /home/airflow/.local/lib/python3.12/site-packages/airflow/example_dags/example_complex.py
[2026-06-23T03:00:27.813+0000] {processor.py:840} INFO - DAG(s) 'example_complex' retrieved from /home/airflow/.local/lib/python3.12/site-packages/airflow/example_dags/example_complex.py
[2026-06-23T03:00:27.858+0000] {logging_mixin.py:188} INFO - [2026-06-23T03:00:27.857+0000] {dag.py:3096} INFO - Sync 1 DAGs
[2026-06-23T03:00:27.876+0000] {logging_mixin.py:188} INFO - [2026-06-23T03:00:27.876+0000] {dag.py:3954} INFO - Setting next_dagrun for example_complex to None, run_after=None
[2026-06-23T03:00:27.907+0000] {processor.py:183} INFO - Processing /home/airflow/.local/lib/python3.12/site-packages/airflow/example_dags/example_complex.py took 0.117 seconds
[2026-06-23T03:00:58.287+0000] {processor.py:161} INFO - Started process (PID=1643) to work on /home/airflow/.local/lib/python3.12/site-packages/airflow/example_dags/example_complex.py
[2026-06-23T03:00:58.289+0000] {processor.py:830} INFO - Processing file /home/airflow/.local/lib/python3.12/site-packages/airflow/example_dags/example_complex.py for tasks to queue
[2026-06-23T03:00:58.291+0000] {logging_mixin.py:188} INFO - [2026-06-23T03:00:58.291+0000] {dagbag.py:545} INFO - Filling up the DagBag from /home/airflow/.local/lib/python3.12/site-packages/airflow/example_dags/example_complex.py
[2026-06-23T03:00:58.303+0000] {processor.py:840} INFO - DAG(s) 'example_complex' retrieved from /home/airflow/.local/lib/python3.12/site-packages/airflow/example_dags/example_complex.py
[2026-06-23T03:00:58.347+0000] {logging_mixin.py:188} INFO - [2026-06-23T03:00:58.347+0000] {dag.py:3096} INFO - Sync 1 DAGs
[2026-06-23T03:00:58.367+0000] {logging_mixin.py:188} INFO - [2026-06-23T03:00:58.366+0000] {dag.py:3954} INFO - Setting next_dagrun for example_complex to None, run_after=None
[2026-06-23T03:00:58.398+0000] {processor.py:183} INFO - Processing /home/airflow/.local/lib/python3.12/site-packages/airflow/example_dags/example_complex.py took 0.119 seconds
[2026-06-23T03:01:29.443+0000] {processor.py:161} INFO - Started process (PID=1702) to work on /home/airflow/.local/lib/python3.12/site-packages/airflow/example_dags/example_complex.py
[2026-06-23T03:01:29.444+0000] {processor.py:830} INFO - Processing file /home/airflow/.local/lib/python3.12/site-packages/airflow/example_dags/example_complex.py for tasks to queue
[2026-06-23T03:01:29.448+0000] {logging_mixin.py:188} INFO - [2026-06-23T03:01:29.447+0000] {dagbag.py:545} INFO - Filling up the DagBag from /home/airflow/.local/lib/python3.12/site-packages/airflow/example_dags/example_complex.py
[2026-06-23T03:01:29.461+0000] {processor.py:840} INFO - DAG(s) 'example_complex' retrieved from /home/airflow/.local/lib/python3.12/site-packages/airflow/example_dags/example_complex.py
[2026-06-23T03:01:29.505+0000] {logging_mixin.py:188} INFO - [2026-06-23T03:01:29.504+0000] {dag.py:3096} INFO - Sync 1 DAGs
[2026-06-23T03:01:29.523+0000] {logging_mixin.py:188} INFO - [2026-06-23T03:01:29.523+0000] {dag.py:3954} INFO - Setting next_dagrun for example_complex to None, run_after=None
[2026-06-23T03:01:29.556+0000] {processor.py:183} INFO - Processing /home/airflow/.local/lib/python3.12/site-packages/airflow/example_dags/example_complex.py took 0.121 seconds
[2026-06-23T03:01:59.818+0000] {processor.py:161} INFO - Started process (PID=1761) to work on /home/airflow/.local/lib/python3.12/site-packages/airflow/example_dags/example_complex.py
[2026-06-23T03:01:59.821+0000] {processor.py:830} INFO - Processing file /home/airflow/.local/lib/python3.12/site-packages/airflow/example_dags/example_complex.py for tasks to queue
[2026-06-23T03:01:59.825+0000] {logging_mixin.py:188} INFO - [2026-06-23T03:01:59.824+0000] {dagbag.py:545} INFO - Filling up the DagBag from /home/airflow/.local/lib/python3.12/site-packages/airflow/example_dags/example_complex.py
[2026-06-23T03:01:59.839+0000] {processor.py:840} INFO - DAG(s) 'example_complex' retrieved from /home/airflow/.local/lib/python3.12/site-packages/airflow/example_dags/example_complex.py
[2026-06-23T03:01:59.886+0000] {logging_mixin.py:188} INFO - [2026-06-23T03:01:59.886+0000] {dag.py:3096} INFO - Sync 1 DAGs
[2026-06-23T03:01:59.903+0000] {logging_mixin.py:188} INFO - [2026-06-23T03:01:59.903+0000] {dag.py:3954} INFO - Setting next_dagrun for example_complex to None, run_after=None
[2026-06-23T03:01:59.933+0000] {processor.py:183} INFO - Processing /home/airflow/.local/lib/python3.12/site-packages/airflow/example_dags/example_complex.py took 0.124 seconds
[2026-06-23T03:02:30.152+0000] {processor.py:161} INFO - Started process (PID=1820) to work on /home/airflow/.local/lib/python3.12/site-packages/airflow/example_dags/example_complex.py
[2026-06-23T03:02:30.154+0000] {processor.py:830} INFO - Processing file /home/airflow/.local/lib/python3.12/site-packages/airflow/example_dags/example_complex.py for tasks to queue
[2026-06-23T03:02:30.157+0000] {logging_mixin.py:188} INFO - [2026-06-23T03:02:30.157+0000] {dagbag.py:545} INFO - Filling up the DagBag from /home/airflow/.local/lib/python3.12/site-packages/airflow/example_dags/example_complex.py
[2026-06-23T03:02:30.170+0000] {processor.py:840} INFO - DAG(s) 'example_complex' retrieved from /home/airflow/.local/lib/python3.12/site-packages/airflow/example_dags/example_complex.py
[2026-06-23T03:02:30.211+0000] {logging_mixin.py:188} INFO - [2026-06-23T03:02:30.211+0000] {dag.py:3096} INFO - Sync 1 DAGs
[2026-06-23T03:02:30.227+0000] {logging_mixin.py:188} INFO - [2026-06-23T03:02:30.227+0000] {dag.py:3954} INFO - Setting next_dagrun for example_complex to None, run_after=None
[2026-06-23T03:02:30.258+0000] {processor.py:183} INFO - Processing /home/airflow/.local/lib/python3.12/site-packages/airflow/example_dags/example_complex.py took 0.113 seconds
[2026-06-23T03:03:00.849+0000] {processor.py:161} INFO - Started process (PID=1879) to work on /home/airflow/.local/lib/python3.12/site-packages/airflow/example_dags/example_complex.py
[2026-06-23T03:03:00.851+0000] {processor.py:830} INFO - Processing file /home/airflow/.local/lib/python3.12/site-packages/airflow/example_dags/example_complex.py for tasks to queue
[2026-06-23T03:03:00.854+0000] {logging_mixin.py:188} INFO - [2026-06-23T03:03:00.854+0000] {dagbag.py:545} INFO - Filling up the DagBag from /home/airflow/.local/lib/python3.12/site-packages/airflow/example_dags/example_complex.py
[2026-06-23T03:03:00.867+0000] {processor.py:840} INFO - DAG(s) 'example_complex' retrieved from /home/airflow/.local/lib/python3.12/site-packages/airflow/example_dags/example_complex.py
[2026-06-23T03:03:00.910+0000] {logging_mixin.py:188} INFO - [2026-06-23T03:03:00.910+0000] {dag.py:3096} INFO - Sync 1 DAGs
[2026-06-23T03:03:00.926+0000] {logging_mixin.py:188} INFO - [2026-06-23T03:03:00.925+0000] {dag.py:3954} INFO - Setting next_dagrun for example_complex to None, run_after=None
[2026-06-23T03:03:00.954+0000] {processor.py:183} INFO - Processing /home/airflow/.local/lib/python3.12/site-packages/airflow/example_dags/example_complex.py took 0.112 seconds
[2026-06-23T03:03:31.273+0000] {processor.py:161} INFO - Started process (PID=1938) to work on /home/airflow/.local/lib/python3.12/site-packages/airflow/example_dags/example_complex.py
[2026-06-23T03:03:31.275+0000] {processor.py:830} INFO - Processing file /home/airflow/.local/lib/python3.12/site-packages/airflow/example_dags/example_complex.py for tasks to queue
[2026-06-23T03:03:31.279+0000] {logging_mixin.py:188} INFO - [2026-06-23T03:03:31.278+0000] {dagbag.py:545} INFO - Filling up the DagBag from /home/airflow/.local/lib/python3.12/site-packages/airflow/example_dags/example_complex.py
[2026-06-23T03:03:31.291+0000] {processor.py:840} INFO - DAG(s) 'example_complex' retrieved from /home/airflow/.local/lib/python3.12/site-packages/airflow/example_dags/example_complex.py
[2026-06-23T03:03:31.335+0000] {logging_mixin.py:188} INFO - [2026-06-23T03:03:31.335+0000] {dag.py:3096} INFO - Sync 1 DAGs
[2026-06-23T03:03:31.353+0000] {logging_mixin.py:188} INFO - [2026-06-23T03:03:31.352+0000] {dag.py:3954} INFO - Setting next_dagrun for example_complex to None, run_after=None
[2026-06-23T03:03:31.388+0000] {processor.py:183} INFO - Processing /home/airflow/.local/lib/python3.12/site-packages/airflow/example_dags/example_complex.py took 0.122 seconds
[2026-06-23T03:04:43.833+0000] {processor.py:161} INFO - Started process (PID=331) to work on /home/airflow/.local/lib/python3.12/site-packages/airflow/example_dags/example_complex.py
[2026-06-23T03:04:43.835+0000] {processor.py:830} INFO - Processing file /home/airflow/.local/lib/python3.12/site-packages/airflow/example_dags/example_complex.py for tasks to queue
[2026-06-23T03:04:43.839+0000] {logging_mixin.py:188} INFO - [2026-06-23T03:04:43.838+0000] {dagbag.py:545} INFO - Filling up the DagBag from /home/airflow/.local/lib/python3.12/site-packages/airflow/example_dags/example_complex.py
[2026-06-23T03:04:43.857+0000] {processor.py:840} INFO - DAG(s) 'example_complex' retrieved from /home/airflow/.local/lib/python3.12/site-packages/airflow/example_dags/example_complex.py
[2026-06-23T03:04:43.876+0000] {logging_mixin.py:188} INFO - [2026-06-23T03:04:43.876+0000] {dag.py:3096} INFO - Sync 1 DAGs
[2026-06-23T03:04:43.893+0000] {logging_mixin.py:188} INFO - [2026-06-23T03:04:43.893+0000] {dag.py:3954} INFO - Setting next_dagrun for example_complex to None, run_after=None
[2026-06-23T03:04:43.924+0000] {processor.py:183} INFO - Processing /home/airflow/.local/lib/python3.12/site-packages/airflow/example_dags/example_complex.py took 0.099 seconds
[2026-06-23T03:05:16.766+0000] {processor.py:161} INFO - Started process (PID=598) to work on /home/airflow/.local/lib/python3.12/site-packages/airflow/example_dags/example_complex.py
[2026-06-23T03:05:16.769+0000] {processor.py:830} INFO - Processing file /home/airflow/.local/lib/python3.12/site-packages/airflow/example_dags/example_complex.py for tasks to queue
[2026-06-23T03:05:16.774+0000] {logging_mixin.py:188} INFO - [2026-06-23T03:05:16.773+0000] {dagbag.py:545} INFO - Filling up the DagBag from /home/airflow/.local/lib/python3.12/site-packages/airflow/example_dags/example_complex.py
[2026-06-23T03:05:16.802+0000] {processor.py:840} INFO - DAG(s) 'example_complex' retrieved from /home/airflow/.local/lib/python3.12/site-packages/airflow/example_dags/example_complex.py
[2026-06-23T03:05:16.989+0000] {logging_mixin.py:188} INFO - [2026-06-23T03:05:16.988+0000] {dag.py:3096} INFO - Sync 1 DAGs
[2026-06-23T03:05:17.004+0000] {logging_mixin.py:188} INFO - [2026-06-23T03:05:17.003+0000] {dag.py:3954} INFO - Setting next_dagrun for example_complex to None, run_after=None
[2026-06-23T03:05:17.038+0000] {processor.py:183} INFO - Processing /home/airflow/.local/lib/python3.12/site-packages/airflow/example_dags/example_complex.py took 0.286 seconds
[2026-06-23T03:05:47.273+0000] {processor.py:161} INFO - Started process (PID=980) to work on /home/airflow/.local/lib/python3.12/site-packages/airflow/example_dags/example_complex.py
[2026-06-23T03:05:47.275+0000] {processor.py:830} INFO - Processing file /home/airflow/.local/lib/python3.12/site-packages/airflow/example_dags/example_complex.py for tasks to queue
[2026-06-23T03:05:47.278+0000] {logging_mixin.py:188} INFO - [2026-06-23T03:05:47.278+0000] {dagbag.py:545} INFO - Filling up the DagBag from /home/airflow/.local/lib/python3.12/site-packages/airflow/example_dags/example_complex.py
[2026-06-23T03:05:47.293+0000] {processor.py:840} INFO - DAG(s) 'example_complex' retrieved from /home/airflow/.local/lib/python3.12/site-packages/airflow/example_dags/example_complex.py
[2026-06-23T03:05:47.345+0000] {logging_mixin.py:188} INFO - [2026-06-23T03:05:47.344+0000] {dag.py:3096} INFO - Sync 1 DAGs
[2026-06-23T03:05:47.366+0000] {logging_mixin.py:188} INFO - [2026-06-23T03:05:47.366+0000] {dag.py:3954} INFO - Setting next_dagrun for example_complex to None, run_after=None
[2026-06-23T03:05:47.401+0000] {processor.py:183} INFO - Processing /home/airflow/.local/lib/python3.12/site-packages/airflow/example_dags/example_complex.py took 0.136 seconds
[2026-06-23T03:06:17.812+0000] {processor.py:161} INFO - Started process (PID=1249) to work on /home/airflow/.local/lib/python3.12/site-packages/airflow/example_dags/example_complex.py
[2026-06-23T03:06:17.814+0000] {processor.py:830} INFO - Processing file /home/airflow/.local/lib/python3.12/site-packages/airflow/example_dags/example_complex.py for tasks to queue
[2026-06-23T03:06:17.818+0000] {logging_mixin.py:188} INFO - [2026-06-23T03:06:17.817+0000] {dagbag.py:545} INFO - Filling up the DagBag from /home/airflow/.local/lib/python3.12/site-packages/airflow/example_dags/example_complex.py
[2026-06-23T03:06:17.831+0000] {processor.py:840} INFO - DAG(s) 'example_complex' retrieved from /home/airflow/.local/lib/python3.12/site-packages/airflow/example_dags/example_complex.py
[2026-06-23T03:06:17.872+0000] {logging_mixin.py:188} INFO - [2026-06-23T03:06:17.871+0000] {dag.py:3096} INFO - Sync 1 DAGs
[2026-06-23T03:06:17.889+0000] {logging_mixin.py:188} INFO - [2026-06-23T03:06:17.889+0000] {dag.py:3954} INFO - Setting next_dagrun for example_complex to None, run_after=None
[2026-06-23T03:06:17.916+0000] {processor.py:183} INFO - Processing /home/airflow/.local/lib/python3.12/site-packages/airflow/example_dags/example_complex.py took 0.111 seconds
[2026-06-23T03:06:48.189+0000] {processor.py:161} INFO - Started process (PID=1516) to work on /home/airflow/.local/lib/python3.12/site-packages/airflow/example_dags/example_complex.py
[2026-06-23T03:06:48.190+0000] {processor.py:830} INFO - Processing file /home/airflow/.local/lib/python3.12/site-packages/airflow/example_dags/example_complex.py for tasks to queue
[2026-06-23T03:06:48.193+0000] {logging_mixin.py:188} INFO - [2026-06-23T03:06:48.193+0000] {dagbag.py:545} INFO - Filling up the DagBag from /home/airflow/.local/lib/python3.12/site-packages/airflow/example_dags/example_complex.py
[2026-06-23T03:06:48.205+0000] {processor.py:840} INFO - DAG(s) 'example_complex' retrieved from /home/airflow/.local/lib/python3.12/site-packages/airflow/example_dags/example_complex.py
[2026-06-23T03:06:48.245+0000] {logging_mixin.py:188} INFO - [2026-06-23T03:06:48.245+0000] {dag.py:3096} INFO - Sync 1 DAGs
[2026-06-23T03:06:48.260+0000] {logging_mixin.py:188} INFO - [2026-06-23T03:06:48.260+0000] {dag.py:3954} INFO - Setting next_dagrun for example_complex to None, run_after=None
[2026-06-23T03:06:48.289+0000] {processor.py:183} INFO - Processing /home/airflow/.local/lib/python3.12/site-packages/airflow/example_dags/example_complex.py took 0.106 seconds
[2026-06-23T03:07:18.612+0000] {processor.py:161} INFO - Started process (PID=1781) to work on /home/airflow/.local/lib/python3.12/site-packages/airflow/example_dags/example_complex.py
[2026-06-23T03:07:18.614+0000] {processor.py:830} INFO - Processing file /home/airflow/.local/lib/python3.12/site-packages/airflow/example_dags/example_complex.py for tasks to queue
[2026-06-23T03:07:18.617+0000] {logging_mixin.py:188} INFO - [2026-06-23T03:07:18.617+0000] {dagbag.py:545} INFO - Filling up the DagBag from /home/airflow/.local/lib/python3.12/site-packages/airflow/example_dags/example_complex.py
[2026-06-23T03:07:18.629+0000] {processor.py:840} INFO - DAG(s) 'example_complex' retrieved from /home/airflow/.local/lib/python3.12/site-packages/airflow/example_dags/example_complex.py
[2026-06-23T03:07:18.671+0000] {logging_mixin.py:188} INFO - [2026-06-23T03:07:18.671+0000] {dag.py:3096} INFO - Sync 1 DAGs
[2026-06-23T03:07:18.688+0000] {logging_mixin.py:188} INFO - [2026-06-23T03:07:18.688+0000] {dag.py:3954} INFO - Setting next_dagrun for example_complex to None, run_after=None
[2026-06-23T03:07:18.721+0000] {processor.py:183} INFO - Processing /home/airflow/.local/lib/python3.12/site-packages/airflow/example_dags/example_complex.py took 0.117 seconds
[2026-06-23T03:07:49.308+0000] {processor.py:161} INFO - Started process (PID=2048) to work on /home/airflow/.local/lib/python3.12/site-packages/airflow/example_dags/example_complex.py
[2026-06-23T03:07:49.309+0000] {processor.py:830} INFO - Processing file /home/airflow/.local/lib/python3.12/site-packages/airflow/example_dags/example_complex.py for tasks to queue
[2026-06-23T03:07:49.312+0000] {logging_mixin.py:188} INFO - [2026-06-23T03:07:49.311+0000] {dagbag.py:545} INFO - Filling up the DagBag from /home/airflow/.local/lib/python3.12/site-packages/airflow/example_dags/example_complex.py
[2026-06-23T03:07:49.323+0000] {processor.py:840} INFO - DAG(s) 'example_complex' retrieved from /home/airflow/.local/lib/python3.12/site-packages/airflow/example_dags/example_complex.py
[2026-06-23T03:07:49.363+0000] {logging_mixin.py:188} INFO - [2026-06-23T03:07:49.362+0000] {dag.py:3096} INFO - Sync 1 DAGs
[2026-06-23T03:07:49.377+0000] {logging_mixin.py:188} INFO - [2026-06-23T03:07:49.377+0000] {dag.py:3954} INFO - Setting next_dagrun for example_complex to None, run_after=None
[2026-06-23T03:07:49.406+0000] {processor.py:183} INFO - Processing /home/airflow/.local/lib/python3.12/site-packages/airflow/example_dags/example_complex.py took 0.105 seconds
