[2026-06-23T02:46:57.079+0000] {processor.py:161} INFO - Started process (PID=82) to work on /home/airflow/.local/lib/python3.12/site-packages/airflow/example_dags/example_branch_labels.py
[2026-06-23T02:46:57.081+0000] {processor.py:830} INFO - Processing file /home/airflow/.local/lib/python3.12/site-packages/airflow/example_dags/example_branch_labels.py for tasks to queue
[2026-06-23T02:46:57.084+0000] {logging_mixin.py:188} INFO - [2026-06-23T02:46:57.083+0000] {dagbag.py:545} INFO - Filling up the DagBag from /home/airflow/.local/lib/python3.12/site-packages/airflow/example_dags/example_branch_labels.py
[2026-06-23T02:46:57.100+0000] {processor.py:840} INFO - DAG(s) 'example_branch_labels' retrieved from /home/airflow/.local/lib/python3.12/site-packages/airflow/example_dags/example_branch_labels.py
[2026-06-23T02:46:57.272+0000] {logging_mixin.py:188} INFO - [2026-06-23T02:46:57.272+0000] {dag.py:3096} INFO - Sync 1 DAGs
[2026-06-23T02:46:57.302+0000] {logging_mixin.py:188} INFO - [2026-06-23T02:46:57.302+0000] {dag.py:3954} INFO - Setting next_dagrun for example_branch_labels to 2026-06-22 00:00:00+00:00, run_after=2026-06-23 00:00:00+00:00
[2026-06-23T02:46:57.341+0000] {processor.py:183} INFO - Processing /home/airflow/.local/lib/python3.12/site-packages/airflow/example_dags/example_branch_labels.py took 0.270 seconds
[2026-06-23T02:47:27.496+0000] {processor.py:161} INFO - Started process (PID=141) to work on /home/airflow/.local/lib/python3.12/site-packages/airflow/example_dags/example_branch_labels.py
[2026-06-23T02:47:27.498+0000] {processor.py:830} INFO - Processing file /home/airflow/.local/lib/python3.12/site-packages/airflow/example_dags/example_branch_labels.py for tasks to queue
[2026-06-23T02:47:27.502+0000] {logging_mixin.py:188} INFO - [2026-06-23T02:47:27.501+0000] {dagbag.py:545} INFO - Filling up the DagBag from /home/airflow/.local/lib/python3.12/site-packages/airflow/example_dags/example_branch_labels.py
[2026-06-23T02:47:27.513+0000] {processor.py:840} INFO - DAG(s) 'example_branch_labels' retrieved from /home/airflow/.local/lib/python3.12/site-packages/airflow/example_dags/example_branch_labels.py
[2026-06-23T02:47:27.553+0000] {logging_mixin.py:188} INFO - [2026-06-23T02:47:27.553+0000] {dag.py:3096} INFO - Sync 1 DAGs
[2026-06-23T02:47:27.589+0000] {logging_mixin.py:188} INFO - [2026-06-23T02:47:27.589+0000] {dag.py:3954} INFO - Setting next_dagrun for example_branch_labels to 2026-06-22 00:00:00+00:00, run_after=2026-06-23 00:00:00+00:00
[2026-06-23T02:47:27.623+0000] {processor.py:183} INFO - Processing /home/airflow/.local/lib/python3.12/site-packages/airflow/example_dags/example_branch_labels.py took 0.135 seconds
[2026-06-23T02:47:58.120+0000] {processor.py:161} INFO - Started process (PID=200) to work on /home/airflow/.local/lib/python3.12/site-packages/airflow/example_dags/example_branch_labels.py
[2026-06-23T02:47:58.122+0000] {processor.py:830} INFO - Processing file /home/airflow/.local/lib/python3.12/site-packages/airflow/example_dags/example_branch_labels.py for tasks to queue
[2026-06-23T02:47:58.125+0000] {logging_mixin.py:188} INFO - [2026-06-23T02:47:58.124+0000] {dagbag.py:545} INFO - Filling up the DagBag from /home/airflow/.local/lib/python3.12/site-packages/airflow/example_dags/example_branch_labels.py
[2026-06-23T02:47:58.139+0000] {processor.py:840} INFO - DAG(s) 'example_branch_labels' retrieved from /home/airflow/.local/lib/python3.12/site-packages/airflow/example_dags/example_branch_labels.py
[2026-06-23T02:47:58.178+0000] {logging_mixin.py:188} INFO - [2026-06-23T02:47:58.177+0000] {dag.py:3096} INFO - Sync 1 DAGs
[2026-06-23T02:47:58.211+0000] {logging_mixin.py:188} INFO - [2026-06-23T02:47:58.210+0000] {dag.py:3954} INFO - Setting next_dagrun for example_branch_labels to 2026-06-22 00:00:00+00:00, run_after=2026-06-23 00:00:00+00:00
[2026-06-23T02:47:58.245+0000] {processor.py:183} INFO - Processing /home/airflow/.local/lib/python3.12/site-packages/airflow/example_dags/example_branch_labels.py took 0.133 seconds
[2026-06-23T02:48:28.793+0000] {processor.py:161} INFO - Started process (PID=259) to work on /home/airflow/.local/lib/python3.12/site-packages/airflow/example_dags/example_branch_labels.py
[2026-06-23T02:48:28.795+0000] {processor.py:830} INFO - Processing file /home/airflow/.local/lib/python3.12/site-packages/airflow/example_dags/example_branch_labels.py for tasks to queue
[2026-06-23T02:48:28.800+0000] {logging_mixin.py:188} INFO - [2026-06-23T02:48:28.799+0000] {dagbag.py:545} INFO - Filling up the DagBag from /home/airflow/.local/lib/python3.12/site-packages/airflow/example_dags/example_branch_labels.py
[2026-06-23T02:48:28.814+0000] {processor.py:840} INFO - DAG(s) 'example_branch_labels' retrieved from /home/airflow/.local/lib/python3.12/site-packages/airflow/example_dags/example_branch_labels.py
[2026-06-23T02:48:28.868+0000] {logging_mixin.py:188} INFO - [2026-06-23T02:48:28.867+0000] {dag.py:3096} INFO - Sync 1 DAGs
[2026-06-23T02:48:28.913+0000] {logging_mixin.py:188} INFO - [2026-06-23T02:48:28.912+0000] {dag.py:3954} INFO - Setting next_dagrun for example_branch_labels to 2026-06-22 00:00:00+00:00, run_after=2026-06-23 00:00:00+00:00
[2026-06-23T02:48:28.951+0000] {processor.py:183} INFO - Processing /home/airflow/.local/lib/python3.12/site-packages/airflow/example_dags/example_branch_labels.py took 0.168 seconds
[2026-06-23T02:48:59.636+0000] {processor.py:161} INFO - Started process (PID=319) to work on /home/airflow/.local/lib/python3.12/site-packages/airflow/example_dags/example_branch_labels.py
[2026-06-23T02:48:59.638+0000] {processor.py:830} INFO - Processing file /home/airflow/.local/lib/python3.12/site-packages/airflow/example_dags/example_branch_labels.py for tasks to queue
[2026-06-23T02:48:59.642+0000] {logging_mixin.py:188} INFO - [2026-06-23T02:48:59.641+0000] {dagbag.py:545} INFO - Filling up the DagBag from /home/airflow/.local/lib/python3.12/site-packages/airflow/example_dags/example_branch_labels.py
[2026-06-23T02:48:59.655+0000] {processor.py:840} INFO - DAG(s) 'example_branch_labels' retrieved from /home/airflow/.local/lib/python3.12/site-packages/airflow/example_dags/example_branch_labels.py
[2026-06-23T02:48:59.695+0000] {logging_mixin.py:188} INFO - [2026-06-23T02:48:59.694+0000] {dag.py:3096} INFO - Sync 1 DAGs
[2026-06-23T02:48:59.735+0000] {logging_mixin.py:188} INFO - [2026-06-23T02:48:59.735+0000] {dag.py:3954} INFO - Setting next_dagrun for example_branch_labels to 2026-06-22 00:00:00+00:00, run_after=2026-06-23 00:00:00+00:00
[2026-06-23T02:48:59.773+0000] {processor.py:183} INFO - Processing /home/airflow/.local/lib/python3.12/site-packages/airflow/example_dags/example_branch_labels.py took 0.149 seconds
[2026-06-23T02:49:30.145+0000] {processor.py:161} INFO - Started process (PID=378) to work on /home/airflow/.local/lib/python3.12/site-packages/airflow/example_dags/example_branch_labels.py
[2026-06-23T02:49:30.147+0000] {processor.py:830} INFO - Processing file /home/airflow/.local/lib/python3.12/site-packages/airflow/example_dags/example_branch_labels.py for tasks to queue
[2026-06-23T02:49:30.151+0000] {logging_mixin.py:188} INFO - [2026-06-23T02:49:30.150+0000] {dagbag.py:545} INFO - Filling up the DagBag from /home/airflow/.local/lib/python3.12/site-packages/airflow/example_dags/example_branch_labels.py
[2026-06-23T02:49:30.164+0000] {processor.py:840} INFO - DAG(s) 'example_branch_labels' retrieved from /home/airflow/.local/lib/python3.12/site-packages/airflow/example_dags/example_branch_labels.py
[2026-06-23T02:49:30.203+0000] {logging_mixin.py:188} INFO - [2026-06-23T02:49:30.203+0000] {dag.py:3096} INFO - Sync 1 DAGs
[2026-06-23T02:49:30.246+0000] {logging_mixin.py:188} INFO - [2026-06-23T02:49:30.246+0000] {dag.py:3954} INFO - Setting next_dagrun for example_branch_labels to 2026-06-22 00:00:00+00:00, run_after=2026-06-23 00:00:00+00:00
[2026-06-23T02:49:30.286+0000] {processor.py:183} INFO - Processing /home/airflow/.local/lib/python3.12/site-packages/airflow/example_dags/example_branch_labels.py took 0.151 seconds
[2026-06-23T02:50:01.347+0000] {processor.py:161} INFO - Started process (PID=439) to work on /home/airflow/.local/lib/python3.12/site-packages/airflow/example_dags/example_branch_labels.py
[2026-06-23T02:50:01.349+0000] {processor.py:830} INFO - Processing file /home/airflow/.local/lib/python3.12/site-packages/airflow/example_dags/example_branch_labels.py for tasks to queue
[2026-06-23T02:50:01.353+0000] {logging_mixin.py:188} INFO - [2026-06-23T02:50:01.352+0000] {dagbag.py:545} INFO - Filling up the DagBag from /home/airflow/.local/lib/python3.12/site-packages/airflow/example_dags/example_branch_labels.py
[2026-06-23T02:50:01.367+0000] {processor.py:840} INFO - DAG(s) 'example_branch_labels' retrieved from /home/airflow/.local/lib/python3.12/site-packages/airflow/example_dags/example_branch_labels.py
[2026-06-23T02:50:01.407+0000] {logging_mixin.py:188} INFO - [2026-06-23T02:50:01.406+0000] {dag.py:3096} INFO - Sync 1 DAGs
[2026-06-23T02:50:01.446+0000] {logging_mixin.py:188} INFO - [2026-06-23T02:50:01.445+0000] {dag.py:3954} INFO - Setting next_dagrun for example_branch_labels to 2026-06-22 00:00:00+00:00, run_after=2026-06-23 00:00:00+00:00
[2026-06-23T02:50:01.483+0000] {processor.py:183} INFO - Processing /home/airflow/.local/lib/python3.12/site-packages/airflow/example_dags/example_branch_labels.py took 0.145 seconds
[2026-06-23T02:50:32.687+0000] {processor.py:161} INFO - Started process (PID=498) to work on /home/airflow/.local/lib/python3.12/site-packages/airflow/example_dags/example_branch_labels.py
[2026-06-23T02:50:32.689+0000] {processor.py:830} INFO - Processing file /home/airflow/.local/lib/python3.12/site-packages/airflow/example_dags/example_branch_labels.py for tasks to queue
[2026-06-23T02:50:32.692+0000] {logging_mixin.py:188} INFO - [2026-06-23T02:50:32.692+0000] {dagbag.py:545} INFO - Filling up the DagBag from /home/airflow/.local/lib/python3.12/site-packages/airflow/example_dags/example_branch_labels.py
[2026-06-23T02:50:32.705+0000] {processor.py:840} INFO - DAG(s) 'example_branch_labels' retrieved from /home/airflow/.local/lib/python3.12/site-packages/airflow/example_dags/example_branch_labels.py
[2026-06-23T02:50:32.742+0000] {logging_mixin.py:188} INFO - [2026-06-23T02:50:32.741+0000] {dag.py:3096} INFO - Sync 1 DAGs
[2026-06-23T02:50:32.783+0000] {logging_mixin.py:188} INFO - [2026-06-23T02:50:32.782+0000] {dag.py:3954} INFO - Setting next_dagrun for example_branch_labels to 2026-06-22 00:00:00+00:00, run_after=2026-06-23 00:00:00+00:00
[2026-06-23T02:50:32.831+0000] {processor.py:183} INFO - Processing /home/airflow/.local/lib/python3.12/site-packages/airflow/example_dags/example_branch_labels.py took 0.153 seconds
[2026-06-23T02:51:03.455+0000] {processor.py:161} INFO - Started process (PID=559) to work on /home/airflow/.local/lib/python3.12/site-packages/airflow/example_dags/example_branch_labels.py
[2026-06-23T02:51:03.457+0000] {processor.py:830} INFO - Processing file /home/airflow/.local/lib/python3.12/site-packages/airflow/example_dags/example_branch_labels.py for tasks to queue
[2026-06-23T02:51:03.462+0000] {logging_mixin.py:188} INFO - [2026-06-23T02:51:03.461+0000] {dagbag.py:545} INFO - Filling up the DagBag from /home/airflow/.local/lib/python3.12/site-packages/airflow/example_dags/example_branch_labels.py
[2026-06-23T02:51:03.475+0000] {processor.py:840} INFO - DAG(s) 'example_branch_labels' retrieved from /home/airflow/.local/lib/python3.12/site-packages/airflow/example_dags/example_branch_labels.py
[2026-06-23T02:51:03.510+0000] {logging_mixin.py:188} INFO - [2026-06-23T02:51:03.510+0000] {dag.py:3096} INFO - Sync 1 DAGs
[2026-06-23T02:51:03.578+0000] {logging_mixin.py:188} INFO - [2026-06-23T02:51:03.578+0000] {dag.py:3954} INFO - Setting next_dagrun for example_branch_labels to 2026-06-22 00:00:00+00:00, run_after=2026-06-23 00:00:00+00:00
[2026-06-23T02:51:03.615+0000] {processor.py:183} INFO - Processing /home/airflow/.local/lib/python3.12/site-packages/airflow/example_dags/example_branch_labels.py took 0.170 seconds
[2026-06-23T02:51:33.749+0000] {processor.py:161} INFO - Started process (PID=619) to work on /home/airflow/.local/lib/python3.12/site-packages/airflow/example_dags/example_branch_labels.py
[2026-06-23T02:51:33.751+0000] {processor.py:830} INFO - Processing file /home/airflow/.local/lib/python3.12/site-packages/airflow/example_dags/example_branch_labels.py for tasks to queue
[2026-06-23T02:51:33.754+0000] {logging_mixin.py:188} INFO - [2026-06-23T02:51:33.754+0000] {dagbag.py:545} INFO - Filling up the DagBag from /home/airflow/.local/lib/python3.12/site-packages/airflow/example_dags/example_branch_labels.py
[2026-06-23T02:51:33.768+0000] {processor.py:840} INFO - DAG(s) 'example_branch_labels' retrieved from /home/airflow/.local/lib/python3.12/site-packages/airflow/example_dags/example_branch_labels.py
[2026-06-23T02:51:33.804+0000] {logging_mixin.py:188} INFO - [2026-06-23T02:51:33.804+0000] {dag.py:3096} INFO - Sync 1 DAGs
[2026-06-23T02:51:33.838+0000] {logging_mixin.py:188} INFO - [2026-06-23T02:51:33.838+0000] {dag.py:3954} INFO - Setting next_dagrun for example_branch_labels to 2026-06-22 00:00:00+00:00, run_after=2026-06-23 00:00:00+00:00
[2026-06-23T02:51:33.872+0000] {processor.py:183} INFO - Processing /home/airflow/.local/lib/python3.12/site-packages/airflow/example_dags/example_branch_labels.py took 0.131 seconds
[2026-06-23T02:52:04.007+0000] {processor.py:161} INFO - Started process (PID=678) to work on /home/airflow/.local/lib/python3.12/site-packages/airflow/example_dags/example_branch_labels.py
[2026-06-23T02:52:04.009+0000] {processor.py:830} INFO - Processing file /home/airflow/.local/lib/python3.12/site-packages/airflow/example_dags/example_branch_labels.py for tasks to queue
[2026-06-23T02:52:04.013+0000] {logging_mixin.py:188} INFO - [2026-06-23T02:52:04.012+0000] {dagbag.py:545} INFO - Filling up the DagBag from /home/airflow/.local/lib/python3.12/site-packages/airflow/example_dags/example_branch_labels.py
[2026-06-23T02:52:04.023+0000] {processor.py:840} INFO - DAG(s) 'example_branch_labels' retrieved from /home/airflow/.local/lib/python3.12/site-packages/airflow/example_dags/example_branch_labels.py
[2026-06-23T02:52:04.054+0000] {logging_mixin.py:188} INFO - [2026-06-23T02:52:04.053+0000] {dag.py:3096} INFO - Sync 1 DAGs
[2026-06-23T02:52:04.082+0000] {logging_mixin.py:188} INFO - [2026-06-23T02:52:04.082+0000] {dag.py:3954} INFO - Setting next_dagrun for example_branch_labels to 2026-06-22 00:00:00+00:00, run_after=2026-06-23 00:00:00+00:00
[2026-06-23T02:52:04.110+0000] {processor.py:183} INFO - Processing /home/airflow/.local/lib/python3.12/site-packages/airflow/example_dags/example_branch_labels.py took 0.110 seconds
[2026-06-23T02:52:34.376+0000] {processor.py:161} INFO - Started process (PID=737) to work on /home/airflow/.local/lib/python3.12/site-packages/airflow/example_dags/example_branch_labels.py
[2026-06-23T02:52:34.378+0000] {processor.py:830} INFO - Processing file /home/airflow/.local/lib/python3.12/site-packages/airflow/example_dags/example_branch_labels.py for tasks to queue
[2026-06-23T02:52:34.381+0000] {logging_mixin.py:188} INFO - [2026-06-23T02:52:34.380+0000] {dagbag.py:545} INFO - Filling up the DagBag from /home/airflow/.local/lib/python3.12/site-packages/airflow/example_dags/example_branch_labels.py
[2026-06-23T02:52:34.391+0000] {processor.py:840} INFO - DAG(s) 'example_branch_labels' retrieved from /home/airflow/.local/lib/python3.12/site-packages/airflow/example_dags/example_branch_labels.py
[2026-06-23T02:52:34.422+0000] {logging_mixin.py:188} INFO - [2026-06-23T02:52:34.422+0000] {dag.py:3096} INFO - Sync 1 DAGs
[2026-06-23T02:52:34.449+0000] {logging_mixin.py:188} INFO - [2026-06-23T02:52:34.449+0000] {dag.py:3954} INFO - Setting next_dagrun for example_branch_labels to 2026-06-22 00:00:00+00:00, run_after=2026-06-23 00:00:00+00:00
[2026-06-23T02:52:34.481+0000] {processor.py:183} INFO - Processing /home/airflow/.local/lib/python3.12/site-packages/airflow/example_dags/example_branch_labels.py took 0.112 seconds
[2026-06-23T02:53:04.544+0000] {processor.py:161} INFO - Started process (PID=795) to work on /home/airflow/.local/lib/python3.12/site-packages/airflow/example_dags/example_branch_labels.py
[2026-06-23T02:53:04.546+0000] {processor.py:830} INFO - Processing file /home/airflow/.local/lib/python3.12/site-packages/airflow/example_dags/example_branch_labels.py for tasks to queue
[2026-06-23T02:53:04.549+0000] {logging_mixin.py:188} INFO - [2026-06-23T02:53:04.548+0000] {dagbag.py:545} INFO - Filling up the DagBag from /home/airflow/.local/lib/python3.12/site-packages/airflow/example_dags/example_branch_labels.py
[2026-06-23T02:53:04.557+0000] {processor.py:840} INFO - DAG(s) 'example_branch_labels' retrieved from /home/airflow/.local/lib/python3.12/site-packages/airflow/example_dags/example_branch_labels.py
[2026-06-23T02:53:04.587+0000] {logging_mixin.py:188} INFO - [2026-06-23T02:53:04.587+0000] {dag.py:3096} INFO - Sync 1 DAGs
[2026-06-23T02:53:04.614+0000] {logging_mixin.py:188} INFO - [2026-06-23T02:53:04.614+0000] {dag.py:3954} INFO - Setting next_dagrun for example_branch_labels to 2026-06-22 00:00:00+00:00, run_after=2026-06-23 00:00:00+00:00
[2026-06-23T02:53:04.643+0000] {processor.py:183} INFO - Processing /home/airflow/.local/lib/python3.12/site-packages/airflow/example_dags/example_branch_labels.py took 0.107 seconds
[2026-06-23T02:53:35.120+0000] {processor.py:161} INFO - Started process (PID=854) to work on /home/airflow/.local/lib/python3.12/site-packages/airflow/example_dags/example_branch_labels.py
[2026-06-23T02:53:35.122+0000] {processor.py:830} INFO - Processing file /home/airflow/.local/lib/python3.12/site-packages/airflow/example_dags/example_branch_labels.py for tasks to queue
[2026-06-23T02:53:35.125+0000] {logging_mixin.py:188} INFO - [2026-06-23T02:53:35.124+0000] {dagbag.py:545} INFO - Filling up the DagBag from /home/airflow/.local/lib/python3.12/site-packages/airflow/example_dags/example_branch_labels.py
[2026-06-23T02:53:35.134+0000] {processor.py:840} INFO - DAG(s) 'example_branch_labels' retrieved from /home/airflow/.local/lib/python3.12/site-packages/airflow/example_dags/example_branch_labels.py
[2026-06-23T02:53:35.166+0000] {logging_mixin.py:188} INFO - [2026-06-23T02:53:35.166+0000] {dag.py:3096} INFO - Sync 1 DAGs
[2026-06-23T02:53:35.197+0000] {logging_mixin.py:188} INFO - [2026-06-23T02:53:35.196+0000] {dag.py:3954} INFO - Setting next_dagrun for example_branch_labels to 2026-06-22 00:00:00+00:00, run_after=2026-06-23 00:00:00+00:00
[2026-06-23T02:53:35.225+0000] {processor.py:183} INFO - Processing /home/airflow/.local/lib/python3.12/site-packages/airflow/example_dags/example_branch_labels.py took 0.113 seconds
[2026-06-23T02:54:05.605+0000] {processor.py:161} INFO - Started process (PID=913) to work on /home/airflow/.local/lib/python3.12/site-packages/airflow/example_dags/example_branch_labels.py
[2026-06-23T02:54:05.607+0000] {processor.py:830} INFO - Processing file /home/airflow/.local/lib/python3.12/site-packages/airflow/example_dags/example_branch_labels.py for tasks to queue
[2026-06-23T02:54:05.611+0000] {logging_mixin.py:188} INFO - [2026-06-23T02:54:05.610+0000] {dagbag.py:545} INFO - Filling up the DagBag from /home/airflow/.local/lib/python3.12/site-packages/airflow/example_dags/example_branch_labels.py
[2026-06-23T02:54:05.620+0000] {processor.py:840} INFO - DAG(s) 'example_branch_labels' retrieved from /home/airflow/.local/lib/python3.12/site-packages/airflow/example_dags/example_branch_labels.py
[2026-06-23T02:54:05.647+0000] {logging_mixin.py:188} INFO - [2026-06-23T02:54:05.647+0000] {dag.py:3096} INFO - Sync 1 DAGs
[2026-06-23T02:54:05.674+0000] {logging_mixin.py:188} INFO - [2026-06-23T02:54:05.674+0000] {dag.py:3954} INFO - Setting next_dagrun for example_branch_labels to 2026-06-22 00:00:00+00:00, run_after=2026-06-23 00:00:00+00:00
[2026-06-23T02:54:05.703+0000] {processor.py:183} INFO - Processing /home/airflow/.local/lib/python3.12/site-packages/airflow/example_dags/example_branch_labels.py took 0.105 seconds
[2026-06-23T02:54:36.080+0000] {processor.py:161} INFO - Started process (PID=973) to work on /home/airflow/.local/lib/python3.12/site-packages/airflow/example_dags/example_branch_labels.py
[2026-06-23T02:54:36.081+0000] {processor.py:830} INFO - Processing file /home/airflow/.local/lib/python3.12/site-packages/airflow/example_dags/example_branch_labels.py for tasks to queue
[2026-06-23T02:54:36.085+0000] {logging_mixin.py:188} INFO - [2026-06-23T02:54:36.084+0000] {dagbag.py:545} INFO - Filling up the DagBag from /home/airflow/.local/lib/python3.12/site-packages/airflow/example_dags/example_branch_labels.py
[2026-06-23T02:54:36.096+0000] {processor.py:840} INFO - DAG(s) 'example_branch_labels' retrieved from /home/airflow/.local/lib/python3.12/site-packages/airflow/example_dags/example_branch_labels.py
[2026-06-23T02:54:36.126+0000] {logging_mixin.py:188} INFO - [2026-06-23T02:54:36.126+0000] {dag.py:3096} INFO - Sync 1 DAGs
[2026-06-23T02:54:36.161+0000] {logging_mixin.py:188} INFO - [2026-06-23T02:54:36.161+0000] {dag.py:3954} INFO - Setting next_dagrun for example_branch_labels to 2026-06-22 00:00:00+00:00, run_after=2026-06-23 00:00:00+00:00
[2026-06-23T02:54:36.189+0000] {processor.py:183} INFO - Processing /home/airflow/.local/lib/python3.12/site-packages/airflow/example_dags/example_branch_labels.py took 0.117 seconds
[2026-06-23T02:55:06.527+0000] {processor.py:161} INFO - Started process (PID=1032) to work on /home/airflow/.local/lib/python3.12/site-packages/airflow/example_dags/example_branch_labels.py
[2026-06-23T02:55:06.529+0000] {processor.py:830} INFO - Processing file /home/airflow/.local/lib/python3.12/site-packages/airflow/example_dags/example_branch_labels.py for tasks to queue
[2026-06-23T02:55:06.532+0000] {logging_mixin.py:188} INFO - [2026-06-23T02:55:06.532+0000] {dagbag.py:545} INFO - Filling up the DagBag from /home/airflow/.local/lib/python3.12/site-packages/airflow/example_dags/example_branch_labels.py
[2026-06-23T02:55:06.542+0000] {processor.py:840} INFO - DAG(s) 'example_branch_labels' retrieved from /home/airflow/.local/lib/python3.12/site-packages/airflow/example_dags/example_branch_labels.py
[2026-06-23T02:55:06.573+0000] {logging_mixin.py:188} INFO - [2026-06-23T02:55:06.573+0000] {dag.py:3096} INFO - Sync 1 DAGs
[2026-06-23T02:55:06.604+0000] {logging_mixin.py:188} INFO - [2026-06-23T02:55:06.604+0000] {dag.py:3954} INFO - Setting next_dagrun for example_branch_labels to 2026-06-22 00:00:00+00:00, run_after=2026-06-23 00:00:00+00:00
[2026-06-23T02:55:06.637+0000] {processor.py:183} INFO - Processing /home/airflow/.local/lib/python3.12/site-packages/airflow/example_dags/example_branch_labels.py took 0.117 seconds
[2026-06-23T02:55:36.782+0000] {processor.py:161} INFO - Started process (PID=1092) to work on /home/airflow/.local/lib/python3.12/site-packages/airflow/example_dags/example_branch_labels.py
[2026-06-23T02:55:36.784+0000] {processor.py:830} INFO - Processing file /home/airflow/.local/lib/python3.12/site-packages/airflow/example_dags/example_branch_labels.py for tasks to queue
[2026-06-23T02:55:36.786+0000] {logging_mixin.py:188} INFO - [2026-06-23T02:55:36.786+0000] {dagbag.py:545} INFO - Filling up the DagBag from /home/airflow/.local/lib/python3.12/site-packages/airflow/example_dags/example_branch_labels.py
[2026-06-23T02:55:36.797+0000] {processor.py:840} INFO - DAG(s) 'example_branch_labels' retrieved from /home/airflow/.local/lib/python3.12/site-packages/airflow/example_dags/example_branch_labels.py
[2026-06-23T02:55:36.832+0000] {logging_mixin.py:188} INFO - [2026-06-23T02:55:36.832+0000] {dag.py:3096} INFO - Sync 1 DAGs
[2026-06-23T02:55:36.862+0000] {logging_mixin.py:188} INFO - [2026-06-23T02:55:36.862+0000] {dag.py:3954} INFO - Setting next_dagrun for example_branch_labels to 2026-06-22 00:00:00+00:00, run_after=2026-06-23 00:00:00+00:00
[2026-06-23T02:55:36.892+0000] {processor.py:183} INFO - Processing /home/airflow/.local/lib/python3.12/site-packages/airflow/example_dags/example_branch_labels.py took 0.118 seconds
[2026-06-23T02:56:06.982+0000] {processor.py:161} INFO - Started process (PID=1150) to work on /home/airflow/.local/lib/python3.12/site-packages/airflow/example_dags/example_branch_labels.py
[2026-06-23T02:56:06.983+0000] {processor.py:830} INFO - Processing file /home/airflow/.local/lib/python3.12/site-packages/airflow/example_dags/example_branch_labels.py for tasks to queue
[2026-06-23T02:56:06.987+0000] {logging_mixin.py:188} INFO - [2026-06-23T02:56:06.986+0000] {dagbag.py:545} INFO - Filling up the DagBag from /home/airflow/.local/lib/python3.12/site-packages/airflow/example_dags/example_branch_labels.py
[2026-06-23T02:56:06.997+0000] {processor.py:840} INFO - DAG(s) 'example_branch_labels' retrieved from /home/airflow/.local/lib/python3.12/site-packages/airflow/example_dags/example_branch_labels.py
[2026-06-23T02:56:07.026+0000] {logging_mixin.py:188} INFO - [2026-06-23T02:56:07.025+0000] {dag.py:3096} INFO - Sync 1 DAGs
[2026-06-23T02:56:07.052+0000] {logging_mixin.py:188} INFO - [2026-06-23T02:56:07.052+0000] {dag.py:3954} INFO - Setting next_dagrun for example_branch_labels to 2026-06-22 00:00:00+00:00, run_after=2026-06-23 00:00:00+00:00
[2026-06-23T02:56:07.085+0000] {processor.py:183} INFO - Processing /home/airflow/.local/lib/python3.12/site-packages/airflow/example_dags/example_branch_labels.py took 0.110 seconds
[2026-06-23T02:56:37.346+0000] {processor.py:161} INFO - Started process (PID=1210) to work on /home/airflow/.local/lib/python3.12/site-packages/airflow/example_dags/example_branch_labels.py
[2026-06-23T02:56:37.348+0000] {processor.py:830} INFO - Processing file /home/airflow/.local/lib/python3.12/site-packages/airflow/example_dags/example_branch_labels.py for tasks to queue
[2026-06-23T02:56:37.351+0000] {logging_mixin.py:188} INFO - [2026-06-23T02:56:37.351+0000] {dagbag.py:545} INFO - Filling up the DagBag from /home/airflow/.local/lib/python3.12/site-packages/airflow/example_dags/example_branch_labels.py
[2026-06-23T02:56:37.361+0000] {processor.py:840} INFO - DAG(s) 'example_branch_labels' retrieved from /home/airflow/.local/lib/python3.12/site-packages/airflow/example_dags/example_branch_labels.py
[2026-06-23T02:56:37.390+0000] {logging_mixin.py:188} INFO - [2026-06-23T02:56:37.390+0000] {dag.py:3096} INFO - Sync 1 DAGs
[2026-06-23T02:56:37.423+0000] {logging_mixin.py:188} INFO - [2026-06-23T02:56:37.423+0000] {dag.py:3954} INFO - Setting next_dagrun for example_branch_labels to 2026-06-22 00:00:00+00:00, run_after=2026-06-23 00:00:00+00:00
[2026-06-23T02:56:37.450+0000] {processor.py:183} INFO - Processing /home/airflow/.local/lib/python3.12/site-packages/airflow/example_dags/example_branch_labels.py took 0.111 seconds
[2026-06-23T02:57:07.686+0000] {processor.py:161} INFO - Started process (PID=1269) to work on /home/airflow/.local/lib/python3.12/site-packages/airflow/example_dags/example_branch_labels.py
[2026-06-23T02:57:07.688+0000] {processor.py:830} INFO - Processing file /home/airflow/.local/lib/python3.12/site-packages/airflow/example_dags/example_branch_labels.py for tasks to queue
[2026-06-23T02:57:07.691+0000] {logging_mixin.py:188} INFO - [2026-06-23T02:57:07.690+0000] {dagbag.py:545} INFO - Filling up the DagBag from /home/airflow/.local/lib/python3.12/site-packages/airflow/example_dags/example_branch_labels.py
[2026-06-23T02:57:07.701+0000] {processor.py:840} INFO - DAG(s) 'example_branch_labels' retrieved from /home/airflow/.local/lib/python3.12/site-packages/airflow/example_dags/example_branch_labels.py
[2026-06-23T02:57:07.735+0000] {logging_mixin.py:188} INFO - [2026-06-23T02:57:07.735+0000] {dag.py:3096} INFO - Sync 1 DAGs
[2026-06-23T02:57:07.766+0000] {logging_mixin.py:188} INFO - [2026-06-23T02:57:07.765+0000] {dag.py:3954} INFO - Setting next_dagrun for example_branch_labels to 2026-06-22 00:00:00+00:00, run_after=2026-06-23 00:00:00+00:00
[2026-06-23T02:57:07.796+0000] {processor.py:183} INFO - Processing /home/airflow/.local/lib/python3.12/site-packages/airflow/example_dags/example_branch_labels.py took 0.118 seconds
[2026-06-23T02:57:38.087+0000] {processor.py:161} INFO - Started process (PID=1328) to work on /home/airflow/.local/lib/python3.12/site-packages/airflow/example_dags/example_branch_labels.py
[2026-06-23T02:57:38.090+0000] {processor.py:830} INFO - Processing file /home/airflow/.local/lib/python3.12/site-packages/airflow/example_dags/example_branch_labels.py for tasks to queue
[2026-06-23T02:57:38.095+0000] {logging_mixin.py:188} INFO - [2026-06-23T02:57:38.094+0000] {dagbag.py:545} INFO - Filling up the DagBag from /home/airflow/.local/lib/python3.12/site-packages/airflow/example_dags/example_branch_labels.py
[2026-06-23T02:57:38.127+0000] {processor.py:840} INFO - DAG(s) 'example_branch_labels' retrieved from /home/airflow/.local/lib/python3.12/site-packages/airflow/example_dags/example_branch_labels.py
[2026-06-23T02:57:38.193+0000] {logging_mixin.py:188} INFO - [2026-06-23T02:57:38.193+0000] {dag.py:3096} INFO - Sync 1 DAGs
[2026-06-23T02:57:38.263+0000] {logging_mixin.py:188} INFO - [2026-06-23T02:57:38.262+0000] {dag.py:3954} INFO - Setting next_dagrun for example_branch_labels to 2026-06-22 00:00:00+00:00, run_after=2026-06-23 00:00:00+00:00
[2026-06-23T02:57:38.325+0000] {processor.py:183} INFO - Processing /home/airflow/.local/lib/python3.12/site-packages/airflow/example_dags/example_branch_labels.py took 0.256 seconds
[2026-06-23T02:58:52.578+0000] {processor.py:161} INFO - Started process (PID=1388) to work on /home/airflow/.local/lib/python3.12/site-packages/airflow/example_dags/example_branch_labels.py
[2026-06-23T02:58:52.580+0000] {processor.py:830} INFO - Processing file /home/airflow/.local/lib/python3.12/site-packages/airflow/example_dags/example_branch_labels.py for tasks to queue
[2026-06-23T02:58:52.583+0000] {logging_mixin.py:188} INFO - [2026-06-23T02:58:52.582+0000] {dagbag.py:545} INFO - Filling up the DagBag from /home/airflow/.local/lib/python3.12/site-packages/airflow/example_dags/example_branch_labels.py
[2026-06-23T02:58:52.591+0000] {processor.py:840} INFO - DAG(s) 'example_branch_labels' retrieved from /home/airflow/.local/lib/python3.12/site-packages/airflow/example_dags/example_branch_labels.py
[2026-06-23T02:58:52.626+0000] {logging_mixin.py:188} INFO - [2026-06-23T02:58:52.625+0000] {dag.py:3096} INFO - Sync 1 DAGs
[2026-06-23T02:58:52.657+0000] {logging_mixin.py:188} INFO - [2026-06-23T02:58:52.657+0000] {dag.py:3954} INFO - Setting next_dagrun for example_branch_labels to 2026-06-22 00:00:00+00:00, run_after=2026-06-23 00:00:00+00:00
[2026-06-23T02:58:52.688+0000] {processor.py:183} INFO - Processing /home/airflow/.local/lib/python3.12/site-packages/airflow/example_dags/example_branch_labels.py took 0.118 seconds
[2026-06-23T02:59:23.303+0000] {processor.py:161} INFO - Started process (PID=1447) to work on /home/airflow/.local/lib/python3.12/site-packages/airflow/example_dags/example_branch_labels.py
[2026-06-23T02:59:23.304+0000] {processor.py:830} INFO - Processing file /home/airflow/.local/lib/python3.12/site-packages/airflow/example_dags/example_branch_labels.py for tasks to queue
[2026-06-23T02:59:23.308+0000] {logging_mixin.py:188} INFO - [2026-06-23T02:59:23.307+0000] {dagbag.py:545} INFO - Filling up the DagBag from /home/airflow/.local/lib/python3.12/site-packages/airflow/example_dags/example_branch_labels.py
[2026-06-23T02:59:23.317+0000] {processor.py:840} INFO - DAG(s) 'example_branch_labels' retrieved from /home/airflow/.local/lib/python3.12/site-packages/airflow/example_dags/example_branch_labels.py
[2026-06-23T02:59:23.345+0000] {logging_mixin.py:188} INFO - [2026-06-23T02:59:23.344+0000] {dag.py:3096} INFO - Sync 1 DAGs
[2026-06-23T02:59:23.373+0000] {logging_mixin.py:188} INFO - [2026-06-23T02:59:23.373+0000] {dag.py:3954} INFO - Setting next_dagrun for example_branch_labels to 2026-06-22 00:00:00+00:00, run_after=2026-06-23 00:00:00+00:00
[2026-06-23T02:59:23.403+0000] {processor.py:183} INFO - Processing /home/airflow/.local/lib/python3.12/site-packages/airflow/example_dags/example_branch_labels.py took 0.107 seconds
[2026-06-23T02:59:54.413+0000] {processor.py:161} INFO - Started process (PID=1506) to work on /home/airflow/.local/lib/python3.12/site-packages/airflow/example_dags/example_branch_labels.py
[2026-06-23T02:59:54.415+0000] {processor.py:830} INFO - Processing file /home/airflow/.local/lib/python3.12/site-packages/airflow/example_dags/example_branch_labels.py for tasks to queue
[2026-06-23T02:59:54.418+0000] {logging_mixin.py:188} INFO - [2026-06-23T02:59:54.418+0000] {dagbag.py:545} INFO - Filling up the DagBag from /home/airflow/.local/lib/python3.12/site-packages/airflow/example_dags/example_branch_labels.py
[2026-06-23T02:59:54.428+0000] {processor.py:840} INFO - DAG(s) 'example_branch_labels' retrieved from /home/airflow/.local/lib/python3.12/site-packages/airflow/example_dags/example_branch_labels.py
[2026-06-23T02:59:54.459+0000] {logging_mixin.py:188} INFO - [2026-06-23T02:59:54.458+0000] {dag.py:3096} INFO - Sync 1 DAGs
[2026-06-23T02:59:54.642+0000] {logging_mixin.py:188} INFO - [2026-06-23T02:59:54.642+0000] {dag.py:3954} INFO - Setting next_dagrun for example_branch_labels to 2026-06-22 00:00:00+00:00, run_after=2026-06-23 00:00:00+00:00
[2026-06-23T02:59:54.670+0000] {processor.py:183} INFO - Processing /home/airflow/.local/lib/python3.12/site-packages/airflow/example_dags/example_branch_labels.py took 0.264 seconds
[2026-06-23T03:00:24.907+0000] {processor.py:161} INFO - Started process (PID=1565) to work on /home/airflow/.local/lib/python3.12/site-packages/airflow/example_dags/example_branch_labels.py
[2026-06-23T03:00:24.909+0000] {processor.py:830} INFO - Processing file /home/airflow/.local/lib/python3.12/site-packages/airflow/example_dags/example_branch_labels.py for tasks to queue
[2026-06-23T03:00:24.912+0000] {logging_mixin.py:188} INFO - [2026-06-23T03:00:24.911+0000] {dagbag.py:545} INFO - Filling up the DagBag from /home/airflow/.local/lib/python3.12/site-packages/airflow/example_dags/example_branch_labels.py
[2026-06-23T03:00:24.922+0000] {processor.py:840} INFO - DAG(s) 'example_branch_labels' retrieved from /home/airflow/.local/lib/python3.12/site-packages/airflow/example_dags/example_branch_labels.py
[2026-06-23T03:00:24.953+0000] {logging_mixin.py:188} INFO - [2026-06-23T03:00:24.952+0000] {dag.py:3096} INFO - Sync 1 DAGs
[2026-06-23T03:00:24.985+0000] {logging_mixin.py:188} INFO - [2026-06-23T03:00:24.985+0000] {dag.py:3954} INFO - Setting next_dagrun for example_branch_labels to 2026-06-22 00:00:00+00:00, run_after=2026-06-23 00:00:00+00:00
[2026-06-23T03:00:25.015+0000] {processor.py:183} INFO - Processing /home/airflow/.local/lib/python3.12/site-packages/airflow/example_dags/example_branch_labels.py took 0.116 seconds
[2026-06-23T03:00:55.614+0000] {processor.py:161} INFO - Started process (PID=1624) to work on /home/airflow/.local/lib/python3.12/site-packages/airflow/example_dags/example_branch_labels.py
[2026-06-23T03:00:55.616+0000] {processor.py:830} INFO - Processing file /home/airflow/.local/lib/python3.12/site-packages/airflow/example_dags/example_branch_labels.py for tasks to queue
[2026-06-23T03:00:55.618+0000] {logging_mixin.py:188} INFO - [2026-06-23T03:00:55.618+0000] {dagbag.py:545} INFO - Filling up the DagBag from /home/airflow/.local/lib/python3.12/site-packages/airflow/example_dags/example_branch_labels.py
[2026-06-23T03:00:55.628+0000] {processor.py:840} INFO - DAG(s) 'example_branch_labels' retrieved from /home/airflow/.local/lib/python3.12/site-packages/airflow/example_dags/example_branch_labels.py
[2026-06-23T03:00:55.658+0000] {logging_mixin.py:188} INFO - [2026-06-23T03:00:55.658+0000] {dag.py:3096} INFO - Sync 1 DAGs
[2026-06-23T03:00:55.691+0000] {logging_mixin.py:188} INFO - [2026-06-23T03:00:55.690+0000] {dag.py:3954} INFO - Setting next_dagrun for example_branch_labels to 2026-06-22 00:00:00+00:00, run_after=2026-06-23 00:00:00+00:00
[2026-06-23T03:00:55.721+0000] {processor.py:183} INFO - Processing /home/airflow/.local/lib/python3.12/site-packages/airflow/example_dags/example_branch_labels.py took 0.114 seconds
[2026-06-23T03:01:26.357+0000] {processor.py:161} INFO - Started process (PID=1683) to work on /home/airflow/.local/lib/python3.12/site-packages/airflow/example_dags/example_branch_labels.py
[2026-06-23T03:01:26.359+0000] {processor.py:830} INFO - Processing file /home/airflow/.local/lib/python3.12/site-packages/airflow/example_dags/example_branch_labels.py for tasks to queue
[2026-06-23T03:01:26.362+0000] {logging_mixin.py:188} INFO - [2026-06-23T03:01:26.361+0000] {dagbag.py:545} INFO - Filling up the DagBag from /home/airflow/.local/lib/python3.12/site-packages/airflow/example_dags/example_branch_labels.py
[2026-06-23T03:01:26.371+0000] {processor.py:840} INFO - DAG(s) 'example_branch_labels' retrieved from /home/airflow/.local/lib/python3.12/site-packages/airflow/example_dags/example_branch_labels.py
[2026-06-23T03:01:26.410+0000] {logging_mixin.py:188} INFO - [2026-06-23T03:01:26.410+0000] {dag.py:3096} INFO - Sync 1 DAGs
[2026-06-23T03:01:26.457+0000] {logging_mixin.py:188} INFO - [2026-06-23T03:01:26.456+0000] {dag.py:3954} INFO - Setting next_dagrun for example_branch_labels to 2026-06-22 00:00:00+00:00, run_after=2026-06-23 00:00:00+00:00
[2026-06-23T03:01:26.507+0000] {processor.py:183} INFO - Processing /home/airflow/.local/lib/python3.12/site-packages/airflow/example_dags/example_branch_labels.py took 0.158 seconds
[2026-06-23T03:01:57.113+0000] {processor.py:161} INFO - Started process (PID=1742) to work on /home/airflow/.local/lib/python3.12/site-packages/airflow/example_dags/example_branch_labels.py
[2026-06-23T03:01:57.114+0000] {processor.py:830} INFO - Processing file /home/airflow/.local/lib/python3.12/site-packages/airflow/example_dags/example_branch_labels.py for tasks to queue
[2026-06-23T03:01:57.117+0000] {logging_mixin.py:188} INFO - [2026-06-23T03:01:57.117+0000] {dagbag.py:545} INFO - Filling up the DagBag from /home/airflow/.local/lib/python3.12/site-packages/airflow/example_dags/example_branch_labels.py
[2026-06-23T03:01:57.128+0000] {processor.py:840} INFO - DAG(s) 'example_branch_labels' retrieved from /home/airflow/.local/lib/python3.12/site-packages/airflow/example_dags/example_branch_labels.py
[2026-06-23T03:01:57.162+0000] {logging_mixin.py:188} INFO - [2026-06-23T03:01:57.161+0000] {dag.py:3096} INFO - Sync 1 DAGs
[2026-06-23T03:01:57.192+0000] {logging_mixin.py:188} INFO - [2026-06-23T03:01:57.191+0000] {dag.py:3954} INFO - Setting next_dagrun for example_branch_labels to 2026-06-22 00:00:00+00:00, run_after=2026-06-23 00:00:00+00:00
[2026-06-23T03:01:57.222+0000] {processor.py:183} INFO - Processing /home/airflow/.local/lib/python3.12/site-packages/airflow/example_dags/example_branch_labels.py took 0.119 seconds
[2026-06-23T03:02:27.540+0000] {processor.py:161} INFO - Started process (PID=1801) to work on /home/airflow/.local/lib/python3.12/site-packages/airflow/example_dags/example_branch_labels.py
[2026-06-23T03:02:27.541+0000] {processor.py:830} INFO - Processing file /home/airflow/.local/lib/python3.12/site-packages/airflow/example_dags/example_branch_labels.py for tasks to queue
[2026-06-23T03:02:27.544+0000] {logging_mixin.py:188} INFO - [2026-06-23T03:02:27.543+0000] {dagbag.py:545} INFO - Filling up the DagBag from /home/airflow/.local/lib/python3.12/site-packages/airflow/example_dags/example_branch_labels.py
[2026-06-23T03:02:27.553+0000] {processor.py:840} INFO - DAG(s) 'example_branch_labels' retrieved from /home/airflow/.local/lib/python3.12/site-packages/airflow/example_dags/example_branch_labels.py
[2026-06-23T03:02:27.583+0000] {logging_mixin.py:188} INFO - [2026-06-23T03:02:27.582+0000] {dag.py:3096} INFO - Sync 1 DAGs
[2026-06-23T03:02:27.611+0000] {logging_mixin.py:188} INFO - [2026-06-23T03:02:27.611+0000] {dag.py:3954} INFO - Setting next_dagrun for example_branch_labels to 2026-06-22 00:00:00+00:00, run_after=2026-06-23 00:00:00+00:00
[2026-06-23T03:02:27.639+0000] {processor.py:183} INFO - Processing /home/airflow/.local/lib/python3.12/site-packages/airflow/example_dags/example_branch_labels.py took 0.106 seconds
[2026-06-23T03:02:57.951+0000] {processor.py:161} INFO - Started process (PID=1860) to work on /home/airflow/.local/lib/python3.12/site-packages/airflow/example_dags/example_branch_labels.py
[2026-06-23T03:02:57.953+0000] {processor.py:830} INFO - Processing file /home/airflow/.local/lib/python3.12/site-packages/airflow/example_dags/example_branch_labels.py for tasks to queue
[2026-06-23T03:02:57.957+0000] {logging_mixin.py:188} INFO - [2026-06-23T03:02:57.956+0000] {dagbag.py:545} INFO - Filling up the DagBag from /home/airflow/.local/lib/python3.12/site-packages/airflow/example_dags/example_branch_labels.py
[2026-06-23T03:02:57.966+0000] {processor.py:840} INFO - DAG(s) 'example_branch_labels' retrieved from /home/airflow/.local/lib/python3.12/site-packages/airflow/example_dags/example_branch_labels.py
[2026-06-23T03:02:57.998+0000] {logging_mixin.py:188} INFO - [2026-06-23T03:02:57.997+0000] {dag.py:3096} INFO - Sync 1 DAGs
[2026-06-23T03:02:58.026+0000] {logging_mixin.py:188} INFO - [2026-06-23T03:02:58.026+0000] {dag.py:3954} INFO - Setting next_dagrun for example_branch_labels to 2026-06-22 00:00:00+00:00, run_after=2026-06-23 00:00:00+00:00
[2026-06-23T03:02:58.059+0000] {processor.py:183} INFO - Processing /home/airflow/.local/lib/python3.12/site-packages/airflow/example_dags/example_branch_labels.py took 0.117 seconds
[2026-06-23T03:03:28.281+0000] {processor.py:161} INFO - Started process (PID=1919) to work on /home/airflow/.local/lib/python3.12/site-packages/airflow/example_dags/example_branch_labels.py
[2026-06-23T03:03:28.283+0000] {processor.py:830} INFO - Processing file /home/airflow/.local/lib/python3.12/site-packages/airflow/example_dags/example_branch_labels.py for tasks to queue
[2026-06-23T03:03:28.287+0000] {logging_mixin.py:188} INFO - [2026-06-23T03:03:28.286+0000] {dagbag.py:545} INFO - Filling up the DagBag from /home/airflow/.local/lib/python3.12/site-packages/airflow/example_dags/example_branch_labels.py
[2026-06-23T03:03:28.297+0000] {processor.py:840} INFO - DAG(s) 'example_branch_labels' retrieved from /home/airflow/.local/lib/python3.12/site-packages/airflow/example_dags/example_branch_labels.py
[2026-06-23T03:03:28.331+0000] {logging_mixin.py:188} INFO - [2026-06-23T03:03:28.331+0000] {dag.py:3096} INFO - Sync 1 DAGs
[2026-06-23T03:03:28.363+0000] {logging_mixin.py:188} INFO - [2026-06-23T03:03:28.362+0000] {dag.py:3954} INFO - Setting next_dagrun for example_branch_labels to 2026-06-22 00:00:00+00:00, run_after=2026-06-23 00:00:00+00:00
[2026-06-23T03:03:28.392+0000] {processor.py:183} INFO - Processing /home/airflow/.local/lib/python3.12/site-packages/airflow/example_dags/example_branch_labels.py took 0.119 seconds
[2026-06-23T03:04:42.313+0000] {processor.py:161} INFO - Started process (PID=230) to work on /home/airflow/.local/lib/python3.12/site-packages/airflow/example_dags/example_branch_labels.py
[2026-06-23T03:04:42.315+0000] {processor.py:830} INFO - Processing file /home/airflow/.local/lib/python3.12/site-packages/airflow/example_dags/example_branch_labels.py for tasks to queue
[2026-06-23T03:04:42.318+0000] {logging_mixin.py:188} INFO - [2026-06-23T03:04:42.317+0000] {dagbag.py:545} INFO - Filling up the DagBag from /home/airflow/.local/lib/python3.12/site-packages/airflow/example_dags/example_branch_labels.py
[2026-06-23T03:04:42.333+0000] {processor.py:840} INFO - DAG(s) 'example_branch_labels' retrieved from /home/airflow/.local/lib/python3.12/site-packages/airflow/example_dags/example_branch_labels.py
[2026-06-23T03:04:42.352+0000] {logging_mixin.py:188} INFO - [2026-06-23T03:04:42.352+0000] {dag.py:3096} INFO - Sync 1 DAGs
[2026-06-23T03:04:42.387+0000] {logging_mixin.py:188} INFO - [2026-06-23T03:04:42.387+0000] {dag.py:3954} INFO - Setting next_dagrun for example_branch_labels to 2026-06-22 00:00:00+00:00, run_after=2026-06-23 00:00:00+00:00
[2026-06-23T03:04:42.417+0000] {processor.py:183} INFO - Processing /home/airflow/.local/lib/python3.12/site-packages/airflow/example_dags/example_branch_labels.py took 0.111 seconds
[2026-06-23T03:05:13.614+0000] {processor.py:161} INFO - Started process (PID=503) to work on /home/airflow/.local/lib/python3.12/site-packages/airflow/example_dags/example_branch_labels.py
[2026-06-23T03:05:13.616+0000] {processor.py:830} INFO - Processing file /home/airflow/.local/lib/python3.12/site-packages/airflow/example_dags/example_branch_labels.py for tasks to queue
[2026-06-23T03:05:13.620+0000] {logging_mixin.py:188} INFO - [2026-06-23T03:05:13.619+0000] {dagbag.py:545} INFO - Filling up the DagBag from /home/airflow/.local/lib/python3.12/site-packages/airflow/example_dags/example_branch_labels.py
[2026-06-23T03:05:13.629+0000] {processor.py:840} INFO - DAG(s) 'example_branch_labels' retrieved from /home/airflow/.local/lib/python3.12/site-packages/airflow/example_dags/example_branch_labels.py
[2026-06-23T03:05:13.804+0000] {logging_mixin.py:188} INFO - [2026-06-23T03:05:13.803+0000] {dag.py:3096} INFO - Sync 1 DAGs
[2026-06-23T03:05:13.842+0000] {logging_mixin.py:188} INFO - [2026-06-23T03:05:13.842+0000] {dag.py:3954} INFO - Setting next_dagrun for example_branch_labels to 2026-06-22 00:00:00+00:00, run_after=2026-06-23 00:00:00+00:00
[2026-06-23T03:05:13.882+0000] {processor.py:183} INFO - Processing /home/airflow/.local/lib/python3.12/site-packages/airflow/example_dags/example_branch_labels.py took 0.276 seconds
[2026-06-23T03:05:44.145+0000] {processor.py:161} INFO - Started process (PID=887) to work on /home/airflow/.local/lib/python3.12/site-packages/airflow/example_dags/example_branch_labels.py
[2026-06-23T03:05:44.147+0000] {processor.py:830} INFO - Processing file /home/airflow/.local/lib/python3.12/site-packages/airflow/example_dags/example_branch_labels.py for tasks to queue
[2026-06-23T03:05:44.150+0000] {logging_mixin.py:188} INFO - [2026-06-23T03:05:44.149+0000] {dagbag.py:545} INFO - Filling up the DagBag from /home/airflow/.local/lib/python3.12/site-packages/airflow/example_dags/example_branch_labels.py
[2026-06-23T03:05:44.159+0000] {processor.py:840} INFO - DAG(s) 'example_branch_labels' retrieved from /home/airflow/.local/lib/python3.12/site-packages/airflow/example_dags/example_branch_labels.py
[2026-06-23T03:05:44.190+0000] {logging_mixin.py:188} INFO - [2026-06-23T03:05:44.189+0000] {dag.py:3096} INFO - Sync 1 DAGs
[2026-06-23T03:05:44.218+0000] {logging_mixin.py:188} INFO - [2026-06-23T03:05:44.218+0000] {dag.py:3954} INFO - Setting next_dagrun for example_branch_labels to 2026-06-22 00:00:00+00:00, run_after=2026-06-23 00:00:00+00:00
[2026-06-23T03:05:44.245+0000] {processor.py:183} INFO - Processing /home/airflow/.local/lib/python3.12/site-packages/airflow/example_dags/example_branch_labels.py took 0.107 seconds
[2026-06-23T03:06:14.321+0000] {processor.py:161} INFO - Started process (PID=1152) to work on /home/airflow/.local/lib/python3.12/site-packages/airflow/example_dags/example_branch_labels.py
[2026-06-23T03:06:14.323+0000] {processor.py:830} INFO - Processing file /home/airflow/.local/lib/python3.12/site-packages/airflow/example_dags/example_branch_labels.py for tasks to queue
[2026-06-23T03:06:14.326+0000] {logging_mixin.py:188} INFO - [2026-06-23T03:06:14.325+0000] {dagbag.py:545} INFO - Filling up the DagBag from /home/airflow/.local/lib/python3.12/site-packages/airflow/example_dags/example_branch_labels.py
[2026-06-23T03:06:14.336+0000] {processor.py:840} INFO - DAG(s) 'example_branch_labels' retrieved from /home/airflow/.local/lib/python3.12/site-packages/airflow/example_dags/example_branch_labels.py
[2026-06-23T03:06:14.374+0000] {logging_mixin.py:188} INFO - [2026-06-23T03:06:14.373+0000] {dag.py:3096} INFO - Sync 1 DAGs
[2026-06-23T03:06:14.406+0000] {logging_mixin.py:188} INFO - [2026-06-23T03:06:14.406+0000] {dag.py:3954} INFO - Setting next_dagrun for example_branch_labels to 2026-06-22 00:00:00+00:00, run_after=2026-06-23 00:00:00+00:00
[2026-06-23T03:06:14.435+0000] {processor.py:183} INFO - Processing /home/airflow/.local/lib/python3.12/site-packages/airflow/example_dags/example_branch_labels.py took 0.121 seconds
[2026-06-23T03:06:45.300+0000] {processor.py:161} INFO - Started process (PID=1419) to work on /home/airflow/.local/lib/python3.12/site-packages/airflow/example_dags/example_branch_labels.py
[2026-06-23T03:06:45.302+0000] {processor.py:830} INFO - Processing file /home/airflow/.local/lib/python3.12/site-packages/airflow/example_dags/example_branch_labels.py for tasks to queue
[2026-06-23T03:06:45.306+0000] {logging_mixin.py:188} INFO - [2026-06-23T03:06:45.305+0000] {dagbag.py:545} INFO - Filling up the DagBag from /home/airflow/.local/lib/python3.12/site-packages/airflow/example_dags/example_branch_labels.py
[2026-06-23T03:06:45.318+0000] {processor.py:840} INFO - DAG(s) 'example_branch_labels' retrieved from /home/airflow/.local/lib/python3.12/site-packages/airflow/example_dags/example_branch_labels.py
[2026-06-23T03:06:45.351+0000] {logging_mixin.py:188} INFO - [2026-06-23T03:06:45.351+0000] {dag.py:3096} INFO - Sync 1 DAGs
[2026-06-23T03:06:45.386+0000] {logging_mixin.py:188} INFO - [2026-06-23T03:06:45.385+0000] {dag.py:3954} INFO - Setting next_dagrun for example_branch_labels to 2026-06-22 00:00:00+00:00, run_after=2026-06-23 00:00:00+00:00
[2026-06-23T03:06:45.417+0000] {processor.py:183} INFO - Processing /home/airflow/.local/lib/python3.12/site-packages/airflow/example_dags/example_branch_labels.py took 0.127 seconds
[2026-06-23T03:07:16.300+0000] {processor.py:161} INFO - Started process (PID=1688) to work on /home/airflow/.local/lib/python3.12/site-packages/airflow/example_dags/example_branch_labels.py
[2026-06-23T03:07:16.302+0000] {processor.py:830} INFO - Processing file /home/airflow/.local/lib/python3.12/site-packages/airflow/example_dags/example_branch_labels.py for tasks to queue
[2026-06-23T03:07:16.305+0000] {logging_mixin.py:188} INFO - [2026-06-23T03:07:16.304+0000] {dagbag.py:545} INFO - Filling up the DagBag from /home/airflow/.local/lib/python3.12/site-packages/airflow/example_dags/example_branch_labels.py
[2026-06-23T03:07:16.314+0000] {processor.py:840} INFO - DAG(s) 'example_branch_labels' retrieved from /home/airflow/.local/lib/python3.12/site-packages/airflow/example_dags/example_branch_labels.py
[2026-06-23T03:07:16.342+0000] {logging_mixin.py:188} INFO - [2026-06-23T03:07:16.342+0000] {dag.py:3096} INFO - Sync 1 DAGs
[2026-06-23T03:07:16.369+0000] {logging_mixin.py:188} INFO - [2026-06-23T03:07:16.369+0000] {dag.py:3954} INFO - Setting next_dagrun for example_branch_labels to 2026-06-22 00:00:00+00:00, run_after=2026-06-23 00:00:00+00:00
[2026-06-23T03:07:16.397+0000] {processor.py:183} INFO - Processing /home/airflow/.local/lib/python3.12/site-packages/airflow/example_dags/example_branch_labels.py took 0.103 seconds
[2026-06-23T03:07:46.764+0000] {processor.py:161} INFO - Started process (PID=1953) to work on /home/airflow/.local/lib/python3.12/site-packages/airflow/example_dags/example_branch_labels.py
[2026-06-23T03:07:46.766+0000] {processor.py:830} INFO - Processing file /home/airflow/.local/lib/python3.12/site-packages/airflow/example_dags/example_branch_labels.py for tasks to queue
[2026-06-23T03:07:46.772+0000] {logging_mixin.py:188} INFO - [2026-06-23T03:07:46.771+0000] {dagbag.py:545} INFO - Filling up the DagBag from /home/airflow/.local/lib/python3.12/site-packages/airflow/example_dags/example_branch_labels.py
[2026-06-23T03:07:46.797+0000] {processor.py:840} INFO - DAG(s) 'example_branch_labels' retrieved from /home/airflow/.local/lib/python3.12/site-packages/airflow/example_dags/example_branch_labels.py
[2026-06-23T03:07:46.863+0000] {logging_mixin.py:188} INFO - [2026-06-23T03:07:46.862+0000] {dag.py:3096} INFO - Sync 1 DAGs
[2026-06-23T03:07:46.936+0000] {logging_mixin.py:188} INFO - [2026-06-23T03:07:46.935+0000] {dag.py:3954} INFO - Setting next_dagrun for example_branch_labels to 2026-06-22 00:00:00+00:00, run_after=2026-06-23 00:00:00+00:00
[2026-06-23T03:07:46.986+0000] {processor.py:183} INFO - Processing /home/airflow/.local/lib/python3.12/site-packages/airflow/example_dags/example_branch_labels.py took 0.239 seconds
[2026-06-23T03:08:17.169+0000] {processor.py:161} INFO - Started process (PID=2220) to work on /home/airflow/.local/lib/python3.12/site-packages/airflow/example_dags/example_branch_labels.py
[2026-06-23T03:08:17.171+0000] {processor.py:830} INFO - Processing file /home/airflow/.local/lib/python3.12/site-packages/airflow/example_dags/example_branch_labels.py for tasks to queue
[2026-06-23T03:08:17.173+0000] {logging_mixin.py:188} INFO - [2026-06-23T03:08:17.173+0000] {dagbag.py:545} INFO - Filling up the DagBag from /home/airflow/.local/lib/python3.12/site-packages/airflow/example_dags/example_branch_labels.py
[2026-06-23T03:08:17.184+0000] {processor.py:840} INFO - DAG(s) 'example_branch_labels' retrieved from /home/airflow/.local/lib/python3.12/site-packages/airflow/example_dags/example_branch_labels.py
[2026-06-23T03:08:17.215+0000] {logging_mixin.py:188} INFO - [2026-06-23T03:08:17.215+0000] {dag.py:3096} INFO - Sync 1 DAGs
[2026-06-23T03:08:17.242+0000] {logging_mixin.py:188} INFO - [2026-06-23T03:08:17.242+0000] {dag.py:3954} INFO - Setting next_dagrun for example_branch_labels to 2026-06-22 00:00:00+00:00, run_after=2026-06-23 00:00:00+00:00
[2026-06-23T03:08:17.273+0000] {processor.py:183} INFO - Processing /home/airflow/.local/lib/python3.12/site-packages/airflow/example_dags/example_branch_labels.py took 0.111 seconds
[2026-06-23T03:08:47.601+0000] {processor.py:161} INFO - Started process (PID=2487) to work on /home/airflow/.local/lib/python3.12/site-packages/airflow/example_dags/example_branch_labels.py
[2026-06-23T03:08:47.603+0000] {processor.py:830} INFO - Processing file /home/airflow/.local/lib/python3.12/site-packages/airflow/example_dags/example_branch_labels.py for tasks to queue
[2026-06-23T03:08:47.606+0000] {logging_mixin.py:188} INFO - [2026-06-23T03:08:47.605+0000] {dagbag.py:545} INFO - Filling up the DagBag from /home/airflow/.local/lib/python3.12/site-packages/airflow/example_dags/example_branch_labels.py
[2026-06-23T03:08:47.615+0000] {processor.py:840} INFO - DAG(s) 'example_branch_labels' retrieved from /home/airflow/.local/lib/python3.12/site-packages/airflow/example_dags/example_branch_labels.py
[2026-06-23T03:08:47.642+0000] {logging_mixin.py:188} INFO - [2026-06-23T03:08:47.642+0000] {dag.py:3096} INFO - Sync 1 DAGs
[2026-06-23T03:08:47.669+0000] {logging_mixin.py:188} INFO - [2026-06-23T03:08:47.669+0000] {dag.py:3954} INFO - Setting next_dagrun for example_branch_labels to 2026-06-22 00:00:00+00:00, run_after=2026-06-23 00:00:00+00:00
[2026-06-23T03:08:47.694+0000] {processor.py:183} INFO - Processing /home/airflow/.local/lib/python3.12/site-packages/airflow/example_dags/example_branch_labels.py took 0.100 seconds
[2026-06-23T03:09:18.057+0000] {processor.py:161} INFO - Started process (PID=2754) to work on /home/airflow/.local/lib/python3.12/site-packages/airflow/example_dags/example_branch_labels.py
[2026-06-23T03:09:18.059+0000] {processor.py:830} INFO - Processing file /home/airflow/.local/lib/python3.12/site-packages/airflow/example_dags/example_branch_labels.py for tasks to queue
[2026-06-23T03:09:18.062+0000] {logging_mixin.py:188} INFO - [2026-06-23T03:09:18.061+0000] {dagbag.py:545} INFO - Filling up the DagBag from /home/airflow/.local/lib/python3.12/site-packages/airflow/example_dags/example_branch_labels.py
[2026-06-23T03:09:18.071+0000] {processor.py:840} INFO - DAG(s) 'example_branch_labels' retrieved from /home/airflow/.local/lib/python3.12/site-packages/airflow/example_dags/example_branch_labels.py
[2026-06-23T03:09:18.100+0000] {logging_mixin.py:188} INFO - [2026-06-23T03:09:18.099+0000] {dag.py:3096} INFO - Sync 1 DAGs
[2026-06-23T03:09:18.128+0000] {logging_mixin.py:188} INFO - [2026-06-23T03:09:18.128+0000] {dag.py:3954} INFO - Setting next_dagrun for example_branch_labels to 2026-06-22 00:00:00+00:00, run_after=2026-06-23 00:00:00+00:00
[2026-06-23T03:09:18.155+0000] {processor.py:183} INFO - Processing /home/airflow/.local/lib/python3.12/site-packages/airflow/example_dags/example_branch_labels.py took 0.105 seconds
[2026-06-23T03:09:48.358+0000] {processor.py:161} INFO - Started process (PID=3021) to work on /home/airflow/.local/lib/python3.12/site-packages/airflow/example_dags/example_branch_labels.py
[2026-06-23T03:09:48.359+0000] {processor.py:830} INFO - Processing file /home/airflow/.local/lib/python3.12/site-packages/airflow/example_dags/example_branch_labels.py for tasks to queue
[2026-06-23T03:09:48.362+0000] {logging_mixin.py:188} INFO - [2026-06-23T03:09:48.361+0000] {dagbag.py:545} INFO - Filling up the DagBag from /home/airflow/.local/lib/python3.12/site-packages/airflow/example_dags/example_branch_labels.py
[2026-06-23T03:09:48.371+0000] {processor.py:840} INFO - DAG(s) 'example_branch_labels' retrieved from /home/airflow/.local/lib/python3.12/site-packages/airflow/example_dags/example_branch_labels.py
[2026-06-23T03:09:48.399+0000] {logging_mixin.py:188} INFO - [2026-06-23T03:09:48.399+0000] {dag.py:3096} INFO - Sync 1 DAGs
[2026-06-23T03:09:48.425+0000] {logging_mixin.py:188} INFO - [2026-06-23T03:09:48.425+0000] {dag.py:3954} INFO - Setting next_dagrun for example_branch_labels to 2026-06-22 00:00:00+00:00, run_after=2026-06-23 00:00:00+00:00
[2026-06-23T03:09:48.452+0000] {processor.py:183} INFO - Processing /home/airflow/.local/lib/python3.12/site-packages/airflow/example_dags/example_branch_labels.py took 0.101 seconds
[2026-06-23T03:10:18.683+0000] {processor.py:161} INFO - Started process (PID=3288) to work on /home/airflow/.local/lib/python3.12/site-packages/airflow/example_dags/example_branch_labels.py
[2026-06-23T03:10:18.685+0000] {processor.py:830} INFO - Processing file /home/airflow/.local/lib/python3.12/site-packages/airflow/example_dags/example_branch_labels.py for tasks to queue
[2026-06-23T03:10:18.688+0000] {logging_mixin.py:188} INFO - [2026-06-23T03:10:18.688+0000] {dagbag.py:545} INFO - Filling up the DagBag from /home/airflow/.local/lib/python3.12/site-packages/airflow/example_dags/example_branch_labels.py
[2026-06-23T03:10:18.696+0000] {processor.py:840} INFO - DAG(s) 'example_branch_labels' retrieved from /home/airflow/.local/lib/python3.12/site-packages/airflow/example_dags/example_branch_labels.py
[2026-06-23T03:10:18.723+0000] {logging_mixin.py:188} INFO - [2026-06-23T03:10:18.722+0000] {dag.py:3096} INFO - Sync 1 DAGs
[2026-06-23T03:10:18.751+0000] {logging_mixin.py:188} INFO - [2026-06-23T03:10:18.751+0000] {dag.py:3954} INFO - Setting next_dagrun for example_branch_labels to 2026-06-22 00:00:00+00:00, run_after=2026-06-23 00:00:00+00:00
[2026-06-23T03:10:18.780+0000] {processor.py:183} INFO - Processing /home/airflow/.local/lib/python3.12/site-packages/airflow/example_dags/example_branch_labels.py took 0.103 seconds
[2026-06-23T03:10:49.224+0000] {processor.py:161} INFO - Started process (PID=3555) to work on /home/airflow/.local/lib/python3.12/site-packages/airflow/example_dags/example_branch_labels.py
[2026-06-23T03:10:49.225+0000] {processor.py:830} INFO - Processing file /home/airflow/.local/lib/python3.12/site-packages/airflow/example_dags/example_branch_labels.py for tasks to queue
[2026-06-23T03:10:49.228+0000] {logging_mixin.py:188} INFO - [2026-06-23T03:10:49.227+0000] {dagbag.py:545} INFO - Filling up the DagBag from /home/airflow/.local/lib/python3.12/site-packages/airflow/example_dags/example_branch_labels.py
[2026-06-23T03:10:49.236+0000] {processor.py:840} INFO - DAG(s) 'example_branch_labels' retrieved from /home/airflow/.local/lib/python3.12/site-packages/airflow/example_dags/example_branch_labels.py
[2026-06-23T03:10:49.263+0000] {logging_mixin.py:188} INFO - [2026-06-23T03:10:49.263+0000] {dag.py:3096} INFO - Sync 1 DAGs
[2026-06-23T03:10:49.289+0000] {logging_mixin.py:188} INFO - [2026-06-23T03:10:49.288+0000] {dag.py:3954} INFO - Setting next_dagrun for example_branch_labels to 2026-06-22 00:00:00+00:00, run_after=2026-06-23 00:00:00+00:00
[2026-06-23T03:10:49.317+0000] {processor.py:183} INFO - Processing /home/airflow/.local/lib/python3.12/site-packages/airflow/example_dags/example_branch_labels.py took 0.100 seconds
[2026-06-23T03:11:19.684+0000] {processor.py:161} INFO - Started process (PID=3822) to work on /home/airflow/.local/lib/python3.12/site-packages/airflow/example_dags/example_branch_labels.py
[2026-06-23T03:11:19.686+0000] {processor.py:830} INFO - Processing file /home/airflow/.local/lib/python3.12/site-packages/airflow/example_dags/example_branch_labels.py for tasks to queue
[2026-06-23T03:11:19.688+0000] {logging_mixin.py:188} INFO - [2026-06-23T03:11:19.687+0000] {dagbag.py:545} INFO - Filling up the DagBag from /home/airflow/.local/lib/python3.12/site-packages/airflow/example_dags/example_branch_labels.py
[2026-06-23T03:11:19.696+0000] {processor.py:840} INFO - DAG(s) 'example_branch_labels' retrieved from /home/airflow/.local/lib/python3.12/site-packages/airflow/example_dags/example_branch_labels.py
[2026-06-23T03:11:19.726+0000] {logging_mixin.py:188} INFO - [2026-06-23T03:11:19.726+0000] {dag.py:3096} INFO - Sync 1 DAGs
[2026-06-23T03:11:19.755+0000] {logging_mixin.py:188} INFO - [2026-06-23T03:11:19.754+0000] {dag.py:3954} INFO - Setting next_dagrun for example_branch_labels to 2026-06-22 00:00:00+00:00, run_after=2026-06-23 00:00:00+00:00
[2026-06-23T03:11:19.779+0000] {processor.py:183} INFO - Processing /home/airflow/.local/lib/python3.12/site-packages/airflow/example_dags/example_branch_labels.py took 0.101 seconds
[2026-06-23T03:11:50.159+0000] {processor.py:161} INFO - Started process (PID=4089) to work on /home/airflow/.local/lib/python3.12/site-packages/airflow/example_dags/example_branch_labels.py
[2026-06-23T03:11:50.160+0000] {processor.py:830} INFO - Processing file /home/airflow/.local/lib/python3.12/site-packages/airflow/example_dags/example_branch_labels.py for tasks to queue
[2026-06-23T03:11:50.163+0000] {logging_mixin.py:188} INFO - [2026-06-23T03:11:50.163+0000] {dagbag.py:545} INFO - Filling up the DagBag from /home/airflow/.local/lib/python3.12/site-packages/airflow/example_dags/example_branch_labels.py
[2026-06-23T03:11:50.172+0000] {processor.py:840} INFO - DAG(s) 'example_branch_labels' retrieved from /home/airflow/.local/lib/python3.12/site-packages/airflow/example_dags/example_branch_labels.py
[2026-06-23T03:11:50.201+0000] {logging_mixin.py:188} INFO - [2026-06-23T03:11:50.200+0000] {dag.py:3096} INFO - Sync 1 DAGs
[2026-06-23T03:11:50.227+0000] {logging_mixin.py:188} INFO - [2026-06-23T03:11:50.226+0000] {dag.py:3954} INFO - Setting next_dagrun for example_branch_labels to 2026-06-22 00:00:00+00:00, run_after=2026-06-23 00:00:00+00:00
[2026-06-23T03:11:50.255+0000] {processor.py:183} INFO - Processing /home/airflow/.local/lib/python3.12/site-packages/airflow/example_dags/example_branch_labels.py took 0.104 seconds
[2026-06-23T03:12:20.418+0000] {processor.py:161} INFO - Started process (PID=4357) to work on /home/airflow/.local/lib/python3.12/site-packages/airflow/example_dags/example_branch_labels.py
[2026-06-23T03:12:20.420+0000] {processor.py:830} INFO - Processing file /home/airflow/.local/lib/python3.12/site-packages/airflow/example_dags/example_branch_labels.py for tasks to queue
[2026-06-23T03:12:20.422+0000] {logging_mixin.py:188} INFO - [2026-06-23T03:12:20.422+0000] {dagbag.py:545} INFO - Filling up the DagBag from /home/airflow/.local/lib/python3.12/site-packages/airflow/example_dags/example_branch_labels.py
[2026-06-23T03:12:20.431+0000] {processor.py:840} INFO - DAG(s) 'example_branch_labels' retrieved from /home/airflow/.local/lib/python3.12/site-packages/airflow/example_dags/example_branch_labels.py
[2026-06-23T03:12:20.460+0000] {logging_mixin.py:188} INFO - [2026-06-23T03:12:20.460+0000] {dag.py:3096} INFO - Sync 1 DAGs
[2026-06-23T03:12:20.488+0000] {logging_mixin.py:188} INFO - [2026-06-23T03:12:20.487+0000] {dag.py:3954} INFO - Setting next_dagrun for example_branch_labels to 2026-06-22 00:00:00+00:00, run_after=2026-06-23 00:00:00+00:00
[2026-06-23T03:12:20.516+0000] {processor.py:183} INFO - Processing /home/airflow/.local/lib/python3.12/site-packages/airflow/example_dags/example_branch_labels.py took 0.105 seconds
[2026-06-23T03:12:50.917+0000] {processor.py:161} INFO - Started process (PID=4624) to work on /home/airflow/.local/lib/python3.12/site-packages/airflow/example_dags/example_branch_labels.py
[2026-06-23T03:12:50.919+0000] {processor.py:830} INFO - Processing file /home/airflow/.local/lib/python3.12/site-packages/airflow/example_dags/example_branch_labels.py for tasks to queue
[2026-06-23T03:12:50.922+0000] {logging_mixin.py:188} INFO - [2026-06-23T03:12:50.921+0000] {dagbag.py:545} INFO - Filling up the DagBag from /home/airflow/.local/lib/python3.12/site-packages/airflow/example_dags/example_branch_labels.py
[2026-06-23T03:12:50.930+0000] {processor.py:840} INFO - DAG(s) 'example_branch_labels' retrieved from /home/airflow/.local/lib/python3.12/site-packages/airflow/example_dags/example_branch_labels.py
[2026-06-23T03:12:50.959+0000] {logging_mixin.py:188} INFO - [2026-06-23T03:12:50.958+0000] {dag.py:3096} INFO - Sync 1 DAGs
[2026-06-23T03:12:50.983+0000] {logging_mixin.py:188} INFO - [2026-06-23T03:12:50.983+0000] {dag.py:3954} INFO - Setting next_dagrun for example_branch_labels to 2026-06-22 00:00:00+00:00, run_after=2026-06-23 00:00:00+00:00
[2026-06-23T03:12:51.012+0000] {processor.py:183} INFO - Processing /home/airflow/.local/lib/python3.12/site-packages/airflow/example_dags/example_branch_labels.py took 0.102 seconds
[2026-06-23T03:13:21.183+0000] {processor.py:161} INFO - Started process (PID=4891) to work on /home/airflow/.local/lib/python3.12/site-packages/airflow/example_dags/example_branch_labels.py
[2026-06-23T03:13:21.185+0000] {processor.py:830} INFO - Processing file /home/airflow/.local/lib/python3.12/site-packages/airflow/example_dags/example_branch_labels.py for tasks to queue
[2026-06-23T03:13:21.187+0000] {logging_mixin.py:188} INFO - [2026-06-23T03:13:21.187+0000] {dagbag.py:545} INFO - Filling up the DagBag from /home/airflow/.local/lib/python3.12/site-packages/airflow/example_dags/example_branch_labels.py
[2026-06-23T03:13:21.196+0000] {processor.py:840} INFO - DAG(s) 'example_branch_labels' retrieved from /home/airflow/.local/lib/python3.12/site-packages/airflow/example_dags/example_branch_labels.py
[2026-06-23T03:13:21.224+0000] {logging_mixin.py:188} INFO - [2026-06-23T03:13:21.223+0000] {dag.py:3096} INFO - Sync 1 DAGs
[2026-06-23T03:13:21.249+0000] {logging_mixin.py:188} INFO - [2026-06-23T03:13:21.249+0000] {dag.py:3954} INFO - Setting next_dagrun for example_branch_labels to 2026-06-22 00:00:00+00:00, run_after=2026-06-23 00:00:00+00:00
[2026-06-23T03:13:21.277+0000] {processor.py:183} INFO - Processing /home/airflow/.local/lib/python3.12/site-packages/airflow/example_dags/example_branch_labels.py took 0.101 seconds
[2026-06-23T03:13:51.362+0000] {processor.py:161} INFO - Started process (PID=5158) to work on /home/airflow/.local/lib/python3.12/site-packages/airflow/example_dags/example_branch_labels.py
[2026-06-23T03:13:51.364+0000] {processor.py:830} INFO - Processing file /home/airflow/.local/lib/python3.12/site-packages/airflow/example_dags/example_branch_labels.py for tasks to queue
[2026-06-23T03:13:51.367+0000] {logging_mixin.py:188} INFO - [2026-06-23T03:13:51.366+0000] {dagbag.py:545} INFO - Filling up the DagBag from /home/airflow/.local/lib/python3.12/site-packages/airflow/example_dags/example_branch_labels.py
[2026-06-23T03:13:51.375+0000] {processor.py:840} INFO - DAG(s) 'example_branch_labels' retrieved from /home/airflow/.local/lib/python3.12/site-packages/airflow/example_dags/example_branch_labels.py
[2026-06-23T03:13:51.406+0000] {logging_mixin.py:188} INFO - [2026-06-23T03:13:51.406+0000] {dag.py:3096} INFO - Sync 1 DAGs
[2026-06-23T03:13:51.433+0000] {logging_mixin.py:188} INFO - [2026-06-23T03:13:51.432+0000] {dag.py:3954} INFO - Setting next_dagrun for example_branch_labels to 2026-06-22 00:00:00+00:00, run_after=2026-06-23 00:00:00+00:00
[2026-06-23T03:13:51.459+0000] {processor.py:183} INFO - Processing /home/airflow/.local/lib/python3.12/site-packages/airflow/example_dags/example_branch_labels.py took 0.103 seconds
[2026-06-23T03:14:22.208+0000] {processor.py:161} INFO - Started process (PID=5427) to work on /home/airflow/.local/lib/python3.12/site-packages/airflow/example_dags/example_branch_labels.py
[2026-06-23T03:14:22.210+0000] {processor.py:830} INFO - Processing file /home/airflow/.local/lib/python3.12/site-packages/airflow/example_dags/example_branch_labels.py for tasks to queue
[2026-06-23T03:14:22.212+0000] {logging_mixin.py:188} INFO - [2026-06-23T03:14:22.212+0000] {dagbag.py:545} INFO - Filling up the DagBag from /home/airflow/.local/lib/python3.12/site-packages/airflow/example_dags/example_branch_labels.py
[2026-06-23T03:14:22.222+0000] {processor.py:840} INFO - DAG(s) 'example_branch_labels' retrieved from /home/airflow/.local/lib/python3.12/site-packages/airflow/example_dags/example_branch_labels.py
[2026-06-23T03:14:22.250+0000] {logging_mixin.py:188} INFO - [2026-06-23T03:14:22.250+0000] {dag.py:3096} INFO - Sync 1 DAGs
[2026-06-23T03:14:22.280+0000] {logging_mixin.py:188} INFO - [2026-06-23T03:14:22.280+0000] {dag.py:3954} INFO - Setting next_dagrun for example_branch_labels to 2026-06-22 00:00:00+00:00, run_after=2026-06-23 00:00:00+00:00
[2026-06-23T03:14:22.309+0000] {processor.py:183} INFO - Processing /home/airflow/.local/lib/python3.12/site-packages/airflow/example_dags/example_branch_labels.py took 0.108 seconds
[2026-06-23T03:14:52.782+0000] {processor.py:161} INFO - Started process (PID=5692) to work on /home/airflow/.local/lib/python3.12/site-packages/airflow/example_dags/example_branch_labels.py
[2026-06-23T03:14:52.783+0000] {processor.py:830} INFO - Processing file /home/airflow/.local/lib/python3.12/site-packages/airflow/example_dags/example_branch_labels.py for tasks to queue
[2026-06-23T03:14:52.786+0000] {logging_mixin.py:188} INFO - [2026-06-23T03:14:52.785+0000] {dagbag.py:545} INFO - Filling up the DagBag from /home/airflow/.local/lib/python3.12/site-packages/airflow/example_dags/example_branch_labels.py
[2026-06-23T03:14:52.794+0000] {processor.py:840} INFO - DAG(s) 'example_branch_labels' retrieved from /home/airflow/.local/lib/python3.12/site-packages/airflow/example_dags/example_branch_labels.py
[2026-06-23T03:14:52.821+0000] {logging_mixin.py:188} INFO - [2026-06-23T03:14:52.821+0000] {dag.py:3096} INFO - Sync 1 DAGs
[2026-06-23T03:14:52.848+0000] {logging_mixin.py:188} INFO - [2026-06-23T03:14:52.847+0000] {dag.py:3954} INFO - Setting next_dagrun for example_branch_labels to 2026-06-22 00:00:00+00:00, run_after=2026-06-23 00:00:00+00:00
[2026-06-23T03:14:52.872+0000] {processor.py:183} INFO - Processing /home/airflow/.local/lib/python3.12/site-packages/airflow/example_dags/example_branch_labels.py took 0.097 seconds
[2026-06-23T03:15:23.030+0000] {processor.py:161} INFO - Started process (PID=5959) to work on /home/airflow/.local/lib/python3.12/site-packages/airflow/example_dags/example_branch_labels.py
[2026-06-23T03:15:23.032+0000] {processor.py:830} INFO - Processing file /home/airflow/.local/lib/python3.12/site-packages/airflow/example_dags/example_branch_labels.py for tasks to queue
[2026-06-23T03:15:23.034+0000] {logging_mixin.py:188} INFO - [2026-06-23T03:15:23.034+0000] {dagbag.py:545} INFO - Filling up the DagBag from /home/airflow/.local/lib/python3.12/site-packages/airflow/example_dags/example_branch_labels.py
[2026-06-23T03:15:23.042+0000] {processor.py:840} INFO - DAG(s) 'example_branch_labels' retrieved from /home/airflow/.local/lib/python3.12/site-packages/airflow/example_dags/example_branch_labels.py
[2026-06-23T03:15:23.069+0000] {logging_mixin.py:188} INFO - [2026-06-23T03:15:23.068+0000] {dag.py:3096} INFO - Sync 1 DAGs
[2026-06-23T03:15:23.093+0000] {logging_mixin.py:188} INFO - [2026-06-23T03:15:23.093+0000] {dag.py:3954} INFO - Setting next_dagrun for example_branch_labels to 2026-06-22 00:00:00+00:00, run_after=2026-06-23 00:00:00+00:00
[2026-06-23T03:15:23.121+0000] {processor.py:183} INFO - Processing /home/airflow/.local/lib/python3.12/site-packages/airflow/example_dags/example_branch_labels.py took 0.098 seconds
[2026-06-23T03:15:53.538+0000] {processor.py:161} INFO - Started process (PID=6226) to work on /home/airflow/.local/lib/python3.12/site-packages/airflow/example_dags/example_branch_labels.py
[2026-06-23T03:15:53.540+0000] {processor.py:830} INFO - Processing file /home/airflow/.local/lib/python3.12/site-packages/airflow/example_dags/example_branch_labels.py for tasks to queue
[2026-06-23T03:15:53.543+0000] {logging_mixin.py:188} INFO - [2026-06-23T03:15:53.542+0000] {dagbag.py:545} INFO - Filling up the DagBag from /home/airflow/.local/lib/python3.12/site-packages/airflow/example_dags/example_branch_labels.py
[2026-06-23T03:15:53.551+0000] {processor.py:840} INFO - DAG(s) 'example_branch_labels' retrieved from /home/airflow/.local/lib/python3.12/site-packages/airflow/example_dags/example_branch_labels.py
[2026-06-23T03:15:53.580+0000] {logging_mixin.py:188} INFO - [2026-06-23T03:15:53.579+0000] {dag.py:3096} INFO - Sync 1 DAGs
[2026-06-23T03:15:53.607+0000] {logging_mixin.py:188} INFO - [2026-06-23T03:15:53.606+0000] {dag.py:3954} INFO - Setting next_dagrun for example_branch_labels to 2026-06-22 00:00:00+00:00, run_after=2026-06-23 00:00:00+00:00
[2026-06-23T03:15:53.634+0000] {processor.py:183} INFO - Processing /home/airflow/.local/lib/python3.12/site-packages/airflow/example_dags/example_branch_labels.py took 0.103 seconds
[2026-06-23T03:16:24.448+0000] {processor.py:161} INFO - Started process (PID=6493) to work on /home/airflow/.local/lib/python3.12/site-packages/airflow/example_dags/example_branch_labels.py
[2026-06-23T03:16:24.450+0000] {processor.py:830} INFO - Processing file /home/airflow/.local/lib/python3.12/site-packages/airflow/example_dags/example_branch_labels.py for tasks to queue
[2026-06-23T03:16:24.452+0000] {logging_mixin.py:188} INFO - [2026-06-23T03:16:24.452+0000] {dagbag.py:545} INFO - Filling up the DagBag from /home/airflow/.local/lib/python3.12/site-packages/airflow/example_dags/example_branch_labels.py
[2026-06-23T03:16:24.460+0000] {processor.py:840} INFO - DAG(s) 'example_branch_labels' retrieved from /home/airflow/.local/lib/python3.12/site-packages/airflow/example_dags/example_branch_labels.py
[2026-06-23T03:16:24.487+0000] {logging_mixin.py:188} INFO - [2026-06-23T03:16:24.486+0000] {dag.py:3096} INFO - Sync 1 DAGs
[2026-06-23T03:16:24.512+0000] {logging_mixin.py:188} INFO - [2026-06-23T03:16:24.512+0000] {dag.py:3954} INFO - Setting next_dagrun for example_branch_labels to 2026-06-22 00:00:00+00:00, run_after=2026-06-23 00:00:00+00:00
[2026-06-23T03:16:24.537+0000] {processor.py:183} INFO - Processing /home/airflow/.local/lib/python3.12/site-packages/airflow/example_dags/example_branch_labels.py took 0.097 seconds
[2026-06-23T03:16:54.858+0000] {processor.py:161} INFO - Started process (PID=6760) to work on /home/airflow/.local/lib/python3.12/site-packages/airflow/example_dags/example_branch_labels.py
[2026-06-23T03:16:54.860+0000] {processor.py:830} INFO - Processing file /home/airflow/.local/lib/python3.12/site-packages/airflow/example_dags/example_branch_labels.py for tasks to queue
[2026-06-23T03:16:54.864+0000] {logging_mixin.py:188} INFO - [2026-06-23T03:16:54.863+0000] {dagbag.py:545} INFO - Filling up the DagBag from /home/airflow/.local/lib/python3.12/site-packages/airflow/example_dags/example_branch_labels.py
[2026-06-23T03:16:54.881+0000] {processor.py:840} INFO - DAG(s) 'example_branch_labels' retrieved from /home/airflow/.local/lib/python3.12/site-packages/airflow/example_dags/example_branch_labels.py
[2026-06-23T03:16:54.945+0000] {logging_mixin.py:188} INFO - [2026-06-23T03:16:54.944+0000] {dag.py:3096} INFO - Sync 1 DAGs
[2026-06-23T03:16:54.995+0000] {logging_mixin.py:188} INFO - [2026-06-23T03:16:54.994+0000] {dag.py:3954} INFO - Setting next_dagrun for example_branch_labels to 2026-06-22 00:00:00+00:00, run_after=2026-06-23 00:00:00+00:00
[2026-06-23T03:16:55.037+0000] {processor.py:183} INFO - Processing /home/airflow/.local/lib/python3.12/site-packages/airflow/example_dags/example_branch_labels.py took 0.186 seconds
[2026-06-23T03:17:25.976+0000] {processor.py:161} INFO - Started process (PID=7027) to work on /home/airflow/.local/lib/python3.12/site-packages/airflow/example_dags/example_branch_labels.py
[2026-06-23T03:17:25.978+0000] {processor.py:830} INFO - Processing file /home/airflow/.local/lib/python3.12/site-packages/airflow/example_dags/example_branch_labels.py for tasks to queue
[2026-06-23T03:17:25.980+0000] {logging_mixin.py:188} INFO - [2026-06-23T03:17:25.980+0000] {dagbag.py:545} INFO - Filling up the DagBag from /home/airflow/.local/lib/python3.12/site-packages/airflow/example_dags/example_branch_labels.py
[2026-06-23T03:17:25.991+0000] {processor.py:840} INFO - DAG(s) 'example_branch_labels' retrieved from /home/airflow/.local/lib/python3.12/site-packages/airflow/example_dags/example_branch_labels.py
[2026-06-23T03:17:26.027+0000] {logging_mixin.py:188} INFO - [2026-06-23T03:17:26.027+0000] {dag.py:3096} INFO - Sync 1 DAGs
[2026-06-23T03:17:26.060+0000] {logging_mixin.py:188} INFO - [2026-06-23T03:17:26.060+0000] {dag.py:3954} INFO - Setting next_dagrun for example_branch_labels to 2026-06-22 00:00:00+00:00, run_after=2026-06-23 00:00:00+00:00
[2026-06-23T03:17:26.091+0000] {processor.py:183} INFO - Processing /home/airflow/.local/lib/python3.12/site-packages/airflow/example_dags/example_branch_labels.py took 0.123 seconds
[2026-06-23T03:17:57.725+0000] {processor.py:161} INFO - Started process (PID=7294) to work on /home/airflow/.local/lib/python3.12/site-packages/airflow/example_dags/example_branch_labels.py
[2026-06-23T03:17:57.728+0000] {processor.py:830} INFO - Processing file /home/airflow/.local/lib/python3.12/site-packages/airflow/example_dags/example_branch_labels.py for tasks to queue
[2026-06-23T03:17:57.734+0000] {logging_mixin.py:188} INFO - [2026-06-23T03:17:57.732+0000] {dagbag.py:545} INFO - Filling up the DagBag from /home/airflow/.local/lib/python3.12/site-packages/airflow/example_dags/example_branch_labels.py
[2026-06-23T03:17:57.772+0000] {processor.py:840} INFO - DAG(s) 'example_branch_labels' retrieved from /home/airflow/.local/lib/python3.12/site-packages/airflow/example_dags/example_branch_labels.py
[2026-06-23T03:17:57.860+0000] {logging_mixin.py:188} INFO - [2026-06-23T03:17:57.859+0000] {dag.py:3096} INFO - Sync 1 DAGs
[2026-06-23T03:17:57.934+0000] {logging_mixin.py:188} INFO - [2026-06-23T03:17:57.933+0000] {dag.py:3954} INFO - Setting next_dagrun for example_branch_labels to 2026-06-22 00:00:00+00:00, run_after=2026-06-23 00:00:00+00:00
[2026-06-23T03:17:58.021+0000] {processor.py:183} INFO - Processing /home/airflow/.local/lib/python3.12/site-packages/airflow/example_dags/example_branch_labels.py took 0.328 seconds
[2026-06-23T03:18:28.339+0000] {processor.py:161} INFO - Started process (PID=7561) to work on /home/airflow/.local/lib/python3.12/site-packages/airflow/example_dags/example_branch_labels.py
[2026-06-23T03:18:28.341+0000] {processor.py:830} INFO - Processing file /home/airflow/.local/lib/python3.12/site-packages/airflow/example_dags/example_branch_labels.py for tasks to queue
[2026-06-23T03:18:28.343+0000] {logging_mixin.py:188} INFO - [2026-06-23T03:18:28.343+0000] {dagbag.py:545} INFO - Filling up the DagBag from /home/airflow/.local/lib/python3.12/site-packages/airflow/example_dags/example_branch_labels.py
[2026-06-23T03:18:28.354+0000] {processor.py:840} INFO - DAG(s) 'example_branch_labels' retrieved from /home/airflow/.local/lib/python3.12/site-packages/airflow/example_dags/example_branch_labels.py
[2026-06-23T03:18:28.396+0000] {logging_mixin.py:188} INFO - [2026-06-23T03:18:28.395+0000] {dag.py:3096} INFO - Sync 1 DAGs
[2026-06-23T03:18:28.432+0000] {logging_mixin.py:188} INFO - [2026-06-23T03:18:28.431+0000] {dag.py:3954} INFO - Setting next_dagrun for example_branch_labels to 2026-06-22 00:00:00+00:00, run_after=2026-06-23 00:00:00+00:00
[2026-06-23T03:18:28.480+0000] {processor.py:183} INFO - Processing /home/airflow/.local/lib/python3.12/site-packages/airflow/example_dags/example_branch_labels.py took 0.150 seconds
[2026-06-23T03:18:58.960+0000] {processor.py:161} INFO - Started process (PID=7828) to work on /home/airflow/.local/lib/python3.12/site-packages/airflow/example_dags/example_branch_labels.py
[2026-06-23T03:18:58.962+0000] {processor.py:830} INFO - Processing file /home/airflow/.local/lib/python3.12/site-packages/airflow/example_dags/example_branch_labels.py for tasks to queue
[2026-06-23T03:18:58.965+0000] {logging_mixin.py:188} INFO - [2026-06-23T03:18:58.964+0000] {dagbag.py:545} INFO - Filling up the DagBag from /home/airflow/.local/lib/python3.12/site-packages/airflow/example_dags/example_branch_labels.py
[2026-06-23T03:18:58.974+0000] {processor.py:840} INFO - DAG(s) 'example_branch_labels' retrieved from /home/airflow/.local/lib/python3.12/site-packages/airflow/example_dags/example_branch_labels.py
[2026-06-23T03:18:59.005+0000] {logging_mixin.py:188} INFO - [2026-06-23T03:18:59.005+0000] {dag.py:3096} INFO - Sync 1 DAGs
[2026-06-23T03:18:59.034+0000] {logging_mixin.py:188} INFO - [2026-06-23T03:18:59.033+0000] {dag.py:3954} INFO - Setting next_dagrun for example_branch_labels to 2026-06-22 00:00:00+00:00, run_after=2026-06-23 00:00:00+00:00
[2026-06-23T03:18:59.062+0000] {processor.py:183} INFO - Processing /home/airflow/.local/lib/python3.12/site-packages/airflow/example_dags/example_branch_labels.py took 0.109 seconds
