[2026-06-23T02:46:55.466+0000] {processor.py:161} INFO - Started process (PID=70) to work on /home/airflow/.local/lib/python3.12/site-packages/airflow/example_dags/example_dag_decorator.py
[2026-06-23T02:46:55.468+0000] {processor.py:830} INFO - Processing file /home/airflow/.local/lib/python3.12/site-packages/airflow/example_dags/example_dag_decorator.py for tasks to queue
[2026-06-23T02:46:55.472+0000] {logging_mixin.py:188} INFO - [2026-06-23T02:46:55.472+0000] {dagbag.py:545} INFO - Filling up the DagBag from /home/airflow/.local/lib/python3.12/site-packages/airflow/example_dags/example_dag_decorator.py
[2026-06-23T02:46:55.854+0000] {processor.py:840} INFO - DAG(s) 'example_dag_decorator' retrieved from /home/airflow/.local/lib/python3.12/site-packages/airflow/example_dags/example_dag_decorator.py
[2026-06-23T02:46:56.049+0000] {logging_mixin.py:188} INFO - [2026-06-23T02:46:56.048+0000] {dag.py:3096} INFO - Sync 1 DAGs
[2026-06-23T02:46:56.068+0000] {logging_mixin.py:188} INFO - [2026-06-23T02:46:56.068+0000] {dag.py:3954} INFO - Setting next_dagrun for example_dag_decorator to None, run_after=None
[2026-06-23T02:46:56.105+0000] {processor.py:183} INFO - Processing /home/airflow/.local/lib/python3.12/site-packages/airflow/example_dags/example_dag_decorator.py took 0.648 seconds
[2026-06-23T02:47:26.673+0000] {processor.py:161} INFO - Started process (PID=129) to work on /home/airflow/.local/lib/python3.12/site-packages/airflow/example_dags/example_dag_decorator.py
[2026-06-23T02:47:26.675+0000] {processor.py:830} INFO - Processing file /home/airflow/.local/lib/python3.12/site-packages/airflow/example_dags/example_dag_decorator.py for tasks to queue
[2026-06-23T02:47:26.678+0000] {logging_mixin.py:188} INFO - [2026-06-23T02:47:26.677+0000] {dagbag.py:545} INFO - Filling up the DagBag from /home/airflow/.local/lib/python3.12/site-packages/airflow/example_dags/example_dag_decorator.py
[2026-06-23T02:47:26.852+0000] {processor.py:840} INFO - DAG(s) 'example_dag_decorator' retrieved from /home/airflow/.local/lib/python3.12/site-packages/airflow/example_dags/example_dag_decorator.py
[2026-06-23T02:47:27.101+0000] {logging_mixin.py:188} INFO - [2026-06-23T02:47:27.100+0000] {dag.py:3096} INFO - Sync 1 DAGs
[2026-06-23T02:47:27.128+0000] {logging_mixin.py:188} INFO - [2026-06-23T02:47:27.127+0000] {dag.py:3954} INFO - Setting next_dagrun for example_dag_decorator to None, run_after=None
[2026-06-23T02:47:27.163+0000] {processor.py:183} INFO - Processing /home/airflow/.local/lib/python3.12/site-packages/airflow/example_dags/example_dag_decorator.py took 0.500 seconds
[2026-06-23T02:47:57.287+0000] {processor.py:161} INFO - Started process (PID=194) to work on /home/airflow/.local/lib/python3.12/site-packages/airflow/example_dags/example_dag_decorator.py
[2026-06-23T02:47:57.293+0000] {processor.py:830} INFO - Processing file /home/airflow/.local/lib/python3.12/site-packages/airflow/example_dags/example_dag_decorator.py for tasks to queue
[2026-06-23T02:47:57.297+0000] {logging_mixin.py:188} INFO - [2026-06-23T02:47:57.297+0000] {dagbag.py:545} INFO - Filling up the DagBag from /home/airflow/.local/lib/python3.12/site-packages/airflow/example_dags/example_dag_decorator.py
[2026-06-23T02:47:57.511+0000] {processor.py:840} INFO - DAG(s) 'example_dag_decorator' retrieved from /home/airflow/.local/lib/python3.12/site-packages/airflow/example_dags/example_dag_decorator.py
[2026-06-23T02:47:57.726+0000] {logging_mixin.py:188} INFO - [2026-06-23T02:47:57.726+0000] {dag.py:3096} INFO - Sync 1 DAGs
[2026-06-23T02:47:57.744+0000] {logging_mixin.py:188} INFO - [2026-06-23T02:47:57.744+0000] {dag.py:3954} INFO - Setting next_dagrun for example_dag_decorator to None, run_after=None
[2026-06-23T02:47:57.792+0000] {processor.py:183} INFO - Processing /home/airflow/.local/lib/python3.12/site-packages/airflow/example_dags/example_dag_decorator.py took 0.513 seconds
[2026-06-23T02:48:28.103+0000] {processor.py:161} INFO - Started process (PID=255) to work on /home/airflow/.local/lib/python3.12/site-packages/airflow/example_dags/example_dag_decorator.py
[2026-06-23T02:48:28.109+0000] {processor.py:830} INFO - Processing file /home/airflow/.local/lib/python3.12/site-packages/airflow/example_dags/example_dag_decorator.py for tasks to queue
[2026-06-23T02:48:28.112+0000] {logging_mixin.py:188} INFO - [2026-06-23T02:48:28.111+0000] {dagbag.py:545} INFO - Filling up the DagBag from /home/airflow/.local/lib/python3.12/site-packages/airflow/example_dags/example_dag_decorator.py
[2026-06-23T02:48:28.312+0000] {processor.py:840} INFO - DAG(s) 'example_dag_decorator' retrieved from /home/airflow/.local/lib/python3.12/site-packages/airflow/example_dags/example_dag_decorator.py
[2026-06-23T02:48:28.572+0000] {logging_mixin.py:188} INFO - [2026-06-23T02:48:28.571+0000] {dag.py:3096} INFO - Sync 1 DAGs
[2026-06-23T02:48:28.609+0000] {logging_mixin.py:188} INFO - [2026-06-23T02:48:28.605+0000] {dag.py:3954} INFO - Setting next_dagrun for example_dag_decorator to None, run_after=None
[2026-06-23T02:48:28.669+0000] {processor.py:183} INFO - Processing /home/airflow/.local/lib/python3.12/site-packages/airflow/example_dags/example_dag_decorator.py took 0.576 seconds
[2026-06-23T02:48:58.898+0000] {processor.py:161} INFO - Started process (PID=316) to work on /home/airflow/.local/lib/python3.12/site-packages/airflow/example_dags/example_dag_decorator.py
[2026-06-23T02:48:58.901+0000] {processor.py:830} INFO - Processing file /home/airflow/.local/lib/python3.12/site-packages/airflow/example_dags/example_dag_decorator.py for tasks to queue
[2026-06-23T02:48:58.905+0000] {logging_mixin.py:188} INFO - [2026-06-23T02:48:58.904+0000] {dagbag.py:545} INFO - Filling up the DagBag from /home/airflow/.local/lib/python3.12/site-packages/airflow/example_dags/example_dag_decorator.py
[2026-06-23T02:48:59.083+0000] {processor.py:840} INFO - DAG(s) 'example_dag_decorator' retrieved from /home/airflow/.local/lib/python3.12/site-packages/airflow/example_dags/example_dag_decorator.py
[2026-06-23T02:48:59.298+0000] {logging_mixin.py:188} INFO - [2026-06-23T02:48:59.298+0000] {dag.py:3096} INFO - Sync 1 DAGs
[2026-06-23T02:48:59.313+0000] {logging_mixin.py:188} INFO - [2026-06-23T02:48:59.313+0000] {dag.py:3954} INFO - Setting next_dagrun for example_dag_decorator to None, run_after=None
[2026-06-23T02:48:59.607+0000] {processor.py:183} INFO - Processing /home/airflow/.local/lib/python3.12/site-packages/airflow/example_dags/example_dag_decorator.py took 0.718 seconds
[2026-06-23T02:49:29.917+0000] {processor.py:161} INFO - Started process (PID=376) to work on /home/airflow/.local/lib/python3.12/site-packages/airflow/example_dags/example_dag_decorator.py
[2026-06-23T02:49:29.920+0000] {processor.py:830} INFO - Processing file /home/airflow/.local/lib/python3.12/site-packages/airflow/example_dags/example_dag_decorator.py for tasks to queue
[2026-06-23T02:49:29.924+0000] {logging_mixin.py:188} INFO - [2026-06-23T02:49:29.924+0000] {dagbag.py:545} INFO - Filling up the DagBag from /home/airflow/.local/lib/python3.12/site-packages/airflow/example_dags/example_dag_decorator.py
[2026-06-23T02:49:30.115+0000] {processor.py:840} INFO - DAG(s) 'example_dag_decorator' retrieved from /home/airflow/.local/lib/python3.12/site-packages/airflow/example_dags/example_dag_decorator.py
[2026-06-23T02:49:30.336+0000] {logging_mixin.py:188} INFO - [2026-06-23T02:49:30.335+0000] {dag.py:3096} INFO - Sync 1 DAGs
[2026-06-23T02:49:30.354+0000] {logging_mixin.py:188} INFO - [2026-06-23T02:49:30.354+0000] {dag.py:3954} INFO - Setting next_dagrun for example_dag_decorator to None, run_after=None
[2026-06-23T02:49:30.398+0000] {processor.py:183} INFO - Processing /home/airflow/.local/lib/python3.12/site-packages/airflow/example_dags/example_dag_decorator.py took 0.492 seconds
[2026-06-23T02:50:00.621+0000] {processor.py:161} INFO - Started process (PID=436) to work on /home/airflow/.local/lib/python3.12/site-packages/airflow/example_dags/example_dag_decorator.py
[2026-06-23T02:50:00.624+0000] {processor.py:830} INFO - Processing file /home/airflow/.local/lib/python3.12/site-packages/airflow/example_dags/example_dag_decorator.py for tasks to queue
[2026-06-23T02:50:00.629+0000] {logging_mixin.py:188} INFO - [2026-06-23T02:50:00.628+0000] {dagbag.py:545} INFO - Filling up the DagBag from /home/airflow/.local/lib/python3.12/site-packages/airflow/example_dags/example_dag_decorator.py
[2026-06-23T02:50:00.909+0000] {processor.py:840} INFO - DAG(s) 'example_dag_decorator' retrieved from /home/airflow/.local/lib/python3.12/site-packages/airflow/example_dags/example_dag_decorator.py
[2026-06-23T02:50:01.220+0000] {logging_mixin.py:188} INFO - [2026-06-23T02:50:01.220+0000] {dag.py:3096} INFO - Sync 1 DAGs
[2026-06-23T02:50:01.241+0000] {logging_mixin.py:188} INFO - [2026-06-23T02:50:01.241+0000] {dag.py:3954} INFO - Setting next_dagrun for example_dag_decorator to None, run_after=None
[2026-06-23T02:50:01.283+0000] {processor.py:183} INFO - Processing /home/airflow/.local/lib/python3.12/site-packages/airflow/example_dags/example_dag_decorator.py took 0.671 seconds
[2026-06-23T02:50:32.087+0000] {processor.py:161} INFO - Started process (PID=495) to work on /home/airflow/.local/lib/python3.12/site-packages/airflow/example_dags/example_dag_decorator.py
[2026-06-23T02:50:32.089+0000] {processor.py:830} INFO - Processing file /home/airflow/.local/lib/python3.12/site-packages/airflow/example_dags/example_dag_decorator.py for tasks to queue
[2026-06-23T02:50:32.093+0000] {logging_mixin.py:188} INFO - [2026-06-23T02:50:32.092+0000] {dagbag.py:545} INFO - Filling up the DagBag from /home/airflow/.local/lib/python3.12/site-packages/airflow/example_dags/example_dag_decorator.py
[2026-06-23T02:50:32.297+0000] {processor.py:840} INFO - DAG(s) 'example_dag_decorator' retrieved from /home/airflow/.local/lib/python3.12/site-packages/airflow/example_dags/example_dag_decorator.py
[2026-06-23T02:50:32.550+0000] {logging_mixin.py:188} INFO - [2026-06-23T02:50:32.549+0000] {dag.py:3096} INFO - Sync 1 DAGs
[2026-06-23T02:50:32.572+0000] {logging_mixin.py:188} INFO - [2026-06-23T02:50:32.571+0000] {dag.py:3954} INFO - Setting next_dagrun for example_dag_decorator to None, run_after=None
[2026-06-23T02:50:32.622+0000] {processor.py:183} INFO - Processing /home/airflow/.local/lib/python3.12/site-packages/airflow/example_dags/example_dag_decorator.py took 0.545 seconds
[2026-06-23T02:51:02.789+0000] {processor.py:161} INFO - Started process (PID=556) to work on /home/airflow/.local/lib/python3.12/site-packages/airflow/example_dags/example_dag_decorator.py
[2026-06-23T02:51:02.791+0000] {processor.py:830} INFO - Processing file /home/airflow/.local/lib/python3.12/site-packages/airflow/example_dags/example_dag_decorator.py for tasks to queue
[2026-06-23T02:51:02.795+0000] {logging_mixin.py:188} INFO - [2026-06-23T02:51:02.794+0000] {dagbag.py:545} INFO - Filling up the DagBag from /home/airflow/.local/lib/python3.12/site-packages/airflow/example_dags/example_dag_decorator.py
[2026-06-23T02:51:02.990+0000] {processor.py:840} INFO - DAG(s) 'example_dag_decorator' retrieved from /home/airflow/.local/lib/python3.12/site-packages/airflow/example_dags/example_dag_decorator.py
[2026-06-23T02:51:03.307+0000] {logging_mixin.py:188} INFO - [2026-06-23T02:51:03.306+0000] {dag.py:3096} INFO - Sync 1 DAGs
[2026-06-23T02:51:03.338+0000] {logging_mixin.py:188} INFO - [2026-06-23T02:51:03.338+0000] {dag.py:3954} INFO - Setting next_dagrun for example_dag_decorator to None, run_after=None
[2026-06-23T02:51:03.390+0000] {processor.py:183} INFO - Processing /home/airflow/.local/lib/python3.12/site-packages/airflow/example_dags/example_dag_decorator.py took 0.609 seconds
[2026-06-23T02:51:33.569+0000] {processor.py:161} INFO - Started process (PID=617) to work on /home/airflow/.local/lib/python3.12/site-packages/airflow/example_dags/example_dag_decorator.py
[2026-06-23T02:51:33.571+0000] {processor.py:830} INFO - Processing file /home/airflow/.local/lib/python3.12/site-packages/airflow/example_dags/example_dag_decorator.py for tasks to queue
[2026-06-23T02:51:33.575+0000] {logging_mixin.py:188} INFO - [2026-06-23T02:51:33.574+0000] {dagbag.py:545} INFO - Filling up the DagBag from /home/airflow/.local/lib/python3.12/site-packages/airflow/example_dags/example_dag_decorator.py
[2026-06-23T02:51:33.698+0000] {processor.py:840} INFO - DAG(s) 'example_dag_decorator' retrieved from /home/airflow/.local/lib/python3.12/site-packages/airflow/example_dags/example_dag_decorator.py
[2026-06-23T02:51:33.734+0000] {logging_mixin.py:188} INFO - [2026-06-23T02:51:33.734+0000] {dag.py:3096} INFO - Sync 1 DAGs
[2026-06-23T02:51:33.754+0000] {logging_mixin.py:188} INFO - [2026-06-23T02:51:33.753+0000] {dag.py:3954} INFO - Setting next_dagrun for example_dag_decorator to None, run_after=None
[2026-06-23T02:51:33.787+0000] {processor.py:183} INFO - Processing /home/airflow/.local/lib/python3.12/site-packages/airflow/example_dags/example_dag_decorator.py took 0.225 seconds
[2026-06-23T02:52:03.847+0000] {processor.py:161} INFO - Started process (PID=676) to work on /home/airflow/.local/lib/python3.12/site-packages/airflow/example_dags/example_dag_decorator.py
[2026-06-23T02:52:03.849+0000] {processor.py:830} INFO - Processing file /home/airflow/.local/lib/python3.12/site-packages/airflow/example_dags/example_dag_decorator.py for tasks to queue
[2026-06-23T02:52:03.852+0000] {logging_mixin.py:188} INFO - [2026-06-23T02:52:03.851+0000] {dagbag.py:545} INFO - Filling up the DagBag from /home/airflow/.local/lib/python3.12/site-packages/airflow/example_dags/example_dag_decorator.py
[2026-06-23T02:52:03.967+0000] {processor.py:840} INFO - DAG(s) 'example_dag_decorator' retrieved from /home/airflow/.local/lib/python3.12/site-packages/airflow/example_dags/example_dag_decorator.py
[2026-06-23T02:52:04.102+0000] {logging_mixin.py:188} INFO - [2026-06-23T02:52:04.102+0000] {dag.py:3096} INFO - Sync 1 DAGs
[2026-06-23T02:52:04.116+0000] {logging_mixin.py:188} INFO - [2026-06-23T02:52:04.115+0000] {dag.py:3954} INFO - Setting next_dagrun for example_dag_decorator to None, run_after=None
[2026-06-23T02:52:04.147+0000] {processor.py:183} INFO - Processing /home/airflow/.local/lib/python3.12/site-packages/airflow/example_dags/example_dag_decorator.py took 0.307 seconds
[2026-06-23T02:52:34.221+0000] {processor.py:161} INFO - Started process (PID=735) to work on /home/airflow/.local/lib/python3.12/site-packages/airflow/example_dags/example_dag_decorator.py
[2026-06-23T02:52:34.223+0000] {processor.py:830} INFO - Processing file /home/airflow/.local/lib/python3.12/site-packages/airflow/example_dags/example_dag_decorator.py for tasks to queue
[2026-06-23T02:52:34.226+0000] {logging_mixin.py:188} INFO - [2026-06-23T02:52:34.226+0000] {dagbag.py:545} INFO - Filling up the DagBag from /home/airflow/.local/lib/python3.12/site-packages/airflow/example_dags/example_dag_decorator.py
[2026-06-23T02:52:34.331+0000] {processor.py:840} INFO - DAG(s) 'example_dag_decorator' retrieved from /home/airflow/.local/lib/python3.12/site-packages/airflow/example_dags/example_dag_decorator.py
[2026-06-23T02:52:34.627+0000] {logging_mixin.py:188} INFO - [2026-06-23T02:52:34.627+0000] {dag.py:3096} INFO - Sync 1 DAGs
[2026-06-23T02:52:34.639+0000] {logging_mixin.py:188} INFO - [2026-06-23T02:52:34.639+0000] {dag.py:3954} INFO - Setting next_dagrun for example_dag_decorator to None, run_after=None
[2026-06-23T02:52:34.665+0000] {processor.py:183} INFO - Processing /home/airflow/.local/lib/python3.12/site-packages/airflow/example_dags/example_dag_decorator.py took 0.450 seconds
[2026-06-23T02:53:04.844+0000] {processor.py:161} INFO - Started process (PID=797) to work on /home/airflow/.local/lib/python3.12/site-packages/airflow/example_dags/example_dag_decorator.py
[2026-06-23T02:53:04.845+0000] {processor.py:830} INFO - Processing file /home/airflow/.local/lib/python3.12/site-packages/airflow/example_dags/example_dag_decorator.py for tasks to queue
[2026-06-23T02:53:04.848+0000] {logging_mixin.py:188} INFO - [2026-06-23T02:53:04.848+0000] {dagbag.py:545} INFO - Filling up the DagBag from /home/airflow/.local/lib/python3.12/site-packages/airflow/example_dags/example_dag_decorator.py
[2026-06-23T02:53:04.962+0000] {processor.py:840} INFO - DAG(s) 'example_dag_decorator' retrieved from /home/airflow/.local/lib/python3.12/site-packages/airflow/example_dags/example_dag_decorator.py
[2026-06-23T02:53:05.283+0000] {logging_mixin.py:188} INFO - [2026-06-23T02:53:05.283+0000] {dag.py:3096} INFO - Sync 1 DAGs
[2026-06-23T02:53:05.295+0000] {logging_mixin.py:188} INFO - [2026-06-23T02:53:05.295+0000] {dag.py:3954} INFO - Setting next_dagrun for example_dag_decorator to None, run_after=None
[2026-06-23T02:53:05.321+0000] {processor.py:183} INFO - Processing /home/airflow/.local/lib/python3.12/site-packages/airflow/example_dags/example_dag_decorator.py took 0.484 seconds
[2026-06-23T02:53:35.462+0000] {processor.py:161} INFO - Started process (PID=858) to work on /home/airflow/.local/lib/python3.12/site-packages/airflow/example_dags/example_dag_decorator.py
[2026-06-23T02:53:35.464+0000] {processor.py:830} INFO - Processing file /home/airflow/.local/lib/python3.12/site-packages/airflow/example_dags/example_dag_decorator.py for tasks to queue
[2026-06-23T02:53:35.467+0000] {logging_mixin.py:188} INFO - [2026-06-23T02:53:35.466+0000] {dagbag.py:545} INFO - Filling up the DagBag from /home/airflow/.local/lib/python3.12/site-packages/airflow/example_dags/example_dag_decorator.py
[2026-06-23T02:53:35.600+0000] {processor.py:840} INFO - DAG(s) 'example_dag_decorator' retrieved from /home/airflow/.local/lib/python3.12/site-packages/airflow/example_dags/example_dag_decorator.py
[2026-06-23T02:53:35.945+0000] {logging_mixin.py:188} INFO - [2026-06-23T02:53:35.945+0000] {dag.py:3096} INFO - Sync 1 DAGs
[2026-06-23T02:53:35.958+0000] {logging_mixin.py:188} INFO - [2026-06-23T02:53:35.957+0000] {dag.py:3954} INFO - Setting next_dagrun for example_dag_decorator to None, run_after=None
[2026-06-23T02:53:35.989+0000] {processor.py:183} INFO - Processing /home/airflow/.local/lib/python3.12/site-packages/airflow/example_dags/example_dag_decorator.py took 0.535 seconds
[2026-06-23T02:54:06.972+0000] {processor.py:161} INFO - Started process (PID=918) to work on /home/airflow/.local/lib/python3.12/site-packages/airflow/example_dags/example_dag_decorator.py
[2026-06-23T02:54:06.974+0000] {processor.py:830} INFO - Processing file /home/airflow/.local/lib/python3.12/site-packages/airflow/example_dags/example_dag_decorator.py for tasks to queue
[2026-06-23T02:54:06.977+0000] {logging_mixin.py:188} INFO - [2026-06-23T02:54:06.976+0000] {dagbag.py:545} INFO - Filling up the DagBag from /home/airflow/.local/lib/python3.12/site-packages/airflow/example_dags/example_dag_decorator.py
[2026-06-23T02:54:07.100+0000] {processor.py:840} INFO - DAG(s) 'example_dag_decorator' retrieved from /home/airflow/.local/lib/python3.12/site-packages/airflow/example_dags/example_dag_decorator.py
[2026-06-23T02:54:07.426+0000] {logging_mixin.py:188} INFO - [2026-06-23T02:54:07.426+0000] {dag.py:3096} INFO - Sync 1 DAGs
[2026-06-23T02:54:07.439+0000] {logging_mixin.py:188} INFO - [2026-06-23T02:54:07.439+0000] {dag.py:3954} INFO - Setting next_dagrun for example_dag_decorator to None, run_after=None
[2026-06-23T02:54:07.471+0000] {processor.py:183} INFO - Processing /home/airflow/.local/lib/python3.12/site-packages/airflow/example_dags/example_dag_decorator.py took 0.505 seconds
[2026-06-23T02:54:37.771+0000] {processor.py:161} INFO - Started process (PID=981) to work on /home/airflow/.local/lib/python3.12/site-packages/airflow/example_dags/example_dag_decorator.py
[2026-06-23T02:54:37.772+0000] {processor.py:830} INFO - Processing file /home/airflow/.local/lib/python3.12/site-packages/airflow/example_dags/example_dag_decorator.py for tasks to queue
[2026-06-23T02:54:37.776+0000] {logging_mixin.py:188} INFO - [2026-06-23T02:54:37.775+0000] {dagbag.py:545} INFO - Filling up the DagBag from /home/airflow/.local/lib/python3.12/site-packages/airflow/example_dags/example_dag_decorator.py
[2026-06-23T02:54:37.899+0000] {processor.py:840} INFO - DAG(s) 'example_dag_decorator' retrieved from /home/airflow/.local/lib/python3.12/site-packages/airflow/example_dags/example_dag_decorator.py
[2026-06-23T02:54:38.215+0000] {logging_mixin.py:188} INFO - [2026-06-23T02:54:38.215+0000] {dag.py:3096} INFO - Sync 1 DAGs
[2026-06-23T02:54:38.227+0000] {logging_mixin.py:188} INFO - [2026-06-23T02:54:38.226+0000] {dag.py:3954} INFO - Setting next_dagrun for example_dag_decorator to None, run_after=None
[2026-06-23T02:54:38.255+0000] {processor.py:183} INFO - Processing /home/airflow/.local/lib/python3.12/site-packages/airflow/example_dags/example_dag_decorator.py took 0.491 seconds
[2026-06-23T02:55:08.430+0000] {processor.py:161} INFO - Started process (PID=1042) to work on /home/airflow/.local/lib/python3.12/site-packages/airflow/example_dags/example_dag_decorator.py
[2026-06-23T02:55:08.432+0000] {processor.py:830} INFO - Processing file /home/airflow/.local/lib/python3.12/site-packages/airflow/example_dags/example_dag_decorator.py for tasks to queue
[2026-06-23T02:55:08.435+0000] {logging_mixin.py:188} INFO - [2026-06-23T02:55:08.435+0000] {dagbag.py:545} INFO - Filling up the DagBag from /home/airflow/.local/lib/python3.12/site-packages/airflow/example_dags/example_dag_decorator.py
[2026-06-23T02:55:08.543+0000] {processor.py:840} INFO - DAG(s) 'example_dag_decorator' retrieved from /home/airflow/.local/lib/python3.12/site-packages/airflow/example_dags/example_dag_decorator.py
[2026-06-23T02:55:08.855+0000] {logging_mixin.py:188} INFO - [2026-06-23T02:55:08.855+0000] {dag.py:3096} INFO - Sync 1 DAGs
[2026-06-23T02:55:08.867+0000] {logging_mixin.py:188} INFO - [2026-06-23T02:55:08.867+0000] {dag.py:3954} INFO - Setting next_dagrun for example_dag_decorator to None, run_after=None
[2026-06-23T02:55:08.897+0000] {processor.py:183} INFO - Processing /home/airflow/.local/lib/python3.12/site-packages/airflow/example_dags/example_dag_decorator.py took 0.474 seconds
[2026-06-23T02:55:39.603+0000] {processor.py:161} INFO - Started process (PID=1102) to work on /home/airflow/.local/lib/python3.12/site-packages/airflow/example_dags/example_dag_decorator.py
[2026-06-23T02:55:39.604+0000] {processor.py:830} INFO - Processing file /home/airflow/.local/lib/python3.12/site-packages/airflow/example_dags/example_dag_decorator.py for tasks to queue
[2026-06-23T02:55:39.607+0000] {logging_mixin.py:188} INFO - [2026-06-23T02:55:39.607+0000] {dagbag.py:545} INFO - Filling up the DagBag from /home/airflow/.local/lib/python3.12/site-packages/airflow/example_dags/example_dag_decorator.py
[2026-06-23T02:55:39.713+0000] {processor.py:840} INFO - DAG(s) 'example_dag_decorator' retrieved from /home/airflow/.local/lib/python3.12/site-packages/airflow/example_dags/example_dag_decorator.py
[2026-06-23T02:55:40.011+0000] {logging_mixin.py:188} INFO - [2026-06-23T02:55:40.011+0000] {dag.py:3096} INFO - Sync 1 DAGs
[2026-06-23T02:55:40.023+0000] {logging_mixin.py:188} INFO - [2026-06-23T02:55:40.023+0000] {dag.py:3954} INFO - Setting next_dagrun for example_dag_decorator to None, run_after=None
[2026-06-23T02:55:40.050+0000] {processor.py:183} INFO - Processing /home/airflow/.local/lib/python3.12/site-packages/airflow/example_dags/example_dag_decorator.py took 0.454 seconds
[2026-06-23T02:56:10.291+0000] {processor.py:161} INFO - Started process (PID=1164) to work on /home/airflow/.local/lib/python3.12/site-packages/airflow/example_dags/example_dag_decorator.py
[2026-06-23T02:56:10.293+0000] {processor.py:830} INFO - Processing file /home/airflow/.local/lib/python3.12/site-packages/airflow/example_dags/example_dag_decorator.py for tasks to queue
[2026-06-23T02:56:10.297+0000] {logging_mixin.py:188} INFO - [2026-06-23T02:56:10.296+0000] {dagbag.py:545} INFO - Filling up the DagBag from /home/airflow/.local/lib/python3.12/site-packages/airflow/example_dags/example_dag_decorator.py
[2026-06-23T02:56:10.463+0000] {processor.py:840} INFO - DAG(s) 'example_dag_decorator' retrieved from /home/airflow/.local/lib/python3.12/site-packages/airflow/example_dags/example_dag_decorator.py
[2026-06-23T02:56:10.887+0000] {logging_mixin.py:188} INFO - [2026-06-23T02:56:10.887+0000] {dag.py:3096} INFO - Sync 1 DAGs
[2026-06-23T02:56:10.907+0000] {logging_mixin.py:188} INFO - [2026-06-23T02:56:10.906+0000] {dag.py:3954} INFO - Setting next_dagrun for example_dag_decorator to None, run_after=None
[2026-06-23T02:56:10.943+0000] {processor.py:183} INFO - Processing /home/airflow/.local/lib/python3.12/site-packages/airflow/example_dags/example_dag_decorator.py took 0.662 seconds
[2026-06-23T02:56:41.216+0000] {processor.py:161} INFO - Started process (PID=1226) to work on /home/airflow/.local/lib/python3.12/site-packages/airflow/example_dags/example_dag_decorator.py
[2026-06-23T02:56:41.219+0000] {processor.py:830} INFO - Processing file /home/airflow/.local/lib/python3.12/site-packages/airflow/example_dags/example_dag_decorator.py for tasks to queue
[2026-06-23T02:56:41.225+0000] {logging_mixin.py:188} INFO - [2026-06-23T02:56:41.224+0000] {dagbag.py:545} INFO - Filling up the DagBag from /home/airflow/.local/lib/python3.12/site-packages/airflow/example_dags/example_dag_decorator.py
[2026-06-23T02:56:41.451+0000] {processor.py:840} INFO - DAG(s) 'example_dag_decorator' retrieved from /home/airflow/.local/lib/python3.12/site-packages/airflow/example_dags/example_dag_decorator.py
[2026-06-23T02:56:41.806+0000] {logging_mixin.py:188} INFO - [2026-06-23T02:56:41.806+0000] {dag.py:3096} INFO - Sync 1 DAGs
[2026-06-23T02:56:41.823+0000] {logging_mixin.py:188} INFO - [2026-06-23T02:56:41.823+0000] {dag.py:3954} INFO - Setting next_dagrun for example_dag_decorator to None, run_after=None
[2026-06-23T02:56:41.860+0000] {processor.py:183} INFO - Processing /home/airflow/.local/lib/python3.12/site-packages/airflow/example_dags/example_dag_decorator.py took 0.663 seconds
[2026-06-23T02:57:11.960+0000] {processor.py:161} INFO - Started process (PID=1288) to work on /home/airflow/.local/lib/python3.12/site-packages/airflow/example_dags/example_dag_decorator.py
[2026-06-23T02:57:11.961+0000] {processor.py:830} INFO - Processing file /home/airflow/.local/lib/python3.12/site-packages/airflow/example_dags/example_dag_decorator.py for tasks to queue
[2026-06-23T02:57:11.965+0000] {logging_mixin.py:188} INFO - [2026-06-23T02:57:11.965+0000] {dagbag.py:545} INFO - Filling up the DagBag from /home/airflow/.local/lib/python3.12/site-packages/airflow/example_dags/example_dag_decorator.py
[2026-06-23T02:57:12.089+0000] {processor.py:840} INFO - DAG(s) 'example_dag_decorator' retrieved from /home/airflow/.local/lib/python3.12/site-packages/airflow/example_dags/example_dag_decorator.py
[2026-06-23T02:57:12.455+0000] {logging_mixin.py:188} INFO - [2026-06-23T02:57:12.454+0000] {dag.py:3096} INFO - Sync 1 DAGs
[2026-06-23T02:57:12.477+0000] {logging_mixin.py:188} INFO - [2026-06-23T02:57:12.477+0000] {dag.py:3954} INFO - Setting next_dagrun for example_dag_decorator to None, run_after=None
[2026-06-23T02:57:12.534+0000] {processor.py:183} INFO - Processing /home/airflow/.local/lib/python3.12/site-packages/airflow/example_dags/example_dag_decorator.py took 0.582 seconds
[2026-06-23T02:57:42.753+0000] {processor.py:161} INFO - Started process (PID=1349) to work on /home/airflow/.local/lib/python3.12/site-packages/airflow/example_dags/example_dag_decorator.py
[2026-06-23T02:57:42.756+0000] {processor.py:830} INFO - Processing file /home/airflow/.local/lib/python3.12/site-packages/airflow/example_dags/example_dag_decorator.py for tasks to queue
[2026-06-23T02:57:42.759+0000] {logging_mixin.py:188} INFO - [2026-06-23T02:57:42.758+0000] {dagbag.py:545} INFO - Filling up the DagBag from /home/airflow/.local/lib/python3.12/site-packages/airflow/example_dags/example_dag_decorator.py
[2026-06-23T02:57:43.100+0000] {processor.py:840} INFO - DAG(s) 'example_dag_decorator' retrieved from /home/airflow/.local/lib/python3.12/site-packages/airflow/example_dags/example_dag_decorator.py
[2026-06-23T02:57:43.244+0000] {logging_mixin.py:188} INFO - [2026-06-23T02:57:43.244+0000] {dag.py:3096} INFO - Sync 1 DAGs
[2026-06-23T02:57:43.259+0000] {logging_mixin.py:188} INFO - [2026-06-23T02:57:43.259+0000] {dag.py:3954} INFO - Setting next_dagrun for example_dag_decorator to None, run_after=None
[2026-06-23T02:57:43.291+0000] {processor.py:183} INFO - Processing /home/airflow/.local/lib/python3.12/site-packages/airflow/example_dags/example_dag_decorator.py took 0.545 seconds
[2026-06-23T02:58:51.660+0000] {processor.py:161} INFO - Started process (PID=1382) to work on /home/airflow/.local/lib/python3.12/site-packages/airflow/example_dags/example_dag_decorator.py
[2026-06-23T02:58:51.662+0000] {processor.py:830} INFO - Processing file /home/airflow/.local/lib/python3.12/site-packages/airflow/example_dags/example_dag_decorator.py for tasks to queue
[2026-06-23T02:58:51.665+0000] {logging_mixin.py:188} INFO - [2026-06-23T02:58:51.665+0000] {dagbag.py:545} INFO - Filling up the DagBag from /home/airflow/.local/lib/python3.12/site-packages/airflow/example_dags/example_dag_decorator.py
[2026-06-23T02:58:51.778+0000] {processor.py:840} INFO - DAG(s) 'example_dag_decorator' retrieved from /home/airflow/.local/lib/python3.12/site-packages/airflow/example_dags/example_dag_decorator.py
[2026-06-23T02:58:52.056+0000] {logging_mixin.py:188} INFO - [2026-06-23T02:58:52.056+0000] {dag.py:3096} INFO - Sync 1 DAGs
[2026-06-23T02:58:52.067+0000] {logging_mixin.py:188} INFO - [2026-06-23T02:58:52.067+0000] {dag.py:3954} INFO - Setting next_dagrun for example_dag_decorator to None, run_after=None
[2026-06-23T02:58:52.102+0000] {processor.py:183} INFO - Processing /home/airflow/.local/lib/python3.12/site-packages/airflow/example_dags/example_dag_decorator.py took 0.450 seconds
[2026-06-23T02:59:22.667+0000] {processor.py:161} INFO - Started process (PID=1441) to work on /home/airflow/.local/lib/python3.12/site-packages/airflow/example_dags/example_dag_decorator.py
[2026-06-23T02:59:22.669+0000] {processor.py:830} INFO - Processing file /home/airflow/.local/lib/python3.12/site-packages/airflow/example_dags/example_dag_decorator.py for tasks to queue
[2026-06-23T02:59:22.672+0000] {logging_mixin.py:188} INFO - [2026-06-23T02:59:22.671+0000] {dagbag.py:545} INFO - Filling up the DagBag from /home/airflow/.local/lib/python3.12/site-packages/airflow/example_dags/example_dag_decorator.py
[2026-06-23T02:59:22.790+0000] {processor.py:840} INFO - DAG(s) 'example_dag_decorator' retrieved from /home/airflow/.local/lib/python3.12/site-packages/airflow/example_dags/example_dag_decorator.py
[2026-06-23T02:59:22.822+0000] {logging_mixin.py:188} INFO - [2026-06-23T02:59:22.822+0000] {dag.py:3096} INFO - Sync 1 DAGs
[2026-06-23T02:59:22.998+0000] {logging_mixin.py:188} INFO - [2026-06-23T02:59:22.998+0000] {dag.py:3954} INFO - Setting next_dagrun for example_dag_decorator to None, run_after=None
[2026-06-23T02:59:23.024+0000] {processor.py:183} INFO - Processing /home/airflow/.local/lib/python3.12/site-packages/airflow/example_dags/example_dag_decorator.py took 0.366 seconds
[2026-06-23T02:59:53.709+0000] {processor.py:161} INFO - Started process (PID=1502) to work on /home/airflow/.local/lib/python3.12/site-packages/airflow/example_dags/example_dag_decorator.py
[2026-06-23T02:59:53.711+0000] {processor.py:830} INFO - Processing file /home/airflow/.local/lib/python3.12/site-packages/airflow/example_dags/example_dag_decorator.py for tasks to queue
[2026-06-23T02:59:53.714+0000] {logging_mixin.py:188} INFO - [2026-06-23T02:59:53.713+0000] {dagbag.py:545} INFO - Filling up the DagBag from /home/airflow/.local/lib/python3.12/site-packages/airflow/example_dags/example_dag_decorator.py
[2026-06-23T02:59:53.971+0000] {processor.py:840} INFO - DAG(s) 'example_dag_decorator' retrieved from /home/airflow/.local/lib/python3.12/site-packages/airflow/example_dags/example_dag_decorator.py
[2026-06-23T02:59:54.092+0000] {logging_mixin.py:188} INFO - [2026-06-23T02:59:54.092+0000] {dag.py:3096} INFO - Sync 1 DAGs
[2026-06-23T02:59:54.106+0000] {logging_mixin.py:188} INFO - [2026-06-23T02:59:54.106+0000] {dag.py:3954} INFO - Setting next_dagrun for example_dag_decorator to None, run_after=None
[2026-06-23T02:59:54.132+0000] {processor.py:183} INFO - Processing /home/airflow/.local/lib/python3.12/site-packages/airflow/example_dags/example_dag_decorator.py took 0.430 seconds
[2026-06-23T03:00:24.420+0000] {processor.py:161} INFO - Started process (PID=1560) to work on /home/airflow/.local/lib/python3.12/site-packages/airflow/example_dags/example_dag_decorator.py
[2026-06-23T03:00:24.421+0000] {processor.py:830} INFO - Processing file /home/airflow/.local/lib/python3.12/site-packages/airflow/example_dags/example_dag_decorator.py for tasks to queue
[2026-06-23T03:00:24.424+0000] {logging_mixin.py:188} INFO - [2026-06-23T03:00:24.424+0000] {dagbag.py:545} INFO - Filling up the DagBag from /home/airflow/.local/lib/python3.12/site-packages/airflow/example_dags/example_dag_decorator.py
[2026-06-23T03:00:24.534+0000] {processor.py:840} INFO - DAG(s) 'example_dag_decorator' retrieved from /home/airflow/.local/lib/python3.12/site-packages/airflow/example_dags/example_dag_decorator.py
[2026-06-23T03:00:24.664+0000] {logging_mixin.py:188} INFO - [2026-06-23T03:00:24.663+0000] {dag.py:3096} INFO - Sync 1 DAGs
[2026-06-23T03:00:24.677+0000] {logging_mixin.py:188} INFO - [2026-06-23T03:00:24.677+0000] {dag.py:3954} INFO - Setting next_dagrun for example_dag_decorator to None, run_after=None
[2026-06-23T03:00:24.706+0000] {processor.py:183} INFO - Processing /home/airflow/.local/lib/python3.12/site-packages/airflow/example_dags/example_dag_decorator.py took 0.293 seconds
[2026-06-23T03:00:55.088+0000] {processor.py:161} INFO - Started process (PID=1619) to work on /home/airflow/.local/lib/python3.12/site-packages/airflow/example_dags/example_dag_decorator.py
[2026-06-23T03:00:55.090+0000] {processor.py:830} INFO - Processing file /home/airflow/.local/lib/python3.12/site-packages/airflow/example_dags/example_dag_decorator.py for tasks to queue
[2026-06-23T03:00:55.093+0000] {logging_mixin.py:188} INFO - [2026-06-23T03:00:55.092+0000] {dagbag.py:545} INFO - Filling up the DagBag from /home/airflow/.local/lib/python3.12/site-packages/airflow/example_dags/example_dag_decorator.py
[2026-06-23T03:00:55.206+0000] {processor.py:840} INFO - DAG(s) 'example_dag_decorator' retrieved from /home/airflow/.local/lib/python3.12/site-packages/airflow/example_dags/example_dag_decorator.py
[2026-06-23T03:00:55.354+0000] {logging_mixin.py:188} INFO - [2026-06-23T03:00:55.354+0000] {dag.py:3096} INFO - Sync 1 DAGs
[2026-06-23T03:00:55.370+0000] {logging_mixin.py:188} INFO - [2026-06-23T03:00:55.369+0000] {dag.py:3954} INFO - Setting next_dagrun for example_dag_decorator to None, run_after=None
[2026-06-23T03:00:55.403+0000] {processor.py:183} INFO - Processing /home/airflow/.local/lib/python3.12/site-packages/airflow/example_dags/example_dag_decorator.py took 0.322 seconds
[2026-06-23T03:01:25.842+0000] {processor.py:161} INFO - Started process (PID=1678) to work on /home/airflow/.local/lib/python3.12/site-packages/airflow/example_dags/example_dag_decorator.py
[2026-06-23T03:01:25.844+0000] {processor.py:830} INFO - Processing file /home/airflow/.local/lib/python3.12/site-packages/airflow/example_dags/example_dag_decorator.py for tasks to queue
[2026-06-23T03:01:25.847+0000] {logging_mixin.py:188} INFO - [2026-06-23T03:01:25.846+0000] {dagbag.py:545} INFO - Filling up the DagBag from /home/airflow/.local/lib/python3.12/site-packages/airflow/example_dags/example_dag_decorator.py
[2026-06-23T03:01:25.961+0000] {processor.py:840} INFO - DAG(s) 'example_dag_decorator' retrieved from /home/airflow/.local/lib/python3.12/site-packages/airflow/example_dags/example_dag_decorator.py
[2026-06-23T03:01:26.104+0000] {logging_mixin.py:188} INFO - [2026-06-23T03:01:26.103+0000] {dag.py:3096} INFO - Sync 1 DAGs
[2026-06-23T03:01:26.119+0000] {logging_mixin.py:188} INFO - [2026-06-23T03:01:26.119+0000] {dag.py:3954} INFO - Setting next_dagrun for example_dag_decorator to None, run_after=None
[2026-06-23T03:01:26.151+0000] {processor.py:183} INFO - Processing /home/airflow/.local/lib/python3.12/site-packages/airflow/example_dags/example_dag_decorator.py took 0.317 seconds
[2026-06-23T03:01:56.431+0000] {processor.py:161} INFO - Started process (PID=1737) to work on /home/airflow/.local/lib/python3.12/site-packages/airflow/example_dags/example_dag_decorator.py
[2026-06-23T03:01:56.433+0000] {processor.py:830} INFO - Processing file /home/airflow/.local/lib/python3.12/site-packages/airflow/example_dags/example_dag_decorator.py for tasks to queue
[2026-06-23T03:01:56.436+0000] {logging_mixin.py:188} INFO - [2026-06-23T03:01:56.435+0000] {dagbag.py:545} INFO - Filling up the DagBag from /home/airflow/.local/lib/python3.12/site-packages/airflow/example_dags/example_dag_decorator.py
[2026-06-23T03:01:56.637+0000] {processor.py:840} INFO - DAG(s) 'example_dag_decorator' retrieved from /home/airflow/.local/lib/python3.12/site-packages/airflow/example_dags/example_dag_decorator.py
[2026-06-23T03:01:56.837+0000] {logging_mixin.py:188} INFO - [2026-06-23T03:01:56.837+0000] {dag.py:3096} INFO - Sync 1 DAGs
[2026-06-23T03:01:56.850+0000] {logging_mixin.py:188} INFO - [2026-06-23T03:01:56.850+0000] {dag.py:3954} INFO - Setting next_dagrun for example_dag_decorator to None, run_after=None
[2026-06-23T03:01:56.885+0000] {processor.py:183} INFO - Processing /home/airflow/.local/lib/python3.12/site-packages/airflow/example_dags/example_dag_decorator.py took 0.462 seconds
[2026-06-23T03:02:27.028+0000] {processor.py:161} INFO - Started process (PID=1796) to work on /home/airflow/.local/lib/python3.12/site-packages/airflow/example_dags/example_dag_decorator.py
[2026-06-23T03:02:27.029+0000] {processor.py:830} INFO - Processing file /home/airflow/.local/lib/python3.12/site-packages/airflow/example_dags/example_dag_decorator.py for tasks to queue
[2026-06-23T03:02:27.032+0000] {logging_mixin.py:188} INFO - [2026-06-23T03:02:27.032+0000] {dagbag.py:545} INFO - Filling up the DagBag from /home/airflow/.local/lib/python3.12/site-packages/airflow/example_dags/example_dag_decorator.py
[2026-06-23T03:02:27.153+0000] {processor.py:840} INFO - DAG(s) 'example_dag_decorator' retrieved from /home/airflow/.local/lib/python3.12/site-packages/airflow/example_dags/example_dag_decorator.py
[2026-06-23T03:02:27.282+0000] {logging_mixin.py:188} INFO - [2026-06-23T03:02:27.282+0000] {dag.py:3096} INFO - Sync 1 DAGs
[2026-06-23T03:02:27.296+0000] {logging_mixin.py:188} INFO - [2026-06-23T03:02:27.295+0000] {dag.py:3954} INFO - Setting next_dagrun for example_dag_decorator to None, run_after=None
[2026-06-23T03:02:27.330+0000] {processor.py:183} INFO - Processing /home/airflow/.local/lib/python3.12/site-packages/airflow/example_dags/example_dag_decorator.py took 0.310 seconds
[2026-06-23T03:02:57.421+0000] {processor.py:161} INFO - Started process (PID=1856) to work on /home/airflow/.local/lib/python3.12/site-packages/airflow/example_dags/example_dag_decorator.py
[2026-06-23T03:02:57.424+0000] {processor.py:830} INFO - Processing file /home/airflow/.local/lib/python3.12/site-packages/airflow/example_dags/example_dag_decorator.py for tasks to queue
[2026-06-23T03:02:57.426+0000] {logging_mixin.py:188} INFO - [2026-06-23T03:02:57.426+0000] {dagbag.py:545} INFO - Filling up the DagBag from /home/airflow/.local/lib/python3.12/site-packages/airflow/example_dags/example_dag_decorator.py
[2026-06-23T03:02:57.538+0000] {processor.py:840} INFO - DAG(s) 'example_dag_decorator' retrieved from /home/airflow/.local/lib/python3.12/site-packages/airflow/example_dags/example_dag_decorator.py
[2026-06-23T03:02:57.571+0000] {logging_mixin.py:188} INFO - [2026-06-23T03:02:57.571+0000] {dag.py:3096} INFO - Sync 1 DAGs
[2026-06-23T03:02:57.586+0000] {logging_mixin.py:188} INFO - [2026-06-23T03:02:57.586+0000] {dag.py:3954} INFO - Setting next_dagrun for example_dag_decorator to None, run_after=None
[2026-06-23T03:02:57.617+0000] {processor.py:183} INFO - Processing /home/airflow/.local/lib/python3.12/site-packages/airflow/example_dags/example_dag_decorator.py took 0.204 seconds
[2026-06-23T03:03:27.811+0000] {processor.py:161} INFO - Started process (PID=1914) to work on /home/airflow/.local/lib/python3.12/site-packages/airflow/example_dags/example_dag_decorator.py
[2026-06-23T03:03:27.813+0000] {processor.py:830} INFO - Processing file /home/airflow/.local/lib/python3.12/site-packages/airflow/example_dags/example_dag_decorator.py for tasks to queue
[2026-06-23T03:03:27.817+0000] {logging_mixin.py:188} INFO - [2026-06-23T03:03:27.816+0000] {dagbag.py:545} INFO - Filling up the DagBag from /home/airflow/.local/lib/python3.12/site-packages/airflow/example_dags/example_dag_decorator.py
[2026-06-23T03:03:27.942+0000] {processor.py:840} INFO - DAG(s) 'example_dag_decorator' retrieved from /home/airflow/.local/lib/python3.12/site-packages/airflow/example_dags/example_dag_decorator.py
[2026-06-23T03:03:27.976+0000] {logging_mixin.py:188} INFO - [2026-06-23T03:03:27.976+0000] {dag.py:3096} INFO - Sync 1 DAGs
[2026-06-23T03:03:27.991+0000] {logging_mixin.py:188} INFO - [2026-06-23T03:03:27.991+0000] {dag.py:3954} INFO - Setting next_dagrun for example_dag_decorator to None, run_after=None
[2026-06-23T03:03:28.022+0000] {processor.py:183} INFO - Processing /home/airflow/.local/lib/python3.12/site-packages/airflow/example_dags/example_dag_decorator.py took 0.218 seconds
[2026-06-23T03:04:41.551+0000] {processor.py:161} INFO - Started process (PID=200) to work on /home/airflow/.local/lib/python3.12/site-packages/airflow/example_dags/example_dag_decorator.py
[2026-06-23T03:04:41.553+0000] {processor.py:830} INFO - Processing file /home/airflow/.local/lib/python3.12/site-packages/airflow/example_dags/example_dag_decorator.py for tasks to queue
[2026-06-23T03:04:41.556+0000] {logging_mixin.py:188} INFO - [2026-06-23T03:04:41.556+0000] {dagbag.py:545} INFO - Filling up the DagBag from /home/airflow/.local/lib/python3.12/site-packages/airflow/example_dags/example_dag_decorator.py
[2026-06-23T03:04:41.848+0000] {processor.py:840} INFO - DAG(s) 'example_dag_decorator' retrieved from /home/airflow/.local/lib/python3.12/site-packages/airflow/example_dags/example_dag_decorator.py
[2026-06-23T03:04:41.868+0000] {logging_mixin.py:188} INFO - [2026-06-23T03:04:41.868+0000] {dag.py:3096} INFO - Sync 1 DAGs
[2026-06-23T03:04:41.887+0000] {logging_mixin.py:188} INFO - [2026-06-23T03:04:41.886+0000] {dag.py:3954} INFO - Setting next_dagrun for example_dag_decorator to None, run_after=None
[2026-06-23T03:04:41.916+0000] {processor.py:183} INFO - Processing /home/airflow/.local/lib/python3.12/site-packages/airflow/example_dags/example_dag_decorator.py took 0.375 seconds
[2026-06-23T03:05:12.321+0000] {processor.py:161} INFO - Started process (PID=467) to work on /home/airflow/.local/lib/python3.12/site-packages/airflow/example_dags/example_dag_decorator.py
[2026-06-23T03:05:12.323+0000] {processor.py:830} INFO - Processing file /home/airflow/.local/lib/python3.12/site-packages/airflow/example_dags/example_dag_decorator.py for tasks to queue
[2026-06-23T03:05:12.326+0000] {logging_mixin.py:188} INFO - [2026-06-23T03:05:12.326+0000] {dagbag.py:545} INFO - Filling up the DagBag from /home/airflow/.local/lib/python3.12/site-packages/airflow/example_dags/example_dag_decorator.py
[2026-06-23T03:05:12.481+0000] {processor.py:840} INFO - DAG(s) 'example_dag_decorator' retrieved from /home/airflow/.local/lib/python3.12/site-packages/airflow/example_dags/example_dag_decorator.py
[2026-06-23T03:05:12.658+0000] {logging_mixin.py:188} INFO - [2026-06-23T03:05:12.657+0000] {dag.py:3096} INFO - Sync 1 DAGs
[2026-06-23T03:05:12.674+0000] {logging_mixin.py:188} INFO - [2026-06-23T03:05:12.674+0000] {dag.py:3954} INFO - Setting next_dagrun for example_dag_decorator to None, run_after=None
[2026-06-23T03:05:12.709+0000] {processor.py:183} INFO - Processing /home/airflow/.local/lib/python3.12/site-packages/airflow/example_dags/example_dag_decorator.py took 0.397 seconds
[2026-06-23T03:05:42.890+0000] {processor.py:161} INFO - Started process (PID=851) to work on /home/airflow/.local/lib/python3.12/site-packages/airflow/example_dags/example_dag_decorator.py
[2026-06-23T03:05:42.892+0000] {processor.py:830} INFO - Processing file /home/airflow/.local/lib/python3.12/site-packages/airflow/example_dags/example_dag_decorator.py for tasks to queue
[2026-06-23T03:05:42.895+0000] {logging_mixin.py:188} INFO - [2026-06-23T03:05:42.895+0000] {dagbag.py:545} INFO - Filling up the DagBag from /home/airflow/.local/lib/python3.12/site-packages/airflow/example_dags/example_dag_decorator.py
[2026-06-23T03:05:43.003+0000] {processor.py:840} INFO - DAG(s) 'example_dag_decorator' retrieved from /home/airflow/.local/lib/python3.12/site-packages/airflow/example_dags/example_dag_decorator.py
[2026-06-23T03:05:43.132+0000] {logging_mixin.py:188} INFO - [2026-06-23T03:05:43.132+0000] {dag.py:3096} INFO - Sync 1 DAGs
[2026-06-23T03:05:43.146+0000] {logging_mixin.py:188} INFO - [2026-06-23T03:05:43.146+0000] {dag.py:3954} INFO - Setting next_dagrun for example_dag_decorator to None, run_after=None
[2026-06-23T03:05:43.186+0000] {processor.py:183} INFO - Processing /home/airflow/.local/lib/python3.12/site-packages/airflow/example_dags/example_dag_decorator.py took 0.304 seconds
[2026-06-23T03:06:13.469+0000] {processor.py:161} INFO - Started process (PID=1124) to work on /home/airflow/.local/lib/python3.12/site-packages/airflow/example_dags/example_dag_decorator.py
[2026-06-23T03:06:13.471+0000] {processor.py:830} INFO - Processing file /home/airflow/.local/lib/python3.12/site-packages/airflow/example_dags/example_dag_decorator.py for tasks to queue
[2026-06-23T03:06:13.475+0000] {logging_mixin.py:188} INFO - [2026-06-23T03:06:13.474+0000] {dagbag.py:545} INFO - Filling up the DagBag from /home/airflow/.local/lib/python3.12/site-packages/airflow/example_dags/example_dag_decorator.py
[2026-06-23T03:06:13.600+0000] {processor.py:840} INFO - DAG(s) 'example_dag_decorator' retrieved from /home/airflow/.local/lib/python3.12/site-packages/airflow/example_dags/example_dag_decorator.py
[2026-06-23T03:06:13.754+0000] {logging_mixin.py:188} INFO - [2026-06-23T03:06:13.754+0000] {dag.py:3096} INFO - Sync 1 DAGs
[2026-06-23T03:06:13.770+0000] {logging_mixin.py:188} INFO - [2026-06-23T03:06:13.770+0000] {dag.py:3954} INFO - Setting next_dagrun for example_dag_decorator to None, run_after=None
[2026-06-23T03:06:13.805+0000] {processor.py:183} INFO - Processing /home/airflow/.local/lib/python3.12/site-packages/airflow/example_dags/example_dag_decorator.py took 0.344 seconds
[2026-06-23T03:06:44.375+0000] {processor.py:161} INFO - Started process (PID=1391) to work on /home/airflow/.local/lib/python3.12/site-packages/airflow/example_dags/example_dag_decorator.py
[2026-06-23T03:06:44.377+0000] {processor.py:830} INFO - Processing file /home/airflow/.local/lib/python3.12/site-packages/airflow/example_dags/example_dag_decorator.py for tasks to queue
[2026-06-23T03:06:44.381+0000] {logging_mixin.py:188} INFO - [2026-06-23T03:06:44.381+0000] {dagbag.py:545} INFO - Filling up the DagBag from /home/airflow/.local/lib/python3.12/site-packages/airflow/example_dags/example_dag_decorator.py
[2026-06-23T03:06:44.499+0000] {processor.py:840} INFO - DAG(s) 'example_dag_decorator' retrieved from /home/airflow/.local/lib/python3.12/site-packages/airflow/example_dags/example_dag_decorator.py
[2026-06-23T03:06:44.635+0000] {logging_mixin.py:188} INFO - [2026-06-23T03:06:44.635+0000] {dag.py:3096} INFO - Sync 1 DAGs
[2026-06-23T03:06:44.651+0000] {logging_mixin.py:188} INFO - [2026-06-23T03:06:44.651+0000] {dag.py:3954} INFO - Setting next_dagrun for example_dag_decorator to None, run_after=None
[2026-06-23T03:06:44.690+0000] {processor.py:183} INFO - Processing /home/airflow/.local/lib/python3.12/site-packages/airflow/example_dags/example_dag_decorator.py took 0.322 seconds
[2026-06-23T03:07:15.422+0000] {processor.py:161} INFO - Started process (PID=1658) to work on /home/airflow/.local/lib/python3.12/site-packages/airflow/example_dags/example_dag_decorator.py
[2026-06-23T03:07:15.424+0000] {processor.py:830} INFO - Processing file /home/airflow/.local/lib/python3.12/site-packages/airflow/example_dags/example_dag_decorator.py for tasks to queue
[2026-06-23T03:07:15.428+0000] {logging_mixin.py:188} INFO - [2026-06-23T03:07:15.427+0000] {dagbag.py:545} INFO - Filling up the DagBag from /home/airflow/.local/lib/python3.12/site-packages/airflow/example_dags/example_dag_decorator.py
[2026-06-23T03:07:15.544+0000] {processor.py:840} INFO - DAG(s) 'example_dag_decorator' retrieved from /home/airflow/.local/lib/python3.12/site-packages/airflow/example_dags/example_dag_decorator.py
[2026-06-23T03:07:15.712+0000] {logging_mixin.py:188} INFO - [2026-06-23T03:07:15.712+0000] {dag.py:3096} INFO - Sync 1 DAGs
[2026-06-23T03:07:15.729+0000] {logging_mixin.py:188} INFO - [2026-06-23T03:07:15.728+0000] {dag.py:3954} INFO - Setting next_dagrun for example_dag_decorator to None, run_after=None
[2026-06-23T03:07:15.769+0000] {processor.py:183} INFO - Processing /home/airflow/.local/lib/python3.12/site-packages/airflow/example_dags/example_dag_decorator.py took 0.354 seconds
[2026-06-23T03:07:45.961+0000] {processor.py:161} INFO - Started process (PID=1930) to work on /home/airflow/.local/lib/python3.12/site-packages/airflow/example_dags/example_dag_decorator.py
[2026-06-23T03:07:45.963+0000] {processor.py:830} INFO - Processing file /home/airflow/.local/lib/python3.12/site-packages/airflow/example_dags/example_dag_decorator.py for tasks to queue
[2026-06-23T03:07:45.966+0000] {logging_mixin.py:188} INFO - [2026-06-23T03:07:45.965+0000] {dagbag.py:545} INFO - Filling up the DagBag from /home/airflow/.local/lib/python3.12/site-packages/airflow/example_dags/example_dag_decorator.py
[2026-06-23T03:07:46.063+0000] {processor.py:840} INFO - DAG(s) 'example_dag_decorator' retrieved from /home/airflow/.local/lib/python3.12/site-packages/airflow/example_dags/example_dag_decorator.py
[2026-06-23T03:07:46.179+0000] {logging_mixin.py:188} INFO - [2026-06-23T03:07:46.179+0000] {dag.py:3096} INFO - Sync 1 DAGs
[2026-06-23T03:07:46.191+0000] {logging_mixin.py:188} INFO - [2026-06-23T03:07:46.191+0000] {dag.py:3954} INFO - Setting next_dagrun for example_dag_decorator to None, run_after=None
[2026-06-23T03:07:46.219+0000] {processor.py:183} INFO - Processing /home/airflow/.local/lib/python3.12/site-packages/airflow/example_dags/example_dag_decorator.py took 0.264 seconds
[2026-06-23T03:08:16.307+0000] {processor.py:161} INFO - Started process (PID=2192) to work on /home/airflow/.local/lib/python3.12/site-packages/airflow/example_dags/example_dag_decorator.py
[2026-06-23T03:08:16.309+0000] {processor.py:830} INFO - Processing file /home/airflow/.local/lib/python3.12/site-packages/airflow/example_dags/example_dag_decorator.py for tasks to queue
[2026-06-23T03:08:16.312+0000] {logging_mixin.py:188} INFO - [2026-06-23T03:08:16.311+0000] {dagbag.py:545} INFO - Filling up the DagBag from /home/airflow/.local/lib/python3.12/site-packages/airflow/example_dags/example_dag_decorator.py
[2026-06-23T03:08:16.415+0000] {processor.py:840} INFO - DAG(s) 'example_dag_decorator' retrieved from /home/airflow/.local/lib/python3.12/site-packages/airflow/example_dags/example_dag_decorator.py
[2026-06-23T03:08:16.547+0000] {logging_mixin.py:188} INFO - [2026-06-23T03:08:16.547+0000] {dag.py:3096} INFO - Sync 1 DAGs
[2026-06-23T03:08:16.560+0000] {logging_mixin.py:188} INFO - [2026-06-23T03:08:16.560+0000] {dag.py:3954} INFO - Setting next_dagrun for example_dag_decorator to None, run_after=None
[2026-06-23T03:08:16.589+0000] {processor.py:183} INFO - Processing /home/airflow/.local/lib/python3.12/site-packages/airflow/example_dags/example_dag_decorator.py took 0.288 seconds
[2026-06-23T03:08:46.921+0000] {processor.py:161} INFO - Started process (PID=2459) to work on /home/airflow/.local/lib/python3.12/site-packages/airflow/example_dags/example_dag_decorator.py
[2026-06-23T03:08:46.923+0000] {processor.py:830} INFO - Processing file /home/airflow/.local/lib/python3.12/site-packages/airflow/example_dags/example_dag_decorator.py for tasks to queue
[2026-06-23T03:08:46.927+0000] {logging_mixin.py:188} INFO - [2026-06-23T03:08:46.925+0000] {dagbag.py:545} INFO - Filling up the DagBag from /home/airflow/.local/lib/python3.12/site-packages/airflow/example_dags/example_dag_decorator.py
[2026-06-23T03:08:47.049+0000] {processor.py:840} INFO - DAG(s) 'example_dag_decorator' retrieved from /home/airflow/.local/lib/python3.12/site-packages/airflow/example_dags/example_dag_decorator.py
[2026-06-23T03:08:47.171+0000] {logging_mixin.py:188} INFO - [2026-06-23T03:08:47.171+0000] {dag.py:3096} INFO - Sync 1 DAGs
[2026-06-23T03:08:47.190+0000] {logging_mixin.py:188} INFO - [2026-06-23T03:08:47.189+0000] {dag.py:3954} INFO - Setting next_dagrun for example_dag_decorator to None, run_after=None
[2026-06-23T03:08:47.223+0000] {processor.py:183} INFO - Processing /home/airflow/.local/lib/python3.12/site-packages/airflow/example_dags/example_dag_decorator.py took 0.310 seconds
[2026-06-23T03:09:17.322+0000] {processor.py:161} INFO - Started process (PID=2731) to work on /home/airflow/.local/lib/python3.12/site-packages/airflow/example_dags/example_dag_decorator.py
[2026-06-23T03:09:17.324+0000] {processor.py:830} INFO - Processing file /home/airflow/.local/lib/python3.12/site-packages/airflow/example_dags/example_dag_decorator.py for tasks to queue
[2026-06-23T03:09:17.326+0000] {logging_mixin.py:188} INFO - [2026-06-23T03:09:17.326+0000] {dagbag.py:545} INFO - Filling up the DagBag from /home/airflow/.local/lib/python3.12/site-packages/airflow/example_dags/example_dag_decorator.py
[2026-06-23T03:09:17.426+0000] {processor.py:840} INFO - DAG(s) 'example_dag_decorator' retrieved from /home/airflow/.local/lib/python3.12/site-packages/airflow/example_dags/example_dag_decorator.py
[2026-06-23T03:09:17.543+0000] {logging_mixin.py:188} INFO - [2026-06-23T03:09:17.542+0000] {dag.py:3096} INFO - Sync 1 DAGs
[2026-06-23T03:09:17.555+0000] {logging_mixin.py:188} INFO - [2026-06-23T03:09:17.555+0000] {dag.py:3954} INFO - Setting next_dagrun for example_dag_decorator to None, run_after=None
[2026-06-23T03:09:17.584+0000] {processor.py:183} INFO - Processing /home/airflow/.local/lib/python3.12/site-packages/airflow/example_dags/example_dag_decorator.py took 0.269 seconds
[2026-06-23T03:09:47.709+0000] {processor.py:161} INFO - Started process (PID=2998) to work on /home/airflow/.local/lib/python3.12/site-packages/airflow/example_dags/example_dag_decorator.py
[2026-06-23T03:09:47.711+0000] {processor.py:830} INFO - Processing file /home/airflow/.local/lib/python3.12/site-packages/airflow/example_dags/example_dag_decorator.py for tasks to queue
[2026-06-23T03:09:47.715+0000] {logging_mixin.py:188} INFO - [2026-06-23T03:09:47.714+0000] {dagbag.py:545} INFO - Filling up the DagBag from /home/airflow/.local/lib/python3.12/site-packages/airflow/example_dags/example_dag_decorator.py
[2026-06-23T03:09:47.810+0000] {processor.py:840} INFO - DAG(s) 'example_dag_decorator' retrieved from /home/airflow/.local/lib/python3.12/site-packages/airflow/example_dags/example_dag_decorator.py
[2026-06-23T03:09:47.927+0000] {logging_mixin.py:188} INFO - [2026-06-23T03:09:47.927+0000] {dag.py:3096} INFO - Sync 1 DAGs
[2026-06-23T03:09:47.940+0000] {logging_mixin.py:188} INFO - [2026-06-23T03:09:47.940+0000] {dag.py:3954} INFO - Setting next_dagrun for example_dag_decorator to None, run_after=None
[2026-06-23T03:09:47.974+0000] {processor.py:183} INFO - Processing /home/airflow/.local/lib/python3.12/site-packages/airflow/example_dags/example_dag_decorator.py took 0.271 seconds
[2026-06-23T03:10:18.033+0000] {processor.py:161} INFO - Started process (PID=3260) to work on /home/airflow/.local/lib/python3.12/site-packages/airflow/example_dags/example_dag_decorator.py
[2026-06-23T03:10:18.035+0000] {processor.py:830} INFO - Processing file /home/airflow/.local/lib/python3.12/site-packages/airflow/example_dags/example_dag_decorator.py for tasks to queue
[2026-06-23T03:10:18.038+0000] {logging_mixin.py:188} INFO - [2026-06-23T03:10:18.038+0000] {dagbag.py:545} INFO - Filling up the DagBag from /home/airflow/.local/lib/python3.12/site-packages/airflow/example_dags/example_dag_decorator.py
[2026-06-23T03:10:18.136+0000] {processor.py:840} INFO - DAG(s) 'example_dag_decorator' retrieved from /home/airflow/.local/lib/python3.12/site-packages/airflow/example_dags/example_dag_decorator.py
[2026-06-23T03:10:18.257+0000] {logging_mixin.py:188} INFO - [2026-06-23T03:10:18.257+0000] {dag.py:3096} INFO - Sync 1 DAGs
[2026-06-23T03:10:18.270+0000] {logging_mixin.py:188} INFO - [2026-06-23T03:10:18.270+0000] {dag.py:3954} INFO - Setting next_dagrun for example_dag_decorator to None, run_after=None
[2026-06-23T03:10:18.300+0000] {processor.py:183} INFO - Processing /home/airflow/.local/lib/python3.12/site-packages/airflow/example_dags/example_dag_decorator.py took 0.273 seconds
[2026-06-23T03:10:48.553+0000] {processor.py:161} INFO - Started process (PID=3527) to work on /home/airflow/.local/lib/python3.12/site-packages/airflow/example_dags/example_dag_decorator.py
[2026-06-23T03:10:48.555+0000] {processor.py:830} INFO - Processing file /home/airflow/.local/lib/python3.12/site-packages/airflow/example_dags/example_dag_decorator.py for tasks to queue
[2026-06-23T03:10:48.558+0000] {logging_mixin.py:188} INFO - [2026-06-23T03:10:48.557+0000] {dagbag.py:545} INFO - Filling up the DagBag from /home/airflow/.local/lib/python3.12/site-packages/airflow/example_dags/example_dag_decorator.py
[2026-06-23T03:10:48.661+0000] {processor.py:840} INFO - DAG(s) 'example_dag_decorator' retrieved from /home/airflow/.local/lib/python3.12/site-packages/airflow/example_dags/example_dag_decorator.py
[2026-06-23T03:10:48.783+0000] {logging_mixin.py:188} INFO - [2026-06-23T03:10:48.783+0000] {dag.py:3096} INFO - Sync 1 DAGs
[2026-06-23T03:10:48.798+0000] {logging_mixin.py:188} INFO - [2026-06-23T03:10:48.798+0000] {dag.py:3954} INFO - Setting next_dagrun for example_dag_decorator to None, run_after=None
[2026-06-23T03:10:48.828+0000] {processor.py:183} INFO - Processing /home/airflow/.local/lib/python3.12/site-packages/airflow/example_dags/example_dag_decorator.py took 0.280 seconds
[2026-06-23T03:11:18.896+0000] {processor.py:161} INFO - Started process (PID=3794) to work on /home/airflow/.local/lib/python3.12/site-packages/airflow/example_dags/example_dag_decorator.py
[2026-06-23T03:11:18.898+0000] {processor.py:830} INFO - Processing file /home/airflow/.local/lib/python3.12/site-packages/airflow/example_dags/example_dag_decorator.py for tasks to queue
[2026-06-23T03:11:18.900+0000] {logging_mixin.py:188} INFO - [2026-06-23T03:11:18.900+0000] {dagbag.py:545} INFO - Filling up the DagBag from /home/airflow/.local/lib/python3.12/site-packages/airflow/example_dags/example_dag_decorator.py
[2026-06-23T03:11:19.032+0000] {processor.py:840} INFO - DAG(s) 'example_dag_decorator' retrieved from /home/airflow/.local/lib/python3.12/site-packages/airflow/example_dags/example_dag_decorator.py
[2026-06-23T03:11:19.149+0000] {logging_mixin.py:188} INFO - [2026-06-23T03:11:19.148+0000] {dag.py:3096} INFO - Sync 1 DAGs
[2026-06-23T03:11:19.162+0000] {logging_mixin.py:188} INFO - [2026-06-23T03:11:19.162+0000] {dag.py:3954} INFO - Setting next_dagrun for example_dag_decorator to None, run_after=None
[2026-06-23T03:11:19.197+0000] {processor.py:183} INFO - Processing /home/airflow/.local/lib/python3.12/site-packages/airflow/example_dags/example_dag_decorator.py took 0.307 seconds
[2026-06-23T03:11:49.469+0000] {processor.py:161} INFO - Started process (PID=4061) to work on /home/airflow/.local/lib/python3.12/site-packages/airflow/example_dags/example_dag_decorator.py
[2026-06-23T03:11:49.471+0000] {processor.py:830} INFO - Processing file /home/airflow/.local/lib/python3.12/site-packages/airflow/example_dags/example_dag_decorator.py for tasks to queue
[2026-06-23T03:11:49.474+0000] {logging_mixin.py:188} INFO - [2026-06-23T03:11:49.474+0000] {dagbag.py:545} INFO - Filling up the DagBag from /home/airflow/.local/lib/python3.12/site-packages/airflow/example_dags/example_dag_decorator.py
[2026-06-23T03:11:49.584+0000] {processor.py:840} INFO - DAG(s) 'example_dag_decorator' retrieved from /home/airflow/.local/lib/python3.12/site-packages/airflow/example_dags/example_dag_decorator.py
[2026-06-23T03:11:49.613+0000] {logging_mixin.py:188} INFO - [2026-06-23T03:11:49.613+0000] {dag.py:3096} INFO - Sync 1 DAGs
[2026-06-23T03:11:49.628+0000] {logging_mixin.py:188} INFO - [2026-06-23T03:11:49.628+0000] {dag.py:3954} INFO - Setting next_dagrun for example_dag_decorator to None, run_after=None
[2026-06-23T03:11:49.658+0000] {processor.py:183} INFO - Processing /home/airflow/.local/lib/python3.12/site-packages/airflow/example_dags/example_dag_decorator.py took 0.195 seconds
[2026-06-23T03:12:19.742+0000] {processor.py:161} INFO - Started process (PID=4329) to work on /home/airflow/.local/lib/python3.12/site-packages/airflow/example_dags/example_dag_decorator.py
[2026-06-23T03:12:19.745+0000] {processor.py:830} INFO - Processing file /home/airflow/.local/lib/python3.12/site-packages/airflow/example_dags/example_dag_decorator.py for tasks to queue
[2026-06-23T03:12:19.748+0000] {logging_mixin.py:188} INFO - [2026-06-23T03:12:19.748+0000] {dagbag.py:545} INFO - Filling up the DagBag from /home/airflow/.local/lib/python3.12/site-packages/airflow/example_dags/example_dag_decorator.py
[2026-06-23T03:12:19.878+0000] {processor.py:840} INFO - DAG(s) 'example_dag_decorator' retrieved from /home/airflow/.local/lib/python3.12/site-packages/airflow/example_dags/example_dag_decorator.py
[2026-06-23T03:12:19.913+0000] {logging_mixin.py:188} INFO - [2026-06-23T03:12:19.912+0000] {dag.py:3096} INFO - Sync 1 DAGs
[2026-06-23T03:12:19.928+0000] {logging_mixin.py:188} INFO - [2026-06-23T03:12:19.927+0000] {dag.py:3954} INFO - Setting next_dagrun for example_dag_decorator to None, run_after=None
[2026-06-23T03:12:19.957+0000] {processor.py:183} INFO - Processing /home/airflow/.local/lib/python3.12/site-packages/airflow/example_dags/example_dag_decorator.py took 0.222 seconds
[2026-06-23T03:12:50.176+0000] {processor.py:161} INFO - Started process (PID=4601) to work on /home/airflow/.local/lib/python3.12/site-packages/airflow/example_dags/example_dag_decorator.py
[2026-06-23T03:12:50.177+0000] {processor.py:830} INFO - Processing file /home/airflow/.local/lib/python3.12/site-packages/airflow/example_dags/example_dag_decorator.py for tasks to queue
[2026-06-23T03:12:50.180+0000] {logging_mixin.py:188} INFO - [2026-06-23T03:12:50.180+0000] {dagbag.py:545} INFO - Filling up the DagBag from /home/airflow/.local/lib/python3.12/site-packages/airflow/example_dags/example_dag_decorator.py
[2026-06-23T03:12:50.278+0000] {processor.py:840} INFO - DAG(s) 'example_dag_decorator' retrieved from /home/airflow/.local/lib/python3.12/site-packages/airflow/example_dags/example_dag_decorator.py
[2026-06-23T03:12:50.392+0000] {logging_mixin.py:188} INFO - [2026-06-23T03:12:50.391+0000] {dag.py:3096} INFO - Sync 1 DAGs
[2026-06-23T03:12:50.403+0000] {logging_mixin.py:188} INFO - [2026-06-23T03:12:50.403+0000] {dag.py:3954} INFO - Setting next_dagrun for example_dag_decorator to None, run_after=None
[2026-06-23T03:12:50.432+0000] {processor.py:183} INFO - Processing /home/airflow/.local/lib/python3.12/site-packages/airflow/example_dags/example_dag_decorator.py took 0.263 seconds
[2026-06-23T03:13:20.540+0000] {processor.py:161} INFO - Started process (PID=4863) to work on /home/airflow/.local/lib/python3.12/site-packages/airflow/example_dags/example_dag_decorator.py
[2026-06-23T03:13:20.542+0000] {processor.py:830} INFO - Processing file /home/airflow/.local/lib/python3.12/site-packages/airflow/example_dags/example_dag_decorator.py for tasks to queue
[2026-06-23T03:13:20.545+0000] {logging_mixin.py:188} INFO - [2026-06-23T03:13:20.544+0000] {dagbag.py:545} INFO - Filling up the DagBag from /home/airflow/.local/lib/python3.12/site-packages/airflow/example_dags/example_dag_decorator.py
[2026-06-23T03:13:20.641+0000] {processor.py:840} INFO - DAG(s) 'example_dag_decorator' retrieved from /home/airflow/.local/lib/python3.12/site-packages/airflow/example_dags/example_dag_decorator.py
[2026-06-23T03:13:20.763+0000] {logging_mixin.py:188} INFO - [2026-06-23T03:13:20.763+0000] {dag.py:3096} INFO - Sync 1 DAGs
[2026-06-23T03:13:20.775+0000] {logging_mixin.py:188} INFO - [2026-06-23T03:13:20.775+0000] {dag.py:3954} INFO - Setting next_dagrun for example_dag_decorator to None, run_after=None
[2026-06-23T03:13:20.805+0000] {processor.py:183} INFO - Processing /home/airflow/.local/lib/python3.12/site-packages/airflow/example_dags/example_dag_decorator.py took 0.271 seconds
[2026-06-23T03:13:50.875+0000] {processor.py:161} INFO - Started process (PID=5133) to work on /home/airflow/.local/lib/python3.12/site-packages/airflow/example_dags/example_dag_decorator.py
[2026-06-23T03:13:50.877+0000] {processor.py:830} INFO - Processing file /home/airflow/.local/lib/python3.12/site-packages/airflow/example_dags/example_dag_decorator.py for tasks to queue
[2026-06-23T03:13:50.881+0000] {logging_mixin.py:188} INFO - [2026-06-23T03:13:50.880+0000] {dagbag.py:545} INFO - Filling up the DagBag from /home/airflow/.local/lib/python3.12/site-packages/airflow/example_dags/example_dag_decorator.py
[2026-06-23T03:13:50.975+0000] {processor.py:840} INFO - DAG(s) 'example_dag_decorator' retrieved from /home/airflow/.local/lib/python3.12/site-packages/airflow/example_dags/example_dag_decorator.py
[2026-06-23T03:13:51.093+0000] {logging_mixin.py:188} INFO - [2026-06-23T03:13:51.093+0000] {dag.py:3096} INFO - Sync 1 DAGs
[2026-06-23T03:13:51.106+0000] {logging_mixin.py:188} INFO - [2026-06-23T03:13:51.106+0000] {dag.py:3954} INFO - Setting next_dagrun for example_dag_decorator to None, run_after=None
[2026-06-23T03:13:51.137+0000] {processor.py:183} INFO - Processing /home/airflow/.local/lib/python3.12/site-packages/airflow/example_dags/example_dag_decorator.py took 0.267 seconds
[2026-06-23T03:14:21.492+0000] {processor.py:161} INFO - Started process (PID=5397) to work on /home/airflow/.local/lib/python3.12/site-packages/airflow/example_dags/example_dag_decorator.py
[2026-06-23T03:14:21.493+0000] {processor.py:830} INFO - Processing file /home/airflow/.local/lib/python3.12/site-packages/airflow/example_dags/example_dag_decorator.py for tasks to queue
[2026-06-23T03:14:21.496+0000] {logging_mixin.py:188} INFO - [2026-06-23T03:14:21.495+0000] {dagbag.py:545} INFO - Filling up the DagBag from /home/airflow/.local/lib/python3.12/site-packages/airflow/example_dags/example_dag_decorator.py
[2026-06-23T03:14:21.593+0000] {processor.py:840} INFO - DAG(s) 'example_dag_decorator' retrieved from /home/airflow/.local/lib/python3.12/site-packages/airflow/example_dags/example_dag_decorator.py
[2026-06-23T03:14:21.715+0000] {logging_mixin.py:188} INFO - [2026-06-23T03:14:21.715+0000] {dag.py:3096} INFO - Sync 1 DAGs
[2026-06-23T03:14:21.730+0000] {logging_mixin.py:188} INFO - [2026-06-23T03:14:21.730+0000] {dag.py:3954} INFO - Setting next_dagrun for example_dag_decorator to None, run_after=None
[2026-06-23T03:14:21.765+0000] {processor.py:183} INFO - Processing /home/airflow/.local/lib/python3.12/site-packages/airflow/example_dags/example_dag_decorator.py took 0.279 seconds
[2026-06-23T03:14:51.890+0000] {processor.py:161} INFO - Started process (PID=5669) to work on /home/airflow/.local/lib/python3.12/site-packages/airflow/example_dags/example_dag_decorator.py
[2026-06-23T03:14:51.891+0000] {processor.py:830} INFO - Processing file /home/airflow/.local/lib/python3.12/site-packages/airflow/example_dags/example_dag_decorator.py for tasks to queue
[2026-06-23T03:14:51.894+0000] {logging_mixin.py:188} INFO - [2026-06-23T03:14:51.893+0000] {dagbag.py:545} INFO - Filling up the DagBag from /home/airflow/.local/lib/python3.12/site-packages/airflow/example_dags/example_dag_decorator.py
[2026-06-23T03:14:51.989+0000] {processor.py:840} INFO - DAG(s) 'example_dag_decorator' retrieved from /home/airflow/.local/lib/python3.12/site-packages/airflow/example_dags/example_dag_decorator.py
[2026-06-23T03:14:52.103+0000] {logging_mixin.py:188} INFO - [2026-06-23T03:14:52.102+0000] {dag.py:3096} INFO - Sync 1 DAGs
[2026-06-23T03:14:52.117+0000] {logging_mixin.py:188} INFO - [2026-06-23T03:14:52.116+0000] {dag.py:3954} INFO - Setting next_dagrun for example_dag_decorator to None, run_after=None
[2026-06-23T03:14:52.293+0000] {processor.py:183} INFO - Processing /home/airflow/.local/lib/python3.12/site-packages/airflow/example_dags/example_dag_decorator.py took 0.410 seconds
[2026-06-23T03:15:22.370+0000] {processor.py:161} INFO - Started process (PID=5936) to work on /home/airflow/.local/lib/python3.12/site-packages/airflow/example_dags/example_dag_decorator.py
[2026-06-23T03:15:22.371+0000] {processor.py:830} INFO - Processing file /home/airflow/.local/lib/python3.12/site-packages/airflow/example_dags/example_dag_decorator.py for tasks to queue
[2026-06-23T03:15:22.374+0000] {logging_mixin.py:188} INFO - [2026-06-23T03:15:22.373+0000] {dagbag.py:545} INFO - Filling up the DagBag from /home/airflow/.local/lib/python3.12/site-packages/airflow/example_dags/example_dag_decorator.py
[2026-06-23T03:15:22.473+0000] {processor.py:840} INFO - DAG(s) 'example_dag_decorator' retrieved from /home/airflow/.local/lib/python3.12/site-packages/airflow/example_dags/example_dag_decorator.py
[2026-06-23T03:15:22.504+0000] {logging_mixin.py:188} INFO - [2026-06-23T03:15:22.504+0000] {dag.py:3096} INFO - Sync 1 DAGs
[2026-06-23T03:15:22.519+0000] {logging_mixin.py:188} INFO - [2026-06-23T03:15:22.519+0000] {dag.py:3954} INFO - Setting next_dagrun for example_dag_decorator to None, run_after=None
[2026-06-23T03:15:22.551+0000] {processor.py:183} INFO - Processing /home/airflow/.local/lib/python3.12/site-packages/airflow/example_dags/example_dag_decorator.py took 0.190 seconds
[2026-06-23T03:15:52.641+0000] {processor.py:161} INFO - Started process (PID=6203) to work on /home/airflow/.local/lib/python3.12/site-packages/airflow/example_dags/example_dag_decorator.py
[2026-06-23T03:15:52.643+0000] {processor.py:830} INFO - Processing file /home/airflow/.local/lib/python3.12/site-packages/airflow/example_dags/example_dag_decorator.py for tasks to queue
[2026-06-23T03:15:52.646+0000] {logging_mixin.py:188} INFO - [2026-06-23T03:15:52.646+0000] {dagbag.py:545} INFO - Filling up the DagBag from /home/airflow/.local/lib/python3.12/site-packages/airflow/example_dags/example_dag_decorator.py
[2026-06-23T03:15:52.767+0000] {processor.py:840} INFO - DAG(s) 'example_dag_decorator' retrieved from /home/airflow/.local/lib/python3.12/site-packages/airflow/example_dags/example_dag_decorator.py
[2026-06-23T03:15:52.894+0000] {logging_mixin.py:188} INFO - [2026-06-23T03:15:52.894+0000] {dag.py:3096} INFO - Sync 1 DAGs
[2026-06-23T03:15:52.907+0000] {logging_mixin.py:188} INFO - [2026-06-23T03:15:52.906+0000] {dag.py:3954} INFO - Setting next_dagrun for example_dag_decorator to None, run_after=None
[2026-06-23T03:15:53.142+0000] {processor.py:183} INFO - Processing /home/airflow/.local/lib/python3.12/site-packages/airflow/example_dags/example_dag_decorator.py took 0.508 seconds
[2026-06-23T03:16:23.886+0000] {processor.py:161} INFO - Started process (PID=6470) to work on /home/airflow/.local/lib/python3.12/site-packages/airflow/example_dags/example_dag_decorator.py
[2026-06-23T03:16:23.888+0000] {processor.py:830} INFO - Processing file /home/airflow/.local/lib/python3.12/site-packages/airflow/example_dags/example_dag_decorator.py for tasks to queue
[2026-06-23T03:16:23.891+0000] {logging_mixin.py:188} INFO - [2026-06-23T03:16:23.890+0000] {dagbag.py:545} INFO - Filling up the DagBag from /home/airflow/.local/lib/python3.12/site-packages/airflow/example_dags/example_dag_decorator.py
[2026-06-23T03:16:23.987+0000] {processor.py:840} INFO - DAG(s) 'example_dag_decorator' retrieved from /home/airflow/.local/lib/python3.12/site-packages/airflow/example_dags/example_dag_decorator.py
[2026-06-23T03:16:24.107+0000] {logging_mixin.py:188} INFO - [2026-06-23T03:16:24.107+0000] {dag.py:3096} INFO - Sync 1 DAGs
[2026-06-23T03:16:24.123+0000] {logging_mixin.py:188} INFO - [2026-06-23T03:16:24.123+0000] {dag.py:3954} INFO - Setting next_dagrun for example_dag_decorator to None, run_after=None
[2026-06-23T03:16:24.335+0000] {processor.py:183} INFO - Processing /home/airflow/.local/lib/python3.12/site-packages/airflow/example_dags/example_dag_decorator.py took 0.455 seconds
[2026-06-23T03:16:54.420+0000] {processor.py:161} INFO - Started process (PID=6742) to work on /home/airflow/.local/lib/python3.12/site-packages/airflow/example_dags/example_dag_decorator.py
[2026-06-23T03:16:54.422+0000] {processor.py:830} INFO - Processing file /home/airflow/.local/lib/python3.12/site-packages/airflow/example_dags/example_dag_decorator.py for tasks to queue
[2026-06-23T03:16:54.425+0000] {logging_mixin.py:188} INFO - [2026-06-23T03:16:54.424+0000] {dagbag.py:545} INFO - Filling up the DagBag from /home/airflow/.local/lib/python3.12/site-packages/airflow/example_dags/example_dag_decorator.py
[2026-06-23T03:16:54.534+0000] {processor.py:840} INFO - DAG(s) 'example_dag_decorator' retrieved from /home/airflow/.local/lib/python3.12/site-packages/airflow/example_dags/example_dag_decorator.py
[2026-06-23T03:16:54.669+0000] {logging_mixin.py:188} INFO - [2026-06-23T03:16:54.668+0000] {dag.py:3096} INFO - Sync 1 DAGs
[2026-06-23T03:16:54.682+0000] {logging_mixin.py:188} INFO - [2026-06-23T03:16:54.682+0000] {dag.py:3954} INFO - Setting next_dagrun for example_dag_decorator to None, run_after=None
[2026-06-23T03:16:54.717+0000] {processor.py:183} INFO - Processing /home/airflow/.local/lib/python3.12/site-packages/airflow/example_dags/example_dag_decorator.py took 0.305 seconds
