[2026-06-23T02:46:56.986+0000] {processor.py:161} INFO - Started process (PID=81) to work on /home/airflow/.local/lib/python3.12/site-packages/airflow/example_dags/example_bash_operator.py
[2026-06-23T02:46:56.987+0000] {processor.py:830} INFO - Processing file /home/airflow/.local/lib/python3.12/site-packages/airflow/example_dags/example_bash_operator.py for tasks to queue
[2026-06-23T02:46:56.992+0000] {logging_mixin.py:188} INFO - [2026-06-23T02:46:56.991+0000] {dagbag.py:545} INFO - Filling up the DagBag from /home/airflow/.local/lib/python3.12/site-packages/airflow/example_dags/example_bash_operator.py
[2026-06-23T02:46:57.019+0000] {processor.py:840} INFO - DAG(s) 'example_bash_operator' retrieved from /home/airflow/.local/lib/python3.12/site-packages/airflow/example_dags/example_bash_operator.py
[2026-06-23T02:46:57.202+0000] {logging_mixin.py:188} INFO - [2026-06-23T02:46:57.202+0000] {dag.py:3096} INFO - Sync 1 DAGs
[2026-06-23T02:46:57.238+0000] {logging_mixin.py:188} INFO - [2026-06-23T02:46:57.237+0000] {dag.py:3954} INFO - Setting next_dagrun for example_bash_operator to 2026-06-22 00:00:00+00:00, run_after=2026-06-23 00:00:00+00:00
[2026-06-23T02:46:57.275+0000] {processor.py:183} INFO - Processing /home/airflow/.local/lib/python3.12/site-packages/airflow/example_dags/example_bash_operator.py took 0.299 seconds
[2026-06-23T02:47:27.421+0000] {processor.py:161} INFO - Started process (PID=140) to work on /home/airflow/.local/lib/python3.12/site-packages/airflow/example_dags/example_bash_operator.py
[2026-06-23T02:47:27.424+0000] {processor.py:830} INFO - Processing file /home/airflow/.local/lib/python3.12/site-packages/airflow/example_dags/example_bash_operator.py for tasks to queue
[2026-06-23T02:47:27.429+0000] {logging_mixin.py:188} INFO - [2026-06-23T02:47:27.428+0000] {dagbag.py:545} INFO - Filling up the DagBag from /home/airflow/.local/lib/python3.12/site-packages/airflow/example_dags/example_bash_operator.py
[2026-06-23T02:47:27.447+0000] {processor.py:840} INFO - DAG(s) 'example_bash_operator' retrieved from /home/airflow/.local/lib/python3.12/site-packages/airflow/example_dags/example_bash_operator.py
[2026-06-23T02:47:27.498+0000] {logging_mixin.py:188} INFO - [2026-06-23T02:47:27.498+0000] {dag.py:3096} INFO - Sync 1 DAGs
[2026-06-23T02:47:27.534+0000] {logging_mixin.py:188} INFO - [2026-06-23T02:47:27.533+0000] {dag.py:3954} INFO - Setting next_dagrun for example_bash_operator to 2026-06-22 00:00:00+00:00, run_after=2026-06-23 00:00:00+00:00
[2026-06-23T02:47:27.574+0000] {processor.py:183} INFO - Processing /home/airflow/.local/lib/python3.12/site-packages/airflow/example_dags/example_bash_operator.py took 0.163 seconds
[2026-06-23T02:47:58.060+0000] {processor.py:161} INFO - Started process (PID=199) to work on /home/airflow/.local/lib/python3.12/site-packages/airflow/example_dags/example_bash_operator.py
[2026-06-23T02:47:58.062+0000] {processor.py:830} INFO - Processing file /home/airflow/.local/lib/python3.12/site-packages/airflow/example_dags/example_bash_operator.py for tasks to queue
[2026-06-23T02:47:58.064+0000] {logging_mixin.py:188} INFO - [2026-06-23T02:47:58.064+0000] {dagbag.py:545} INFO - Filling up the DagBag from /home/airflow/.local/lib/python3.12/site-packages/airflow/example_dags/example_bash_operator.py
[2026-06-23T02:47:58.090+0000] {processor.py:840} INFO - DAG(s) 'example_bash_operator' retrieved from /home/airflow/.local/lib/python3.12/site-packages/airflow/example_dags/example_bash_operator.py
[2026-06-23T02:47:58.133+0000] {logging_mixin.py:188} INFO - [2026-06-23T02:47:58.133+0000] {dag.py:3096} INFO - Sync 1 DAGs
[2026-06-23T02:47:58.168+0000] {logging_mixin.py:188} INFO - [2026-06-23T02:47:58.168+0000] {dag.py:3954} INFO - Setting next_dagrun for example_bash_operator to 2026-06-22 00:00:00+00:00, run_after=2026-06-23 00:00:00+00:00
[2026-06-23T02:47:58.201+0000] {processor.py:183} INFO - Processing /home/airflow/.local/lib/python3.12/site-packages/airflow/example_dags/example_bash_operator.py took 0.150 seconds
[2026-06-23T02:48:28.754+0000] {processor.py:161} INFO - Started process (PID=258) to work on /home/airflow/.local/lib/python3.12/site-packages/airflow/example_dags/example_bash_operator.py
[2026-06-23T02:48:28.757+0000] {processor.py:830} INFO - Processing file /home/airflow/.local/lib/python3.12/site-packages/airflow/example_dags/example_bash_operator.py for tasks to queue
[2026-06-23T02:48:28.762+0000] {logging_mixin.py:188} INFO - [2026-06-23T02:48:28.761+0000] {dagbag.py:545} INFO - Filling up the DagBag from /home/airflow/.local/lib/python3.12/site-packages/airflow/example_dags/example_bash_operator.py
[2026-06-23T02:48:28.784+0000] {processor.py:840} INFO - DAG(s) 'example_bash_operator' retrieved from /home/airflow/.local/lib/python3.12/site-packages/airflow/example_dags/example_bash_operator.py
[2026-06-23T02:48:28.848+0000] {logging_mixin.py:188} INFO - [2026-06-23T02:48:28.847+0000] {dag.py:3096} INFO - Sync 1 DAGs
[2026-06-23T02:48:28.897+0000] {logging_mixin.py:188} INFO - [2026-06-23T02:48:28.897+0000] {dag.py:3954} INFO - Setting next_dagrun for example_bash_operator to 2026-06-22 00:00:00+00:00, run_after=2026-06-23 00:00:00+00:00
[2026-06-23T02:48:28.942+0000] {processor.py:183} INFO - Processing /home/airflow/.local/lib/python3.12/site-packages/airflow/example_dags/example_bash_operator.py took 0.198 seconds
[2026-06-23T02:48:59.417+0000] {processor.py:161} INFO - Started process (PID=318) to work on /home/airflow/.local/lib/python3.12/site-packages/airflow/example_dags/example_bash_operator.py
[2026-06-23T02:48:59.419+0000] {processor.py:830} INFO - Processing file /home/airflow/.local/lib/python3.12/site-packages/airflow/example_dags/example_bash_operator.py for tasks to queue
[2026-06-23T02:48:59.422+0000] {logging_mixin.py:188} INFO - [2026-06-23T02:48:59.422+0000] {dagbag.py:545} INFO - Filling up the DagBag from /home/airflow/.local/lib/python3.12/site-packages/airflow/example_dags/example_bash_operator.py
[2026-06-23T02:48:59.440+0000] {processor.py:840} INFO - DAG(s) 'example_bash_operator' retrieved from /home/airflow/.local/lib/python3.12/site-packages/airflow/example_dags/example_bash_operator.py
[2026-06-23T02:48:59.498+0000] {logging_mixin.py:188} INFO - [2026-06-23T02:48:59.497+0000] {dag.py:3096} INFO - Sync 1 DAGs
[2026-06-23T02:48:59.540+0000] {logging_mixin.py:188} INFO - [2026-06-23T02:48:59.540+0000] {dag.py:3954} INFO - Setting next_dagrun for example_bash_operator to 2026-06-22 00:00:00+00:00, run_after=2026-06-23 00:00:00+00:00
[2026-06-23T02:48:59.580+0000] {processor.py:183} INFO - Processing /home/airflow/.local/lib/python3.12/site-packages/airflow/example_dags/example_bash_operator.py took 0.173 seconds
[2026-06-23T02:49:29.916+0000] {processor.py:161} INFO - Started process (PID=377) to work on /home/airflow/.local/lib/python3.12/site-packages/airflow/example_dags/example_bash_operator.py
[2026-06-23T02:49:29.918+0000] {processor.py:830} INFO - Processing file /home/airflow/.local/lib/python3.12/site-packages/airflow/example_dags/example_bash_operator.py for tasks to queue
[2026-06-23T02:49:29.923+0000] {logging_mixin.py:188} INFO - [2026-06-23T02:49:29.922+0000] {dagbag.py:545} INFO - Filling up the DagBag from /home/airflow/.local/lib/python3.12/site-packages/airflow/example_dags/example_bash_operator.py
[2026-06-23T02:49:29.948+0000] {processor.py:840} INFO - DAG(s) 'example_bash_operator' retrieved from /home/airflow/.local/lib/python3.12/site-packages/airflow/example_dags/example_bash_operator.py
[2026-06-23T02:49:29.998+0000] {logging_mixin.py:188} INFO - [2026-06-23T02:49:29.998+0000] {dag.py:3096} INFO - Sync 1 DAGs
[2026-06-23T02:49:30.043+0000] {logging_mixin.py:188} INFO - [2026-06-23T02:49:30.043+0000] {dag.py:3954} INFO - Setting next_dagrun for example_bash_operator to 2026-06-22 00:00:00+00:00, run_after=2026-06-23 00:00:00+00:00
[2026-06-23T02:49:30.080+0000] {processor.py:183} INFO - Processing /home/airflow/.local/lib/python3.12/site-packages/airflow/example_dags/example_bash_operator.py took 0.174 seconds
[2026-06-23T02:50:01.298+0000] {processor.py:161} INFO - Started process (PID=438) to work on /home/airflow/.local/lib/python3.12/site-packages/airflow/example_dags/example_bash_operator.py
[2026-06-23T02:50:01.300+0000] {processor.py:830} INFO - Processing file /home/airflow/.local/lib/python3.12/site-packages/airflow/example_dags/example_bash_operator.py for tasks to queue
[2026-06-23T02:50:01.303+0000] {logging_mixin.py:188} INFO - [2026-06-23T02:50:01.302+0000] {dagbag.py:545} INFO - Filling up the DagBag from /home/airflow/.local/lib/python3.12/site-packages/airflow/example_dags/example_bash_operator.py
[2026-06-23T02:50:01.325+0000] {processor.py:840} INFO - DAG(s) 'example_bash_operator' retrieved from /home/airflow/.local/lib/python3.12/site-packages/airflow/example_dags/example_bash_operator.py
[2026-06-23T02:50:01.376+0000] {logging_mixin.py:188} INFO - [2026-06-23T02:50:01.375+0000] {dag.py:3096} INFO - Sync 1 DAGs
[2026-06-23T02:50:01.418+0000] {logging_mixin.py:188} INFO - [2026-06-23T02:50:01.417+0000] {dag.py:3954} INFO - Setting next_dagrun for example_bash_operator to 2026-06-22 00:00:00+00:00, run_after=2026-06-23 00:00:00+00:00
[2026-06-23T02:50:01.459+0000] {processor.py:183} INFO - Processing /home/airflow/.local/lib/python3.12/site-packages/airflow/example_dags/example_bash_operator.py took 0.172 seconds
[2026-06-23T02:50:32.504+0000] {processor.py:161} INFO - Started process (PID=497) to work on /home/airflow/.local/lib/python3.12/site-packages/airflow/example_dags/example_bash_operator.py
[2026-06-23T02:50:32.506+0000] {processor.py:830} INFO - Processing file /home/airflow/.local/lib/python3.12/site-packages/airflow/example_dags/example_bash_operator.py for tasks to queue
[2026-06-23T02:50:32.510+0000] {logging_mixin.py:188} INFO - [2026-06-23T02:50:32.509+0000] {dagbag.py:545} INFO - Filling up the DagBag from /home/airflow/.local/lib/python3.12/site-packages/airflow/example_dags/example_bash_operator.py
[2026-06-23T02:50:32.537+0000] {processor.py:840} INFO - DAG(s) 'example_bash_operator' retrieved from /home/airflow/.local/lib/python3.12/site-packages/airflow/example_dags/example_bash_operator.py
[2026-06-23T02:50:32.607+0000] {logging_mixin.py:188} INFO - [2026-06-23T02:50:32.606+0000] {dag.py:3096} INFO - Sync 1 DAGs
[2026-06-23T02:50:32.653+0000] {logging_mixin.py:188} INFO - [2026-06-23T02:50:32.653+0000] {dag.py:3954} INFO - Setting next_dagrun for example_bash_operator to 2026-06-22 00:00:00+00:00, run_after=2026-06-23 00:00:00+00:00
[2026-06-23T02:50:32.689+0000] {processor.py:183} INFO - Processing /home/airflow/.local/lib/python3.12/site-packages/airflow/example_dags/example_bash_operator.py took 0.195 seconds
[2026-06-23T02:51:03.251+0000] {processor.py:161} INFO - Started process (PID=558) to work on /home/airflow/.local/lib/python3.12/site-packages/airflow/example_dags/example_bash_operator.py
[2026-06-23T02:51:03.254+0000] {processor.py:830} INFO - Processing file /home/airflow/.local/lib/python3.12/site-packages/airflow/example_dags/example_bash_operator.py for tasks to queue
[2026-06-23T02:51:03.260+0000] {logging_mixin.py:188} INFO - [2026-06-23T02:51:03.259+0000] {dagbag.py:545} INFO - Filling up the DagBag from /home/airflow/.local/lib/python3.12/site-packages/airflow/example_dags/example_bash_operator.py
[2026-06-23T02:51:03.294+0000] {processor.py:840} INFO - DAG(s) 'example_bash_operator' retrieved from /home/airflow/.local/lib/python3.12/site-packages/airflow/example_dags/example_bash_operator.py
[2026-06-23T02:51:03.373+0000] {logging_mixin.py:188} INFO - [2026-06-23T02:51:03.373+0000] {dag.py:3096} INFO - Sync 1 DAGs
[2026-06-23T02:51:03.419+0000] {logging_mixin.py:188} INFO - [2026-06-23T02:51:03.418+0000] {dag.py:3954} INFO - Setting next_dagrun for example_bash_operator to 2026-06-22 00:00:00+00:00, run_after=2026-06-23 00:00:00+00:00
[2026-06-23T02:51:03.456+0000] {processor.py:183} INFO - Processing /home/airflow/.local/lib/python3.12/site-packages/airflow/example_dags/example_bash_operator.py took 0.228 seconds
[2026-06-23T02:51:33.569+0000] {processor.py:161} INFO - Started process (PID=618) to work on /home/airflow/.local/lib/python3.12/site-packages/airflow/example_dags/example_bash_operator.py
[2026-06-23T02:51:33.571+0000] {processor.py:830} INFO - Processing file /home/airflow/.local/lib/python3.12/site-packages/airflow/example_dags/example_bash_operator.py for tasks to queue
[2026-06-23T02:51:33.575+0000] {logging_mixin.py:188} INFO - [2026-06-23T02:51:33.574+0000] {dagbag.py:545} INFO - Filling up the DagBag from /home/airflow/.local/lib/python3.12/site-packages/airflow/example_dags/example_bash_operator.py
[2026-06-23T02:51:33.588+0000] {processor.py:840} INFO - DAG(s) 'example_bash_operator' retrieved from /home/airflow/.local/lib/python3.12/site-packages/airflow/example_dags/example_bash_operator.py
[2026-06-23T02:51:33.631+0000] {logging_mixin.py:188} INFO - [2026-06-23T02:51:33.630+0000] {dag.py:3096} INFO - Sync 1 DAGs
[2026-06-23T02:51:33.664+0000] {logging_mixin.py:188} INFO - [2026-06-23T02:51:33.664+0000] {dag.py:3954} INFO - Setting next_dagrun for example_bash_operator to 2026-06-22 00:00:00+00:00, run_after=2026-06-23 00:00:00+00:00
[2026-06-23T02:51:33.698+0000] {processor.py:183} INFO - Processing /home/airflow/.local/lib/python3.12/site-packages/airflow/example_dags/example_bash_operator.py took 0.137 seconds
[2026-06-23T02:52:03.848+0000] {processor.py:161} INFO - Started process (PID=677) to work on /home/airflow/.local/lib/python3.12/site-packages/airflow/example_dags/example_bash_operator.py
[2026-06-23T02:52:03.850+0000] {processor.py:830} INFO - Processing file /home/airflow/.local/lib/python3.12/site-packages/airflow/example_dags/example_bash_operator.py for tasks to queue
[2026-06-23T02:52:03.852+0000] {logging_mixin.py:188} INFO - [2026-06-23T02:52:03.852+0000] {dagbag.py:545} INFO - Filling up the DagBag from /home/airflow/.local/lib/python3.12/site-packages/airflow/example_dags/example_bash_operator.py
[2026-06-23T02:52:03.866+0000] {processor.py:840} INFO - DAG(s) 'example_bash_operator' retrieved from /home/airflow/.local/lib/python3.12/site-packages/airflow/example_dags/example_bash_operator.py
[2026-06-23T02:52:03.903+0000] {logging_mixin.py:188} INFO - [2026-06-23T02:52:03.902+0000] {dag.py:3096} INFO - Sync 1 DAGs
[2026-06-23T02:52:03.931+0000] {logging_mixin.py:188} INFO - [2026-06-23T02:52:03.930+0000] {dag.py:3954} INFO - Setting next_dagrun for example_bash_operator to 2026-06-22 00:00:00+00:00, run_after=2026-06-23 00:00:00+00:00
[2026-06-23T02:52:03.956+0000] {processor.py:183} INFO - Processing /home/airflow/.local/lib/python3.12/site-packages/airflow/example_dags/example_bash_operator.py took 0.115 seconds
[2026-06-23T02:52:34.221+0000] {processor.py:161} INFO - Started process (PID=736) to work on /home/airflow/.local/lib/python3.12/site-packages/airflow/example_dags/example_bash_operator.py
[2026-06-23T02:52:34.223+0000] {processor.py:830} INFO - Processing file /home/airflow/.local/lib/python3.12/site-packages/airflow/example_dags/example_bash_operator.py for tasks to queue
[2026-06-23T02:52:34.226+0000] {logging_mixin.py:188} INFO - [2026-06-23T02:52:34.226+0000] {dagbag.py:545} INFO - Filling up the DagBag from /home/airflow/.local/lib/python3.12/site-packages/airflow/example_dags/example_bash_operator.py
[2026-06-23T02:52:34.239+0000] {processor.py:840} INFO - DAG(s) 'example_bash_operator' retrieved from /home/airflow/.local/lib/python3.12/site-packages/airflow/example_dags/example_bash_operator.py
[2026-06-23T02:52:34.277+0000] {logging_mixin.py:188} INFO - [2026-06-23T02:52:34.277+0000] {dag.py:3096} INFO - Sync 1 DAGs
[2026-06-23T02:52:34.304+0000] {logging_mixin.py:188} INFO - [2026-06-23T02:52:34.304+0000] {dag.py:3954} INFO - Setting next_dagrun for example_bash_operator to 2026-06-22 00:00:00+00:00, run_after=2026-06-23 00:00:00+00:00
[2026-06-23T02:52:34.331+0000] {processor.py:183} INFO - Processing /home/airflow/.local/lib/python3.12/site-packages/airflow/example_dags/example_bash_operator.py took 0.116 seconds
[2026-06-23T02:53:04.382+0000] {processor.py:161} INFO - Started process (PID=794) to work on /home/airflow/.local/lib/python3.12/site-packages/airflow/example_dags/example_bash_operator.py
[2026-06-23T02:53:04.383+0000] {processor.py:830} INFO - Processing file /home/airflow/.local/lib/python3.12/site-packages/airflow/example_dags/example_bash_operator.py for tasks to queue
[2026-06-23T02:53:04.387+0000] {logging_mixin.py:188} INFO - [2026-06-23T02:53:04.386+0000] {dagbag.py:545} INFO - Filling up the DagBag from /home/airflow/.local/lib/python3.12/site-packages/airflow/example_dags/example_bash_operator.py
[2026-06-23T02:53:04.401+0000] {processor.py:840} INFO - DAG(s) 'example_bash_operator' retrieved from /home/airflow/.local/lib/python3.12/site-packages/airflow/example_dags/example_bash_operator.py
[2026-06-23T02:53:04.437+0000] {logging_mixin.py:188} INFO - [2026-06-23T02:53:04.437+0000] {dag.py:3096} INFO - Sync 1 DAGs
[2026-06-23T02:53:04.467+0000] {logging_mixin.py:188} INFO - [2026-06-23T02:53:04.466+0000] {dag.py:3954} INFO - Setting next_dagrun for example_bash_operator to 2026-06-22 00:00:00+00:00, run_after=2026-06-23 00:00:00+00:00
[2026-06-23T02:53:04.495+0000] {processor.py:183} INFO - Processing /home/airflow/.local/lib/python3.12/site-packages/airflow/example_dags/example_bash_operator.py took 0.120 seconds
[2026-06-23T02:53:34.937+0000] {processor.py:161} INFO - Started process (PID=853) to work on /home/airflow/.local/lib/python3.12/site-packages/airflow/example_dags/example_bash_operator.py
[2026-06-23T02:53:34.939+0000] {processor.py:830} INFO - Processing file /home/airflow/.local/lib/python3.12/site-packages/airflow/example_dags/example_bash_operator.py for tasks to queue
[2026-06-23T02:53:34.942+0000] {logging_mixin.py:188} INFO - [2026-06-23T02:53:34.942+0000] {dagbag.py:545} INFO - Filling up the DagBag from /home/airflow/.local/lib/python3.12/site-packages/airflow/example_dags/example_bash_operator.py
[2026-06-23T02:53:34.960+0000] {processor.py:840} INFO - DAG(s) 'example_bash_operator' retrieved from /home/airflow/.local/lib/python3.12/site-packages/airflow/example_dags/example_bash_operator.py
[2026-06-23T02:53:35.004+0000] {logging_mixin.py:188} INFO - [2026-06-23T02:53:35.004+0000] {dag.py:3096} INFO - Sync 1 DAGs
[2026-06-23T02:53:35.040+0000] {logging_mixin.py:188} INFO - [2026-06-23T02:53:35.039+0000] {dag.py:3954} INFO - Setting next_dagrun for example_bash_operator to 2026-06-22 00:00:00+00:00, run_after=2026-06-23 00:00:00+00:00
[2026-06-23T02:53:35.072+0000] {processor.py:183} INFO - Processing /home/airflow/.local/lib/python3.12/site-packages/airflow/example_dags/example_bash_operator.py took 0.145 seconds
[2026-06-23T02:54:05.450+0000] {processor.py:161} INFO - Started process (PID=912) to work on /home/airflow/.local/lib/python3.12/site-packages/airflow/example_dags/example_bash_operator.py
[2026-06-23T02:54:05.452+0000] {processor.py:830} INFO - Processing file /home/airflow/.local/lib/python3.12/site-packages/airflow/example_dags/example_bash_operator.py for tasks to queue
[2026-06-23T02:54:05.455+0000] {logging_mixin.py:188} INFO - [2026-06-23T02:54:05.454+0000] {dagbag.py:545} INFO - Filling up the DagBag from /home/airflow/.local/lib/python3.12/site-packages/airflow/example_dags/example_bash_operator.py
[2026-06-23T02:54:05.467+0000] {processor.py:840} INFO - DAG(s) 'example_bash_operator' retrieved from /home/airflow/.local/lib/python3.12/site-packages/airflow/example_dags/example_bash_operator.py
[2026-06-23T02:54:05.502+0000] {logging_mixin.py:188} INFO - [2026-06-23T02:54:05.501+0000] {dag.py:3096} INFO - Sync 1 DAGs
[2026-06-23T02:54:05.528+0000] {logging_mixin.py:188} INFO - [2026-06-23T02:54:05.528+0000] {dag.py:3954} INFO - Setting next_dagrun for example_bash_operator to 2026-06-22 00:00:00+00:00, run_after=2026-06-23 00:00:00+00:00
[2026-06-23T02:54:05.564+0000] {processor.py:183} INFO - Processing /home/airflow/.local/lib/python3.12/site-packages/airflow/example_dags/example_bash_operator.py took 0.119 seconds
[2026-06-23T02:54:35.907+0000] {processor.py:161} INFO - Started process (PID=972) to work on /home/airflow/.local/lib/python3.12/site-packages/airflow/example_dags/example_bash_operator.py
[2026-06-23T02:54:35.909+0000] {processor.py:830} INFO - Processing file /home/airflow/.local/lib/python3.12/site-packages/airflow/example_dags/example_bash_operator.py for tasks to queue
[2026-06-23T02:54:35.913+0000] {logging_mixin.py:188} INFO - [2026-06-23T02:54:35.912+0000] {dagbag.py:545} INFO - Filling up the DagBag from /home/airflow/.local/lib/python3.12/site-packages/airflow/example_dags/example_bash_operator.py
[2026-06-23T02:54:35.926+0000] {processor.py:840} INFO - DAG(s) 'example_bash_operator' retrieved from /home/airflow/.local/lib/python3.12/site-packages/airflow/example_dags/example_bash_operator.py
[2026-06-23T02:54:35.963+0000] {logging_mixin.py:188} INFO - [2026-06-23T02:54:35.963+0000] {dag.py:3096} INFO - Sync 1 DAGs
[2026-06-23T02:54:35.992+0000] {logging_mixin.py:188} INFO - [2026-06-23T02:54:35.991+0000] {dag.py:3954} INFO - Setting next_dagrun for example_bash_operator to 2026-06-22 00:00:00+00:00, run_after=2026-06-23 00:00:00+00:00
[2026-06-23T02:54:36.030+0000] {processor.py:183} INFO - Processing /home/airflow/.local/lib/python3.12/site-packages/airflow/example_dags/example_bash_operator.py took 0.130 seconds
[2026-06-23T02:55:06.357+0000] {processor.py:161} INFO - Started process (PID=1031) to work on /home/airflow/.local/lib/python3.12/site-packages/airflow/example_dags/example_bash_operator.py
[2026-06-23T02:55:06.359+0000] {processor.py:830} INFO - Processing file /home/airflow/.local/lib/python3.12/site-packages/airflow/example_dags/example_bash_operator.py for tasks to queue
[2026-06-23T02:55:06.362+0000] {logging_mixin.py:188} INFO - [2026-06-23T02:55:06.361+0000] {dagbag.py:545} INFO - Filling up the DagBag from /home/airflow/.local/lib/python3.12/site-packages/airflow/example_dags/example_bash_operator.py
[2026-06-23T02:55:06.375+0000] {processor.py:840} INFO - DAG(s) 'example_bash_operator' retrieved from /home/airflow/.local/lib/python3.12/site-packages/airflow/example_dags/example_bash_operator.py
[2026-06-23T02:55:06.412+0000] {logging_mixin.py:188} INFO - [2026-06-23T02:55:06.411+0000] {dag.py:3096} INFO - Sync 1 DAGs
[2026-06-23T02:55:06.441+0000] {logging_mixin.py:188} INFO - [2026-06-23T02:55:06.440+0000] {dag.py:3954} INFO - Setting next_dagrun for example_bash_operator to 2026-06-22 00:00:00+00:00, run_after=2026-06-23 00:00:00+00:00
[2026-06-23T02:55:06.479+0000] {processor.py:183} INFO - Processing /home/airflow/.local/lib/python3.12/site-packages/airflow/example_dags/example_bash_operator.py took 0.128 seconds
[2026-06-23T02:55:36.605+0000] {processor.py:161} INFO - Started process (PID=1090) to work on /home/airflow/.local/lib/python3.12/site-packages/airflow/example_dags/example_bash_operator.py
[2026-06-23T02:55:36.607+0000] {processor.py:830} INFO - Processing file /home/airflow/.local/lib/python3.12/site-packages/airflow/example_dags/example_bash_operator.py for tasks to queue
[2026-06-23T02:55:36.610+0000] {logging_mixin.py:188} INFO - [2026-06-23T02:55:36.609+0000] {dagbag.py:545} INFO - Filling up the DagBag from /home/airflow/.local/lib/python3.12/site-packages/airflow/example_dags/example_bash_operator.py
[2026-06-23T02:55:36.625+0000] {processor.py:840} INFO - DAG(s) 'example_bash_operator' retrieved from /home/airflow/.local/lib/python3.12/site-packages/airflow/example_dags/example_bash_operator.py
[2026-06-23T02:55:36.664+0000] {logging_mixin.py:188} INFO - [2026-06-23T02:55:36.663+0000] {dag.py:3096} INFO - Sync 1 DAGs
[2026-06-23T02:55:36.692+0000] {logging_mixin.py:188} INFO - [2026-06-23T02:55:36.692+0000] {dag.py:3954} INFO - Setting next_dagrun for example_bash_operator to 2026-06-22 00:00:00+00:00, run_after=2026-06-23 00:00:00+00:00
[2026-06-23T02:55:36.726+0000] {processor.py:183} INFO - Processing /home/airflow/.local/lib/python3.12/site-packages/airflow/example_dags/example_bash_operator.py took 0.129 seconds
[2026-06-23T02:56:06.981+0000] {processor.py:161} INFO - Started process (PID=1149) to work on /home/airflow/.local/lib/python3.12/site-packages/airflow/example_dags/example_bash_operator.py
[2026-06-23T02:56:06.983+0000] {processor.py:830} INFO - Processing file /home/airflow/.local/lib/python3.12/site-packages/airflow/example_dags/example_bash_operator.py for tasks to queue
[2026-06-23T02:56:06.987+0000] {logging_mixin.py:188} INFO - [2026-06-23T02:56:06.986+0000] {dagbag.py:545} INFO - Filling up the DagBag from /home/airflow/.local/lib/python3.12/site-packages/airflow/example_dags/example_bash_operator.py
[2026-06-23T02:56:06.999+0000] {processor.py:840} INFO - DAG(s) 'example_bash_operator' retrieved from /home/airflow/.local/lib/python3.12/site-packages/airflow/example_dags/example_bash_operator.py
[2026-06-23T02:56:07.032+0000] {logging_mixin.py:188} INFO - [2026-06-23T02:56:07.031+0000] {dag.py:3096} INFO - Sync 1 DAGs
[2026-06-23T02:56:07.058+0000] {logging_mixin.py:188} INFO - [2026-06-23T02:56:07.058+0000] {dag.py:3954} INFO - Setting next_dagrun for example_bash_operator to 2026-06-22 00:00:00+00:00, run_after=2026-06-23 00:00:00+00:00
[2026-06-23T02:56:07.085+0000] {processor.py:183} INFO - Processing /home/airflow/.local/lib/python3.12/site-packages/airflow/example_dags/example_bash_operator.py took 0.110 seconds
[2026-06-23T02:56:37.346+0000] {processor.py:161} INFO - Started process (PID=1209) to work on /home/airflow/.local/lib/python3.12/site-packages/airflow/example_dags/example_bash_operator.py
[2026-06-23T02:56:37.348+0000] {processor.py:830} INFO - Processing file /home/airflow/.local/lib/python3.12/site-packages/airflow/example_dags/example_bash_operator.py for tasks to queue
[2026-06-23T02:56:37.351+0000] {logging_mixin.py:188} INFO - [2026-06-23T02:56:37.350+0000] {dagbag.py:545} INFO - Filling up the DagBag from /home/airflow/.local/lib/python3.12/site-packages/airflow/example_dags/example_bash_operator.py
[2026-06-23T02:56:37.365+0000] {processor.py:840} INFO - DAG(s) 'example_bash_operator' retrieved from /home/airflow/.local/lib/python3.12/site-packages/airflow/example_dags/example_bash_operator.py
[2026-06-23T02:56:37.397+0000] {logging_mixin.py:188} INFO - [2026-06-23T02:56:37.397+0000] {dag.py:3096} INFO - Sync 1 DAGs
[2026-06-23T02:56:37.423+0000] {logging_mixin.py:188} INFO - [2026-06-23T02:56:37.422+0000] {dag.py:3954} INFO - Setting next_dagrun for example_bash_operator to 2026-06-22 00:00:00+00:00, run_after=2026-06-23 00:00:00+00:00
[2026-06-23T02:56:37.454+0000] {processor.py:183} INFO - Processing /home/airflow/.local/lib/python3.12/site-packages/airflow/example_dags/example_bash_operator.py took 0.115 seconds
[2026-06-23T02:57:07.686+0000] {processor.py:161} INFO - Started process (PID=1268) to work on /home/airflow/.local/lib/python3.12/site-packages/airflow/example_dags/example_bash_operator.py
[2026-06-23T02:57:07.688+0000] {processor.py:830} INFO - Processing file /home/airflow/.local/lib/python3.12/site-packages/airflow/example_dags/example_bash_operator.py for tasks to queue
[2026-06-23T02:57:07.691+0000] {logging_mixin.py:188} INFO - [2026-06-23T02:57:07.691+0000] {dagbag.py:545} INFO - Filling up the DagBag from /home/airflow/.local/lib/python3.12/site-packages/airflow/example_dags/example_bash_operator.py
[2026-06-23T02:57:07.706+0000] {processor.py:840} INFO - DAG(s) 'example_bash_operator' retrieved from /home/airflow/.local/lib/python3.12/site-packages/airflow/example_dags/example_bash_operator.py
[2026-06-23T02:57:07.747+0000] {logging_mixin.py:188} INFO - [2026-06-23T02:57:07.747+0000] {dag.py:3096} INFO - Sync 1 DAGs
[2026-06-23T02:57:07.778+0000] {logging_mixin.py:188} INFO - [2026-06-23T02:57:07.778+0000] {dag.py:3954} INFO - Setting next_dagrun for example_bash_operator to 2026-06-22 00:00:00+00:00, run_after=2026-06-23 00:00:00+00:00
[2026-06-23T02:57:07.808+0000] {processor.py:183} INFO - Processing /home/airflow/.local/lib/python3.12/site-packages/airflow/example_dags/example_bash_operator.py took 0.129 seconds
[2026-06-23T02:57:38.084+0000] {processor.py:161} INFO - Started process (PID=1327) to work on /home/airflow/.local/lib/python3.12/site-packages/airflow/example_dags/example_bash_operator.py
[2026-06-23T02:57:38.086+0000] {processor.py:830} INFO - Processing file /home/airflow/.local/lib/python3.12/site-packages/airflow/example_dags/example_bash_operator.py for tasks to queue
[2026-06-23T02:57:38.093+0000] {logging_mixin.py:188} INFO - [2026-06-23T02:57:38.092+0000] {dagbag.py:545} INFO - Filling up the DagBag from /home/airflow/.local/lib/python3.12/site-packages/airflow/example_dags/example_bash_operator.py
[2026-06-23T02:57:38.132+0000] {processor.py:840} INFO - DAG(s) 'example_bash_operator' retrieved from /home/airflow/.local/lib/python3.12/site-packages/airflow/example_dags/example_bash_operator.py
[2026-06-23T02:57:38.224+0000] {logging_mixin.py:188} INFO - [2026-06-23T02:57:38.221+0000] {dag.py:3096} INFO - Sync 1 DAGs
[2026-06-23T02:57:38.292+0000] {logging_mixin.py:188} INFO - [2026-06-23T02:57:38.292+0000] {dag.py:3954} INFO - Setting next_dagrun for example_bash_operator to 2026-06-22 00:00:00+00:00, run_after=2026-06-23 00:00:00+00:00
[2026-06-23T02:57:38.359+0000] {processor.py:183} INFO - Processing /home/airflow/.local/lib/python3.12/site-packages/airflow/example_dags/example_bash_operator.py took 0.293 seconds
[2026-06-23T02:58:52.482+0000] {processor.py:161} INFO - Started process (PID=1387) to work on /home/airflow/.local/lib/python3.12/site-packages/airflow/example_dags/example_bash_operator.py
[2026-06-23T02:58:52.483+0000] {processor.py:830} INFO - Processing file /home/airflow/.local/lib/python3.12/site-packages/airflow/example_dags/example_bash_operator.py for tasks to queue
[2026-06-23T02:58:52.486+0000] {logging_mixin.py:188} INFO - [2026-06-23T02:58:52.486+0000] {dagbag.py:545} INFO - Filling up the DagBag from /home/airflow/.local/lib/python3.12/site-packages/airflow/example_dags/example_bash_operator.py
[2026-06-23T02:58:52.500+0000] {processor.py:840} INFO - DAG(s) 'example_bash_operator' retrieved from /home/airflow/.local/lib/python3.12/site-packages/airflow/example_dags/example_bash_operator.py
[2026-06-23T02:58:52.540+0000] {logging_mixin.py:188} INFO - [2026-06-23T02:58:52.540+0000] {dag.py:3096} INFO - Sync 1 DAGs
[2026-06-23T02:58:52.569+0000] {logging_mixin.py:188} INFO - [2026-06-23T02:58:52.569+0000] {dag.py:3954} INFO - Setting next_dagrun for example_bash_operator to 2026-06-22 00:00:00+00:00, run_after=2026-06-23 00:00:00+00:00
[2026-06-23T02:58:52.599+0000] {processor.py:183} INFO - Processing /home/airflow/.local/lib/python3.12/site-packages/airflow/example_dags/example_bash_operator.py took 0.124 seconds
[2026-06-23T02:59:23.149+0000] {processor.py:161} INFO - Started process (PID=1446) to work on /home/airflow/.local/lib/python3.12/site-packages/airflow/example_dags/example_bash_operator.py
[2026-06-23T02:59:23.150+0000] {processor.py:830} INFO - Processing file /home/airflow/.local/lib/python3.12/site-packages/airflow/example_dags/example_bash_operator.py for tasks to queue
[2026-06-23T02:59:23.153+0000] {logging_mixin.py:188} INFO - [2026-06-23T02:59:23.153+0000] {dagbag.py:545} INFO - Filling up the DagBag from /home/airflow/.local/lib/python3.12/site-packages/airflow/example_dags/example_bash_operator.py
[2026-06-23T02:59:23.166+0000] {processor.py:840} INFO - DAG(s) 'example_bash_operator' retrieved from /home/airflow/.local/lib/python3.12/site-packages/airflow/example_dags/example_bash_operator.py
[2026-06-23T02:59:23.203+0000] {logging_mixin.py:188} INFO - [2026-06-23T02:59:23.202+0000] {dag.py:3096} INFO - Sync 1 DAGs
[2026-06-23T02:59:23.230+0000] {logging_mixin.py:188} INFO - [2026-06-23T02:59:23.230+0000] {dag.py:3954} INFO - Setting next_dagrun for example_bash_operator to 2026-06-22 00:00:00+00:00, run_after=2026-06-23 00:00:00+00:00
[2026-06-23T02:59:23.258+0000] {processor.py:183} INFO - Processing /home/airflow/.local/lib/python3.12/site-packages/airflow/example_dags/example_bash_operator.py took 0.116 seconds
[2026-06-23T02:59:54.183+0000] {processor.py:161} INFO - Started process (PID=1505) to work on /home/airflow/.local/lib/python3.12/site-packages/airflow/example_dags/example_bash_operator.py
[2026-06-23T02:59:54.185+0000] {processor.py:830} INFO - Processing file /home/airflow/.local/lib/python3.12/site-packages/airflow/example_dags/example_bash_operator.py for tasks to queue
[2026-06-23T02:59:54.188+0000] {logging_mixin.py:188} INFO - [2026-06-23T02:59:54.187+0000] {dagbag.py:545} INFO - Filling up the DagBag from /home/airflow/.local/lib/python3.12/site-packages/airflow/example_dags/example_bash_operator.py
[2026-06-23T02:59:54.202+0000] {processor.py:840} INFO - DAG(s) 'example_bash_operator' retrieved from /home/airflow/.local/lib/python3.12/site-packages/airflow/example_dags/example_bash_operator.py
[2026-06-23T02:59:54.237+0000] {logging_mixin.py:188} INFO - [2026-06-23T02:59:54.237+0000] {dag.py:3096} INFO - Sync 1 DAGs
[2026-06-23T02:59:54.400+0000] {logging_mixin.py:188} INFO - [2026-06-23T02:59:54.400+0000] {dag.py:3954} INFO - Setting next_dagrun for example_bash_operator to 2026-06-22 00:00:00+00:00, run_after=2026-06-23 00:00:00+00:00
[2026-06-23T02:59:54.427+0000] {processor.py:183} INFO - Processing /home/airflow/.local/lib/python3.12/site-packages/airflow/example_dags/example_bash_operator.py took 0.251 seconds
[2026-06-23T03:00:24.837+0000] {processor.py:161} INFO - Started process (PID=1564) to work on /home/airflow/.local/lib/python3.12/site-packages/airflow/example_dags/example_bash_operator.py
[2026-06-23T03:00:24.839+0000] {processor.py:830} INFO - Processing file /home/airflow/.local/lib/python3.12/site-packages/airflow/example_dags/example_bash_operator.py for tasks to queue
[2026-06-23T03:00:24.842+0000] {logging_mixin.py:188} INFO - [2026-06-23T03:00:24.842+0000] {dagbag.py:545} INFO - Filling up the DagBag from /home/airflow/.local/lib/python3.12/site-packages/airflow/example_dags/example_bash_operator.py
[2026-06-23T03:00:24.856+0000] {processor.py:840} INFO - DAG(s) 'example_bash_operator' retrieved from /home/airflow/.local/lib/python3.12/site-packages/airflow/example_dags/example_bash_operator.py
[2026-06-23T03:00:24.894+0000] {logging_mixin.py:188} INFO - [2026-06-23T03:00:24.893+0000] {dag.py:3096} INFO - Sync 1 DAGs
[2026-06-23T03:00:24.926+0000] {logging_mixin.py:188} INFO - [2026-06-23T03:00:24.925+0000] {dag.py:3954} INFO - Setting next_dagrun for example_bash_operator to 2026-06-22 00:00:00+00:00, run_after=2026-06-23 00:00:00+00:00
[2026-06-23T03:00:24.957+0000] {processor.py:183} INFO - Processing /home/airflow/.local/lib/python3.12/site-packages/airflow/example_dags/example_bash_operator.py took 0.130 seconds
[2026-06-23T03:00:55.544+0000] {processor.py:161} INFO - Started process (PID=1623) to work on /home/airflow/.local/lib/python3.12/site-packages/airflow/example_dags/example_bash_operator.py
[2026-06-23T03:00:55.546+0000] {processor.py:830} INFO - Processing file /home/airflow/.local/lib/python3.12/site-packages/airflow/example_dags/example_bash_operator.py for tasks to queue
[2026-06-23T03:00:55.549+0000] {logging_mixin.py:188} INFO - [2026-06-23T03:00:55.549+0000] {dagbag.py:545} INFO - Filling up the DagBag from /home/airflow/.local/lib/python3.12/site-packages/airflow/example_dags/example_bash_operator.py
[2026-06-23T03:00:55.563+0000] {processor.py:840} INFO - DAG(s) 'example_bash_operator' retrieved from /home/airflow/.local/lib/python3.12/site-packages/airflow/example_dags/example_bash_operator.py
[2026-06-23T03:00:55.601+0000] {logging_mixin.py:188} INFO - [2026-06-23T03:00:55.601+0000] {dag.py:3096} INFO - Sync 1 DAGs
[2026-06-23T03:00:55.631+0000] {logging_mixin.py:188} INFO - [2026-06-23T03:00:55.631+0000] {dag.py:3954} INFO - Setting next_dagrun for example_bash_operator to 2026-06-22 00:00:00+00:00, run_after=2026-06-23 00:00:00+00:00
[2026-06-23T03:00:55.663+0000] {processor.py:183} INFO - Processing /home/airflow/.local/lib/python3.12/site-packages/airflow/example_dags/example_bash_operator.py took 0.127 seconds
[2026-06-23T03:01:26.287+0000] {processor.py:161} INFO - Started process (PID=1682) to work on /home/airflow/.local/lib/python3.12/site-packages/airflow/example_dags/example_bash_operator.py
[2026-06-23T03:01:26.289+0000] {processor.py:830} INFO - Processing file /home/airflow/.local/lib/python3.12/site-packages/airflow/example_dags/example_bash_operator.py for tasks to queue
[2026-06-23T03:01:26.292+0000] {logging_mixin.py:188} INFO - [2026-06-23T03:01:26.291+0000] {dagbag.py:545} INFO - Filling up the DagBag from /home/airflow/.local/lib/python3.12/site-packages/airflow/example_dags/example_bash_operator.py
[2026-06-23T03:01:26.308+0000] {processor.py:840} INFO - DAG(s) 'example_bash_operator' retrieved from /home/airflow/.local/lib/python3.12/site-packages/airflow/example_dags/example_bash_operator.py
[2026-06-23T03:01:26.348+0000] {logging_mixin.py:188} INFO - [2026-06-23T03:01:26.348+0000] {dag.py:3096} INFO - Sync 1 DAGs
[2026-06-23T03:01:26.379+0000] {logging_mixin.py:188} INFO - [2026-06-23T03:01:26.379+0000] {dag.py:3954} INFO - Setting next_dagrun for example_bash_operator to 2026-06-22 00:00:00+00:00, run_after=2026-06-23 00:00:00+00:00
[2026-06-23T03:01:26.416+0000] {processor.py:183} INFO - Processing /home/airflow/.local/lib/python3.12/site-packages/airflow/example_dags/example_bash_operator.py took 0.137 seconds
[2026-06-23T03:01:57.024+0000] {processor.py:161} INFO - Started process (PID=1741) to work on /home/airflow/.local/lib/python3.12/site-packages/airflow/example_dags/example_bash_operator.py
[2026-06-23T03:01:57.026+0000] {processor.py:830} INFO - Processing file /home/airflow/.local/lib/python3.12/site-packages/airflow/example_dags/example_bash_operator.py for tasks to queue
[2026-06-23T03:01:57.030+0000] {logging_mixin.py:188} INFO - [2026-06-23T03:01:57.029+0000] {dagbag.py:545} INFO - Filling up the DagBag from /home/airflow/.local/lib/python3.12/site-packages/airflow/example_dags/example_bash_operator.py
[2026-06-23T03:01:57.044+0000] {processor.py:840} INFO - DAG(s) 'example_bash_operator' retrieved from /home/airflow/.local/lib/python3.12/site-packages/airflow/example_dags/example_bash_operator.py
[2026-06-23T03:01:57.101+0000] {logging_mixin.py:188} INFO - [2026-06-23T03:01:57.101+0000] {dag.py:3096} INFO - Sync 1 DAGs
[2026-06-23T03:01:57.137+0000] {logging_mixin.py:188} INFO - [2026-06-23T03:01:57.137+0000] {dag.py:3954} INFO - Setting next_dagrun for example_bash_operator to 2026-06-22 00:00:00+00:00, run_after=2026-06-23 00:00:00+00:00
[2026-06-23T03:01:57.169+0000] {processor.py:183} INFO - Processing /home/airflow/.local/lib/python3.12/site-packages/airflow/example_dags/example_bash_operator.py took 0.152 seconds
[2026-06-23T03:02:27.480+0000] {processor.py:161} INFO - Started process (PID=1800) to work on /home/airflow/.local/lib/python3.12/site-packages/airflow/example_dags/example_bash_operator.py
[2026-06-23T03:02:27.482+0000] {processor.py:830} INFO - Processing file /home/airflow/.local/lib/python3.12/site-packages/airflow/example_dags/example_bash_operator.py for tasks to queue
[2026-06-23T03:02:27.485+0000] {logging_mixin.py:188} INFO - [2026-06-23T03:02:27.484+0000] {dagbag.py:545} INFO - Filling up the DagBag from /home/airflow/.local/lib/python3.12/site-packages/airflow/example_dags/example_bash_operator.py
[2026-06-23T03:02:27.500+0000] {processor.py:840} INFO - DAG(s) 'example_bash_operator' retrieved from /home/airflow/.local/lib/python3.12/site-packages/airflow/example_dags/example_bash_operator.py
[2026-06-23T03:02:27.535+0000] {logging_mixin.py:188} INFO - [2026-06-23T03:02:27.535+0000] {dag.py:3096} INFO - Sync 1 DAGs
[2026-06-23T03:02:27.565+0000] {logging_mixin.py:188} INFO - [2026-06-23T03:02:27.565+0000] {dag.py:3954} INFO - Setting next_dagrun for example_bash_operator to 2026-06-22 00:00:00+00:00, run_after=2026-06-23 00:00:00+00:00
[2026-06-23T03:02:27.596+0000] {processor.py:183} INFO - Processing /home/airflow/.local/lib/python3.12/site-packages/airflow/example_dags/example_bash_operator.py took 0.124 seconds
[2026-06-23T03:02:57.832+0000] {processor.py:161} INFO - Started process (PID=1859) to work on /home/airflow/.local/lib/python3.12/site-packages/airflow/example_dags/example_bash_operator.py
[2026-06-23T03:02:57.834+0000] {processor.py:830} INFO - Processing file /home/airflow/.local/lib/python3.12/site-packages/airflow/example_dags/example_bash_operator.py for tasks to queue
[2026-06-23T03:02:57.837+0000] {logging_mixin.py:188} INFO - [2026-06-23T03:02:57.837+0000] {dagbag.py:545} INFO - Filling up the DagBag from /home/airflow/.local/lib/python3.12/site-packages/airflow/example_dags/example_bash_operator.py
[2026-06-23T03:02:57.851+0000] {processor.py:840} INFO - DAG(s) 'example_bash_operator' retrieved from /home/airflow/.local/lib/python3.12/site-packages/airflow/example_dags/example_bash_operator.py
[2026-06-23T03:02:57.889+0000] {logging_mixin.py:188} INFO - [2026-06-23T03:02:57.889+0000] {dag.py:3096} INFO - Sync 1 DAGs
[2026-06-23T03:02:57.919+0000] {logging_mixin.py:188} INFO - [2026-06-23T03:02:57.918+0000] {dag.py:3954} INFO - Setting next_dagrun for example_bash_operator to 2026-06-22 00:00:00+00:00, run_after=2026-06-23 00:00:00+00:00
[2026-06-23T03:02:57.950+0000] {processor.py:183} INFO - Processing /home/airflow/.local/lib/python3.12/site-packages/airflow/example_dags/example_bash_operator.py took 0.124 seconds
[2026-06-23T03:03:28.235+0000] {processor.py:161} INFO - Started process (PID=1918) to work on /home/airflow/.local/lib/python3.12/site-packages/airflow/example_dags/example_bash_operator.py
[2026-06-23T03:03:28.237+0000] {processor.py:830} INFO - Processing file /home/airflow/.local/lib/python3.12/site-packages/airflow/example_dags/example_bash_operator.py for tasks to queue
[2026-06-23T03:03:28.240+0000] {logging_mixin.py:188} INFO - [2026-06-23T03:03:28.240+0000] {dagbag.py:545} INFO - Filling up the DagBag from /home/airflow/.local/lib/python3.12/site-packages/airflow/example_dags/example_bash_operator.py
[2026-06-23T03:03:28.256+0000] {processor.py:840} INFO - DAG(s) 'example_bash_operator' retrieved from /home/airflow/.local/lib/python3.12/site-packages/airflow/example_dags/example_bash_operator.py
[2026-06-23T03:03:28.294+0000] {logging_mixin.py:188} INFO - [2026-06-23T03:03:28.294+0000] {dag.py:3096} INFO - Sync 1 DAGs
[2026-06-23T03:03:28.325+0000] {logging_mixin.py:188} INFO - [2026-06-23T03:03:28.324+0000] {dag.py:3954} INFO - Setting next_dagrun for example_bash_operator to 2026-06-22 00:00:00+00:00, run_after=2026-06-23 00:00:00+00:00
[2026-06-23T03:03:28.356+0000] {processor.py:183} INFO - Processing /home/airflow/.local/lib/python3.12/site-packages/airflow/example_dags/example_bash_operator.py took 0.130 seconds
[2026-06-23T03:04:42.245+0000] {processor.py:161} INFO - Started process (PID=225) to work on /home/airflow/.local/lib/python3.12/site-packages/airflow/example_dags/example_bash_operator.py
[2026-06-23T03:04:42.247+0000] {processor.py:830} INFO - Processing file /home/airflow/.local/lib/python3.12/site-packages/airflow/example_dags/example_bash_operator.py for tasks to queue
[2026-06-23T03:04:42.251+0000] {logging_mixin.py:188} INFO - [2026-06-23T03:04:42.250+0000] {dagbag.py:545} INFO - Filling up the DagBag from /home/airflow/.local/lib/python3.12/site-packages/airflow/example_dags/example_bash_operator.py
[2026-06-23T03:04:42.271+0000] {processor.py:840} INFO - DAG(s) 'example_bash_operator' retrieved from /home/airflow/.local/lib/python3.12/site-packages/airflow/example_dags/example_bash_operator.py
[2026-06-23T03:04:42.289+0000] {logging_mixin.py:188} INFO - [2026-06-23T03:04:42.289+0000] {dag.py:3096} INFO - Sync 1 DAGs
[2026-06-23T03:04:42.322+0000] {logging_mixin.py:188} INFO - [2026-06-23T03:04:42.321+0000] {dag.py:3954} INFO - Setting next_dagrun for example_bash_operator to 2026-06-22 00:00:00+00:00, run_after=2026-06-23 00:00:00+00:00
[2026-06-23T03:04:42.355+0000] {processor.py:183} INFO - Processing /home/airflow/.local/lib/python3.12/site-packages/airflow/example_dags/example_bash_operator.py took 0.119 seconds
[2026-06-23T03:05:13.604+0000] {processor.py:161} INFO - Started process (PID=500) to work on /home/airflow/.local/lib/python3.12/site-packages/airflow/example_dags/example_bash_operator.py
[2026-06-23T03:05:13.605+0000] {processor.py:830} INFO - Processing file /home/airflow/.local/lib/python3.12/site-packages/airflow/example_dags/example_bash_operator.py for tasks to queue
[2026-06-23T03:05:13.608+0000] {logging_mixin.py:188} INFO - [2026-06-23T03:05:13.608+0000] {dagbag.py:545} INFO - Filling up the DagBag from /home/airflow/.local/lib/python3.12/site-packages/airflow/example_dags/example_bash_operator.py
[2026-06-23T03:05:13.623+0000] {processor.py:840} INFO - DAG(s) 'example_bash_operator' retrieved from /home/airflow/.local/lib/python3.12/site-packages/airflow/example_dags/example_bash_operator.py
[2026-06-23T03:05:13.802+0000] {logging_mixin.py:188} INFO - [2026-06-23T03:05:13.801+0000] {dag.py:3096} INFO - Sync 1 DAGs
[2026-06-23T03:05:13.836+0000] {logging_mixin.py:188} INFO - [2026-06-23T03:05:13.835+0000] {dag.py:3954} INFO - Setting next_dagrun for example_bash_operator to 2026-06-22 00:00:00+00:00, run_after=2026-06-23 00:00:00+00:00
[2026-06-23T03:05:13.871+0000] {processor.py:183} INFO - Processing /home/airflow/.local/lib/python3.12/site-packages/airflow/example_dags/example_bash_operator.py took 0.276 seconds
[2026-06-23T03:05:43.956+0000] {processor.py:161} INFO - Started process (PID=882) to work on /home/airflow/.local/lib/python3.12/site-packages/airflow/example_dags/example_bash_operator.py
[2026-06-23T03:05:43.957+0000] {processor.py:830} INFO - Processing file /home/airflow/.local/lib/python3.12/site-packages/airflow/example_dags/example_bash_operator.py for tasks to queue
[2026-06-23T03:05:43.960+0000] {logging_mixin.py:188} INFO - [2026-06-23T03:05:43.960+0000] {dagbag.py:545} INFO - Filling up the DagBag from /home/airflow/.local/lib/python3.12/site-packages/airflow/example_dags/example_bash_operator.py
[2026-06-23T03:05:43.975+0000] {processor.py:840} INFO - DAG(s) 'example_bash_operator' retrieved from /home/airflow/.local/lib/python3.12/site-packages/airflow/example_dags/example_bash_operator.py
[2026-06-23T03:05:44.014+0000] {logging_mixin.py:188} INFO - [2026-06-23T03:05:44.013+0000] {dag.py:3096} INFO - Sync 1 DAGs
[2026-06-23T03:05:44.044+0000] {logging_mixin.py:188} INFO - [2026-06-23T03:05:44.044+0000] {dag.py:3954} INFO - Setting next_dagrun for example_bash_operator to 2026-06-22 00:00:00+00:00, run_after=2026-06-23 00:00:00+00:00
[2026-06-23T03:05:44.077+0000] {processor.py:183} INFO - Processing /home/airflow/.local/lib/python3.12/site-packages/airflow/example_dags/example_bash_operator.py took 0.129 seconds
[2026-06-23T03:06:14.318+0000] {processor.py:161} INFO - Started process (PID=1149) to work on /home/airflow/.local/lib/python3.12/site-packages/airflow/example_dags/example_bash_operator.py
[2026-06-23T03:06:14.320+0000] {processor.py:830} INFO - Processing file /home/airflow/.local/lib/python3.12/site-packages/airflow/example_dags/example_bash_operator.py for tasks to queue
[2026-06-23T03:06:14.323+0000] {logging_mixin.py:188} INFO - [2026-06-23T03:06:14.323+0000] {dagbag.py:545} INFO - Filling up the DagBag from /home/airflow/.local/lib/python3.12/site-packages/airflow/example_dags/example_bash_operator.py
[2026-06-23T03:06:14.338+0000] {processor.py:840} INFO - DAG(s) 'example_bash_operator' retrieved from /home/airflow/.local/lib/python3.12/site-packages/airflow/example_dags/example_bash_operator.py
[2026-06-23T03:06:14.382+0000] {logging_mixin.py:188} INFO - [2026-06-23T03:06:14.382+0000] {dag.py:3096} INFO - Sync 1 DAGs
[2026-06-23T03:06:14.415+0000] {logging_mixin.py:188} INFO - [2026-06-23T03:06:14.415+0000] {dag.py:3954} INFO - Setting next_dagrun for example_bash_operator to 2026-06-22 00:00:00+00:00, run_after=2026-06-23 00:00:00+00:00
[2026-06-23T03:06:14.446+0000] {processor.py:183} INFO - Processing /home/airflow/.local/lib/python3.12/site-packages/airflow/example_dags/example_bash_operator.py took 0.135 seconds
[2026-06-23T03:06:45.123+0000] {processor.py:161} INFO - Started process (PID=1414) to work on /home/airflow/.local/lib/python3.12/site-packages/airflow/example_dags/example_bash_operator.py
[2026-06-23T03:06:45.125+0000] {processor.py:830} INFO - Processing file /home/airflow/.local/lib/python3.12/site-packages/airflow/example_dags/example_bash_operator.py for tasks to queue
[2026-06-23T03:06:45.128+0000] {logging_mixin.py:188} INFO - [2026-06-23T03:06:45.127+0000] {dagbag.py:545} INFO - Filling up the DagBag from /home/airflow/.local/lib/python3.12/site-packages/airflow/example_dags/example_bash_operator.py
[2026-06-23T03:06:45.141+0000] {processor.py:840} INFO - DAG(s) 'example_bash_operator' retrieved from /home/airflow/.local/lib/python3.12/site-packages/airflow/example_dags/example_bash_operator.py
[2026-06-23T03:06:45.179+0000] {logging_mixin.py:188} INFO - [2026-06-23T03:06:45.179+0000] {dag.py:3096} INFO - Sync 1 DAGs
[2026-06-23T03:06:45.209+0000] {logging_mixin.py:188} INFO - [2026-06-23T03:06:45.209+0000] {dag.py:3954} INFO - Setting next_dagrun for example_bash_operator to 2026-06-22 00:00:00+00:00, run_after=2026-06-23 00:00:00+00:00
[2026-06-23T03:06:45.237+0000] {processor.py:183} INFO - Processing /home/airflow/.local/lib/python3.12/site-packages/airflow/example_dags/example_bash_operator.py took 0.121 seconds
[2026-06-23T03:07:16.138+0000] {processor.py:161} INFO - Started process (PID=1681) to work on /home/airflow/.local/lib/python3.12/site-packages/airflow/example_dags/example_bash_operator.py
[2026-06-23T03:07:16.140+0000] {processor.py:830} INFO - Processing file /home/airflow/.local/lib/python3.12/site-packages/airflow/example_dags/example_bash_operator.py for tasks to queue
[2026-06-23T03:07:16.143+0000] {logging_mixin.py:188} INFO - [2026-06-23T03:07:16.142+0000] {dagbag.py:545} INFO - Filling up the DagBag from /home/airflow/.local/lib/python3.12/site-packages/airflow/example_dags/example_bash_operator.py
[2026-06-23T03:07:16.157+0000] {processor.py:840} INFO - DAG(s) 'example_bash_operator' retrieved from /home/airflow/.local/lib/python3.12/site-packages/airflow/example_dags/example_bash_operator.py
[2026-06-23T03:07:16.193+0000] {logging_mixin.py:188} INFO - [2026-06-23T03:07:16.192+0000] {dag.py:3096} INFO - Sync 1 DAGs
[2026-06-23T03:07:16.221+0000] {logging_mixin.py:188} INFO - [2026-06-23T03:07:16.221+0000] {dag.py:3954} INFO - Setting next_dagrun for example_bash_operator to 2026-06-22 00:00:00+00:00, run_after=2026-06-23 00:00:00+00:00
[2026-06-23T03:07:16.252+0000] {processor.py:183} INFO - Processing /home/airflow/.local/lib/python3.12/site-packages/airflow/example_dags/example_bash_operator.py took 0.121 seconds
[2026-06-23T03:07:46.616+0000] {processor.py:161} INFO - Started process (PID=1948) to work on /home/airflow/.local/lib/python3.12/site-packages/airflow/example_dags/example_bash_operator.py
[2026-06-23T03:07:46.617+0000] {processor.py:830} INFO - Processing file /home/airflow/.local/lib/python3.12/site-packages/airflow/example_dags/example_bash_operator.py for tasks to queue
[2026-06-23T03:07:46.621+0000] {logging_mixin.py:188} INFO - [2026-06-23T03:07:46.620+0000] {dagbag.py:545} INFO - Filling up the DagBag from /home/airflow/.local/lib/python3.12/site-packages/airflow/example_dags/example_bash_operator.py
[2026-06-23T03:07:46.639+0000] {processor.py:840} INFO - DAG(s) 'example_bash_operator' retrieved from /home/airflow/.local/lib/python3.12/site-packages/airflow/example_dags/example_bash_operator.py
[2026-06-23T03:07:46.678+0000] {logging_mixin.py:188} INFO - [2026-06-23T03:07:46.678+0000] {dag.py:3096} INFO - Sync 1 DAGs
[2026-06-23T03:07:46.753+0000] {logging_mixin.py:188} INFO - [2026-06-23T03:07:46.753+0000] {dag.py:3954} INFO - Setting next_dagrun for example_bash_operator to 2026-06-22 00:00:00+00:00, run_after=2026-06-23 00:00:00+00:00
[2026-06-23T03:07:46.813+0000] {processor.py:183} INFO - Processing /home/airflow/.local/lib/python3.12/site-packages/airflow/example_dags/example_bash_operator.py took 0.206 seconds
[2026-06-23T03:08:17.169+0000] {processor.py:161} INFO - Started process (PID=2217) to work on /home/airflow/.local/lib/python3.12/site-packages/airflow/example_dags/example_bash_operator.py
[2026-06-23T03:08:17.171+0000] {processor.py:830} INFO - Processing file /home/airflow/.local/lib/python3.12/site-packages/airflow/example_dags/example_bash_operator.py for tasks to queue
[2026-06-23T03:08:17.174+0000] {logging_mixin.py:188} INFO - [2026-06-23T03:08:17.174+0000] {dagbag.py:545} INFO - Filling up the DagBag from /home/airflow/.local/lib/python3.12/site-packages/airflow/example_dags/example_bash_operator.py
[2026-06-23T03:08:17.188+0000] {processor.py:840} INFO - DAG(s) 'example_bash_operator' retrieved from /home/airflow/.local/lib/python3.12/site-packages/airflow/example_dags/example_bash_operator.py
[2026-06-23T03:08:17.225+0000] {logging_mixin.py:188} INFO - [2026-06-23T03:08:17.224+0000] {dag.py:3096} INFO - Sync 1 DAGs
[2026-06-23T03:08:17.252+0000] {logging_mixin.py:188} INFO - [2026-06-23T03:08:17.252+0000] {dag.py:3954} INFO - Setting next_dagrun for example_bash_operator to 2026-06-22 00:00:00+00:00, run_after=2026-06-23 00:00:00+00:00
[2026-06-23T03:08:17.293+0000] {processor.py:183} INFO - Processing /home/airflow/.local/lib/python3.12/site-packages/airflow/example_dags/example_bash_operator.py took 0.131 seconds
[2026-06-23T03:08:47.452+0000] {processor.py:161} INFO - Started process (PID=2482) to work on /home/airflow/.local/lib/python3.12/site-packages/airflow/example_dags/example_bash_operator.py
[2026-06-23T03:08:47.454+0000] {processor.py:830} INFO - Processing file /home/airflow/.local/lib/python3.12/site-packages/airflow/example_dags/example_bash_operator.py for tasks to queue
[2026-06-23T03:08:47.457+0000] {logging_mixin.py:188} INFO - [2026-06-23T03:08:47.457+0000] {dagbag.py:545} INFO - Filling up the DagBag from /home/airflow/.local/lib/python3.12/site-packages/airflow/example_dags/example_bash_operator.py
[2026-06-23T03:08:47.468+0000] {processor.py:840} INFO - DAG(s) 'example_bash_operator' retrieved from /home/airflow/.local/lib/python3.12/site-packages/airflow/example_dags/example_bash_operator.py
[2026-06-23T03:08:47.501+0000] {logging_mixin.py:188} INFO - [2026-06-23T03:08:47.500+0000] {dag.py:3096} INFO - Sync 1 DAGs
[2026-06-23T03:08:47.525+0000] {logging_mixin.py:188} INFO - [2026-06-23T03:08:47.525+0000] {dag.py:3954} INFO - Setting next_dagrun for example_bash_operator to 2026-06-22 00:00:00+00:00, run_after=2026-06-23 00:00:00+00:00
[2026-06-23T03:08:47.550+0000] {processor.py:183} INFO - Processing /home/airflow/.local/lib/python3.12/site-packages/airflow/example_dags/example_bash_operator.py took 0.103 seconds
[2026-06-23T03:09:17.956+0000] {processor.py:161} INFO - Started process (PID=2749) to work on /home/airflow/.local/lib/python3.12/site-packages/airflow/example_dags/example_bash_operator.py
[2026-06-23T03:09:17.958+0000] {processor.py:830} INFO - Processing file /home/airflow/.local/lib/python3.12/site-packages/airflow/example_dags/example_bash_operator.py for tasks to queue
[2026-06-23T03:09:17.961+0000] {logging_mixin.py:188} INFO - [2026-06-23T03:09:17.961+0000] {dagbag.py:545} INFO - Filling up the DagBag from /home/airflow/.local/lib/python3.12/site-packages/airflow/example_dags/example_bash_operator.py
[2026-06-23T03:09:17.973+0000] {processor.py:840} INFO - DAG(s) 'example_bash_operator' retrieved from /home/airflow/.local/lib/python3.12/site-packages/airflow/example_dags/example_bash_operator.py
[2026-06-23T03:09:18.007+0000] {logging_mixin.py:188} INFO - [2026-06-23T03:09:18.006+0000] {dag.py:3096} INFO - Sync 1 DAGs
[2026-06-23T03:09:18.034+0000] {logging_mixin.py:188} INFO - [2026-06-23T03:09:18.033+0000] {dag.py:3954} INFO - Setting next_dagrun for example_bash_operator to 2026-06-22 00:00:00+00:00, run_after=2026-06-23 00:00:00+00:00
[2026-06-23T03:09:18.058+0000] {processor.py:183} INFO - Processing /home/airflow/.local/lib/python3.12/site-packages/airflow/example_dags/example_bash_operator.py took 0.108 seconds
[2026-06-23T03:09:48.200+0000] {processor.py:161} INFO - Started process (PID=3016) to work on /home/airflow/.local/lib/python3.12/site-packages/airflow/example_dags/example_bash_operator.py
[2026-06-23T03:09:48.201+0000] {processor.py:830} INFO - Processing file /home/airflow/.local/lib/python3.12/site-packages/airflow/example_dags/example_bash_operator.py for tasks to queue
[2026-06-23T03:09:48.204+0000] {logging_mixin.py:188} INFO - [2026-06-23T03:09:48.204+0000] {dagbag.py:545} INFO - Filling up the DagBag from /home/airflow/.local/lib/python3.12/site-packages/airflow/example_dags/example_bash_operator.py
[2026-06-23T03:09:48.216+0000] {processor.py:840} INFO - DAG(s) 'example_bash_operator' retrieved from /home/airflow/.local/lib/python3.12/site-packages/airflow/example_dags/example_bash_operator.py
[2026-06-23T03:09:48.249+0000] {logging_mixin.py:188} INFO - [2026-06-23T03:09:48.249+0000] {dag.py:3096} INFO - Sync 1 DAGs
[2026-06-23T03:09:48.276+0000] {logging_mixin.py:188} INFO - [2026-06-23T03:09:48.275+0000] {dag.py:3954} INFO - Setting next_dagrun for example_bash_operator to 2026-06-22 00:00:00+00:00, run_after=2026-06-23 00:00:00+00:00
[2026-06-23T03:09:48.305+0000] {processor.py:183} INFO - Processing /home/airflow/.local/lib/python3.12/site-packages/airflow/example_dags/example_bash_operator.py took 0.111 seconds
[2026-06-23T03:10:18.528+0000] {processor.py:161} INFO - Started process (PID=3283) to work on /home/airflow/.local/lib/python3.12/site-packages/airflow/example_dags/example_bash_operator.py
[2026-06-23T03:10:18.530+0000] {processor.py:830} INFO - Processing file /home/airflow/.local/lib/python3.12/site-packages/airflow/example_dags/example_bash_operator.py for tasks to queue
[2026-06-23T03:10:18.533+0000] {logging_mixin.py:188} INFO - [2026-06-23T03:10:18.532+0000] {dagbag.py:545} INFO - Filling up the DagBag from /home/airflow/.local/lib/python3.12/site-packages/airflow/example_dags/example_bash_operator.py
[2026-06-23T03:10:18.545+0000] {processor.py:840} INFO - DAG(s) 'example_bash_operator' retrieved from /home/airflow/.local/lib/python3.12/site-packages/airflow/example_dags/example_bash_operator.py
[2026-06-23T03:10:18.579+0000] {logging_mixin.py:188} INFO - [2026-06-23T03:10:18.578+0000] {dag.py:3096} INFO - Sync 1 DAGs
[2026-06-23T03:10:18.605+0000] {logging_mixin.py:188} INFO - [2026-06-23T03:10:18.604+0000] {dag.py:3954} INFO - Setting next_dagrun for example_bash_operator to 2026-06-22 00:00:00+00:00, run_after=2026-06-23 00:00:00+00:00
[2026-06-23T03:10:18.633+0000] {processor.py:183} INFO - Processing /home/airflow/.local/lib/python3.12/site-packages/airflow/example_dags/example_bash_operator.py took 0.111 seconds
[2026-06-23T03:10:49.066+0000] {processor.py:161} INFO - Started process (PID=3550) to work on /home/airflow/.local/lib/python3.12/site-packages/airflow/example_dags/example_bash_operator.py
[2026-06-23T03:10:49.068+0000] {processor.py:830} INFO - Processing file /home/airflow/.local/lib/python3.12/site-packages/airflow/example_dags/example_bash_operator.py for tasks to queue
[2026-06-23T03:10:49.071+0000] {logging_mixin.py:188} INFO - [2026-06-23T03:10:49.070+0000] {dagbag.py:545} INFO - Filling up the DagBag from /home/airflow/.local/lib/python3.12/site-packages/airflow/example_dags/example_bash_operator.py
[2026-06-23T03:10:49.085+0000] {processor.py:840} INFO - DAG(s) 'example_bash_operator' retrieved from /home/airflow/.local/lib/python3.12/site-packages/airflow/example_dags/example_bash_operator.py
[2026-06-23T03:10:49.119+0000] {logging_mixin.py:188} INFO - [2026-06-23T03:10:49.118+0000] {dag.py:3096} INFO - Sync 1 DAGs
[2026-06-23T03:10:49.145+0000] {logging_mixin.py:188} INFO - [2026-06-23T03:10:49.144+0000] {dag.py:3954} INFO - Setting next_dagrun for example_bash_operator to 2026-06-22 00:00:00+00:00, run_after=2026-06-23 00:00:00+00:00
[2026-06-23T03:10:49.174+0000] {processor.py:183} INFO - Processing /home/airflow/.local/lib/python3.12/site-packages/airflow/example_dags/example_bash_operator.py took 0.116 seconds
[2026-06-23T03:11:19.584+0000] {processor.py:161} INFO - Started process (PID=3817) to work on /home/airflow/.local/lib/python3.12/site-packages/airflow/example_dags/example_bash_operator.py
[2026-06-23T03:11:19.585+0000] {processor.py:830} INFO - Processing file /home/airflow/.local/lib/python3.12/site-packages/airflow/example_dags/example_bash_operator.py for tasks to queue
[2026-06-23T03:11:19.588+0000] {logging_mixin.py:188} INFO - [2026-06-23T03:11:19.588+0000] {dagbag.py:545} INFO - Filling up the DagBag from /home/airflow/.local/lib/python3.12/site-packages/airflow/example_dags/example_bash_operator.py
[2026-06-23T03:11:19.601+0000] {processor.py:840} INFO - DAG(s) 'example_bash_operator' retrieved from /home/airflow/.local/lib/python3.12/site-packages/airflow/example_dags/example_bash_operator.py
[2026-06-23T03:11:19.635+0000] {logging_mixin.py:188} INFO - [2026-06-23T03:11:19.635+0000] {dag.py:3096} INFO - Sync 1 DAGs
[2026-06-23T03:11:19.661+0000] {logging_mixin.py:188} INFO - [2026-06-23T03:11:19.661+0000] {dag.py:3954} INFO - Setting next_dagrun for example_bash_operator to 2026-06-22 00:00:00+00:00, run_after=2026-06-23 00:00:00+00:00
[2026-06-23T03:11:19.690+0000] {processor.py:183} INFO - Processing /home/airflow/.local/lib/python3.12/site-packages/airflow/example_dags/example_bash_operator.py took 0.112 seconds
[2026-06-23T03:11:50.051+0000] {processor.py:161} INFO - Started process (PID=4084) to work on /home/airflow/.local/lib/python3.12/site-packages/airflow/example_dags/example_bash_operator.py
[2026-06-23T03:11:50.052+0000] {processor.py:830} INFO - Processing file /home/airflow/.local/lib/python3.12/site-packages/airflow/example_dags/example_bash_operator.py for tasks to queue
[2026-06-23T03:11:50.055+0000] {logging_mixin.py:188} INFO - [2026-06-23T03:11:50.054+0000] {dagbag.py:545} INFO - Filling up the DagBag from /home/airflow/.local/lib/python3.12/site-packages/airflow/example_dags/example_bash_operator.py
[2026-06-23T03:11:50.067+0000] {processor.py:840} INFO - DAG(s) 'example_bash_operator' retrieved from /home/airflow/.local/lib/python3.12/site-packages/airflow/example_dags/example_bash_operator.py
[2026-06-23T03:11:50.101+0000] {logging_mixin.py:188} INFO - [2026-06-23T03:11:50.100+0000] {dag.py:3096} INFO - Sync 1 DAGs
[2026-06-23T03:11:50.127+0000] {logging_mixin.py:188} INFO - [2026-06-23T03:11:50.127+0000] {dag.py:3954} INFO - Setting next_dagrun for example_bash_operator to 2026-06-22 00:00:00+00:00, run_after=2026-06-23 00:00:00+00:00
[2026-06-23T03:11:50.154+0000] {processor.py:183} INFO - Processing /home/airflow/.local/lib/python3.12/site-packages/airflow/example_dags/example_bash_operator.py took 0.110 seconds
[2026-06-23T03:12:20.251+0000] {processor.py:161} INFO - Started process (PID=4352) to work on /home/airflow/.local/lib/python3.12/site-packages/airflow/example_dags/example_bash_operator.py
[2026-06-23T03:12:20.253+0000] {processor.py:830} INFO - Processing file /home/airflow/.local/lib/python3.12/site-packages/airflow/example_dags/example_bash_operator.py for tasks to queue
[2026-06-23T03:12:20.257+0000] {logging_mixin.py:188} INFO - [2026-06-23T03:12:20.256+0000] {dagbag.py:545} INFO - Filling up the DagBag from /home/airflow/.local/lib/python3.12/site-packages/airflow/example_dags/example_bash_operator.py
[2026-06-23T03:12:20.271+0000] {processor.py:840} INFO - DAG(s) 'example_bash_operator' retrieved from /home/airflow/.local/lib/python3.12/site-packages/airflow/example_dags/example_bash_operator.py
[2026-06-23T03:12:20.307+0000] {logging_mixin.py:188} INFO - [2026-06-23T03:12:20.307+0000] {dag.py:3096} INFO - Sync 1 DAGs
[2026-06-23T03:12:20.333+0000] {logging_mixin.py:188} INFO - [2026-06-23T03:12:20.333+0000] {dag.py:3954} INFO - Setting next_dagrun for example_bash_operator to 2026-06-22 00:00:00+00:00, run_after=2026-06-23 00:00:00+00:00
[2026-06-23T03:12:20.361+0000] {processor.py:183} INFO - Processing /home/airflow/.local/lib/python3.12/site-packages/airflow/example_dags/example_bash_operator.py took 0.117 seconds
[2026-06-23T03:12:50.812+0000] {processor.py:161} INFO - Started process (PID=4619) to work on /home/airflow/.local/lib/python3.12/site-packages/airflow/example_dags/example_bash_operator.py
[2026-06-23T03:12:50.814+0000] {processor.py:830} INFO - Processing file /home/airflow/.local/lib/python3.12/site-packages/airflow/example_dags/example_bash_operator.py for tasks to queue
[2026-06-23T03:12:50.817+0000] {logging_mixin.py:188} INFO - [2026-06-23T03:12:50.817+0000] {dagbag.py:545} INFO - Filling up the DagBag from /home/airflow/.local/lib/python3.12/site-packages/airflow/example_dags/example_bash_operator.py
[2026-06-23T03:12:50.830+0000] {processor.py:840} INFO - DAG(s) 'example_bash_operator' retrieved from /home/airflow/.local/lib/python3.12/site-packages/airflow/example_dags/example_bash_operator.py
[2026-06-23T03:12:50.866+0000] {logging_mixin.py:188} INFO - [2026-06-23T03:12:50.865+0000] {dag.py:3096} INFO - Sync 1 DAGs
[2026-06-23T03:12:50.893+0000] {logging_mixin.py:188} INFO - [2026-06-23T03:12:50.893+0000] {dag.py:3954} INFO - Setting next_dagrun for example_bash_operator to 2026-06-22 00:00:00+00:00, run_after=2026-06-23 00:00:00+00:00
[2026-06-23T03:12:50.920+0000] {processor.py:183} INFO - Processing /home/airflow/.local/lib/python3.12/site-packages/airflow/example_dags/example_bash_operator.py took 0.114 seconds
[2026-06-23T03:13:21.027+0000] {processor.py:161} INFO - Started process (PID=4886) to work on /home/airflow/.local/lib/python3.12/site-packages/airflow/example_dags/example_bash_operator.py
[2026-06-23T03:13:21.029+0000] {processor.py:830} INFO - Processing file /home/airflow/.local/lib/python3.12/site-packages/airflow/example_dags/example_bash_operator.py for tasks to queue
[2026-06-23T03:13:21.032+0000] {logging_mixin.py:188} INFO - [2026-06-23T03:13:21.031+0000] {dagbag.py:545} INFO - Filling up the DagBag from /home/airflow/.local/lib/python3.12/site-packages/airflow/example_dags/example_bash_operator.py
[2026-06-23T03:13:21.044+0000] {processor.py:840} INFO - DAG(s) 'example_bash_operator' retrieved from /home/airflow/.local/lib/python3.12/site-packages/airflow/example_dags/example_bash_operator.py
[2026-06-23T03:13:21.077+0000] {logging_mixin.py:188} INFO - [2026-06-23T03:13:21.076+0000] {dag.py:3096} INFO - Sync 1 DAGs
[2026-06-23T03:13:21.103+0000] {logging_mixin.py:188} INFO - [2026-06-23T03:13:21.103+0000] {dag.py:3954} INFO - Setting next_dagrun for example_bash_operator to 2026-06-22 00:00:00+00:00, run_after=2026-06-23 00:00:00+00:00
[2026-06-23T03:13:21.133+0000] {processor.py:183} INFO - Processing /home/airflow/.local/lib/python3.12/site-packages/airflow/example_dags/example_bash_operator.py took 0.112 seconds
[2026-06-23T03:13:51.197+0000] {processor.py:161} INFO - Started process (PID=5150) to work on /home/airflow/.local/lib/python3.12/site-packages/airflow/example_dags/example_bash_operator.py
[2026-06-23T03:13:51.199+0000] {processor.py:830} INFO - Processing file /home/airflow/.local/lib/python3.12/site-packages/airflow/example_dags/example_bash_operator.py for tasks to queue
[2026-06-23T03:13:51.201+0000] {logging_mixin.py:188} INFO - [2026-06-23T03:13:51.201+0000] {dagbag.py:545} INFO - Filling up the DagBag from /home/airflow/.local/lib/python3.12/site-packages/airflow/example_dags/example_bash_operator.py
[2026-06-23T03:13:51.214+0000] {processor.py:840} INFO - DAG(s) 'example_bash_operator' retrieved from /home/airflow/.local/lib/python3.12/site-packages/airflow/example_dags/example_bash_operator.py
[2026-06-23T03:13:51.247+0000] {logging_mixin.py:188} INFO - [2026-06-23T03:13:51.247+0000] {dag.py:3096} INFO - Sync 1 DAGs
[2026-06-23T03:13:51.275+0000] {logging_mixin.py:188} INFO - [2026-06-23T03:13:51.274+0000] {dag.py:3954} INFO - Setting next_dagrun for example_bash_operator to 2026-06-22 00:00:00+00:00, run_after=2026-06-23 00:00:00+00:00
[2026-06-23T03:13:51.306+0000] {processor.py:183} INFO - Processing /home/airflow/.local/lib/python3.12/site-packages/airflow/example_dags/example_bash_operator.py took 0.115 seconds
[2026-06-23T03:14:21.816+0000] {processor.py:161} INFO - Started process (PID=5415) to work on /home/airflow/.local/lib/python3.12/site-packages/airflow/example_dags/example_bash_operator.py
[2026-06-23T03:14:21.818+0000] {processor.py:830} INFO - Processing file /home/airflow/.local/lib/python3.12/site-packages/airflow/example_dags/example_bash_operator.py for tasks to queue
[2026-06-23T03:14:21.820+0000] {logging_mixin.py:188} INFO - [2026-06-23T03:14:21.820+0000] {dagbag.py:545} INFO - Filling up the DagBag from /home/airflow/.local/lib/python3.12/site-packages/airflow/example_dags/example_bash_operator.py
[2026-06-23T03:14:21.833+0000] {processor.py:840} INFO - DAG(s) 'example_bash_operator' retrieved from /home/airflow/.local/lib/python3.12/site-packages/airflow/example_dags/example_bash_operator.py
[2026-06-23T03:14:21.864+0000] {logging_mixin.py:188} INFO - [2026-06-23T03:14:21.864+0000] {dag.py:3096} INFO - Sync 1 DAGs
[2026-06-23T03:14:21.889+0000] {logging_mixin.py:188} INFO - [2026-06-23T03:14:21.889+0000] {dag.py:3954} INFO - Setting next_dagrun for example_bash_operator to 2026-06-22 00:00:00+00:00, run_after=2026-06-23 00:00:00+00:00
[2026-06-23T03:14:21.914+0000] {processor.py:183} INFO - Processing /home/airflow/.local/lib/python3.12/site-packages/airflow/example_dags/example_bash_operator.py took 0.104 seconds
[2026-06-23T03:14:52.672+0000] {processor.py:161} INFO - Started process (PID=5687) to work on /home/airflow/.local/lib/python3.12/site-packages/airflow/example_dags/example_bash_operator.py
[2026-06-23T03:14:52.674+0000] {processor.py:830} INFO - Processing file /home/airflow/.local/lib/python3.12/site-packages/airflow/example_dags/example_bash_operator.py for tasks to queue
[2026-06-23T03:14:52.676+0000] {logging_mixin.py:188} INFO - [2026-06-23T03:14:52.676+0000] {dagbag.py:545} INFO - Filling up the DagBag from /home/airflow/.local/lib/python3.12/site-packages/airflow/example_dags/example_bash_operator.py
[2026-06-23T03:14:52.689+0000] {processor.py:840} INFO - DAG(s) 'example_bash_operator' retrieved from /home/airflow/.local/lib/python3.12/site-packages/airflow/example_dags/example_bash_operator.py
[2026-06-23T03:14:52.723+0000] {logging_mixin.py:188} INFO - [2026-06-23T03:14:52.723+0000] {dag.py:3096} INFO - Sync 1 DAGs
[2026-06-23T03:14:52.750+0000] {logging_mixin.py:188} INFO - [2026-06-23T03:14:52.750+0000] {dag.py:3954} INFO - Setting next_dagrun for example_bash_operator to 2026-06-22 00:00:00+00:00, run_after=2026-06-23 00:00:00+00:00
[2026-06-23T03:14:52.782+0000] {processor.py:183} INFO - Processing /home/airflow/.local/lib/python3.12/site-packages/airflow/example_dags/example_bash_operator.py took 0.116 seconds
[2026-06-23T03:15:22.934+0000] {processor.py:161} INFO - Started process (PID=5954) to work on /home/airflow/.local/lib/python3.12/site-packages/airflow/example_dags/example_bash_operator.py
[2026-06-23T03:15:22.936+0000] {processor.py:830} INFO - Processing file /home/airflow/.local/lib/python3.12/site-packages/airflow/example_dags/example_bash_operator.py for tasks to queue
[2026-06-23T03:15:22.939+0000] {logging_mixin.py:188} INFO - [2026-06-23T03:15:22.938+0000] {dagbag.py:545} INFO - Filling up the DagBag from /home/airflow/.local/lib/python3.12/site-packages/airflow/example_dags/example_bash_operator.py
[2026-06-23T03:15:22.953+0000] {processor.py:840} INFO - DAG(s) 'example_bash_operator' retrieved from /home/airflow/.local/lib/python3.12/site-packages/airflow/example_dags/example_bash_operator.py
[2026-06-23T03:15:22.990+0000] {logging_mixin.py:188} INFO - [2026-06-23T03:15:22.990+0000] {dag.py:3096} INFO - Sync 1 DAGs
[2026-06-23T03:15:23.018+0000] {logging_mixin.py:188} INFO - [2026-06-23T03:15:23.018+0000] {dag.py:3954} INFO - Setting next_dagrun for example_bash_operator to 2026-06-22 00:00:00+00:00, run_after=2026-06-23 00:00:00+00:00
[2026-06-23T03:15:23.046+0000] {processor.py:183} INFO - Processing /home/airflow/.local/lib/python3.12/site-packages/airflow/example_dags/example_bash_operator.py took 0.119 seconds
[2026-06-23T03:15:53.472+0000] {processor.py:161} INFO - Started process (PID=6221) to work on /home/airflow/.local/lib/python3.12/site-packages/airflow/example_dags/example_bash_operator.py
[2026-06-23T03:15:53.474+0000] {processor.py:830} INFO - Processing file /home/airflow/.local/lib/python3.12/site-packages/airflow/example_dags/example_bash_operator.py for tasks to queue
[2026-06-23T03:15:53.477+0000] {logging_mixin.py:188} INFO - [2026-06-23T03:15:53.476+0000] {dagbag.py:545} INFO - Filling up the DagBag from /home/airflow/.local/lib/python3.12/site-packages/airflow/example_dags/example_bash_operator.py
[2026-06-23T03:15:53.490+0000] {processor.py:840} INFO - DAG(s) 'example_bash_operator' retrieved from /home/airflow/.local/lib/python3.12/site-packages/airflow/example_dags/example_bash_operator.py
[2026-06-23T03:15:53.525+0000] {logging_mixin.py:188} INFO - [2026-06-23T03:15:53.525+0000] {dag.py:3096} INFO - Sync 1 DAGs
[2026-06-23T03:15:53.553+0000] {logging_mixin.py:188} INFO - [2026-06-23T03:15:53.553+0000] {dag.py:3954} INFO - Setting next_dagrun for example_bash_operator to 2026-06-22 00:00:00+00:00, run_after=2026-06-23 00:00:00+00:00
[2026-06-23T03:15:53.580+0000] {processor.py:183} INFO - Processing /home/airflow/.local/lib/python3.12/site-packages/airflow/example_dags/example_bash_operator.py took 0.115 seconds
[2026-06-23T03:16:24.390+0000] {processor.py:161} INFO - Started process (PID=6488) to work on /home/airflow/.local/lib/python3.12/site-packages/airflow/example_dags/example_bash_operator.py
[2026-06-23T03:16:24.392+0000] {processor.py:830} INFO - Processing file /home/airflow/.local/lib/python3.12/site-packages/airflow/example_dags/example_bash_operator.py for tasks to queue
[2026-06-23T03:16:24.395+0000] {logging_mixin.py:188} INFO - [2026-06-23T03:16:24.395+0000] {dagbag.py:545} INFO - Filling up the DagBag from /home/airflow/.local/lib/python3.12/site-packages/airflow/example_dags/example_bash_operator.py
[2026-06-23T03:16:24.407+0000] {processor.py:840} INFO - DAG(s) 'example_bash_operator' retrieved from /home/airflow/.local/lib/python3.12/site-packages/airflow/example_dags/example_bash_operator.py
[2026-06-23T03:16:24.442+0000] {logging_mixin.py:188} INFO - [2026-06-23T03:16:24.442+0000] {dag.py:3096} INFO - Sync 1 DAGs
[2026-06-23T03:16:24.469+0000] {logging_mixin.py:188} INFO - [2026-06-23T03:16:24.469+0000] {dag.py:3954} INFO - Setting next_dagrun for example_bash_operator to 2026-06-22 00:00:00+00:00, run_after=2026-06-23 00:00:00+00:00
[2026-06-23T03:16:24.495+0000] {processor.py:183} INFO - Processing /home/airflow/.local/lib/python3.12/site-packages/airflow/example_dags/example_bash_operator.py took 0.111 seconds
[2026-06-23T03:16:54.773+0000] {processor.py:161} INFO - Started process (PID=6755) to work on /home/airflow/.local/lib/python3.12/site-packages/airflow/example_dags/example_bash_operator.py
[2026-06-23T03:16:54.775+0000] {processor.py:830} INFO - Processing file /home/airflow/.local/lib/python3.12/site-packages/airflow/example_dags/example_bash_operator.py for tasks to queue
[2026-06-23T03:16:54.778+0000] {logging_mixin.py:188} INFO - [2026-06-23T03:16:54.777+0000] {dagbag.py:545} INFO - Filling up the DagBag from /home/airflow/.local/lib/python3.12/site-packages/airflow/example_dags/example_bash_operator.py
[2026-06-23T03:16:54.797+0000] {processor.py:840} INFO - DAG(s) 'example_bash_operator' retrieved from /home/airflow/.local/lib/python3.12/site-packages/airflow/example_dags/example_bash_operator.py
[2026-06-23T03:16:54.846+0000] {logging_mixin.py:188} INFO - [2026-06-23T03:16:54.846+0000] {dag.py:3096} INFO - Sync 1 DAGs
[2026-06-23T03:16:54.888+0000] {logging_mixin.py:188} INFO - [2026-06-23T03:16:54.887+0000] {dag.py:3954} INFO - Setting next_dagrun for example_bash_operator to 2026-06-22 00:00:00+00:00, run_after=2026-06-23 00:00:00+00:00
[2026-06-23T03:16:54.946+0000] {processor.py:183} INFO - Processing /home/airflow/.local/lib/python3.12/site-packages/airflow/example_dags/example_bash_operator.py took 0.181 seconds
[2026-06-23T03:17:25.909+0000] {processor.py:161} INFO - Started process (PID=7022) to work on /home/airflow/.local/lib/python3.12/site-packages/airflow/example_dags/example_bash_operator.py
[2026-06-23T03:17:25.911+0000] {processor.py:830} INFO - Processing file /home/airflow/.local/lib/python3.12/site-packages/airflow/example_dags/example_bash_operator.py for tasks to queue
[2026-06-23T03:17:25.914+0000] {logging_mixin.py:188} INFO - [2026-06-23T03:17:25.914+0000] {dagbag.py:545} INFO - Filling up the DagBag from /home/airflow/.local/lib/python3.12/site-packages/airflow/example_dags/example_bash_operator.py
[2026-06-23T03:17:25.927+0000] {processor.py:840} INFO - DAG(s) 'example_bash_operator' retrieved from /home/airflow/.local/lib/python3.12/site-packages/airflow/example_dags/example_bash_operator.py
[2026-06-23T03:17:25.961+0000] {logging_mixin.py:188} INFO - [2026-06-23T03:17:25.960+0000] {dag.py:3096} INFO - Sync 1 DAGs
[2026-06-23T03:17:25.987+0000] {logging_mixin.py:188} INFO - [2026-06-23T03:17:25.987+0000] {dag.py:3954} INFO - Setting next_dagrun for example_bash_operator to 2026-06-22 00:00:00+00:00, run_after=2026-06-23 00:00:00+00:00
[2026-06-23T03:17:26.021+0000] {processor.py:183} INFO - Processing /home/airflow/.local/lib/python3.12/site-packages/airflow/example_dags/example_bash_operator.py took 0.118 seconds
[2026-06-23T03:17:57.244+0000] {processor.py:161} INFO - Started process (PID=7289) to work on /home/airflow/.local/lib/python3.12/site-packages/airflow/example_dags/example_bash_operator.py
[2026-06-23T03:17:57.247+0000] {processor.py:830} INFO - Processing file /home/airflow/.local/lib/python3.12/site-packages/airflow/example_dags/example_bash_operator.py for tasks to queue
[2026-06-23T03:17:57.253+0000] {logging_mixin.py:188} INFO - [2026-06-23T03:17:57.252+0000] {dagbag.py:545} INFO - Filling up the DagBag from /home/airflow/.local/lib/python3.12/site-packages/airflow/example_dags/example_bash_operator.py
[2026-06-23T03:17:57.306+0000] {processor.py:840} INFO - DAG(s) 'example_bash_operator' retrieved from /home/airflow/.local/lib/python3.12/site-packages/airflow/example_dags/example_bash_operator.py
[2026-06-23T03:17:57.468+0000] {logging_mixin.py:188} INFO - [2026-06-23T03:17:57.467+0000] {dag.py:3096} INFO - Sync 1 DAGs
[2026-06-23T03:17:57.644+0000] {logging_mixin.py:188} INFO - [2026-06-23T03:17:57.643+0000] {dag.py:3954} INFO - Setting next_dagrun for example_bash_operator to 2026-06-22 00:00:00+00:00, run_after=2026-06-23 00:00:00+00:00
[2026-06-23T03:17:57.749+0000] {processor.py:183} INFO - Processing /home/airflow/.local/lib/python3.12/site-packages/airflow/example_dags/example_bash_operator.py took 0.525 seconds
[2026-06-23T03:18:28.338+0000] {processor.py:161} INFO - Started process (PID=7558) to work on /home/airflow/.local/lib/python3.12/site-packages/airflow/example_dags/example_bash_operator.py
[2026-06-23T03:18:28.340+0000] {processor.py:830} INFO - Processing file /home/airflow/.local/lib/python3.12/site-packages/airflow/example_dags/example_bash_operator.py for tasks to queue
[2026-06-23T03:18:28.343+0000] {logging_mixin.py:188} INFO - [2026-06-23T03:18:28.343+0000] {dagbag.py:545} INFO - Filling up the DagBag from /home/airflow/.local/lib/python3.12/site-packages/airflow/example_dags/example_bash_operator.py
[2026-06-23T03:18:28.359+0000] {processor.py:840} INFO - DAG(s) 'example_bash_operator' retrieved from /home/airflow/.local/lib/python3.12/site-packages/airflow/example_dags/example_bash_operator.py
[2026-06-23T03:18:28.409+0000] {logging_mixin.py:188} INFO - [2026-06-23T03:18:28.409+0000] {dag.py:3096} INFO - Sync 1 DAGs
[2026-06-23T03:18:28.455+0000] {logging_mixin.py:188} INFO - [2026-06-23T03:18:28.454+0000] {dag.py:3954} INFO - Setting next_dagrun for example_bash_operator to 2026-06-22 00:00:00+00:00, run_after=2026-06-23 00:00:00+00:00
[2026-06-23T03:18:28.504+0000] {processor.py:183} INFO - Processing /home/airflow/.local/lib/python3.12/site-packages/airflow/example_dags/example_bash_operator.py took 0.174 seconds
[2026-06-23T03:18:58.960+0000] {processor.py:161} INFO - Started process (PID=7825) to work on /home/airflow/.local/lib/python3.12/site-packages/airflow/example_dags/example_bash_operator.py
[2026-06-23T03:18:58.962+0000] {processor.py:830} INFO - Processing file /home/airflow/.local/lib/python3.12/site-packages/airflow/example_dags/example_bash_operator.py for tasks to queue
[2026-06-23T03:18:58.965+0000] {logging_mixin.py:188} INFO - [2026-06-23T03:18:58.965+0000] {dagbag.py:545} INFO - Filling up the DagBag from /home/airflow/.local/lib/python3.12/site-packages/airflow/example_dags/example_bash_operator.py
[2026-06-23T03:18:58.979+0000] {processor.py:840} INFO - DAG(s) 'example_bash_operator' retrieved from /home/airflow/.local/lib/python3.12/site-packages/airflow/example_dags/example_bash_operator.py
[2026-06-23T03:18:59.017+0000] {logging_mixin.py:188} INFO - [2026-06-23T03:18:59.017+0000] {dag.py:3096} INFO - Sync 1 DAGs
[2026-06-23T03:18:59.048+0000] {logging_mixin.py:188} INFO - [2026-06-23T03:18:59.048+0000] {dag.py:3954} INFO - Setting next_dagrun for example_bash_operator to 2026-06-22 00:00:00+00:00, run_after=2026-06-23 00:00:00+00:00
[2026-06-23T03:18:59.078+0000] {processor.py:183} INFO - Processing /home/airflow/.local/lib/python3.12/site-packages/airflow/example_dags/example_bash_operator.py took 0.125 seconds
