[2026-06-23T02:47:02.315+0000] {processor.py:161} INFO - Started process (PID=110) to work on /home/airflow/.local/lib/python3.12/site-packages/airflow/example_dags/example_task_group.py
[2026-06-23T02:47:02.317+0000] {processor.py:830} INFO - Processing file /home/airflow/.local/lib/python3.12/site-packages/airflow/example_dags/example_task_group.py for tasks to queue
[2026-06-23T02:47:02.321+0000] {logging_mixin.py:188} INFO - [2026-06-23T02:47:02.320+0000] {dagbag.py:545} INFO - Filling up the DagBag from /home/airflow/.local/lib/python3.12/site-packages/airflow/example_dags/example_task_group.py
[2026-06-23T02:47:02.345+0000] {processor.py:840} INFO - DAG(s) 'example_task_group' retrieved from /home/airflow/.local/lib/python3.12/site-packages/airflow/example_dags/example_task_group.py
[2026-06-23T02:47:02.543+0000] {logging_mixin.py:188} INFO - [2026-06-23T02:47:02.543+0000] {dag.py:3096} INFO - Sync 1 DAGs
[2026-06-23T02:47:02.575+0000] {logging_mixin.py:188} INFO - [2026-06-23T02:47:02.575+0000] {dag.py:3954} INFO - Setting next_dagrun for example_task_group to 2026-06-22 00:00:00+00:00, run_after=2026-06-23 00:00:00+00:00
[2026-06-23T02:47:02.610+0000] {processor.py:183} INFO - Processing /home/airflow/.local/lib/python3.12/site-packages/airflow/example_dags/example_task_group.py took 0.304 seconds
[2026-06-23T02:47:33.661+0000] {processor.py:161} INFO - Started process (PID=169) to work on /home/airflow/.local/lib/python3.12/site-packages/airflow/example_dags/example_task_group.py
[2026-06-23T02:47:33.663+0000] {processor.py:830} INFO - Processing file /home/airflow/.local/lib/python3.12/site-packages/airflow/example_dags/example_task_group.py for tasks to queue
[2026-06-23T02:47:33.667+0000] {logging_mixin.py:188} INFO - [2026-06-23T02:47:33.666+0000] {dagbag.py:545} INFO - Filling up the DagBag from /home/airflow/.local/lib/python3.12/site-packages/airflow/example_dags/example_task_group.py
[2026-06-23T02:47:33.693+0000] {processor.py:840} INFO - DAG(s) 'example_task_group' retrieved from /home/airflow/.local/lib/python3.12/site-packages/airflow/example_dags/example_task_group.py
[2026-06-23T02:47:33.763+0000] {logging_mixin.py:188} INFO - [2026-06-23T02:47:33.762+0000] {dag.py:3096} INFO - Sync 1 DAGs
[2026-06-23T02:47:33.815+0000] {logging_mixin.py:188} INFO - [2026-06-23T02:47:33.815+0000] {dag.py:3954} INFO - Setting next_dagrun for example_task_group to 2026-06-22 00:00:00+00:00, run_after=2026-06-23 00:00:00+00:00
[2026-06-23T02:47:33.864+0000] {processor.py:183} INFO - Processing /home/airflow/.local/lib/python3.12/site-packages/airflow/example_dags/example_task_group.py took 0.214 seconds
[2026-06-23T02:48:03.948+0000] {processor.py:161} INFO - Started process (PID=228) to work on /home/airflow/.local/lib/python3.12/site-packages/airflow/example_dags/example_task_group.py
[2026-06-23T02:48:03.951+0000] {processor.py:830} INFO - Processing file /home/airflow/.local/lib/python3.12/site-packages/airflow/example_dags/example_task_group.py for tasks to queue
[2026-06-23T02:48:03.956+0000] {logging_mixin.py:188} INFO - [2026-06-23T02:48:03.955+0000] {dagbag.py:545} INFO - Filling up the DagBag from /home/airflow/.local/lib/python3.12/site-packages/airflow/example_dags/example_task_group.py
[2026-06-23T02:48:03.973+0000] {processor.py:840} INFO - DAG(s) 'example_task_group' retrieved from /home/airflow/.local/lib/python3.12/site-packages/airflow/example_dags/example_task_group.py
[2026-06-23T02:48:04.019+0000] {logging_mixin.py:188} INFO - [2026-06-23T02:48:04.018+0000] {dag.py:3096} INFO - Sync 1 DAGs
[2026-06-23T02:48:04.051+0000] {logging_mixin.py:188} INFO - [2026-06-23T02:48:04.050+0000] {dag.py:3954} INFO - Setting next_dagrun for example_task_group to 2026-06-22 00:00:00+00:00, run_after=2026-06-23 00:00:00+00:00
[2026-06-23T02:48:04.084+0000] {processor.py:183} INFO - Processing /home/airflow/.local/lib/python3.12/site-packages/airflow/example_dags/example_task_group.py took 0.151 seconds
[2026-06-23T02:48:34.946+0000] {processor.py:161} INFO - Started process (PID=287) to work on /home/airflow/.local/lib/python3.12/site-packages/airflow/example_dags/example_task_group.py
[2026-06-23T02:48:34.949+0000] {processor.py:830} INFO - Processing file /home/airflow/.local/lib/python3.12/site-packages/airflow/example_dags/example_task_group.py for tasks to queue
[2026-06-23T02:48:34.955+0000] {logging_mixin.py:188} INFO - [2026-06-23T02:48:34.955+0000] {dagbag.py:545} INFO - Filling up the DagBag from /home/airflow/.local/lib/python3.12/site-packages/airflow/example_dags/example_task_group.py
[2026-06-23T02:48:34.972+0000] {processor.py:840} INFO - DAG(s) 'example_task_group' retrieved from /home/airflow/.local/lib/python3.12/site-packages/airflow/example_dags/example_task_group.py
[2026-06-23T02:48:35.018+0000] {logging_mixin.py:188} INFO - [2026-06-23T02:48:35.018+0000] {dag.py:3096} INFO - Sync 1 DAGs
[2026-06-23T02:48:35.055+0000] {logging_mixin.py:188} INFO - [2026-06-23T02:48:35.055+0000] {dag.py:3954} INFO - Setting next_dagrun for example_task_group to 2026-06-22 00:00:00+00:00, run_after=2026-06-23 00:00:00+00:00
[2026-06-23T02:48:35.088+0000] {processor.py:183} INFO - Processing /home/airflow/.local/lib/python3.12/site-packages/airflow/example_dags/example_task_group.py took 0.155 seconds
[2026-06-23T02:49:05.933+0000] {processor.py:161} INFO - Started process (PID=347) to work on /home/airflow/.local/lib/python3.12/site-packages/airflow/example_dags/example_task_group.py
[2026-06-23T02:49:05.935+0000] {processor.py:830} INFO - Processing file /home/airflow/.local/lib/python3.12/site-packages/airflow/example_dags/example_task_group.py for tasks to queue
[2026-06-23T02:49:05.939+0000] {logging_mixin.py:188} INFO - [2026-06-23T02:49:05.938+0000] {dagbag.py:545} INFO - Filling up the DagBag from /home/airflow/.local/lib/python3.12/site-packages/airflow/example_dags/example_task_group.py
[2026-06-23T02:49:05.953+0000] {processor.py:840} INFO - DAG(s) 'example_task_group' retrieved from /home/airflow/.local/lib/python3.12/site-packages/airflow/example_dags/example_task_group.py
[2026-06-23T02:49:05.991+0000] {logging_mixin.py:188} INFO - [2026-06-23T02:49:05.990+0000] {dag.py:3096} INFO - Sync 1 DAGs
[2026-06-23T02:49:06.033+0000] {logging_mixin.py:188} INFO - [2026-06-23T02:49:06.032+0000] {dag.py:3954} INFO - Setting next_dagrun for example_task_group to 2026-06-22 00:00:00+00:00, run_after=2026-06-23 00:00:00+00:00
[2026-06-23T02:49:06.069+0000] {processor.py:183} INFO - Processing /home/airflow/.local/lib/python3.12/site-packages/airflow/example_dags/example_task_group.py took 0.147 seconds
[2026-06-23T02:49:36.207+0000] {processor.py:161} INFO - Started process (PID=406) to work on /home/airflow/.local/lib/python3.12/site-packages/airflow/example_dags/example_task_group.py
[2026-06-23T02:49:36.209+0000] {processor.py:830} INFO - Processing file /home/airflow/.local/lib/python3.12/site-packages/airflow/example_dags/example_task_group.py for tasks to queue
[2026-06-23T02:49:36.214+0000] {logging_mixin.py:188} INFO - [2026-06-23T02:49:36.213+0000] {dagbag.py:545} INFO - Filling up the DagBag from /home/airflow/.local/lib/python3.12/site-packages/airflow/example_dags/example_task_group.py
[2026-06-23T02:49:36.228+0000] {processor.py:840} INFO - DAG(s) 'example_task_group' retrieved from /home/airflow/.local/lib/python3.12/site-packages/airflow/example_dags/example_task_group.py
[2026-06-23T02:49:36.266+0000] {logging_mixin.py:188} INFO - [2026-06-23T02:49:36.266+0000] {dag.py:3096} INFO - Sync 1 DAGs
[2026-06-23T02:49:36.304+0000] {logging_mixin.py:188} INFO - [2026-06-23T02:49:36.303+0000] {dag.py:3954} INFO - Setting next_dagrun for example_task_group to 2026-06-22 00:00:00+00:00, run_after=2026-06-23 00:00:00+00:00
[2026-06-23T02:49:36.342+0000] {processor.py:183} INFO - Processing /home/airflow/.local/lib/python3.12/site-packages/airflow/example_dags/example_task_group.py took 0.148 seconds
[2026-06-23T02:50:06.444+0000] {processor.py:161} INFO - Started process (PID=467) to work on /home/airflow/.local/lib/python3.12/site-packages/airflow/example_dags/example_task_group.py
[2026-06-23T02:50:06.446+0000] {processor.py:830} INFO - Processing file /home/airflow/.local/lib/python3.12/site-packages/airflow/example_dags/example_task_group.py for tasks to queue
[2026-06-23T02:50:06.449+0000] {logging_mixin.py:188} INFO - [2026-06-23T02:50:06.449+0000] {dagbag.py:545} INFO - Filling up the DagBag from /home/airflow/.local/lib/python3.12/site-packages/airflow/example_dags/example_task_group.py
[2026-06-23T02:50:06.464+0000] {processor.py:840} INFO - DAG(s) 'example_task_group' retrieved from /home/airflow/.local/lib/python3.12/site-packages/airflow/example_dags/example_task_group.py
[2026-06-23T02:50:06.513+0000] {logging_mixin.py:188} INFO - [2026-06-23T02:50:06.512+0000] {dag.py:3096} INFO - Sync 1 DAGs
[2026-06-23T02:50:06.560+0000] {logging_mixin.py:188} INFO - [2026-06-23T02:50:06.560+0000] {dag.py:3954} INFO - Setting next_dagrun for example_task_group to 2026-06-22 00:00:00+00:00, run_after=2026-06-23 00:00:00+00:00
[2026-06-23T02:50:06.606+0000] {processor.py:183} INFO - Processing /home/airflow/.local/lib/python3.12/site-packages/airflow/example_dags/example_task_group.py took 0.169 seconds
[2026-06-23T02:50:36.817+0000] {processor.py:161} INFO - Started process (PID=528) to work on /home/airflow/.local/lib/python3.12/site-packages/airflow/example_dags/example_task_group.py
[2026-06-23T02:50:36.819+0000] {processor.py:830} INFO - Processing file /home/airflow/.local/lib/python3.12/site-packages/airflow/example_dags/example_task_group.py for tasks to queue
[2026-06-23T02:50:36.823+0000] {logging_mixin.py:188} INFO - [2026-06-23T02:50:36.822+0000] {dagbag.py:545} INFO - Filling up the DagBag from /home/airflow/.local/lib/python3.12/site-packages/airflow/example_dags/example_task_group.py
[2026-06-23T02:50:36.833+0000] {processor.py:840} INFO - DAG(s) 'example_task_group' retrieved from /home/airflow/.local/lib/python3.12/site-packages/airflow/example_dags/example_task_group.py
[2026-06-23T02:50:36.868+0000] {logging_mixin.py:188} INFO - [2026-06-23T02:50:36.868+0000] {dag.py:3096} INFO - Sync 1 DAGs
[2026-06-23T02:50:36.898+0000] {logging_mixin.py:188} INFO - [2026-06-23T02:50:36.897+0000] {dag.py:3954} INFO - Setting next_dagrun for example_task_group to 2026-06-22 00:00:00+00:00, run_after=2026-06-23 00:00:00+00:00
[2026-06-23T02:50:36.932+0000] {processor.py:183} INFO - Processing /home/airflow/.local/lib/python3.12/site-packages/airflow/example_dags/example_task_group.py took 0.123 seconds
[2026-06-23T02:51:07.509+0000] {processor.py:161} INFO - Started process (PID=587) to work on /home/airflow/.local/lib/python3.12/site-packages/airflow/example_dags/example_task_group.py
[2026-06-23T02:51:07.511+0000] {processor.py:830} INFO - Processing file /home/airflow/.local/lib/python3.12/site-packages/airflow/example_dags/example_task_group.py for tasks to queue
[2026-06-23T02:51:07.515+0000] {logging_mixin.py:188} INFO - [2026-06-23T02:51:07.514+0000] {dagbag.py:545} INFO - Filling up the DagBag from /home/airflow/.local/lib/python3.12/site-packages/airflow/example_dags/example_task_group.py
[2026-06-23T02:51:07.531+0000] {processor.py:840} INFO - DAG(s) 'example_task_group' retrieved from /home/airflow/.local/lib/python3.12/site-packages/airflow/example_dags/example_task_group.py
[2026-06-23T02:51:07.567+0000] {logging_mixin.py:188} INFO - [2026-06-23T02:51:07.567+0000] {dag.py:3096} INFO - Sync 1 DAGs
[2026-06-23T02:51:07.601+0000] {logging_mixin.py:188} INFO - [2026-06-23T02:51:07.601+0000] {dag.py:3954} INFO - Setting next_dagrun for example_task_group to 2026-06-22 00:00:00+00:00, run_after=2026-06-23 00:00:00+00:00
[2026-06-23T02:51:07.636+0000] {processor.py:183} INFO - Processing /home/airflow/.local/lib/python3.12/site-packages/airflow/example_dags/example_task_group.py took 0.135 seconds
[2026-06-23T02:51:38.033+0000] {processor.py:161} INFO - Started process (PID=647) to work on /home/airflow/.local/lib/python3.12/site-packages/airflow/example_dags/example_task_group.py
[2026-06-23T02:51:38.034+0000] {processor.py:830} INFO - Processing file /home/airflow/.local/lib/python3.12/site-packages/airflow/example_dags/example_task_group.py for tasks to queue
[2026-06-23T02:51:38.038+0000] {logging_mixin.py:188} INFO - [2026-06-23T02:51:38.037+0000] {dagbag.py:545} INFO - Filling up the DagBag from /home/airflow/.local/lib/python3.12/site-packages/airflow/example_dags/example_task_group.py
[2026-06-23T02:51:38.048+0000] {processor.py:840} INFO - DAG(s) 'example_task_group' retrieved from /home/airflow/.local/lib/python3.12/site-packages/airflow/example_dags/example_task_group.py
[2026-06-23T02:51:38.081+0000] {logging_mixin.py:188} INFO - [2026-06-23T02:51:38.081+0000] {dag.py:3096} INFO - Sync 1 DAGs
[2026-06-23T02:51:38.114+0000] {logging_mixin.py:188} INFO - [2026-06-23T02:51:38.114+0000] {dag.py:3954} INFO - Setting next_dagrun for example_task_group to 2026-06-22 00:00:00+00:00, run_after=2026-06-23 00:00:00+00:00
[2026-06-23T02:51:38.154+0000] {processor.py:183} INFO - Processing /home/airflow/.local/lib/python3.12/site-packages/airflow/example_dags/example_task_group.py took 0.130 seconds
[2026-06-23T02:52:08.385+0000] {processor.py:161} INFO - Started process (PID=706) to work on /home/airflow/.local/lib/python3.12/site-packages/airflow/example_dags/example_task_group.py
[2026-06-23T02:52:08.386+0000] {processor.py:830} INFO - Processing file /home/airflow/.local/lib/python3.12/site-packages/airflow/example_dags/example_task_group.py for tasks to queue
[2026-06-23T02:52:08.390+0000] {logging_mixin.py:188} INFO - [2026-06-23T02:52:08.389+0000] {dagbag.py:545} INFO - Filling up the DagBag from /home/airflow/.local/lib/python3.12/site-packages/airflow/example_dags/example_task_group.py
[2026-06-23T02:52:08.399+0000] {processor.py:840} INFO - DAG(s) 'example_task_group' retrieved from /home/airflow/.local/lib/python3.12/site-packages/airflow/example_dags/example_task_group.py
[2026-06-23T02:52:08.430+0000] {logging_mixin.py:188} INFO - [2026-06-23T02:52:08.430+0000] {dag.py:3096} INFO - Sync 1 DAGs
[2026-06-23T02:52:08.455+0000] {logging_mixin.py:188} INFO - [2026-06-23T02:52:08.455+0000] {dag.py:3954} INFO - Setting next_dagrun for example_task_group to 2026-06-22 00:00:00+00:00, run_after=2026-06-23 00:00:00+00:00
[2026-06-23T02:52:08.485+0000] {processor.py:183} INFO - Processing /home/airflow/.local/lib/python3.12/site-packages/airflow/example_dags/example_task_group.py took 0.106 seconds
[2026-06-23T02:52:39.037+0000] {processor.py:161} INFO - Started process (PID=765) to work on /home/airflow/.local/lib/python3.12/site-packages/airflow/example_dags/example_task_group.py
[2026-06-23T02:52:39.039+0000] {processor.py:830} INFO - Processing file /home/airflow/.local/lib/python3.12/site-packages/airflow/example_dags/example_task_group.py for tasks to queue
[2026-06-23T02:52:39.043+0000] {logging_mixin.py:188} INFO - [2026-06-23T02:52:39.042+0000] {dagbag.py:545} INFO - Filling up the DagBag from /home/airflow/.local/lib/python3.12/site-packages/airflow/example_dags/example_task_group.py
[2026-06-23T02:52:39.054+0000] {processor.py:840} INFO - DAG(s) 'example_task_group' retrieved from /home/airflow/.local/lib/python3.12/site-packages/airflow/example_dags/example_task_group.py
[2026-06-23T02:52:39.083+0000] {logging_mixin.py:188} INFO - [2026-06-23T02:52:39.083+0000] {dag.py:3096} INFO - Sync 1 DAGs
[2026-06-23T02:52:39.110+0000] {logging_mixin.py:188} INFO - [2026-06-23T02:52:39.110+0000] {dag.py:3954} INFO - Setting next_dagrun for example_task_group to 2026-06-22 00:00:00+00:00, run_after=2026-06-23 00:00:00+00:00
[2026-06-23T02:52:39.139+0000] {processor.py:183} INFO - Processing /home/airflow/.local/lib/python3.12/site-packages/airflow/example_dags/example_task_group.py took 0.110 seconds
[2026-06-23T02:53:09.397+0000] {processor.py:161} INFO - Started process (PID=824) to work on /home/airflow/.local/lib/python3.12/site-packages/airflow/example_dags/example_task_group.py
[2026-06-23T02:53:09.399+0000] {processor.py:830} INFO - Processing file /home/airflow/.local/lib/python3.12/site-packages/airflow/example_dags/example_task_group.py for tasks to queue
[2026-06-23T02:53:09.402+0000] {logging_mixin.py:188} INFO - [2026-06-23T02:53:09.401+0000] {dagbag.py:545} INFO - Filling up the DagBag from /home/airflow/.local/lib/python3.12/site-packages/airflow/example_dags/example_task_group.py
[2026-06-23T02:53:09.411+0000] {processor.py:840} INFO - DAG(s) 'example_task_group' retrieved from /home/airflow/.local/lib/python3.12/site-packages/airflow/example_dags/example_task_group.py
[2026-06-23T02:53:09.440+0000] {logging_mixin.py:188} INFO - [2026-06-23T02:53:09.440+0000] {dag.py:3096} INFO - Sync 1 DAGs
[2026-06-23T02:53:09.467+0000] {logging_mixin.py:188} INFO - [2026-06-23T02:53:09.466+0000] {dag.py:3954} INFO - Setting next_dagrun for example_task_group to 2026-06-22 00:00:00+00:00, run_after=2026-06-23 00:00:00+00:00
[2026-06-23T02:53:09.496+0000] {processor.py:183} INFO - Processing /home/airflow/.local/lib/python3.12/site-packages/airflow/example_dags/example_task_group.py took 0.106 seconds
[2026-06-23T02:53:40.133+0000] {processor.py:161} INFO - Started process (PID=884) to work on /home/airflow/.local/lib/python3.12/site-packages/airflow/example_dags/example_task_group.py
[2026-06-23T02:53:40.134+0000] {processor.py:830} INFO - Processing file /home/airflow/.local/lib/python3.12/site-packages/airflow/example_dags/example_task_group.py for tasks to queue
[2026-06-23T02:53:40.137+0000] {logging_mixin.py:188} INFO - [2026-06-23T02:53:40.136+0000] {dagbag.py:545} INFO - Filling up the DagBag from /home/airflow/.local/lib/python3.12/site-packages/airflow/example_dags/example_task_group.py
[2026-06-23T02:53:40.145+0000] {processor.py:840} INFO - DAG(s) 'example_task_group' retrieved from /home/airflow/.local/lib/python3.12/site-packages/airflow/example_dags/example_task_group.py
[2026-06-23T02:53:40.173+0000] {logging_mixin.py:188} INFO - [2026-06-23T02:53:40.173+0000] {dag.py:3096} INFO - Sync 1 DAGs
[2026-06-23T02:53:40.200+0000] {logging_mixin.py:188} INFO - [2026-06-23T02:53:40.200+0000] {dag.py:3954} INFO - Setting next_dagrun for example_task_group to 2026-06-22 00:00:00+00:00, run_after=2026-06-23 00:00:00+00:00
[2026-06-23T02:53:40.229+0000] {processor.py:183} INFO - Processing /home/airflow/.local/lib/python3.12/site-packages/airflow/example_dags/example_task_group.py took 0.102 seconds
[2026-06-23T02:54:10.392+0000] {processor.py:161} INFO - Started process (PID=943) to work on /home/airflow/.local/lib/python3.12/site-packages/airflow/example_dags/example_task_group.py
[2026-06-23T02:54:10.394+0000] {processor.py:830} INFO - Processing file /home/airflow/.local/lib/python3.12/site-packages/airflow/example_dags/example_task_group.py for tasks to queue
[2026-06-23T02:54:10.396+0000] {logging_mixin.py:188} INFO - [2026-06-23T02:54:10.396+0000] {dagbag.py:545} INFO - Filling up the DagBag from /home/airflow/.local/lib/python3.12/site-packages/airflow/example_dags/example_task_group.py
[2026-06-23T02:54:10.406+0000] {processor.py:840} INFO - DAG(s) 'example_task_group' retrieved from /home/airflow/.local/lib/python3.12/site-packages/airflow/example_dags/example_task_group.py
[2026-06-23T02:54:10.435+0000] {logging_mixin.py:188} INFO - [2026-06-23T02:54:10.435+0000] {dag.py:3096} INFO - Sync 1 DAGs
[2026-06-23T02:54:10.463+0000] {logging_mixin.py:188} INFO - [2026-06-23T02:54:10.463+0000] {dag.py:3954} INFO - Setting next_dagrun for example_task_group to 2026-06-22 00:00:00+00:00, run_after=2026-06-23 00:00:00+00:00
[2026-06-23T02:54:10.494+0000] {processor.py:183} INFO - Processing /home/airflow/.local/lib/python3.12/site-packages/airflow/example_dags/example_task_group.py took 0.109 seconds
[2026-06-23T02:54:40.670+0000] {processor.py:161} INFO - Started process (PID=1003) to work on /home/airflow/.local/lib/python3.12/site-packages/airflow/example_dags/example_task_group.py
[2026-06-23T02:54:40.672+0000] {processor.py:830} INFO - Processing file /home/airflow/.local/lib/python3.12/site-packages/airflow/example_dags/example_task_group.py for tasks to queue
[2026-06-23T02:54:40.675+0000] {logging_mixin.py:188} INFO - [2026-06-23T02:54:40.675+0000] {dagbag.py:545} INFO - Filling up the DagBag from /home/airflow/.local/lib/python3.12/site-packages/airflow/example_dags/example_task_group.py
[2026-06-23T02:54:40.686+0000] {processor.py:840} INFO - DAG(s) 'example_task_group' retrieved from /home/airflow/.local/lib/python3.12/site-packages/airflow/example_dags/example_task_group.py
[2026-06-23T02:54:40.717+0000] {logging_mixin.py:188} INFO - [2026-06-23T02:54:40.717+0000] {dag.py:3096} INFO - Sync 1 DAGs
[2026-06-23T02:54:40.746+0000] {logging_mixin.py:188} INFO - [2026-06-23T02:54:40.745+0000] {dag.py:3954} INFO - Setting next_dagrun for example_task_group to 2026-06-22 00:00:00+00:00, run_after=2026-06-23 00:00:00+00:00
[2026-06-23T02:54:40.776+0000] {processor.py:183} INFO - Processing /home/airflow/.local/lib/python3.12/site-packages/airflow/example_dags/example_task_group.py took 0.115 seconds
[2026-06-23T02:55:11.681+0000] {processor.py:161} INFO - Started process (PID=1062) to work on /home/airflow/.local/lib/python3.12/site-packages/airflow/example_dags/example_task_group.py
[2026-06-23T02:55:11.683+0000] {processor.py:830} INFO - Processing file /home/airflow/.local/lib/python3.12/site-packages/airflow/example_dags/example_task_group.py for tasks to queue
[2026-06-23T02:55:11.686+0000] {logging_mixin.py:188} INFO - [2026-06-23T02:55:11.685+0000] {dagbag.py:545} INFO - Filling up the DagBag from /home/airflow/.local/lib/python3.12/site-packages/airflow/example_dags/example_task_group.py
[2026-06-23T02:55:11.695+0000] {processor.py:840} INFO - DAG(s) 'example_task_group' retrieved from /home/airflow/.local/lib/python3.12/site-packages/airflow/example_dags/example_task_group.py
[2026-06-23T02:55:11.727+0000] {logging_mixin.py:188} INFO - [2026-06-23T02:55:11.727+0000] {dag.py:3096} INFO - Sync 1 DAGs
[2026-06-23T02:55:11.757+0000] {logging_mixin.py:188} INFO - [2026-06-23T02:55:11.757+0000] {dag.py:3954} INFO - Setting next_dagrun for example_task_group to 2026-06-22 00:00:00+00:00, run_after=2026-06-23 00:00:00+00:00
[2026-06-23T02:55:11.788+0000] {processor.py:183} INFO - Processing /home/airflow/.local/lib/python3.12/site-packages/airflow/example_dags/example_task_group.py took 0.114 seconds
[2026-06-23T02:55:42.328+0000] {processor.py:161} INFO - Started process (PID=1122) to work on /home/airflow/.local/lib/python3.12/site-packages/airflow/example_dags/example_task_group.py
[2026-06-23T02:55:42.330+0000] {processor.py:830} INFO - Processing file /home/airflow/.local/lib/python3.12/site-packages/airflow/example_dags/example_task_group.py for tasks to queue
[2026-06-23T02:55:42.333+0000] {logging_mixin.py:188} INFO - [2026-06-23T02:55:42.333+0000] {dagbag.py:545} INFO - Filling up the DagBag from /home/airflow/.local/lib/python3.12/site-packages/airflow/example_dags/example_task_group.py
[2026-06-23T02:55:42.345+0000] {processor.py:840} INFO - DAG(s) 'example_task_group' retrieved from /home/airflow/.local/lib/python3.12/site-packages/airflow/example_dags/example_task_group.py
[2026-06-23T02:55:42.379+0000] {logging_mixin.py:188} INFO - [2026-06-23T02:55:42.379+0000] {dag.py:3096} INFO - Sync 1 DAGs
[2026-06-23T02:55:42.411+0000] {logging_mixin.py:188} INFO - [2026-06-23T02:55:42.411+0000] {dag.py:3954} INFO - Setting next_dagrun for example_task_group to 2026-06-22 00:00:00+00:00, run_after=2026-06-23 00:00:00+00:00
[2026-06-23T02:55:42.442+0000] {processor.py:183} INFO - Processing /home/airflow/.local/lib/python3.12/site-packages/airflow/example_dags/example_task_group.py took 0.122 seconds
[2026-06-23T02:56:13.602+0000] {processor.py:161} INFO - Started process (PID=1181) to work on /home/airflow/.local/lib/python3.12/site-packages/airflow/example_dags/example_task_group.py
[2026-06-23T02:56:13.604+0000] {processor.py:830} INFO - Processing file /home/airflow/.local/lib/python3.12/site-packages/airflow/example_dags/example_task_group.py for tasks to queue
[2026-06-23T02:56:13.607+0000] {logging_mixin.py:188} INFO - [2026-06-23T02:56:13.607+0000] {dagbag.py:545} INFO - Filling up the DagBag from /home/airflow/.local/lib/python3.12/site-packages/airflow/example_dags/example_task_group.py
[2026-06-23T02:56:13.619+0000] {processor.py:840} INFO - DAG(s) 'example_task_group' retrieved from /home/airflow/.local/lib/python3.12/site-packages/airflow/example_dags/example_task_group.py
[2026-06-23T02:56:13.657+0000] {logging_mixin.py:188} INFO - [2026-06-23T02:56:13.657+0000] {dag.py:3096} INFO - Sync 1 DAGs
[2026-06-23T02:56:13.692+0000] {logging_mixin.py:188} INFO - [2026-06-23T02:56:13.691+0000] {dag.py:3954} INFO - Setting next_dagrun for example_task_group to 2026-06-22 00:00:00+00:00, run_after=2026-06-23 00:00:00+00:00
[2026-06-23T02:56:13.726+0000] {processor.py:183} INFO - Processing /home/airflow/.local/lib/python3.12/site-packages/airflow/example_dags/example_task_group.py took 0.134 seconds
[2026-06-23T02:56:44.024+0000] {processor.py:161} INFO - Started process (PID=1241) to work on /home/airflow/.local/lib/python3.12/site-packages/airflow/example_dags/example_task_group.py
[2026-06-23T02:56:44.027+0000] {processor.py:830} INFO - Processing file /home/airflow/.local/lib/python3.12/site-packages/airflow/example_dags/example_task_group.py for tasks to queue
[2026-06-23T02:56:44.031+0000] {logging_mixin.py:188} INFO - [2026-06-23T02:56:44.030+0000] {dagbag.py:545} INFO - Filling up the DagBag from /home/airflow/.local/lib/python3.12/site-packages/airflow/example_dags/example_task_group.py
[2026-06-23T02:56:44.043+0000] {processor.py:840} INFO - DAG(s) 'example_task_group' retrieved from /home/airflow/.local/lib/python3.12/site-packages/airflow/example_dags/example_task_group.py
[2026-06-23T02:56:44.078+0000] {logging_mixin.py:188} INFO - [2026-06-23T02:56:44.078+0000] {dag.py:3096} INFO - Sync 1 DAGs
[2026-06-23T02:56:44.110+0000] {logging_mixin.py:188} INFO - [2026-06-23T02:56:44.109+0000] {dag.py:3954} INFO - Setting next_dagrun for example_task_group to 2026-06-22 00:00:00+00:00, run_after=2026-06-23 00:00:00+00:00
[2026-06-23T02:56:44.145+0000] {processor.py:183} INFO - Processing /home/airflow/.local/lib/python3.12/site-packages/airflow/example_dags/example_task_group.py took 0.130 seconds
[2026-06-23T02:57:14.969+0000] {processor.py:161} INFO - Started process (PID=1300) to work on /home/airflow/.local/lib/python3.12/site-packages/airflow/example_dags/example_task_group.py
[2026-06-23T02:57:14.973+0000] {processor.py:830} INFO - Processing file /home/airflow/.local/lib/python3.12/site-packages/airflow/example_dags/example_task_group.py for tasks to queue
[2026-06-23T02:57:14.980+0000] {logging_mixin.py:188} INFO - [2026-06-23T02:57:14.979+0000] {dagbag.py:545} INFO - Filling up the DagBag from /home/airflow/.local/lib/python3.12/site-packages/airflow/example_dags/example_task_group.py
[2026-06-23T02:57:15.002+0000] {processor.py:840} INFO - DAG(s) 'example_task_group' retrieved from /home/airflow/.local/lib/python3.12/site-packages/airflow/example_dags/example_task_group.py
[2026-06-23T02:57:15.071+0000] {logging_mixin.py:188} INFO - [2026-06-23T02:57:15.071+0000] {dag.py:3096} INFO - Sync 1 DAGs
[2026-06-23T02:57:15.143+0000] {logging_mixin.py:188} INFO - [2026-06-23T02:57:15.142+0000] {dag.py:3954} INFO - Setting next_dagrun for example_task_group to 2026-06-22 00:00:00+00:00, run_after=2026-06-23 00:00:00+00:00
[2026-06-23T02:57:15.213+0000] {processor.py:183} INFO - Processing /home/airflow/.local/lib/python3.12/site-packages/airflow/example_dags/example_task_group.py took 0.260 seconds
[2026-06-23T02:57:46.057+0000] {processor.py:161} INFO - Started process (PID=1359) to work on /home/airflow/.local/lib/python3.12/site-packages/airflow/example_dags/example_task_group.py
[2026-06-23T02:57:46.058+0000] {processor.py:830} INFO - Processing file /home/airflow/.local/lib/python3.12/site-packages/airflow/example_dags/example_task_group.py for tasks to queue
[2026-06-23T02:57:46.062+0000] {logging_mixin.py:188} INFO - [2026-06-23T02:57:46.061+0000] {dagbag.py:545} INFO - Filling up the DagBag from /home/airflow/.local/lib/python3.12/site-packages/airflow/example_dags/example_task_group.py
[2026-06-23T02:57:46.073+0000] {processor.py:840} INFO - DAG(s) 'example_task_group' retrieved from /home/airflow/.local/lib/python3.12/site-packages/airflow/example_dags/example_task_group.py
[2026-06-23T02:57:46.108+0000] {logging_mixin.py:188} INFO - [2026-06-23T02:57:46.108+0000] {dag.py:3096} INFO - Sync 1 DAGs
[2026-06-23T02:57:46.138+0000] {logging_mixin.py:188} INFO - [2026-06-23T02:57:46.137+0000] {dag.py:3954} INFO - Setting next_dagrun for example_task_group to 2026-06-22 00:00:00+00:00, run_after=2026-06-23 00:00:00+00:00
[2026-06-23T02:57:46.167+0000] {processor.py:183} INFO - Processing /home/airflow/.local/lib/python3.12/site-packages/airflow/example_dags/example_task_group.py took 0.119 seconds
[2026-06-23T02:58:55.012+0000] {processor.py:161} INFO - Started process (PID=1416) to work on /home/airflow/.local/lib/python3.12/site-packages/airflow/example_dags/example_task_group.py
[2026-06-23T02:58:55.013+0000] {processor.py:830} INFO - Processing file /home/airflow/.local/lib/python3.12/site-packages/airflow/example_dags/example_task_group.py for tasks to queue
[2026-06-23T02:58:55.016+0000] {logging_mixin.py:188} INFO - [2026-06-23T02:58:55.016+0000] {dagbag.py:545} INFO - Filling up the DagBag from /home/airflow/.local/lib/python3.12/site-packages/airflow/example_dags/example_task_group.py
[2026-06-23T02:58:55.027+0000] {processor.py:840} INFO - DAG(s) 'example_task_group' retrieved from /home/airflow/.local/lib/python3.12/site-packages/airflow/example_dags/example_task_group.py
[2026-06-23T02:58:55.063+0000] {logging_mixin.py:188} INFO - [2026-06-23T02:58:55.062+0000] {dag.py:3096} INFO - Sync 1 DAGs
[2026-06-23T02:58:55.093+0000] {logging_mixin.py:188} INFO - [2026-06-23T02:58:55.093+0000] {dag.py:3954} INFO - Setting next_dagrun for example_task_group to 2026-06-22 00:00:00+00:00, run_after=2026-06-23 00:00:00+00:00
[2026-06-23T02:58:55.299+0000] {processor.py:183} INFO - Processing /home/airflow/.local/lib/python3.12/site-packages/airflow/example_dags/example_task_group.py took 0.295 seconds
[2026-06-23T02:59:25.748+0000] {processor.py:161} INFO - Started process (PID=1476) to work on /home/airflow/.local/lib/python3.12/site-packages/airflow/example_dags/example_task_group.py
[2026-06-23T02:59:25.750+0000] {processor.py:830} INFO - Processing file /home/airflow/.local/lib/python3.12/site-packages/airflow/example_dags/example_task_group.py for tasks to queue
[2026-06-23T02:59:25.754+0000] {logging_mixin.py:188} INFO - [2026-06-23T02:59:25.753+0000] {dagbag.py:545} INFO - Filling up the DagBag from /home/airflow/.local/lib/python3.12/site-packages/airflow/example_dags/example_task_group.py
[2026-06-23T02:59:25.766+0000] {processor.py:840} INFO - DAG(s) 'example_task_group' retrieved from /home/airflow/.local/lib/python3.12/site-packages/airflow/example_dags/example_task_group.py
[2026-06-23T02:59:25.806+0000] {logging_mixin.py:188} INFO - [2026-06-23T02:59:25.806+0000] {dag.py:3096} INFO - Sync 1 DAGs
[2026-06-23T02:59:25.857+0000] {logging_mixin.py:188} INFO - [2026-06-23T02:59:25.857+0000] {dag.py:3954} INFO - Setting next_dagrun for example_task_group to 2026-06-22 00:00:00+00:00, run_after=2026-06-23 00:00:00+00:00
[2026-06-23T02:59:25.897+0000] {processor.py:183} INFO - Processing /home/airflow/.local/lib/python3.12/site-packages/airflow/example_dags/example_task_group.py took 0.159 seconds
[2026-06-23T02:59:57.682+0000] {processor.py:161} INFO - Started process (PID=1534) to work on /home/airflow/.local/lib/python3.12/site-packages/airflow/example_dags/example_task_group.py
[2026-06-23T02:59:57.684+0000] {processor.py:830} INFO - Processing file /home/airflow/.local/lib/python3.12/site-packages/airflow/example_dags/example_task_group.py for tasks to queue
[2026-06-23T02:59:57.687+0000] {logging_mixin.py:188} INFO - [2026-06-23T02:59:57.686+0000] {dagbag.py:545} INFO - Filling up the DagBag from /home/airflow/.local/lib/python3.12/site-packages/airflow/example_dags/example_task_group.py
[2026-06-23T02:59:57.696+0000] {processor.py:840} INFO - DAG(s) 'example_task_group' retrieved from /home/airflow/.local/lib/python3.12/site-packages/airflow/example_dags/example_task_group.py
[2026-06-23T02:59:57.730+0000] {logging_mixin.py:188} INFO - [2026-06-23T02:59:57.730+0000] {dag.py:3096} INFO - Sync 1 DAGs
[2026-06-23T02:59:57.761+0000] {logging_mixin.py:188} INFO - [2026-06-23T02:59:57.760+0000] {dag.py:3954} INFO - Setting next_dagrun for example_task_group to 2026-06-22 00:00:00+00:00, run_after=2026-06-23 00:00:00+00:00
[2026-06-23T02:59:57.791+0000] {processor.py:183} INFO - Processing /home/airflow/.local/lib/python3.12/site-packages/airflow/example_dags/example_task_group.py took 0.117 seconds
[2026-06-23T03:00:28.404+0000] {processor.py:161} INFO - Started process (PID=1593) to work on /home/airflow/.local/lib/python3.12/site-packages/airflow/example_dags/example_task_group.py
[2026-06-23T03:00:28.406+0000] {processor.py:830} INFO - Processing file /home/airflow/.local/lib/python3.12/site-packages/airflow/example_dags/example_task_group.py for tasks to queue
[2026-06-23T03:00:28.409+0000] {logging_mixin.py:188} INFO - [2026-06-23T03:00:28.408+0000] {dagbag.py:545} INFO - Filling up the DagBag from /home/airflow/.local/lib/python3.12/site-packages/airflow/example_dags/example_task_group.py
[2026-06-23T03:00:28.418+0000] {processor.py:840} INFO - DAG(s) 'example_task_group' retrieved from /home/airflow/.local/lib/python3.12/site-packages/airflow/example_dags/example_task_group.py
[2026-06-23T03:00:28.448+0000] {logging_mixin.py:188} INFO - [2026-06-23T03:00:28.448+0000] {dag.py:3096} INFO - Sync 1 DAGs
[2026-06-23T03:00:28.480+0000] {logging_mixin.py:188} INFO - [2026-06-23T03:00:28.479+0000] {dag.py:3954} INFO - Setting next_dagrun for example_task_group to 2026-06-22 00:00:00+00:00, run_after=2026-06-23 00:00:00+00:00
[2026-06-23T03:00:28.513+0000] {processor.py:183} INFO - Processing /home/airflow/.local/lib/python3.12/site-packages/airflow/example_dags/example_task_group.py took 0.117 seconds
[2026-06-23T03:00:59.084+0000] {processor.py:161} INFO - Started process (PID=1652) to work on /home/airflow/.local/lib/python3.12/site-packages/airflow/example_dags/example_task_group.py
[2026-06-23T03:00:59.085+0000] {processor.py:830} INFO - Processing file /home/airflow/.local/lib/python3.12/site-packages/airflow/example_dags/example_task_group.py for tasks to queue
[2026-06-23T03:00:59.088+0000] {logging_mixin.py:188} INFO - [2026-06-23T03:00:59.088+0000] {dagbag.py:545} INFO - Filling up the DagBag from /home/airflow/.local/lib/python3.12/site-packages/airflow/example_dags/example_task_group.py
[2026-06-23T03:00:59.099+0000] {processor.py:840} INFO - DAG(s) 'example_task_group' retrieved from /home/airflow/.local/lib/python3.12/site-packages/airflow/example_dags/example_task_group.py
[2026-06-23T03:00:59.131+0000] {logging_mixin.py:188} INFO - [2026-06-23T03:00:59.130+0000] {dag.py:3096} INFO - Sync 1 DAGs
[2026-06-23T03:00:59.166+0000] {logging_mixin.py:188} INFO - [2026-06-23T03:00:59.165+0000] {dag.py:3954} INFO - Setting next_dagrun for example_task_group to 2026-06-22 00:00:00+00:00, run_after=2026-06-23 00:00:00+00:00
[2026-06-23T03:00:59.202+0000] {processor.py:183} INFO - Processing /home/airflow/.local/lib/python3.12/site-packages/airflow/example_dags/example_task_group.py took 0.127 seconds
[2026-06-23T03:01:30.396+0000] {processor.py:161} INFO - Started process (PID=1711) to work on /home/airflow/.local/lib/python3.12/site-packages/airflow/example_dags/example_task_group.py
[2026-06-23T03:01:30.398+0000] {processor.py:830} INFO - Processing file /home/airflow/.local/lib/python3.12/site-packages/airflow/example_dags/example_task_group.py for tasks to queue
[2026-06-23T03:01:30.401+0000] {logging_mixin.py:188} INFO - [2026-06-23T03:01:30.400+0000] {dagbag.py:545} INFO - Filling up the DagBag from /home/airflow/.local/lib/python3.12/site-packages/airflow/example_dags/example_task_group.py
[2026-06-23T03:01:30.410+0000] {processor.py:840} INFO - DAG(s) 'example_task_group' retrieved from /home/airflow/.local/lib/python3.12/site-packages/airflow/example_dags/example_task_group.py
[2026-06-23T03:01:30.444+0000] {logging_mixin.py:188} INFO - [2026-06-23T03:01:30.443+0000] {dag.py:3096} INFO - Sync 1 DAGs
[2026-06-23T03:01:30.475+0000] {logging_mixin.py:188} INFO - [2026-06-23T03:01:30.474+0000] {dag.py:3954} INFO - Setting next_dagrun for example_task_group to 2026-06-22 00:00:00+00:00, run_after=2026-06-23 00:00:00+00:00
[2026-06-23T03:01:30.513+0000] {processor.py:183} INFO - Processing /home/airflow/.local/lib/python3.12/site-packages/airflow/example_dags/example_task_group.py took 0.125 seconds
[2026-06-23T03:02:00.775+0000] {processor.py:161} INFO - Started process (PID=1770) to work on /home/airflow/.local/lib/python3.12/site-packages/airflow/example_dags/example_task_group.py
[2026-06-23T03:02:00.777+0000] {processor.py:830} INFO - Processing file /home/airflow/.local/lib/python3.12/site-packages/airflow/example_dags/example_task_group.py for tasks to queue
[2026-06-23T03:02:00.780+0000] {logging_mixin.py:188} INFO - [2026-06-23T03:02:00.780+0000] {dagbag.py:545} INFO - Filling up the DagBag from /home/airflow/.local/lib/python3.12/site-packages/airflow/example_dags/example_task_group.py
[2026-06-23T03:02:00.790+0000] {processor.py:840} INFO - DAG(s) 'example_task_group' retrieved from /home/airflow/.local/lib/python3.12/site-packages/airflow/example_dags/example_task_group.py
[2026-06-23T03:02:00.823+0000] {logging_mixin.py:188} INFO - [2026-06-23T03:02:00.822+0000] {dag.py:3096} INFO - Sync 1 DAGs
[2026-06-23T03:02:00.853+0000] {logging_mixin.py:188} INFO - [2026-06-23T03:02:00.853+0000] {dag.py:3954} INFO - Setting next_dagrun for example_task_group to 2026-06-22 00:00:00+00:00, run_after=2026-06-23 00:00:00+00:00
[2026-06-23T03:02:00.883+0000] {processor.py:183} INFO - Processing /home/airflow/.local/lib/python3.12/site-packages/airflow/example_dags/example_task_group.py took 0.116 seconds
[2026-06-23T03:02:30.975+0000] {processor.py:161} INFO - Started process (PID=1829) to work on /home/airflow/.local/lib/python3.12/site-packages/airflow/example_dags/example_task_group.py
[2026-06-23T03:02:30.977+0000] {processor.py:830} INFO - Processing file /home/airflow/.local/lib/python3.12/site-packages/airflow/example_dags/example_task_group.py for tasks to queue
[2026-06-23T03:02:30.981+0000] {logging_mixin.py:188} INFO - [2026-06-23T03:02:30.980+0000] {dagbag.py:545} INFO - Filling up the DagBag from /home/airflow/.local/lib/python3.12/site-packages/airflow/example_dags/example_task_group.py
[2026-06-23T03:02:30.990+0000] {processor.py:840} INFO - DAG(s) 'example_task_group' retrieved from /home/airflow/.local/lib/python3.12/site-packages/airflow/example_dags/example_task_group.py
[2026-06-23T03:02:31.022+0000] {logging_mixin.py:188} INFO - [2026-06-23T03:02:31.021+0000] {dag.py:3096} INFO - Sync 1 DAGs
[2026-06-23T03:02:31.051+0000] {logging_mixin.py:188} INFO - [2026-06-23T03:02:31.051+0000] {dag.py:3954} INFO - Setting next_dagrun for example_task_group to 2026-06-22 00:00:00+00:00, run_after=2026-06-23 00:00:00+00:00
[2026-06-23T03:02:31.082+0000] {processor.py:183} INFO - Processing /home/airflow/.local/lib/python3.12/site-packages/airflow/example_dags/example_task_group.py took 0.115 seconds
[2026-06-23T03:03:01.830+0000] {processor.py:161} INFO - Started process (PID=1888) to work on /home/airflow/.local/lib/python3.12/site-packages/airflow/example_dags/example_task_group.py
[2026-06-23T03:03:01.832+0000] {processor.py:830} INFO - Processing file /home/airflow/.local/lib/python3.12/site-packages/airflow/example_dags/example_task_group.py for tasks to queue
[2026-06-23T03:03:01.837+0000] {logging_mixin.py:188} INFO - [2026-06-23T03:03:01.836+0000] {dagbag.py:545} INFO - Filling up the DagBag from /home/airflow/.local/lib/python3.12/site-packages/airflow/example_dags/example_task_group.py
[2026-06-23T03:03:01.847+0000] {processor.py:840} INFO - DAG(s) 'example_task_group' retrieved from /home/airflow/.local/lib/python3.12/site-packages/airflow/example_dags/example_task_group.py
[2026-06-23T03:03:01.883+0000] {logging_mixin.py:188} INFO - [2026-06-23T03:03:01.882+0000] {dag.py:3096} INFO - Sync 1 DAGs
[2026-06-23T03:03:01.915+0000] {logging_mixin.py:188} INFO - [2026-06-23T03:03:01.914+0000] {dag.py:3954} INFO - Setting next_dagrun for example_task_group to 2026-06-22 00:00:00+00:00, run_after=2026-06-23 00:00:00+00:00
[2026-06-23T03:03:01.946+0000] {processor.py:183} INFO - Processing /home/airflow/.local/lib/python3.12/site-packages/airflow/example_dags/example_task_group.py took 0.126 seconds
[2026-06-23T03:03:32.084+0000] {processor.py:161} INFO - Started process (PID=1947) to work on /home/airflow/.local/lib/python3.12/site-packages/airflow/example_dags/example_task_group.py
[2026-06-23T03:03:32.086+0000] {processor.py:830} INFO - Processing file /home/airflow/.local/lib/python3.12/site-packages/airflow/example_dags/example_task_group.py for tasks to queue
[2026-06-23T03:03:32.089+0000] {logging_mixin.py:188} INFO - [2026-06-23T03:03:32.088+0000] {dagbag.py:545} INFO - Filling up the DagBag from /home/airflow/.local/lib/python3.12/site-packages/airflow/example_dags/example_task_group.py
[2026-06-23T03:03:32.099+0000] {processor.py:840} INFO - DAG(s) 'example_task_group' retrieved from /home/airflow/.local/lib/python3.12/site-packages/airflow/example_dags/example_task_group.py
[2026-06-23T03:03:32.132+0000] {logging_mixin.py:188} INFO - [2026-06-23T03:03:32.131+0000] {dag.py:3096} INFO - Sync 1 DAGs
[2026-06-23T03:03:32.164+0000] {logging_mixin.py:188} INFO - [2026-06-23T03:03:32.163+0000] {dag.py:3954} INFO - Setting next_dagrun for example_task_group to 2026-06-22 00:00:00+00:00, run_after=2026-06-23 00:00:00+00:00
[2026-06-23T03:03:32.200+0000] {processor.py:183} INFO - Processing /home/airflow/.local/lib/python3.12/site-packages/airflow/example_dags/example_task_group.py took 0.124 seconds
[2026-06-23T03:04:44.542+0000] {processor.py:161} INFO - Started process (PID=376) to work on /home/airflow/.local/lib/python3.12/site-packages/airflow/example_dags/example_task_group.py
[2026-06-23T03:04:44.546+0000] {processor.py:830} INFO - Processing file /home/airflow/.local/lib/python3.12/site-packages/airflow/example_dags/example_task_group.py for tasks to queue
[2026-06-23T03:04:44.550+0000] {logging_mixin.py:188} INFO - [2026-06-23T03:04:44.549+0000] {dagbag.py:545} INFO - Filling up the DagBag from /home/airflow/.local/lib/python3.12/site-packages/airflow/example_dags/example_task_group.py
[2026-06-23T03:04:44.564+0000] {processor.py:840} INFO - DAG(s) 'example_task_group' retrieved from /home/airflow/.local/lib/python3.12/site-packages/airflow/example_dags/example_task_group.py
[2026-06-23T03:04:44.583+0000] {logging_mixin.py:188} INFO - [2026-06-23T03:04:44.583+0000] {dag.py:3096} INFO - Sync 1 DAGs
[2026-06-23T03:04:44.615+0000] {logging_mixin.py:188} INFO - [2026-06-23T03:04:44.615+0000] {dag.py:3954} INFO - Setting next_dagrun for example_task_group to 2026-06-22 00:00:00+00:00, run_after=2026-06-23 00:00:00+00:00
[2026-06-23T03:04:44.647+0000] {processor.py:183} INFO - Processing /home/airflow/.local/lib/python3.12/site-packages/airflow/example_dags/example_task_group.py took 0.113 seconds
[2026-06-23T03:05:18.061+0000] {processor.py:161} INFO - Started process (PID=643) to work on /home/airflow/.local/lib/python3.12/site-packages/airflow/example_dags/example_task_group.py
[2026-06-23T03:05:18.062+0000] {processor.py:830} INFO - Processing file /home/airflow/.local/lib/python3.12/site-packages/airflow/example_dags/example_task_group.py for tasks to queue
[2026-06-23T03:05:18.065+0000] {logging_mixin.py:188} INFO - [2026-06-23T03:05:18.065+0000] {dagbag.py:545} INFO - Filling up the DagBag from /home/airflow/.local/lib/python3.12/site-packages/airflow/example_dags/example_task_group.py
[2026-06-23T03:05:18.074+0000] {processor.py:840} INFO - DAG(s) 'example_task_group' retrieved from /home/airflow/.local/lib/python3.12/site-packages/airflow/example_dags/example_task_group.py
[2026-06-23T03:05:18.201+0000] {logging_mixin.py:188} INFO - [2026-06-23T03:05:18.201+0000] {dag.py:3096} INFO - Sync 1 DAGs
[2026-06-23T03:05:18.229+0000] {logging_mixin.py:188} INFO - [2026-06-23T03:05:18.229+0000] {dag.py:3954} INFO - Setting next_dagrun for example_task_group to 2026-06-22 00:00:00+00:00, run_after=2026-06-23 00:00:00+00:00
[2026-06-23T03:05:18.263+0000] {processor.py:183} INFO - Processing /home/airflow/.local/lib/python3.12/site-packages/airflow/example_dags/example_task_group.py took 0.209 seconds
[2026-06-23T03:05:48.368+0000] {processor.py:161} INFO - Started process (PID=1027) to work on /home/airflow/.local/lib/python3.12/site-packages/airflow/example_dags/example_task_group.py
[2026-06-23T03:05:48.370+0000] {processor.py:830} INFO - Processing file /home/airflow/.local/lib/python3.12/site-packages/airflow/example_dags/example_task_group.py for tasks to queue
[2026-06-23T03:05:48.373+0000] {logging_mixin.py:188} INFO - [2026-06-23T03:05:48.372+0000] {dagbag.py:545} INFO - Filling up the DagBag from /home/airflow/.local/lib/python3.12/site-packages/airflow/example_dags/example_task_group.py
[2026-06-23T03:05:48.382+0000] {processor.py:840} INFO - DAG(s) 'example_task_group' retrieved from /home/airflow/.local/lib/python3.12/site-packages/airflow/example_dags/example_task_group.py
[2026-06-23T03:05:48.414+0000] {logging_mixin.py:188} INFO - [2026-06-23T03:05:48.414+0000] {dag.py:3096} INFO - Sync 1 DAGs
[2026-06-23T03:05:48.443+0000] {logging_mixin.py:188} INFO - [2026-06-23T03:05:48.443+0000] {dag.py:3954} INFO - Setting next_dagrun for example_task_group to 2026-06-22 00:00:00+00:00, run_after=2026-06-23 00:00:00+00:00
[2026-06-23T03:05:48.475+0000] {processor.py:183} INFO - Processing /home/airflow/.local/lib/python3.12/site-packages/airflow/example_dags/example_task_group.py took 0.115 seconds
[2026-06-23T03:06:18.946+0000] {processor.py:161} INFO - Started process (PID=1294) to work on /home/airflow/.local/lib/python3.12/site-packages/airflow/example_dags/example_task_group.py
[2026-06-23T03:06:18.948+0000] {processor.py:830} INFO - Processing file /home/airflow/.local/lib/python3.12/site-packages/airflow/example_dags/example_task_group.py for tasks to queue
[2026-06-23T03:06:18.951+0000] {logging_mixin.py:188} INFO - [2026-06-23T03:06:18.950+0000] {dagbag.py:545} INFO - Filling up the DagBag from /home/airflow/.local/lib/python3.12/site-packages/airflow/example_dags/example_task_group.py
[2026-06-23T03:06:18.960+0000] {processor.py:840} INFO - DAG(s) 'example_task_group' retrieved from /home/airflow/.local/lib/python3.12/site-packages/airflow/example_dags/example_task_group.py
[2026-06-23T03:06:18.992+0000] {logging_mixin.py:188} INFO - [2026-06-23T03:06:18.992+0000] {dag.py:3096} INFO - Sync 1 DAGs
[2026-06-23T03:06:19.020+0000] {logging_mixin.py:188} INFO - [2026-06-23T03:06:19.020+0000] {dag.py:3954} INFO - Setting next_dagrun for example_task_group to 2026-06-22 00:00:00+00:00, run_after=2026-06-23 00:00:00+00:00
[2026-06-23T03:06:19.051+0000] {processor.py:183} INFO - Processing /home/airflow/.local/lib/python3.12/site-packages/airflow/example_dags/example_task_group.py took 0.113 seconds
[2026-06-23T03:06:49.122+0000] {processor.py:161} INFO - Started process (PID=1561) to work on /home/airflow/.local/lib/python3.12/site-packages/airflow/example_dags/example_task_group.py
[2026-06-23T03:06:49.124+0000] {processor.py:830} INFO - Processing file /home/airflow/.local/lib/python3.12/site-packages/airflow/example_dags/example_task_group.py for tasks to queue
[2026-06-23T03:06:49.126+0000] {logging_mixin.py:188} INFO - [2026-06-23T03:06:49.126+0000] {dagbag.py:545} INFO - Filling up the DagBag from /home/airflow/.local/lib/python3.12/site-packages/airflow/example_dags/example_task_group.py
[2026-06-23T03:06:49.134+0000] {processor.py:840} INFO - DAG(s) 'example_task_group' retrieved from /home/airflow/.local/lib/python3.12/site-packages/airflow/example_dags/example_task_group.py
[2026-06-23T03:06:49.163+0000] {logging_mixin.py:188} INFO - [2026-06-23T03:06:49.163+0000] {dag.py:3096} INFO - Sync 1 DAGs
[2026-06-23T03:06:49.188+0000] {logging_mixin.py:188} INFO - [2026-06-23T03:06:49.188+0000] {dag.py:3954} INFO - Setting next_dagrun for example_task_group to 2026-06-22 00:00:00+00:00, run_after=2026-06-23 00:00:00+00:00
[2026-06-23T03:06:49.215+0000] {processor.py:183} INFO - Processing /home/airflow/.local/lib/python3.12/site-packages/airflow/example_dags/example_task_group.py took 0.100 seconds
[2026-06-23T03:07:19.360+0000] {processor.py:161} INFO - Started process (PID=1826) to work on /home/airflow/.local/lib/python3.12/site-packages/airflow/example_dags/example_task_group.py
[2026-06-23T03:07:19.361+0000] {processor.py:830} INFO - Processing file /home/airflow/.local/lib/python3.12/site-packages/airflow/example_dags/example_task_group.py for tasks to queue
[2026-06-23T03:07:19.364+0000] {logging_mixin.py:188} INFO - [2026-06-23T03:07:19.363+0000] {dagbag.py:545} INFO - Filling up the DagBag from /home/airflow/.local/lib/python3.12/site-packages/airflow/example_dags/example_task_group.py
[2026-06-23T03:07:19.373+0000] {processor.py:840} INFO - DAG(s) 'example_task_group' retrieved from /home/airflow/.local/lib/python3.12/site-packages/airflow/example_dags/example_task_group.py
[2026-06-23T03:07:19.404+0000] {logging_mixin.py:188} INFO - [2026-06-23T03:07:19.404+0000] {dag.py:3096} INFO - Sync 1 DAGs
[2026-06-23T03:07:19.433+0000] {logging_mixin.py:188} INFO - [2026-06-23T03:07:19.432+0000] {dag.py:3954} INFO - Setting next_dagrun for example_task_group to 2026-06-22 00:00:00+00:00, run_after=2026-06-23 00:00:00+00:00
[2026-06-23T03:07:19.463+0000] {processor.py:183} INFO - Processing /home/airflow/.local/lib/python3.12/site-packages/airflow/example_dags/example_task_group.py took 0.110 seconds
[2026-06-23T03:07:49.969+0000] {processor.py:161} INFO - Started process (PID=2093) to work on /home/airflow/.local/lib/python3.12/site-packages/airflow/example_dags/example_task_group.py
[2026-06-23T03:07:49.971+0000] {processor.py:830} INFO - Processing file /home/airflow/.local/lib/python3.12/site-packages/airflow/example_dags/example_task_group.py for tasks to queue
[2026-06-23T03:07:49.974+0000] {logging_mixin.py:188} INFO - [2026-06-23T03:07:49.973+0000] {dagbag.py:545} INFO - Filling up the DagBag from /home/airflow/.local/lib/python3.12/site-packages/airflow/example_dags/example_task_group.py
[2026-06-23T03:07:49.985+0000] {processor.py:840} INFO - DAG(s) 'example_task_group' retrieved from /home/airflow/.local/lib/python3.12/site-packages/airflow/example_dags/example_task_group.py
[2026-06-23T03:07:50.014+0000] {logging_mixin.py:188} INFO - [2026-06-23T03:07:50.013+0000] {dag.py:3096} INFO - Sync 1 DAGs
[2026-06-23T03:07:50.039+0000] {logging_mixin.py:188} INFO - [2026-06-23T03:07:50.039+0000] {dag.py:3954} INFO - Setting next_dagrun for example_task_group to 2026-06-22 00:00:00+00:00, run_after=2026-06-23 00:00:00+00:00
[2026-06-23T03:07:50.068+0000] {processor.py:183} INFO - Processing /home/airflow/.local/lib/python3.12/site-packages/airflow/example_dags/example_task_group.py took 0.107 seconds
[2026-06-23T03:08:20.779+0000] {processor.py:161} INFO - Started process (PID=2360) to work on /home/airflow/.local/lib/python3.12/site-packages/airflow/example_dags/example_task_group.py
[2026-06-23T03:08:20.781+0000] {processor.py:830} INFO - Processing file /home/airflow/.local/lib/python3.12/site-packages/airflow/example_dags/example_task_group.py for tasks to queue
[2026-06-23T03:08:20.784+0000] {logging_mixin.py:188} INFO - [2026-06-23T03:08:20.784+0000] {dagbag.py:545} INFO - Filling up the DagBag from /home/airflow/.local/lib/python3.12/site-packages/airflow/example_dags/example_task_group.py
[2026-06-23T03:08:20.796+0000] {processor.py:840} INFO - DAG(s) 'example_task_group' retrieved from /home/airflow/.local/lib/python3.12/site-packages/airflow/example_dags/example_task_group.py
[2026-06-23T03:08:20.841+0000] {logging_mixin.py:188} INFO - [2026-06-23T03:08:20.840+0000] {dag.py:3096} INFO - Sync 1 DAGs
[2026-06-23T03:08:20.881+0000] {logging_mixin.py:188} INFO - [2026-06-23T03:08:20.880+0000] {dag.py:3954} INFO - Setting next_dagrun for example_task_group to 2026-06-22 00:00:00+00:00, run_after=2026-06-23 00:00:00+00:00
[2026-06-23T03:08:20.924+0000] {processor.py:183} INFO - Processing /home/airflow/.local/lib/python3.12/site-packages/airflow/example_dags/example_task_group.py took 0.156 seconds
[2026-06-23T03:08:51.129+0000] {processor.py:161} INFO - Started process (PID=2629) to work on /home/airflow/.local/lib/python3.12/site-packages/airflow/example_dags/example_task_group.py
[2026-06-23T03:08:51.131+0000] {processor.py:830} INFO - Processing file /home/airflow/.local/lib/python3.12/site-packages/airflow/example_dags/example_task_group.py for tasks to queue
[2026-06-23T03:08:51.134+0000] {logging_mixin.py:188} INFO - [2026-06-23T03:08:51.134+0000] {dagbag.py:545} INFO - Filling up the DagBag from /home/airflow/.local/lib/python3.12/site-packages/airflow/example_dags/example_task_group.py
[2026-06-23T03:08:51.143+0000] {processor.py:840} INFO - DAG(s) 'example_task_group' retrieved from /home/airflow/.local/lib/python3.12/site-packages/airflow/example_dags/example_task_group.py
[2026-06-23T03:08:51.170+0000] {logging_mixin.py:188} INFO - [2026-06-23T03:08:51.170+0000] {dag.py:3096} INFO - Sync 1 DAGs
[2026-06-23T03:08:51.197+0000] {logging_mixin.py:188} INFO - [2026-06-23T03:08:51.197+0000] {dag.py:3954} INFO - Setting next_dagrun for example_task_group to 2026-06-22 00:00:00+00:00, run_after=2026-06-23 00:00:00+00:00
[2026-06-23T03:08:51.228+0000] {processor.py:183} INFO - Processing /home/airflow/.local/lib/python3.12/site-packages/airflow/example_dags/example_task_group.py took 0.106 seconds
[2026-06-23T03:09:21.447+0000] {processor.py:161} INFO - Started process (PID=2896) to work on /home/airflow/.local/lib/python3.12/site-packages/airflow/example_dags/example_task_group.py
[2026-06-23T03:09:21.449+0000] {processor.py:830} INFO - Processing file /home/airflow/.local/lib/python3.12/site-packages/airflow/example_dags/example_task_group.py for tasks to queue
[2026-06-23T03:09:21.452+0000] {logging_mixin.py:188} INFO - [2026-06-23T03:09:21.452+0000] {dagbag.py:545} INFO - Filling up the DagBag from /home/airflow/.local/lib/python3.12/site-packages/airflow/example_dags/example_task_group.py
[2026-06-23T03:09:21.461+0000] {processor.py:840} INFO - DAG(s) 'example_task_group' retrieved from /home/airflow/.local/lib/python3.12/site-packages/airflow/example_dags/example_task_group.py
[2026-06-23T03:09:21.494+0000] {logging_mixin.py:188} INFO - [2026-06-23T03:09:21.493+0000] {dag.py:3096} INFO - Sync 1 DAGs
[2026-06-23T03:09:21.517+0000] {logging_mixin.py:188} INFO - [2026-06-23T03:09:21.517+0000] {dag.py:3954} INFO - Setting next_dagrun for example_task_group to 2026-06-22 00:00:00+00:00, run_after=2026-06-23 00:00:00+00:00
[2026-06-23T03:09:21.546+0000] {processor.py:183} INFO - Processing /home/airflow/.local/lib/python3.12/site-packages/airflow/example_dags/example_task_group.py took 0.105 seconds
[2026-06-23T03:09:51.623+0000] {processor.py:161} INFO - Started process (PID=3163) to work on /home/airflow/.local/lib/python3.12/site-packages/airflow/example_dags/example_task_group.py
[2026-06-23T03:09:51.625+0000] {processor.py:830} INFO - Processing file /home/airflow/.local/lib/python3.12/site-packages/airflow/example_dags/example_task_group.py for tasks to queue
[2026-06-23T03:09:51.627+0000] {logging_mixin.py:188} INFO - [2026-06-23T03:09:51.627+0000] {dagbag.py:545} INFO - Filling up the DagBag from /home/airflow/.local/lib/python3.12/site-packages/airflow/example_dags/example_task_group.py
[2026-06-23T03:09:51.636+0000] {processor.py:840} INFO - DAG(s) 'example_task_group' retrieved from /home/airflow/.local/lib/python3.12/site-packages/airflow/example_dags/example_task_group.py
[2026-06-23T03:09:51.668+0000] {logging_mixin.py:188} INFO - [2026-06-23T03:09:51.667+0000] {dag.py:3096} INFO - Sync 1 DAGs
[2026-06-23T03:09:51.693+0000] {logging_mixin.py:188} INFO - [2026-06-23T03:09:51.693+0000] {dag.py:3954} INFO - Setting next_dagrun for example_task_group to 2026-06-22 00:00:00+00:00, run_after=2026-06-23 00:00:00+00:00
[2026-06-23T03:09:51.723+0000] {processor.py:183} INFO - Processing /home/airflow/.local/lib/python3.12/site-packages/airflow/example_dags/example_task_group.py took 0.107 seconds
[2026-06-23T03:10:21.887+0000] {processor.py:161} INFO - Started process (PID=3430) to work on /home/airflow/.local/lib/python3.12/site-packages/airflow/example_dags/example_task_group.py
[2026-06-23T03:10:21.889+0000] {processor.py:830} INFO - Processing file /home/airflow/.local/lib/python3.12/site-packages/airflow/example_dags/example_task_group.py for tasks to queue
[2026-06-23T03:10:21.892+0000] {logging_mixin.py:188} INFO - [2026-06-23T03:10:21.892+0000] {dagbag.py:545} INFO - Filling up the DagBag from /home/airflow/.local/lib/python3.12/site-packages/airflow/example_dags/example_task_group.py
[2026-06-23T03:10:21.901+0000] {processor.py:840} INFO - DAG(s) 'example_task_group' retrieved from /home/airflow/.local/lib/python3.12/site-packages/airflow/example_dags/example_task_group.py
[2026-06-23T03:10:21.929+0000] {logging_mixin.py:188} INFO - [2026-06-23T03:10:21.929+0000] {dag.py:3096} INFO - Sync 1 DAGs
[2026-06-23T03:10:21.954+0000] {logging_mixin.py:188} INFO - [2026-06-23T03:10:21.954+0000] {dag.py:3954} INFO - Setting next_dagrun for example_task_group to 2026-06-22 00:00:00+00:00, run_after=2026-06-23 00:00:00+00:00
[2026-06-23T03:10:21.983+0000] {processor.py:183} INFO - Processing /home/airflow/.local/lib/python3.12/site-packages/airflow/example_dags/example_task_group.py took 0.102 seconds
[2026-06-23T03:10:52.226+0000] {processor.py:161} INFO - Started process (PID=3695) to work on /home/airflow/.local/lib/python3.12/site-packages/airflow/example_dags/example_task_group.py
[2026-06-23T03:10:52.228+0000] {processor.py:830} INFO - Processing file /home/airflow/.local/lib/python3.12/site-packages/airflow/example_dags/example_task_group.py for tasks to queue
[2026-06-23T03:10:52.230+0000] {logging_mixin.py:188} INFO - [2026-06-23T03:10:52.230+0000] {dagbag.py:545} INFO - Filling up the DagBag from /home/airflow/.local/lib/python3.12/site-packages/airflow/example_dags/example_task_group.py
[2026-06-23T03:10:52.238+0000] {processor.py:840} INFO - DAG(s) 'example_task_group' retrieved from /home/airflow/.local/lib/python3.12/site-packages/airflow/example_dags/example_task_group.py
[2026-06-23T03:10:52.266+0000] {logging_mixin.py:188} INFO - [2026-06-23T03:10:52.265+0000] {dag.py:3096} INFO - Sync 1 DAGs
[2026-06-23T03:10:52.292+0000] {logging_mixin.py:188} INFO - [2026-06-23T03:10:52.292+0000] {dag.py:3954} INFO - Setting next_dagrun for example_task_group to 2026-06-22 00:00:00+00:00, run_after=2026-06-23 00:00:00+00:00
[2026-06-23T03:10:52.320+0000] {processor.py:183} INFO - Processing /home/airflow/.local/lib/python3.12/site-packages/airflow/example_dags/example_task_group.py took 0.101 seconds
[2026-06-23T03:11:22.730+0000] {processor.py:161} INFO - Started process (PID=3962) to work on /home/airflow/.local/lib/python3.12/site-packages/airflow/example_dags/example_task_group.py
[2026-06-23T03:11:22.732+0000] {processor.py:830} INFO - Processing file /home/airflow/.local/lib/python3.12/site-packages/airflow/example_dags/example_task_group.py for tasks to queue
[2026-06-23T03:11:22.734+0000] {logging_mixin.py:188} INFO - [2026-06-23T03:11:22.734+0000] {dagbag.py:545} INFO - Filling up the DagBag from /home/airflow/.local/lib/python3.12/site-packages/airflow/example_dags/example_task_group.py
[2026-06-23T03:11:22.743+0000] {processor.py:840} INFO - DAG(s) 'example_task_group' retrieved from /home/airflow/.local/lib/python3.12/site-packages/airflow/example_dags/example_task_group.py
[2026-06-23T03:11:22.773+0000] {logging_mixin.py:188} INFO - [2026-06-23T03:11:22.773+0000] {dag.py:3096} INFO - Sync 1 DAGs
[2026-06-23T03:11:22.797+0000] {logging_mixin.py:188} INFO - [2026-06-23T03:11:22.797+0000] {dag.py:3954} INFO - Setting next_dagrun for example_task_group to 2026-06-22 00:00:00+00:00, run_after=2026-06-23 00:00:00+00:00
[2026-06-23T03:11:22.823+0000] {processor.py:183} INFO - Processing /home/airflow/.local/lib/python3.12/site-packages/airflow/example_dags/example_task_group.py took 0.099 seconds
[2026-06-23T03:11:53.411+0000] {processor.py:161} INFO - Started process (PID=4229) to work on /home/airflow/.local/lib/python3.12/site-packages/airflow/example_dags/example_task_group.py
[2026-06-23T03:11:53.413+0000] {processor.py:830} INFO - Processing file /home/airflow/.local/lib/python3.12/site-packages/airflow/example_dags/example_task_group.py for tasks to queue
[2026-06-23T03:11:53.416+0000] {logging_mixin.py:188} INFO - [2026-06-23T03:11:53.415+0000] {dagbag.py:545} INFO - Filling up the DagBag from /home/airflow/.local/lib/python3.12/site-packages/airflow/example_dags/example_task_group.py
[2026-06-23T03:11:53.426+0000] {processor.py:840} INFO - DAG(s) 'example_task_group' retrieved from /home/airflow/.local/lib/python3.12/site-packages/airflow/example_dags/example_task_group.py
[2026-06-23T03:11:53.455+0000] {logging_mixin.py:188} INFO - [2026-06-23T03:11:53.455+0000] {dag.py:3096} INFO - Sync 1 DAGs
[2026-06-23T03:11:53.480+0000] {logging_mixin.py:188} INFO - [2026-06-23T03:11:53.480+0000] {dag.py:3954} INFO - Setting next_dagrun for example_task_group to 2026-06-22 00:00:00+00:00, run_after=2026-06-23 00:00:00+00:00
[2026-06-23T03:11:53.509+0000] {processor.py:183} INFO - Processing /home/airflow/.local/lib/python3.12/site-packages/airflow/example_dags/example_task_group.py took 0.105 seconds
[2026-06-23T03:12:23.643+0000] {processor.py:161} INFO - Started process (PID=4497) to work on /home/airflow/.local/lib/python3.12/site-packages/airflow/example_dags/example_task_group.py
[2026-06-23T03:12:23.645+0000] {processor.py:830} INFO - Processing file /home/airflow/.local/lib/python3.12/site-packages/airflow/example_dags/example_task_group.py for tasks to queue
[2026-06-23T03:12:23.647+0000] {logging_mixin.py:188} INFO - [2026-06-23T03:12:23.646+0000] {dagbag.py:545} INFO - Filling up the DagBag from /home/airflow/.local/lib/python3.12/site-packages/airflow/example_dags/example_task_group.py
[2026-06-23T03:12:23.655+0000] {processor.py:840} INFO - DAG(s) 'example_task_group' retrieved from /home/airflow/.local/lib/python3.12/site-packages/airflow/example_dags/example_task_group.py
[2026-06-23T03:12:23.686+0000] {logging_mixin.py:188} INFO - [2026-06-23T03:12:23.686+0000] {dag.py:3096} INFO - Sync 1 DAGs
[2026-06-23T03:12:23.711+0000] {logging_mixin.py:188} INFO - [2026-06-23T03:12:23.711+0000] {dag.py:3954} INFO - Setting next_dagrun for example_task_group to 2026-06-22 00:00:00+00:00, run_after=2026-06-23 00:00:00+00:00
[2026-06-23T03:12:23.740+0000] {processor.py:183} INFO - Processing /home/airflow/.local/lib/python3.12/site-packages/airflow/example_dags/example_task_group.py took 0.104 seconds
[2026-06-23T03:12:54.007+0000] {processor.py:161} INFO - Started process (PID=4764) to work on /home/airflow/.local/lib/python3.12/site-packages/airflow/example_dags/example_task_group.py
[2026-06-23T03:12:54.009+0000] {processor.py:830} INFO - Processing file /home/airflow/.local/lib/python3.12/site-packages/airflow/example_dags/example_task_group.py for tasks to queue
[2026-06-23T03:12:54.011+0000] {logging_mixin.py:188} INFO - [2026-06-23T03:12:54.011+0000] {dagbag.py:545} INFO - Filling up the DagBag from /home/airflow/.local/lib/python3.12/site-packages/airflow/example_dags/example_task_group.py
[2026-06-23T03:12:54.019+0000] {processor.py:840} INFO - DAG(s) 'example_task_group' retrieved from /home/airflow/.local/lib/python3.12/site-packages/airflow/example_dags/example_task_group.py
[2026-06-23T03:12:54.048+0000] {logging_mixin.py:188} INFO - [2026-06-23T03:12:54.048+0000] {dag.py:3096} INFO - Sync 1 DAGs
[2026-06-23T03:12:54.076+0000] {logging_mixin.py:188} INFO - [2026-06-23T03:12:54.076+0000] {dag.py:3954} INFO - Setting next_dagrun for example_task_group to 2026-06-22 00:00:00+00:00, run_after=2026-06-23 00:00:00+00:00
[2026-06-23T03:12:54.103+0000] {processor.py:183} INFO - Processing /home/airflow/.local/lib/python3.12/site-packages/airflow/example_dags/example_task_group.py took 0.102 seconds
[2026-06-23T03:13:24.661+0000] {processor.py:161} INFO - Started process (PID=5031) to work on /home/airflow/.local/lib/python3.12/site-packages/airflow/example_dags/example_task_group.py
[2026-06-23T03:13:24.662+0000] {processor.py:830} INFO - Processing file /home/airflow/.local/lib/python3.12/site-packages/airflow/example_dags/example_task_group.py for tasks to queue
[2026-06-23T03:13:24.665+0000] {logging_mixin.py:188} INFO - [2026-06-23T03:13:24.665+0000] {dagbag.py:545} INFO - Filling up the DagBag from /home/airflow/.local/lib/python3.12/site-packages/airflow/example_dags/example_task_group.py
[2026-06-23T03:13:24.674+0000] {processor.py:840} INFO - DAG(s) 'example_task_group' retrieved from /home/airflow/.local/lib/python3.12/site-packages/airflow/example_dags/example_task_group.py
[2026-06-23T03:13:24.706+0000] {logging_mixin.py:188} INFO - [2026-06-23T03:13:24.705+0000] {dag.py:3096} INFO - Sync 1 DAGs
[2026-06-23T03:13:24.736+0000] {logging_mixin.py:188} INFO - [2026-06-23T03:13:24.736+0000] {dag.py:3954} INFO - Setting next_dagrun for example_task_group to 2026-06-22 00:00:00+00:00, run_after=2026-06-23 00:00:00+00:00
[2026-06-23T03:13:24.766+0000] {processor.py:183} INFO - Processing /home/airflow/.local/lib/python3.12/site-packages/airflow/example_dags/example_task_group.py took 0.112 seconds
[2026-06-23T03:13:54.991+0000] {processor.py:161} INFO - Started process (PID=5300) to work on /home/airflow/.local/lib/python3.12/site-packages/airflow/example_dags/example_task_group.py
[2026-06-23T03:13:54.992+0000] {processor.py:830} INFO - Processing file /home/airflow/.local/lib/python3.12/site-packages/airflow/example_dags/example_task_group.py for tasks to queue
[2026-06-23T03:13:54.995+0000] {logging_mixin.py:188} INFO - [2026-06-23T03:13:54.995+0000] {dagbag.py:545} INFO - Filling up the DagBag from /home/airflow/.local/lib/python3.12/site-packages/airflow/example_dags/example_task_group.py
[2026-06-23T03:13:55.003+0000] {processor.py:840} INFO - DAG(s) 'example_task_group' retrieved from /home/airflow/.local/lib/python3.12/site-packages/airflow/example_dags/example_task_group.py
[2026-06-23T03:13:55.034+0000] {logging_mixin.py:188} INFO - [2026-06-23T03:13:55.033+0000] {dag.py:3096} INFO - Sync 1 DAGs
[2026-06-23T03:13:55.059+0000] {logging_mixin.py:188} INFO - [2026-06-23T03:13:55.058+0000] {dag.py:3954} INFO - Setting next_dagrun for example_task_group to 2026-06-22 00:00:00+00:00, run_after=2026-06-23 00:00:00+00:00
[2026-06-23T03:13:55.088+0000] {processor.py:183} INFO - Processing /home/airflow/.local/lib/python3.12/site-packages/airflow/example_dags/example_task_group.py took 0.103 seconds
[2026-06-23T03:14:25.202+0000] {processor.py:161} INFO - Started process (PID=5565) to work on /home/airflow/.local/lib/python3.12/site-packages/airflow/example_dags/example_task_group.py
[2026-06-23T03:14:25.204+0000] {processor.py:830} INFO - Processing file /home/airflow/.local/lib/python3.12/site-packages/airflow/example_dags/example_task_group.py for tasks to queue
[2026-06-23T03:14:25.207+0000] {logging_mixin.py:188} INFO - [2026-06-23T03:14:25.206+0000] {dagbag.py:545} INFO - Filling up the DagBag from /home/airflow/.local/lib/python3.12/site-packages/airflow/example_dags/example_task_group.py
[2026-06-23T03:14:25.216+0000] {processor.py:840} INFO - DAG(s) 'example_task_group' retrieved from /home/airflow/.local/lib/python3.12/site-packages/airflow/example_dags/example_task_group.py
[2026-06-23T03:14:25.244+0000] {logging_mixin.py:188} INFO - [2026-06-23T03:14:25.243+0000] {dag.py:3096} INFO - Sync 1 DAGs
[2026-06-23T03:14:25.268+0000] {logging_mixin.py:188} INFO - [2026-06-23T03:14:25.268+0000] {dag.py:3954} INFO - Setting next_dagrun for example_task_group to 2026-06-22 00:00:00+00:00, run_after=2026-06-23 00:00:00+00:00
[2026-06-23T03:14:25.299+0000] {processor.py:183} INFO - Processing /home/airflow/.local/lib/python3.12/site-packages/airflow/example_dags/example_task_group.py took 0.104 seconds
[2026-06-23T03:14:55.799+0000] {processor.py:161} INFO - Started process (PID=5832) to work on /home/airflow/.local/lib/python3.12/site-packages/airflow/example_dags/example_task_group.py
[2026-06-23T03:14:55.801+0000] {processor.py:830} INFO - Processing file /home/airflow/.local/lib/python3.12/site-packages/airflow/example_dags/example_task_group.py for tasks to queue
[2026-06-23T03:14:55.803+0000] {logging_mixin.py:188} INFO - [2026-06-23T03:14:55.803+0000] {dagbag.py:545} INFO - Filling up the DagBag from /home/airflow/.local/lib/python3.12/site-packages/airflow/example_dags/example_task_group.py
[2026-06-23T03:14:55.811+0000] {processor.py:840} INFO - DAG(s) 'example_task_group' retrieved from /home/airflow/.local/lib/python3.12/site-packages/airflow/example_dags/example_task_group.py
[2026-06-23T03:14:55.841+0000] {logging_mixin.py:188} INFO - [2026-06-23T03:14:55.840+0000] {dag.py:3096} INFO - Sync 1 DAGs
[2026-06-23T03:14:55.868+0000] {logging_mixin.py:188} INFO - [2026-06-23T03:14:55.868+0000] {dag.py:3954} INFO - Setting next_dagrun for example_task_group to 2026-06-22 00:00:00+00:00, run_after=2026-06-23 00:00:00+00:00
[2026-06-23T03:14:55.894+0000] {processor.py:183} INFO - Processing /home/airflow/.local/lib/python3.12/site-packages/airflow/example_dags/example_task_group.py took 0.101 seconds
[2026-06-23T03:15:26.089+0000] {processor.py:161} INFO - Started process (PID=6099) to work on /home/airflow/.local/lib/python3.12/site-packages/airflow/example_dags/example_task_group.py
[2026-06-23T03:15:26.091+0000] {processor.py:830} INFO - Processing file /home/airflow/.local/lib/python3.12/site-packages/airflow/example_dags/example_task_group.py for tasks to queue
[2026-06-23T03:15:26.094+0000] {logging_mixin.py:188} INFO - [2026-06-23T03:15:26.093+0000] {dagbag.py:545} INFO - Filling up the DagBag from /home/airflow/.local/lib/python3.12/site-packages/airflow/example_dags/example_task_group.py
[2026-06-23T03:15:26.101+0000] {processor.py:840} INFO - DAG(s) 'example_task_group' retrieved from /home/airflow/.local/lib/python3.12/site-packages/airflow/example_dags/example_task_group.py
[2026-06-23T03:15:26.128+0000] {logging_mixin.py:188} INFO - [2026-06-23T03:15:26.128+0000] {dag.py:3096} INFO - Sync 1 DAGs
[2026-06-23T03:15:26.153+0000] {logging_mixin.py:188} INFO - [2026-06-23T03:15:26.153+0000] {dag.py:3954} INFO - Setting next_dagrun for example_task_group to 2026-06-22 00:00:00+00:00, run_after=2026-06-23 00:00:00+00:00
[2026-06-23T03:15:26.181+0000] {processor.py:183} INFO - Processing /home/airflow/.local/lib/python3.12/site-packages/airflow/example_dags/example_task_group.py took 0.098 seconds
[2026-06-23T03:15:56.822+0000] {processor.py:161} INFO - Started process (PID=6366) to work on /home/airflow/.local/lib/python3.12/site-packages/airflow/example_dags/example_task_group.py
[2026-06-23T03:15:56.824+0000] {processor.py:830} INFO - Processing file /home/airflow/.local/lib/python3.12/site-packages/airflow/example_dags/example_task_group.py for tasks to queue
[2026-06-23T03:15:56.827+0000] {logging_mixin.py:188} INFO - [2026-06-23T03:15:56.826+0000] {dagbag.py:545} INFO - Filling up the DagBag from /home/airflow/.local/lib/python3.12/site-packages/airflow/example_dags/example_task_group.py
[2026-06-23T03:15:56.837+0000] {processor.py:840} INFO - DAG(s) 'example_task_group' retrieved from /home/airflow/.local/lib/python3.12/site-packages/airflow/example_dags/example_task_group.py
[2026-06-23T03:15:56.866+0000] {logging_mixin.py:188} INFO - [2026-06-23T03:15:56.866+0000] {dag.py:3096} INFO - Sync 1 DAGs
[2026-06-23T03:15:56.891+0000] {logging_mixin.py:188} INFO - [2026-06-23T03:15:56.891+0000] {dag.py:3954} INFO - Setting next_dagrun for example_task_group to 2026-06-22 00:00:00+00:00, run_after=2026-06-23 00:00:00+00:00
[2026-06-23T03:15:56.920+0000] {processor.py:183} INFO - Processing /home/airflow/.local/lib/python3.12/site-packages/airflow/example_dags/example_task_group.py took 0.106 seconds
[2026-06-23T03:16:27.700+0000] {processor.py:161} INFO - Started process (PID=6633) to work on /home/airflow/.local/lib/python3.12/site-packages/airflow/example_dags/example_task_group.py
[2026-06-23T03:16:27.702+0000] {processor.py:830} INFO - Processing file /home/airflow/.local/lib/python3.12/site-packages/airflow/example_dags/example_task_group.py for tasks to queue
[2026-06-23T03:16:27.705+0000] {logging_mixin.py:188} INFO - [2026-06-23T03:16:27.705+0000] {dagbag.py:545} INFO - Filling up the DagBag from /home/airflow/.local/lib/python3.12/site-packages/airflow/example_dags/example_task_group.py
[2026-06-23T03:16:27.719+0000] {processor.py:840} INFO - DAG(s) 'example_task_group' retrieved from /home/airflow/.local/lib/python3.12/site-packages/airflow/example_dags/example_task_group.py
[2026-06-23T03:16:27.761+0000] {logging_mixin.py:188} INFO - [2026-06-23T03:16:27.760+0000] {dag.py:3096} INFO - Sync 1 DAGs
[2026-06-23T03:16:27.788+0000] {logging_mixin.py:188} INFO - [2026-06-23T03:16:27.788+0000] {dag.py:3954} INFO - Setting next_dagrun for example_task_group to 2026-06-22 00:00:00+00:00, run_after=2026-06-23 00:00:00+00:00
[2026-06-23T03:16:27.816+0000] {processor.py:183} INFO - Processing /home/airflow/.local/lib/python3.12/site-packages/airflow/example_dags/example_task_group.py took 0.128 seconds
[2026-06-23T03:16:58.743+0000] {processor.py:161} INFO - Started process (PID=6900) to work on /home/airflow/.local/lib/python3.12/site-packages/airflow/example_dags/example_task_group.py
[2026-06-23T03:16:58.745+0000] {processor.py:830} INFO - Processing file /home/airflow/.local/lib/python3.12/site-packages/airflow/example_dags/example_task_group.py for tasks to queue
[2026-06-23T03:16:58.749+0000] {logging_mixin.py:188} INFO - [2026-06-23T03:16:58.748+0000] {dagbag.py:545} INFO - Filling up the DagBag from /home/airflow/.local/lib/python3.12/site-packages/airflow/example_dags/example_task_group.py
[2026-06-23T03:16:58.758+0000] {processor.py:840} INFO - DAG(s) 'example_task_group' retrieved from /home/airflow/.local/lib/python3.12/site-packages/airflow/example_dags/example_task_group.py
[2026-06-23T03:16:58.788+0000] {logging_mixin.py:188} INFO - [2026-06-23T03:16:58.788+0000] {dag.py:3096} INFO - Sync 1 DAGs
[2026-06-23T03:16:58.816+0000] {logging_mixin.py:188} INFO - [2026-06-23T03:16:58.816+0000] {dag.py:3954} INFO - Setting next_dagrun for example_task_group to 2026-06-22 00:00:00+00:00, run_after=2026-06-23 00:00:00+00:00
[2026-06-23T03:16:58.844+0000] {processor.py:183} INFO - Processing /home/airflow/.local/lib/python3.12/site-packages/airflow/example_dags/example_task_group.py took 0.108 seconds
