[2026-06-23T02:46:57.343+0000] {processor.py:161} INFO - Started process (PID=83) to work on /home/airflow/.local/lib/python3.12/site-packages/airflow/example_dags/example_sensor_decorator.py
[2026-06-23T02:46:57.346+0000] {processor.py:830} INFO - Processing file /home/airflow/.local/lib/python3.12/site-packages/airflow/example_dags/example_sensor_decorator.py for tasks to queue
[2026-06-23T02:46:57.350+0000] {logging_mixin.py:188} INFO - [2026-06-23T02:46:57.349+0000] {dagbag.py:545} INFO - Filling up the DagBag from /home/airflow/.local/lib/python3.12/site-packages/airflow/example_dags/example_sensor_decorator.py
[2026-06-23T02:46:57.371+0000] {processor.py:840} INFO - DAG(s) 'example_sensor_decorator' retrieved from /home/airflow/.local/lib/python3.12/site-packages/airflow/example_dags/example_sensor_decorator.py
[2026-06-23T02:46:57.579+0000] {logging_mixin.py:188} INFO - [2026-06-23T02:46:57.579+0000] {dag.py:3096} INFO - Sync 1 DAGs
[2026-06-23T02:46:57.598+0000] {logging_mixin.py:188} INFO - [2026-06-23T02:46:57.597+0000] {dag.py:3954} INFO - Setting next_dagrun for example_sensor_decorator to None, run_after=None
[2026-06-23T02:46:57.637+0000] {processor.py:183} INFO - Processing /home/airflow/.local/lib/python3.12/site-packages/airflow/example_dags/example_sensor_decorator.py took 0.306 seconds
[2026-06-23T02:47:28.652+0000] {processor.py:161} INFO - Started process (PID=142) to work on /home/airflow/.local/lib/python3.12/site-packages/airflow/example_dags/example_sensor_decorator.py
[2026-06-23T02:47:28.654+0000] {processor.py:830} INFO - Processing file /home/airflow/.local/lib/python3.12/site-packages/airflow/example_dags/example_sensor_decorator.py for tasks to queue
[2026-06-23T02:47:28.659+0000] {logging_mixin.py:188} INFO - [2026-06-23T02:47:28.658+0000] {dagbag.py:545} INFO - Filling up the DagBag from /home/airflow/.local/lib/python3.12/site-packages/airflow/example_dags/example_sensor_decorator.py
[2026-06-23T02:47:28.671+0000] {processor.py:840} INFO - DAG(s) 'example_sensor_decorator' retrieved from /home/airflow/.local/lib/python3.12/site-packages/airflow/example_dags/example_sensor_decorator.py
[2026-06-23T02:47:28.716+0000] {logging_mixin.py:188} INFO - [2026-06-23T02:47:28.715+0000] {dag.py:3096} INFO - Sync 1 DAGs
[2026-06-23T02:47:28.743+0000] {logging_mixin.py:188} INFO - [2026-06-23T02:47:28.743+0000] {dag.py:3954} INFO - Setting next_dagrun for example_sensor_decorator to None, run_after=None
[2026-06-23T02:47:28.786+0000] {processor.py:183} INFO - Processing /home/airflow/.local/lib/python3.12/site-packages/airflow/example_dags/example_sensor_decorator.py took 0.146 seconds
[2026-06-23T02:47:59.288+0000] {processor.py:161} INFO - Started process (PID=201) to work on /home/airflow/.local/lib/python3.12/site-packages/airflow/example_dags/example_sensor_decorator.py
[2026-06-23T02:47:59.290+0000] {processor.py:830} INFO - Processing file /home/airflow/.local/lib/python3.12/site-packages/airflow/example_dags/example_sensor_decorator.py for tasks to queue
[2026-06-23T02:47:59.294+0000] {logging_mixin.py:188} INFO - [2026-06-23T02:47:59.294+0000] {dagbag.py:545} INFO - Filling up the DagBag from /home/airflow/.local/lib/python3.12/site-packages/airflow/example_dags/example_sensor_decorator.py
[2026-06-23T02:47:59.308+0000] {processor.py:840} INFO - DAG(s) 'example_sensor_decorator' retrieved from /home/airflow/.local/lib/python3.12/site-packages/airflow/example_dags/example_sensor_decorator.py
[2026-06-23T02:47:59.351+0000] {logging_mixin.py:188} INFO - [2026-06-23T02:47:59.350+0000] {dag.py:3096} INFO - Sync 1 DAGs
[2026-06-23T02:47:59.379+0000] {logging_mixin.py:188} INFO - [2026-06-23T02:47:59.378+0000] {dag.py:3954} INFO - Setting next_dagrun for example_sensor_decorator to None, run_after=None
[2026-06-23T02:47:59.423+0000] {processor.py:183} INFO - Processing /home/airflow/.local/lib/python3.12/site-packages/airflow/example_dags/example_sensor_decorator.py took 0.148 seconds
[2026-06-23T02:48:30.037+0000] {processor.py:161} INFO - Started process (PID=260) to work on /home/airflow/.local/lib/python3.12/site-packages/airflow/example_dags/example_sensor_decorator.py
[2026-06-23T02:48:30.039+0000] {processor.py:830} INFO - Processing file /home/airflow/.local/lib/python3.12/site-packages/airflow/example_dags/example_sensor_decorator.py for tasks to queue
[2026-06-23T02:48:30.044+0000] {logging_mixin.py:188} INFO - [2026-06-23T02:48:30.043+0000] {dagbag.py:545} INFO - Filling up the DagBag from /home/airflow/.local/lib/python3.12/site-packages/airflow/example_dags/example_sensor_decorator.py
[2026-06-23T02:48:30.060+0000] {processor.py:840} INFO - DAG(s) 'example_sensor_decorator' retrieved from /home/airflow/.local/lib/python3.12/site-packages/airflow/example_dags/example_sensor_decorator.py
[2026-06-23T02:48:30.107+0000] {logging_mixin.py:188} INFO - [2026-06-23T02:48:30.106+0000] {dag.py:3096} INFO - Sync 1 DAGs
[2026-06-23T02:48:30.129+0000] {logging_mixin.py:188} INFO - [2026-06-23T02:48:30.129+0000] {dag.py:3954} INFO - Setting next_dagrun for example_sensor_decorator to None, run_after=None
[2026-06-23T02:48:30.182+0000] {processor.py:183} INFO - Processing /home/airflow/.local/lib/python3.12/site-packages/airflow/example_dags/example_sensor_decorator.py took 0.157 seconds
[2026-06-23T02:49:00.712+0000] {processor.py:161} INFO - Started process (PID=320) to work on /home/airflow/.local/lib/python3.12/site-packages/airflow/example_dags/example_sensor_decorator.py
[2026-06-23T02:49:00.714+0000] {processor.py:830} INFO - Processing file /home/airflow/.local/lib/python3.12/site-packages/airflow/example_dags/example_sensor_decorator.py for tasks to queue
[2026-06-23T02:49:00.720+0000] {logging_mixin.py:188} INFO - [2026-06-23T02:49:00.719+0000] {dagbag.py:545} INFO - Filling up the DagBag from /home/airflow/.local/lib/python3.12/site-packages/airflow/example_dags/example_sensor_decorator.py
[2026-06-23T02:49:00.733+0000] {processor.py:840} INFO - DAG(s) 'example_sensor_decorator' retrieved from /home/airflow/.local/lib/python3.12/site-packages/airflow/example_dags/example_sensor_decorator.py
[2026-06-23T02:49:00.792+0000] {logging_mixin.py:188} INFO - [2026-06-23T02:49:00.791+0000] {dag.py:3096} INFO - Sync 1 DAGs
[2026-06-23T02:49:00.837+0000] {logging_mixin.py:188} INFO - [2026-06-23T02:49:00.836+0000] {dag.py:3954} INFO - Setting next_dagrun for example_sensor_decorator to None, run_after=None
[2026-06-23T02:49:00.904+0000] {processor.py:183} INFO - Processing /home/airflow/.local/lib/python3.12/site-packages/airflow/example_dags/example_sensor_decorator.py took 0.207 seconds
[2026-06-23T02:49:31.367+0000] {processor.py:161} INFO - Started process (PID=379) to work on /home/airflow/.local/lib/python3.12/site-packages/airflow/example_dags/example_sensor_decorator.py
[2026-06-23T02:49:31.369+0000] {processor.py:830} INFO - Processing file /home/airflow/.local/lib/python3.12/site-packages/airflow/example_dags/example_sensor_decorator.py for tasks to queue
[2026-06-23T02:49:31.373+0000] {logging_mixin.py:188} INFO - [2026-06-23T02:49:31.373+0000] {dagbag.py:545} INFO - Filling up the DagBag from /home/airflow/.local/lib/python3.12/site-packages/airflow/example_dags/example_sensor_decorator.py
[2026-06-23T02:49:31.382+0000] {processor.py:840} INFO - DAG(s) 'example_sensor_decorator' retrieved from /home/airflow/.local/lib/python3.12/site-packages/airflow/example_dags/example_sensor_decorator.py
[2026-06-23T02:49:31.422+0000] {logging_mixin.py:188} INFO - [2026-06-23T02:49:31.421+0000] {dag.py:3096} INFO - Sync 1 DAGs
[2026-06-23T02:49:31.443+0000] {logging_mixin.py:188} INFO - [2026-06-23T02:49:31.442+0000] {dag.py:3954} INFO - Setting next_dagrun for example_sensor_decorator to None, run_after=None
[2026-06-23T02:49:31.486+0000] {processor.py:183} INFO - Processing /home/airflow/.local/lib/python3.12/site-packages/airflow/example_dags/example_sensor_decorator.py took 0.127 seconds
[2026-06-23T02:50:02.585+0000] {processor.py:161} INFO - Started process (PID=440) to work on /home/airflow/.local/lib/python3.12/site-packages/airflow/example_dags/example_sensor_decorator.py
[2026-06-23T02:50:02.589+0000] {processor.py:830} INFO - Processing file /home/airflow/.local/lib/python3.12/site-packages/airflow/example_dags/example_sensor_decorator.py for tasks to queue
[2026-06-23T02:50:02.596+0000] {logging_mixin.py:188} INFO - [2026-06-23T02:50:02.595+0000] {dagbag.py:545} INFO - Filling up the DagBag from /home/airflow/.local/lib/python3.12/site-packages/airflow/example_dags/example_sensor_decorator.py
[2026-06-23T02:50:02.618+0000] {processor.py:840} INFO - DAG(s) 'example_sensor_decorator' retrieved from /home/airflow/.local/lib/python3.12/site-packages/airflow/example_dags/example_sensor_decorator.py
[2026-06-23T02:50:02.679+0000] {logging_mixin.py:188} INFO - [2026-06-23T02:50:02.679+0000] {dag.py:3096} INFO - Sync 1 DAGs
[2026-06-23T02:50:02.719+0000] {logging_mixin.py:188} INFO - [2026-06-23T02:50:02.719+0000] {dag.py:3954} INFO - Setting next_dagrun for example_sensor_decorator to None, run_after=None
[2026-06-23T02:50:02.763+0000] {processor.py:183} INFO - Processing /home/airflow/.local/lib/python3.12/site-packages/airflow/example_dags/example_sensor_decorator.py took 0.195 seconds
[2026-06-23T02:50:32.982+0000] {processor.py:161} INFO - Started process (PID=499) to work on /home/airflow/.local/lib/python3.12/site-packages/airflow/example_dags/example_sensor_decorator.py
[2026-06-23T02:50:32.986+0000] {processor.py:830} INFO - Processing file /home/airflow/.local/lib/python3.12/site-packages/airflow/example_dags/example_sensor_decorator.py for tasks to queue
[2026-06-23T02:50:32.992+0000] {logging_mixin.py:188} INFO - [2026-06-23T02:50:32.991+0000] {dagbag.py:545} INFO - Filling up the DagBag from /home/airflow/.local/lib/python3.12/site-packages/airflow/example_dags/example_sensor_decorator.py
[2026-06-23T02:50:33.009+0000] {processor.py:840} INFO - DAG(s) 'example_sensor_decorator' retrieved from /home/airflow/.local/lib/python3.12/site-packages/airflow/example_dags/example_sensor_decorator.py
[2026-06-23T02:50:33.057+0000] {logging_mixin.py:188} INFO - [2026-06-23T02:50:33.056+0000] {dag.py:3096} INFO - Sync 1 DAGs
[2026-06-23T02:50:33.118+0000] {logging_mixin.py:188} INFO - [2026-06-23T02:50:33.117+0000] {dag.py:3954} INFO - Setting next_dagrun for example_sensor_decorator to None, run_after=None
[2026-06-23T02:50:33.165+0000] {processor.py:183} INFO - Processing /home/airflow/.local/lib/python3.12/site-packages/airflow/example_dags/example_sensor_decorator.py took 0.203 seconds
[2026-06-23T02:51:03.514+0000] {processor.py:161} INFO - Started process (PID=560) to work on /home/airflow/.local/lib/python3.12/site-packages/airflow/example_dags/example_sensor_decorator.py
[2026-06-23T02:51:03.516+0000] {processor.py:830} INFO - Processing file /home/airflow/.local/lib/python3.12/site-packages/airflow/example_dags/example_sensor_decorator.py for tasks to queue
[2026-06-23T02:51:03.521+0000] {logging_mixin.py:188} INFO - [2026-06-23T02:51:03.520+0000] {dagbag.py:545} INFO - Filling up the DagBag from /home/airflow/.local/lib/python3.12/site-packages/airflow/example_dags/example_sensor_decorator.py
[2026-06-23T02:51:03.531+0000] {processor.py:840} INFO - DAG(s) 'example_sensor_decorator' retrieved from /home/airflow/.local/lib/python3.12/site-packages/airflow/example_dags/example_sensor_decorator.py
[2026-06-23T02:51:03.584+0000] {logging_mixin.py:188} INFO - [2026-06-23T02:51:03.584+0000] {dag.py:3096} INFO - Sync 1 DAGs
[2026-06-23T02:51:03.603+0000] {logging_mixin.py:188} INFO - [2026-06-23T02:51:03.603+0000] {dag.py:3954} INFO - Setting next_dagrun for example_sensor_decorator to None, run_after=None
[2026-06-23T02:51:03.646+0000] {processor.py:183} INFO - Processing /home/airflow/.local/lib/python3.12/site-packages/airflow/example_dags/example_sensor_decorator.py took 0.140 seconds
[2026-06-23T02:51:33.844+0000] {processor.py:161} INFO - Started process (PID=620) to work on /home/airflow/.local/lib/python3.12/site-packages/airflow/example_dags/example_sensor_decorator.py
[2026-06-23T02:51:33.846+0000] {processor.py:830} INFO - Processing file /home/airflow/.local/lib/python3.12/site-packages/airflow/example_dags/example_sensor_decorator.py for tasks to queue
[2026-06-23T02:51:33.849+0000] {logging_mixin.py:188} INFO - [2026-06-23T02:51:33.849+0000] {dagbag.py:545} INFO - Filling up the DagBag from /home/airflow/.local/lib/python3.12/site-packages/airflow/example_dags/example_sensor_decorator.py
[2026-06-23T02:51:33.860+0000] {processor.py:840} INFO - DAG(s) 'example_sensor_decorator' retrieved from /home/airflow/.local/lib/python3.12/site-packages/airflow/example_dags/example_sensor_decorator.py
[2026-06-23T02:51:33.893+0000] {logging_mixin.py:188} INFO - [2026-06-23T02:51:33.893+0000] {dag.py:3096} INFO - Sync 1 DAGs
[2026-06-23T02:51:33.914+0000] {logging_mixin.py:188} INFO - [2026-06-23T02:51:33.913+0000] {dag.py:3954} INFO - Setting next_dagrun for example_sensor_decorator to None, run_after=None
[2026-06-23T02:51:33.946+0000] {processor.py:183} INFO - Processing /home/airflow/.local/lib/python3.12/site-packages/airflow/example_dags/example_sensor_decorator.py took 0.113 seconds
[2026-06-23T02:52:04.157+0000] {processor.py:161} INFO - Started process (PID=679) to work on /home/airflow/.local/lib/python3.12/site-packages/airflow/example_dags/example_sensor_decorator.py
[2026-06-23T02:52:04.158+0000] {processor.py:830} INFO - Processing file /home/airflow/.local/lib/python3.12/site-packages/airflow/example_dags/example_sensor_decorator.py for tasks to queue
[2026-06-23T02:52:04.161+0000] {logging_mixin.py:188} INFO - [2026-06-23T02:52:04.161+0000] {dagbag.py:545} INFO - Filling up the DagBag from /home/airflow/.local/lib/python3.12/site-packages/airflow/example_dags/example_sensor_decorator.py
[2026-06-23T02:52:04.170+0000] {processor.py:840} INFO - DAG(s) 'example_sensor_decorator' retrieved from /home/airflow/.local/lib/python3.12/site-packages/airflow/example_dags/example_sensor_decorator.py
[2026-06-23T02:52:04.199+0000] {logging_mixin.py:188} INFO - [2026-06-23T02:52:04.199+0000] {dag.py:3096} INFO - Sync 1 DAGs
[2026-06-23T02:52:04.215+0000] {logging_mixin.py:188} INFO - [2026-06-23T02:52:04.214+0000] {dag.py:3954} INFO - Setting next_dagrun for example_sensor_decorator to None, run_after=None
[2026-06-23T02:52:04.244+0000] {processor.py:183} INFO - Processing /home/airflow/.local/lib/python3.12/site-packages/airflow/example_dags/example_sensor_decorator.py took 0.094 seconds
[2026-06-23T02:52:34.533+0000] {processor.py:161} INFO - Started process (PID=738) to work on /home/airflow/.local/lib/python3.12/site-packages/airflow/example_dags/example_sensor_decorator.py
[2026-06-23T02:52:34.534+0000] {processor.py:830} INFO - Processing file /home/airflow/.local/lib/python3.12/site-packages/airflow/example_dags/example_sensor_decorator.py for tasks to queue
[2026-06-23T02:52:34.538+0000] {logging_mixin.py:188} INFO - [2026-06-23T02:52:34.537+0000] {dagbag.py:545} INFO - Filling up the DagBag from /home/airflow/.local/lib/python3.12/site-packages/airflow/example_dags/example_sensor_decorator.py
[2026-06-23T02:52:34.546+0000] {processor.py:840} INFO - DAG(s) 'example_sensor_decorator' retrieved from /home/airflow/.local/lib/python3.12/site-packages/airflow/example_dags/example_sensor_decorator.py
[2026-06-23T02:52:34.577+0000] {logging_mixin.py:188} INFO - [2026-06-23T02:52:34.576+0000] {dag.py:3096} INFO - Sync 1 DAGs
[2026-06-23T02:52:34.593+0000] {logging_mixin.py:188} INFO - [2026-06-23T02:52:34.593+0000] {dag.py:3954} INFO - Setting next_dagrun for example_sensor_decorator to None, run_after=None
[2026-06-23T02:52:34.622+0000] {processor.py:183} INFO - Processing /home/airflow/.local/lib/python3.12/site-packages/airflow/example_dags/example_sensor_decorator.py took 0.097 seconds
[2026-06-23T02:53:04.702+0000] {processor.py:161} INFO - Started process (PID=796) to work on /home/airflow/.local/lib/python3.12/site-packages/airflow/example_dags/example_sensor_decorator.py
[2026-06-23T02:53:04.704+0000] {processor.py:830} INFO - Processing file /home/airflow/.local/lib/python3.12/site-packages/airflow/example_dags/example_sensor_decorator.py for tasks to queue
[2026-06-23T02:53:04.708+0000] {logging_mixin.py:188} INFO - [2026-06-23T02:53:04.707+0000] {dagbag.py:545} INFO - Filling up the DagBag from /home/airflow/.local/lib/python3.12/site-packages/airflow/example_dags/example_sensor_decorator.py
[2026-06-23T02:53:04.716+0000] {processor.py:840} INFO - DAG(s) 'example_sensor_decorator' retrieved from /home/airflow/.local/lib/python3.12/site-packages/airflow/example_dags/example_sensor_decorator.py
[2026-06-23T02:53:04.746+0000] {logging_mixin.py:188} INFO - [2026-06-23T02:53:04.746+0000] {dag.py:3096} INFO - Sync 1 DAGs
[2026-06-23T02:53:04.761+0000] {logging_mixin.py:188} INFO - [2026-06-23T02:53:04.761+0000] {dag.py:3954} INFO - Setting next_dagrun for example_sensor_decorator to None, run_after=None
[2026-06-23T02:53:04.789+0000] {processor.py:183} INFO - Processing /home/airflow/.local/lib/python3.12/site-packages/airflow/example_dags/example_sensor_decorator.py took 0.093 seconds
[2026-06-23T02:53:35.220+0000] {processor.py:161} INFO - Started process (PID=855) to work on /home/airflow/.local/lib/python3.12/site-packages/airflow/example_dags/example_sensor_decorator.py
[2026-06-23T02:53:35.221+0000] {processor.py:830} INFO - Processing file /home/airflow/.local/lib/python3.12/site-packages/airflow/example_dags/example_sensor_decorator.py for tasks to queue
[2026-06-23T02:53:35.224+0000] {logging_mixin.py:188} INFO - [2026-06-23T02:53:35.224+0000] {dagbag.py:545} INFO - Filling up the DagBag from /home/airflow/.local/lib/python3.12/site-packages/airflow/example_dags/example_sensor_decorator.py
[2026-06-23T02:53:35.233+0000] {processor.py:840} INFO - DAG(s) 'example_sensor_decorator' retrieved from /home/airflow/.local/lib/python3.12/site-packages/airflow/example_dags/example_sensor_decorator.py
[2026-06-23T02:53:35.263+0000] {logging_mixin.py:188} INFO - [2026-06-23T02:53:35.263+0000] {dag.py:3096} INFO - Sync 1 DAGs
[2026-06-23T02:53:35.280+0000] {logging_mixin.py:188} INFO - [2026-06-23T02:53:35.279+0000] {dag.py:3954} INFO - Setting next_dagrun for example_sensor_decorator to None, run_after=None
[2026-06-23T02:53:35.312+0000] {processor.py:183} INFO - Processing /home/airflow/.local/lib/python3.12/site-packages/airflow/example_dags/example_sensor_decorator.py took 0.100 seconds
[2026-06-23T02:54:05.696+0000] {processor.py:161} INFO - Started process (PID=914) to work on /home/airflow/.local/lib/python3.12/site-packages/airflow/example_dags/example_sensor_decorator.py
[2026-06-23T02:54:05.697+0000] {processor.py:830} INFO - Processing file /home/airflow/.local/lib/python3.12/site-packages/airflow/example_dags/example_sensor_decorator.py for tasks to queue
[2026-06-23T02:54:05.701+0000] {logging_mixin.py:188} INFO - [2026-06-23T02:54:05.700+0000] {dagbag.py:545} INFO - Filling up the DagBag from /home/airflow/.local/lib/python3.12/site-packages/airflow/example_dags/example_sensor_decorator.py
[2026-06-23T02:54:05.709+0000] {processor.py:840} INFO - DAG(s) 'example_sensor_decorator' retrieved from /home/airflow/.local/lib/python3.12/site-packages/airflow/example_dags/example_sensor_decorator.py
[2026-06-23T02:54:05.737+0000] {logging_mixin.py:188} INFO - [2026-06-23T02:54:05.736+0000] {dag.py:3096} INFO - Sync 1 DAGs
[2026-06-23T02:54:05.752+0000] {logging_mixin.py:188} INFO - [2026-06-23T02:54:05.752+0000] {dag.py:3954} INFO - Setting next_dagrun for example_sensor_decorator to None, run_after=None
[2026-06-23T02:54:05.779+0000] {processor.py:183} INFO - Processing /home/airflow/.local/lib/python3.12/site-packages/airflow/example_dags/example_sensor_decorator.py took 0.090 seconds
[2026-06-23T02:54:36.172+0000] {processor.py:161} INFO - Started process (PID=974) to work on /home/airflow/.local/lib/python3.12/site-packages/airflow/example_dags/example_sensor_decorator.py
[2026-06-23T02:54:36.175+0000] {processor.py:830} INFO - Processing file /home/airflow/.local/lib/python3.12/site-packages/airflow/example_dags/example_sensor_decorator.py for tasks to queue
[2026-06-23T02:54:36.178+0000] {logging_mixin.py:188} INFO - [2026-06-23T02:54:36.177+0000] {dagbag.py:545} INFO - Filling up the DagBag from /home/airflow/.local/lib/python3.12/site-packages/airflow/example_dags/example_sensor_decorator.py
[2026-06-23T02:54:36.187+0000] {processor.py:840} INFO - DAG(s) 'example_sensor_decorator' retrieved from /home/airflow/.local/lib/python3.12/site-packages/airflow/example_dags/example_sensor_decorator.py
[2026-06-23T02:54:36.216+0000] {logging_mixin.py:188} INFO - [2026-06-23T02:54:36.216+0000] {dag.py:3096} INFO - Sync 1 DAGs
[2026-06-23T02:54:36.233+0000] {logging_mixin.py:188} INFO - [2026-06-23T02:54:36.232+0000] {dag.py:3954} INFO - Setting next_dagrun for example_sensor_decorator to None, run_after=None
[2026-06-23T02:54:36.264+0000] {processor.py:183} INFO - Processing /home/airflow/.local/lib/python3.12/site-packages/airflow/example_dags/example_sensor_decorator.py took 0.099 seconds
[2026-06-23T02:55:06.619+0000] {processor.py:161} INFO - Started process (PID=1033) to work on /home/airflow/.local/lib/python3.12/site-packages/airflow/example_dags/example_sensor_decorator.py
[2026-06-23T02:55:06.621+0000] {processor.py:830} INFO - Processing file /home/airflow/.local/lib/python3.12/site-packages/airflow/example_dags/example_sensor_decorator.py for tasks to queue
[2026-06-23T02:55:06.624+0000] {logging_mixin.py:188} INFO - [2026-06-23T02:55:06.624+0000] {dagbag.py:545} INFO - Filling up the DagBag from /home/airflow/.local/lib/python3.12/site-packages/airflow/example_dags/example_sensor_decorator.py
[2026-06-23T02:55:06.632+0000] {processor.py:840} INFO - DAG(s) 'example_sensor_decorator' retrieved from /home/airflow/.local/lib/python3.12/site-packages/airflow/example_dags/example_sensor_decorator.py
[2026-06-23T02:55:06.661+0000] {logging_mixin.py:188} INFO - [2026-06-23T02:55:06.661+0000] {dag.py:3096} INFO - Sync 1 DAGs
[2026-06-23T02:55:06.677+0000] {logging_mixin.py:188} INFO - [2026-06-23T02:55:06.677+0000] {dag.py:3954} INFO - Setting next_dagrun for example_sensor_decorator to None, run_after=None
[2026-06-23T02:55:06.708+0000] {processor.py:183} INFO - Processing /home/airflow/.local/lib/python3.12/site-packages/airflow/example_dags/example_sensor_decorator.py took 0.096 seconds
[2026-06-23T02:55:36.942+0000] {processor.py:161} INFO - Started process (PID=1093) to work on /home/airflow/.local/lib/python3.12/site-packages/airflow/example_dags/example_sensor_decorator.py
[2026-06-23T02:55:36.944+0000] {processor.py:830} INFO - Processing file /home/airflow/.local/lib/python3.12/site-packages/airflow/example_dags/example_sensor_decorator.py for tasks to queue
[2026-06-23T02:55:36.947+0000] {logging_mixin.py:188} INFO - [2026-06-23T02:55:36.946+0000] {dagbag.py:545} INFO - Filling up the DagBag from /home/airflow/.local/lib/python3.12/site-packages/airflow/example_dags/example_sensor_decorator.py
[2026-06-23T02:55:36.956+0000] {processor.py:840} INFO - DAG(s) 'example_sensor_decorator' retrieved from /home/airflow/.local/lib/python3.12/site-packages/airflow/example_dags/example_sensor_decorator.py
[2026-06-23T02:55:36.984+0000] {logging_mixin.py:188} INFO - [2026-06-23T02:55:36.984+0000] {dag.py:3096} INFO - Sync 1 DAGs
[2026-06-23T02:55:37.001+0000] {logging_mixin.py:188} INFO - [2026-06-23T02:55:37.001+0000] {dag.py:3954} INFO - Setting next_dagrun for example_sensor_decorator to None, run_after=None
[2026-06-23T02:55:37.037+0000] {processor.py:183} INFO - Processing /home/airflow/.local/lib/python3.12/site-packages/airflow/example_dags/example_sensor_decorator.py took 0.103 seconds
[2026-06-23T02:56:07.138+0000] {processor.py:161} INFO - Started process (PID=1152) to work on /home/airflow/.local/lib/python3.12/site-packages/airflow/example_dags/example_sensor_decorator.py
[2026-06-23T02:56:07.140+0000] {processor.py:830} INFO - Processing file /home/airflow/.local/lib/python3.12/site-packages/airflow/example_dags/example_sensor_decorator.py for tasks to queue
[2026-06-23T02:56:07.143+0000] {logging_mixin.py:188} INFO - [2026-06-23T02:56:07.143+0000] {dagbag.py:545} INFO - Filling up the DagBag from /home/airflow/.local/lib/python3.12/site-packages/airflow/example_dags/example_sensor_decorator.py
[2026-06-23T02:56:07.150+0000] {processor.py:840} INFO - DAG(s) 'example_sensor_decorator' retrieved from /home/airflow/.local/lib/python3.12/site-packages/airflow/example_dags/example_sensor_decorator.py
[2026-06-23T02:56:07.179+0000] {logging_mixin.py:188} INFO - [2026-06-23T02:56:07.178+0000] {dag.py:3096} INFO - Sync 1 DAGs
[2026-06-23T02:56:07.194+0000] {logging_mixin.py:188} INFO - [2026-06-23T02:56:07.194+0000] {dag.py:3954} INFO - Setting next_dagrun for example_sensor_decorator to None, run_after=None
[2026-06-23T02:56:07.223+0000] {processor.py:183} INFO - Processing /home/airflow/.local/lib/python3.12/site-packages/airflow/example_dags/example_sensor_decorator.py took 0.092 seconds
[2026-06-23T02:56:37.513+0000] {processor.py:161} INFO - Started process (PID=1211) to work on /home/airflow/.local/lib/python3.12/site-packages/airflow/example_dags/example_sensor_decorator.py
[2026-06-23T02:56:37.515+0000] {processor.py:830} INFO - Processing file /home/airflow/.local/lib/python3.12/site-packages/airflow/example_dags/example_sensor_decorator.py for tasks to queue
[2026-06-23T02:56:37.519+0000] {logging_mixin.py:188} INFO - [2026-06-23T02:56:37.518+0000] {dagbag.py:545} INFO - Filling up the DagBag from /home/airflow/.local/lib/python3.12/site-packages/airflow/example_dags/example_sensor_decorator.py
[2026-06-23T02:56:37.528+0000] {processor.py:840} INFO - DAG(s) 'example_sensor_decorator' retrieved from /home/airflow/.local/lib/python3.12/site-packages/airflow/example_dags/example_sensor_decorator.py
[2026-06-23T02:56:37.556+0000] {logging_mixin.py:188} INFO - [2026-06-23T02:56:37.556+0000] {dag.py:3096} INFO - Sync 1 DAGs
[2026-06-23T02:56:37.572+0000] {logging_mixin.py:188} INFO - [2026-06-23T02:56:37.572+0000] {dag.py:3954} INFO - Setting next_dagrun for example_sensor_decorator to None, run_after=None
[2026-06-23T02:56:37.600+0000] {processor.py:183} INFO - Processing /home/airflow/.local/lib/python3.12/site-packages/airflow/example_dags/example_sensor_decorator.py took 0.094 seconds
[2026-06-23T02:57:07.855+0000] {processor.py:161} INFO - Started process (PID=1270) to work on /home/airflow/.local/lib/python3.12/site-packages/airflow/example_dags/example_sensor_decorator.py
[2026-06-23T02:57:07.857+0000] {processor.py:830} INFO - Processing file /home/airflow/.local/lib/python3.12/site-packages/airflow/example_dags/example_sensor_decorator.py for tasks to queue
[2026-06-23T02:57:07.859+0000] {logging_mixin.py:188} INFO - [2026-06-23T02:57:07.859+0000] {dagbag.py:545} INFO - Filling up the DagBag from /home/airflow/.local/lib/python3.12/site-packages/airflow/example_dags/example_sensor_decorator.py
[2026-06-23T02:57:07.867+0000] {processor.py:840} INFO - DAG(s) 'example_sensor_decorator' retrieved from /home/airflow/.local/lib/python3.12/site-packages/airflow/example_dags/example_sensor_decorator.py
[2026-06-23T02:57:07.896+0000] {logging_mixin.py:188} INFO - [2026-06-23T02:57:07.895+0000] {dag.py:3096} INFO - Sync 1 DAGs
[2026-06-23T02:57:07.911+0000] {logging_mixin.py:188} INFO - [2026-06-23T02:57:07.911+0000] {dag.py:3954} INFO - Setting next_dagrun for example_sensor_decorator to None, run_after=None
[2026-06-23T02:57:07.940+0000] {processor.py:183} INFO - Processing /home/airflow/.local/lib/python3.12/site-packages/airflow/example_dags/example_sensor_decorator.py took 0.092 seconds
[2026-06-23T02:57:38.409+0000] {processor.py:161} INFO - Started process (PID=1329) to work on /home/airflow/.local/lib/python3.12/site-packages/airflow/example_dags/example_sensor_decorator.py
[2026-06-23T02:57:38.412+0000] {processor.py:830} INFO - Processing file /home/airflow/.local/lib/python3.12/site-packages/airflow/example_dags/example_sensor_decorator.py for tasks to queue
[2026-06-23T02:57:38.416+0000] {logging_mixin.py:188} INFO - [2026-06-23T02:57:38.415+0000] {dagbag.py:545} INFO - Filling up the DagBag from /home/airflow/.local/lib/python3.12/site-packages/airflow/example_dags/example_sensor_decorator.py
[2026-06-23T02:57:38.434+0000] {processor.py:840} INFO - DAG(s) 'example_sensor_decorator' retrieved from /home/airflow/.local/lib/python3.12/site-packages/airflow/example_dags/example_sensor_decorator.py
[2026-06-23T02:57:38.485+0000] {logging_mixin.py:188} INFO - [2026-06-23T02:57:38.485+0000] {dag.py:3096} INFO - Sync 1 DAGs
[2026-06-23T02:57:38.521+0000] {logging_mixin.py:188} INFO - [2026-06-23T02:57:38.520+0000] {dag.py:3954} INFO - Setting next_dagrun for example_sensor_decorator to None, run_after=None
[2026-06-23T02:57:38.581+0000] {processor.py:183} INFO - Processing /home/airflow/.local/lib/python3.12/site-packages/airflow/example_dags/example_sensor_decorator.py took 0.187 seconds
[2026-06-23T02:58:52.648+0000] {processor.py:161} INFO - Started process (PID=1389) to work on /home/airflow/.local/lib/python3.12/site-packages/airflow/example_dags/example_sensor_decorator.py
[2026-06-23T02:58:52.650+0000] {processor.py:830} INFO - Processing file /home/airflow/.local/lib/python3.12/site-packages/airflow/example_dags/example_sensor_decorator.py for tasks to queue
[2026-06-23T02:58:52.653+0000] {logging_mixin.py:188} INFO - [2026-06-23T02:58:52.653+0000] {dagbag.py:545} INFO - Filling up the DagBag from /home/airflow/.local/lib/python3.12/site-packages/airflow/example_dags/example_sensor_decorator.py
[2026-06-23T02:58:52.662+0000] {processor.py:840} INFO - DAG(s) 'example_sensor_decorator' retrieved from /home/airflow/.local/lib/python3.12/site-packages/airflow/example_dags/example_sensor_decorator.py
[2026-06-23T02:58:52.695+0000] {logging_mixin.py:188} INFO - [2026-06-23T02:58:52.695+0000] {dag.py:3096} INFO - Sync 1 DAGs
[2026-06-23T02:58:52.715+0000] {logging_mixin.py:188} INFO - [2026-06-23T02:58:52.714+0000] {dag.py:3954} INFO - Setting next_dagrun for example_sensor_decorator to None, run_after=None
[2026-06-23T02:58:52.742+0000] {processor.py:183} INFO - Processing /home/airflow/.local/lib/python3.12/site-packages/airflow/example_dags/example_sensor_decorator.py took 0.101 seconds
[2026-06-23T02:59:23.339+0000] {processor.py:161} INFO - Started process (PID=1448) to work on /home/airflow/.local/lib/python3.12/site-packages/airflow/example_dags/example_sensor_decorator.py
[2026-06-23T02:59:23.340+0000] {processor.py:830} INFO - Processing file /home/airflow/.local/lib/python3.12/site-packages/airflow/example_dags/example_sensor_decorator.py for tasks to queue
[2026-06-23T02:59:23.344+0000] {logging_mixin.py:188} INFO - [2026-06-23T02:59:23.343+0000] {dagbag.py:545} INFO - Filling up the DagBag from /home/airflow/.local/lib/python3.12/site-packages/airflow/example_dags/example_sensor_decorator.py
[2026-06-23T02:59:23.353+0000] {processor.py:840} INFO - DAG(s) 'example_sensor_decorator' retrieved from /home/airflow/.local/lib/python3.12/site-packages/airflow/example_dags/example_sensor_decorator.py
[2026-06-23T02:59:23.381+0000] {logging_mixin.py:188} INFO - [2026-06-23T02:59:23.380+0000] {dag.py:3096} INFO - Sync 1 DAGs
[2026-06-23T02:59:23.396+0000] {logging_mixin.py:188} INFO - [2026-06-23T02:59:23.396+0000] {dag.py:3954} INFO - Setting next_dagrun for example_sensor_decorator to None, run_after=None
[2026-06-23T02:59:23.425+0000] {processor.py:183} INFO - Processing /home/airflow/.local/lib/python3.12/site-packages/airflow/example_dags/example_sensor_decorator.py took 0.096 seconds
[2026-06-23T02:59:54.478+0000] {processor.py:161} INFO - Started process (PID=1507) to work on /home/airflow/.local/lib/python3.12/site-packages/airflow/example_dags/example_sensor_decorator.py
[2026-06-23T02:59:54.479+0000] {processor.py:830} INFO - Processing file /home/airflow/.local/lib/python3.12/site-packages/airflow/example_dags/example_sensor_decorator.py for tasks to queue
[2026-06-23T02:59:54.482+0000] {logging_mixin.py:188} INFO - [2026-06-23T02:59:54.482+0000] {dagbag.py:545} INFO - Filling up the DagBag from /home/airflow/.local/lib/python3.12/site-packages/airflow/example_dags/example_sensor_decorator.py
[2026-06-23T02:59:54.491+0000] {processor.py:840} INFO - DAG(s) 'example_sensor_decorator' retrieved from /home/airflow/.local/lib/python3.12/site-packages/airflow/example_dags/example_sensor_decorator.py
[2026-06-23T02:59:54.521+0000] {logging_mixin.py:188} INFO - [2026-06-23T02:59:54.520+0000] {dag.py:3096} INFO - Sync 1 DAGs
[2026-06-23T02:59:54.741+0000] {logging_mixin.py:188} INFO - [2026-06-23T02:59:54.741+0000] {dag.py:3954} INFO - Setting next_dagrun for example_sensor_decorator to None, run_after=None
[2026-06-23T02:59:54.765+0000] {processor.py:183} INFO - Processing /home/airflow/.local/lib/python3.12/site-packages/airflow/example_dags/example_sensor_decorator.py took 0.295 seconds
[2026-06-23T03:00:25.012+0000] {processor.py:161} INFO - Started process (PID=1566) to work on /home/airflow/.local/lib/python3.12/site-packages/airflow/example_dags/example_sensor_decorator.py
[2026-06-23T03:00:25.013+0000] {processor.py:830} INFO - Processing file /home/airflow/.local/lib/python3.12/site-packages/airflow/example_dags/example_sensor_decorator.py for tasks to queue
[2026-06-23T03:00:25.017+0000] {logging_mixin.py:188} INFO - [2026-06-23T03:00:25.016+0000] {dagbag.py:545} INFO - Filling up the DagBag from /home/airflow/.local/lib/python3.12/site-packages/airflow/example_dags/example_sensor_decorator.py
[2026-06-23T03:00:25.027+0000] {processor.py:840} INFO - DAG(s) 'example_sensor_decorator' retrieved from /home/airflow/.local/lib/python3.12/site-packages/airflow/example_dags/example_sensor_decorator.py
[2026-06-23T03:00:25.055+0000] {logging_mixin.py:188} INFO - [2026-06-23T03:00:25.055+0000] {dag.py:3096} INFO - Sync 1 DAGs
[2026-06-23T03:00:25.073+0000] {logging_mixin.py:188} INFO - [2026-06-23T03:00:25.073+0000] {dag.py:3954} INFO - Setting next_dagrun for example_sensor_decorator to None, run_after=None
[2026-06-23T03:00:25.107+0000] {processor.py:183} INFO - Processing /home/airflow/.local/lib/python3.12/site-packages/airflow/example_dags/example_sensor_decorator.py took 0.104 seconds
[2026-06-23T03:00:55.714+0000] {processor.py:161} INFO - Started process (PID=1625) to work on /home/airflow/.local/lib/python3.12/site-packages/airflow/example_dags/example_sensor_decorator.py
[2026-06-23T03:00:55.716+0000] {processor.py:830} INFO - Processing file /home/airflow/.local/lib/python3.12/site-packages/airflow/example_dags/example_sensor_decorator.py for tasks to queue
[2026-06-23T03:00:55.719+0000] {logging_mixin.py:188} INFO - [2026-06-23T03:00:55.719+0000] {dagbag.py:545} INFO - Filling up the DagBag from /home/airflow/.local/lib/python3.12/site-packages/airflow/example_dags/example_sensor_decorator.py
[2026-06-23T03:00:55.728+0000] {processor.py:840} INFO - DAG(s) 'example_sensor_decorator' retrieved from /home/airflow/.local/lib/python3.12/site-packages/airflow/example_dags/example_sensor_decorator.py
[2026-06-23T03:00:55.757+0000] {logging_mixin.py:188} INFO - [2026-06-23T03:00:55.757+0000] {dag.py:3096} INFO - Sync 1 DAGs
[2026-06-23T03:00:55.775+0000] {logging_mixin.py:188} INFO - [2026-06-23T03:00:55.775+0000] {dag.py:3954} INFO - Setting next_dagrun for example_sensor_decorator to None, run_after=None
[2026-06-23T03:00:55.806+0000] {processor.py:183} INFO - Processing /home/airflow/.local/lib/python3.12/site-packages/airflow/example_dags/example_sensor_decorator.py took 0.100 seconds
[2026-06-23T03:01:26.491+0000] {processor.py:161} INFO - Started process (PID=1684) to work on /home/airflow/.local/lib/python3.12/site-packages/airflow/example_dags/example_sensor_decorator.py
[2026-06-23T03:01:26.494+0000] {processor.py:830} INFO - Processing file /home/airflow/.local/lib/python3.12/site-packages/airflow/example_dags/example_sensor_decorator.py for tasks to queue
[2026-06-23T03:01:26.499+0000] {logging_mixin.py:188} INFO - [2026-06-23T03:01:26.498+0000] {dagbag.py:545} INFO - Filling up the DagBag from /home/airflow/.local/lib/python3.12/site-packages/airflow/example_dags/example_sensor_decorator.py
[2026-06-23T03:01:26.516+0000] {processor.py:840} INFO - DAG(s) 'example_sensor_decorator' retrieved from /home/airflow/.local/lib/python3.12/site-packages/airflow/example_dags/example_sensor_decorator.py
[2026-06-23T03:01:26.570+0000] {logging_mixin.py:188} INFO - [2026-06-23T03:01:26.569+0000] {dag.py:3096} INFO - Sync 1 DAGs
[2026-06-23T03:01:26.607+0000] {logging_mixin.py:188} INFO - [2026-06-23T03:01:26.606+0000] {dag.py:3954} INFO - Setting next_dagrun for example_sensor_decorator to None, run_after=None
[2026-06-23T03:01:26.659+0000] {processor.py:183} INFO - Processing /home/airflow/.local/lib/python3.12/site-packages/airflow/example_dags/example_sensor_decorator.py took 0.182 seconds
[2026-06-23T03:01:57.214+0000] {processor.py:161} INFO - Started process (PID=1743) to work on /home/airflow/.local/lib/python3.12/site-packages/airflow/example_dags/example_sensor_decorator.py
[2026-06-23T03:01:57.216+0000] {processor.py:830} INFO - Processing file /home/airflow/.local/lib/python3.12/site-packages/airflow/example_dags/example_sensor_decorator.py for tasks to queue
[2026-06-23T03:01:57.219+0000] {logging_mixin.py:188} INFO - [2026-06-23T03:01:57.218+0000] {dagbag.py:545} INFO - Filling up the DagBag from /home/airflow/.local/lib/python3.12/site-packages/airflow/example_dags/example_sensor_decorator.py
[2026-06-23T03:01:57.228+0000] {processor.py:840} INFO - DAG(s) 'example_sensor_decorator' retrieved from /home/airflow/.local/lib/python3.12/site-packages/airflow/example_dags/example_sensor_decorator.py
[2026-06-23T03:01:57.258+0000] {logging_mixin.py:188} INFO - [2026-06-23T03:01:57.258+0000] {dag.py:3096} INFO - Sync 1 DAGs
[2026-06-23T03:01:57.276+0000] {logging_mixin.py:188} INFO - [2026-06-23T03:01:57.276+0000] {dag.py:3954} INFO - Setting next_dagrun for example_sensor_decorator to None, run_after=None
[2026-06-23T03:01:57.306+0000] {processor.py:183} INFO - Processing /home/airflow/.local/lib/python3.12/site-packages/airflow/example_dags/example_sensor_decorator.py took 0.100 seconds
[2026-06-23T03:02:27.642+0000] {processor.py:161} INFO - Started process (PID=1802) to work on /home/airflow/.local/lib/python3.12/site-packages/airflow/example_dags/example_sensor_decorator.py
[2026-06-23T03:02:27.644+0000] {processor.py:830} INFO - Processing file /home/airflow/.local/lib/python3.12/site-packages/airflow/example_dags/example_sensor_decorator.py for tasks to queue
[2026-06-23T03:02:27.647+0000] {logging_mixin.py:188} INFO - [2026-06-23T03:02:27.646+0000] {dagbag.py:545} INFO - Filling up the DagBag from /home/airflow/.local/lib/python3.12/site-packages/airflow/example_dags/example_sensor_decorator.py
[2026-06-23T03:02:27.658+0000] {processor.py:840} INFO - DAG(s) 'example_sensor_decorator' retrieved from /home/airflow/.local/lib/python3.12/site-packages/airflow/example_dags/example_sensor_decorator.py
[2026-06-23T03:02:27.687+0000] {logging_mixin.py:188} INFO - [2026-06-23T03:02:27.686+0000] {dag.py:3096} INFO - Sync 1 DAGs
[2026-06-23T03:02:27.702+0000] {logging_mixin.py:188} INFO - [2026-06-23T03:02:27.702+0000] {dag.py:3954} INFO - Setting next_dagrun for example_sensor_decorator to None, run_after=None
[2026-06-23T03:02:27.732+0000] {processor.py:183} INFO - Processing /home/airflow/.local/lib/python3.12/site-packages/airflow/example_dags/example_sensor_decorator.py took 0.097 seconds
[2026-06-23T03:02:58.000+0000] {processor.py:161} INFO - Started process (PID=1861) to work on /home/airflow/.local/lib/python3.12/site-packages/airflow/example_dags/example_sensor_decorator.py
[2026-06-23T03:02:58.002+0000] {processor.py:830} INFO - Processing file /home/airflow/.local/lib/python3.12/site-packages/airflow/example_dags/example_sensor_decorator.py for tasks to queue
[2026-06-23T03:02:58.005+0000] {logging_mixin.py:188} INFO - [2026-06-23T03:02:58.004+0000] {dagbag.py:545} INFO - Filling up the DagBag from /home/airflow/.local/lib/python3.12/site-packages/airflow/example_dags/example_sensor_decorator.py
[2026-06-23T03:02:58.013+0000] {processor.py:840} INFO - DAG(s) 'example_sensor_decorator' retrieved from /home/airflow/.local/lib/python3.12/site-packages/airflow/example_dags/example_sensor_decorator.py
[2026-06-23T03:02:58.040+0000] {logging_mixin.py:188} INFO - [2026-06-23T03:02:58.039+0000] {dag.py:3096} INFO - Sync 1 DAGs
[2026-06-23T03:02:58.057+0000] {logging_mixin.py:188} INFO - [2026-06-23T03:02:58.056+0000] {dag.py:3954} INFO - Setting next_dagrun for example_sensor_decorator to None, run_after=None
[2026-06-23T03:02:58.089+0000] {processor.py:183} INFO - Processing /home/airflow/.local/lib/python3.12/site-packages/airflow/example_dags/example_sensor_decorator.py took 0.097 seconds
[2026-06-23T03:03:28.407+0000] {processor.py:161} INFO - Started process (PID=1920) to work on /home/airflow/.local/lib/python3.12/site-packages/airflow/example_dags/example_sensor_decorator.py
[2026-06-23T03:03:28.409+0000] {processor.py:830} INFO - Processing file /home/airflow/.local/lib/python3.12/site-packages/airflow/example_dags/example_sensor_decorator.py for tasks to queue
[2026-06-23T03:03:28.414+0000] {logging_mixin.py:188} INFO - [2026-06-23T03:03:28.413+0000] {dagbag.py:545} INFO - Filling up the DagBag from /home/airflow/.local/lib/python3.12/site-packages/airflow/example_dags/example_sensor_decorator.py
[2026-06-23T03:03:28.423+0000] {processor.py:840} INFO - DAG(s) 'example_sensor_decorator' retrieved from /home/airflow/.local/lib/python3.12/site-packages/airflow/example_dags/example_sensor_decorator.py
[2026-06-23T03:03:28.454+0000] {logging_mixin.py:188} INFO - [2026-06-23T03:03:28.453+0000] {dag.py:3096} INFO - Sync 1 DAGs
[2026-06-23T03:03:28.476+0000] {logging_mixin.py:188} INFO - [2026-06-23T03:03:28.475+0000] {dag.py:3954} INFO - Setting next_dagrun for example_sensor_decorator to None, run_after=None
[2026-06-23T03:03:28.509+0000] {processor.py:183} INFO - Processing /home/airflow/.local/lib/python3.12/site-packages/airflow/example_dags/example_sensor_decorator.py took 0.110 seconds
[2026-06-23T03:04:42.410+0000] {processor.py:161} INFO - Started process (PID=235) to work on /home/airflow/.local/lib/python3.12/site-packages/airflow/example_dags/example_sensor_decorator.py
[2026-06-23T03:04:42.412+0000] {processor.py:830} INFO - Processing file /home/airflow/.local/lib/python3.12/site-packages/airflow/example_dags/example_sensor_decorator.py for tasks to queue
[2026-06-23T03:04:42.415+0000] {logging_mixin.py:188} INFO - [2026-06-23T03:04:42.414+0000] {dagbag.py:545} INFO - Filling up the DagBag from /home/airflow/.local/lib/python3.12/site-packages/airflow/example_dags/example_sensor_decorator.py
[2026-06-23T03:04:42.427+0000] {processor.py:840} INFO - DAG(s) 'example_sensor_decorator' retrieved from /home/airflow/.local/lib/python3.12/site-packages/airflow/example_dags/example_sensor_decorator.py
[2026-06-23T03:04:42.447+0000] {logging_mixin.py:188} INFO - [2026-06-23T03:04:42.446+0000] {dag.py:3096} INFO - Sync 1 DAGs
[2026-06-23T03:04:42.464+0000] {logging_mixin.py:188} INFO - [2026-06-23T03:04:42.464+0000] {dag.py:3954} INFO - Setting next_dagrun for example_sensor_decorator to None, run_after=None
[2026-06-23T03:04:42.496+0000] {processor.py:183} INFO - Processing /home/airflow/.local/lib/python3.12/site-packages/airflow/example_dags/example_sensor_decorator.py took 0.094 seconds
[2026-06-23T03:05:13.958+0000] {processor.py:161} INFO - Started process (PID=510) to work on /home/airflow/.local/lib/python3.12/site-packages/airflow/example_dags/example_sensor_decorator.py
[2026-06-23T03:05:13.961+0000] {processor.py:830} INFO - Processing file /home/airflow/.local/lib/python3.12/site-packages/airflow/example_dags/example_sensor_decorator.py for tasks to queue
[2026-06-23T03:05:13.969+0000] {logging_mixin.py:188} INFO - [2026-06-23T03:05:13.968+0000] {dagbag.py:545} INFO - Filling up the DagBag from /home/airflow/.local/lib/python3.12/site-packages/airflow/example_dags/example_sensor_decorator.py
[2026-06-23T03:05:13.979+0000] {processor.py:840} INFO - DAG(s) 'example_sensor_decorator' retrieved from /home/airflow/.local/lib/python3.12/site-packages/airflow/example_dags/example_sensor_decorator.py
[2026-06-23T03:05:14.152+0000] {logging_mixin.py:188} INFO - [2026-06-23T03:05:14.152+0000] {dag.py:3096} INFO - Sync 1 DAGs
[2026-06-23T03:05:14.167+0000] {logging_mixin.py:188} INFO - [2026-06-23T03:05:14.166+0000] {dag.py:3954} INFO - Setting next_dagrun for example_sensor_decorator to None, run_after=None
[2026-06-23T03:05:14.200+0000] {processor.py:183} INFO - Processing /home/airflow/.local/lib/python3.12/site-packages/airflow/example_dags/example_sensor_decorator.py took 0.253 seconds
[2026-06-23T03:05:44.310+0000] {processor.py:161} INFO - Started process (PID=892) to work on /home/airflow/.local/lib/python3.12/site-packages/airflow/example_dags/example_sensor_decorator.py
[2026-06-23T03:05:44.312+0000] {processor.py:830} INFO - Processing file /home/airflow/.local/lib/python3.12/site-packages/airflow/example_dags/example_sensor_decorator.py for tasks to queue
[2026-06-23T03:05:44.315+0000] {logging_mixin.py:188} INFO - [2026-06-23T03:05:44.315+0000] {dagbag.py:545} INFO - Filling up the DagBag from /home/airflow/.local/lib/python3.12/site-packages/airflow/example_dags/example_sensor_decorator.py
[2026-06-23T03:05:44.324+0000] {processor.py:840} INFO - DAG(s) 'example_sensor_decorator' retrieved from /home/airflow/.local/lib/python3.12/site-packages/airflow/example_dags/example_sensor_decorator.py
[2026-06-23T03:05:44.354+0000] {logging_mixin.py:188} INFO - [2026-06-23T03:05:44.353+0000] {dag.py:3096} INFO - Sync 1 DAGs
[2026-06-23T03:05:44.370+0000] {logging_mixin.py:188} INFO - [2026-06-23T03:05:44.370+0000] {dag.py:3954} INFO - Setting next_dagrun for example_sensor_decorator to None, run_after=None
[2026-06-23T03:05:44.401+0000] {processor.py:183} INFO - Processing /home/airflow/.local/lib/python3.12/site-packages/airflow/example_dags/example_sensor_decorator.py took 0.098 seconds
[2026-06-23T03:06:14.505+0000] {processor.py:161} INFO - Started process (PID=1159) to work on /home/airflow/.local/lib/python3.12/site-packages/airflow/example_dags/example_sensor_decorator.py
[2026-06-23T03:06:14.507+0000] {processor.py:830} INFO - Processing file /home/airflow/.local/lib/python3.12/site-packages/airflow/example_dags/example_sensor_decorator.py for tasks to queue
[2026-06-23T03:06:14.511+0000] {logging_mixin.py:188} INFO - [2026-06-23T03:06:14.510+0000] {dagbag.py:545} INFO - Filling up the DagBag from /home/airflow/.local/lib/python3.12/site-packages/airflow/example_dags/example_sensor_decorator.py
[2026-06-23T03:06:14.520+0000] {processor.py:840} INFO - DAG(s) 'example_sensor_decorator' retrieved from /home/airflow/.local/lib/python3.12/site-packages/airflow/example_dags/example_sensor_decorator.py
[2026-06-23T03:06:14.549+0000] {logging_mixin.py:188} INFO - [2026-06-23T03:06:14.549+0000] {dag.py:3096} INFO - Sync 1 DAGs
[2026-06-23T03:06:14.566+0000] {logging_mixin.py:188} INFO - [2026-06-23T03:06:14.566+0000] {dag.py:3954} INFO - Setting next_dagrun for example_sensor_decorator to None, run_after=None
[2026-06-23T03:06:14.595+0000] {processor.py:183} INFO - Processing /home/airflow/.local/lib/python3.12/site-packages/airflow/example_dags/example_sensor_decorator.py took 0.097 seconds
[2026-06-23T03:06:45.410+0000] {processor.py:161} INFO - Started process (PID=1424) to work on /home/airflow/.local/lib/python3.12/site-packages/airflow/example_dags/example_sensor_decorator.py
[2026-06-23T03:06:45.412+0000] {processor.py:830} INFO - Processing file /home/airflow/.local/lib/python3.12/site-packages/airflow/example_dags/example_sensor_decorator.py for tasks to queue
[2026-06-23T03:06:45.415+0000] {logging_mixin.py:188} INFO - [2026-06-23T03:06:45.415+0000] {dagbag.py:545} INFO - Filling up the DagBag from /home/airflow/.local/lib/python3.12/site-packages/airflow/example_dags/example_sensor_decorator.py
[2026-06-23T03:06:45.424+0000] {processor.py:840} INFO - DAG(s) 'example_sensor_decorator' retrieved from /home/airflow/.local/lib/python3.12/site-packages/airflow/example_dags/example_sensor_decorator.py
[2026-06-23T03:06:45.452+0000] {logging_mixin.py:188} INFO - [2026-06-23T03:06:45.452+0000] {dag.py:3096} INFO - Sync 1 DAGs
[2026-06-23T03:06:45.469+0000] {logging_mixin.py:188} INFO - [2026-06-23T03:06:45.469+0000] {dag.py:3954} INFO - Setting next_dagrun for example_sensor_decorator to None, run_after=None
[2026-06-23T03:06:45.499+0000] {processor.py:183} INFO - Processing /home/airflow/.local/lib/python3.12/site-packages/airflow/example_dags/example_sensor_decorator.py took 0.096 seconds
[2026-06-23T03:07:16.308+0000] {processor.py:161} INFO - Started process (PID=1691) to work on /home/airflow/.local/lib/python3.12/site-packages/airflow/example_dags/example_sensor_decorator.py
[2026-06-23T03:07:16.310+0000] {processor.py:830} INFO - Processing file /home/airflow/.local/lib/python3.12/site-packages/airflow/example_dags/example_sensor_decorator.py for tasks to queue
[2026-06-23T03:07:16.314+0000] {logging_mixin.py:188} INFO - [2026-06-23T03:07:16.313+0000] {dagbag.py:545} INFO - Filling up the DagBag from /home/airflow/.local/lib/python3.12/site-packages/airflow/example_dags/example_sensor_decorator.py
[2026-06-23T03:07:16.323+0000] {processor.py:840} INFO - DAG(s) 'example_sensor_decorator' retrieved from /home/airflow/.local/lib/python3.12/site-packages/airflow/example_dags/example_sensor_decorator.py
[2026-06-23T03:07:16.350+0000] {logging_mixin.py:188} INFO - [2026-06-23T03:07:16.350+0000] {dag.py:3096} INFO - Sync 1 DAGs
[2026-06-23T03:07:16.366+0000] {logging_mixin.py:188} INFO - [2026-06-23T03:07:16.366+0000] {dag.py:3954} INFO - Setting next_dagrun for example_sensor_decorator to None, run_after=None
[2026-06-23T03:07:16.395+0000] {processor.py:183} INFO - Processing /home/airflow/.local/lib/python3.12/site-packages/airflow/example_dags/example_sensor_decorator.py took 0.094 seconds
[2026-06-23T03:07:46.919+0000] {processor.py:161} INFO - Started process (PID=1958) to work on /home/airflow/.local/lib/python3.12/site-packages/airflow/example_dags/example_sensor_decorator.py
[2026-06-23T03:07:46.922+0000] {processor.py:830} INFO - Processing file /home/airflow/.local/lib/python3.12/site-packages/airflow/example_dags/example_sensor_decorator.py for tasks to queue
[2026-06-23T03:07:46.928+0000] {logging_mixin.py:188} INFO - [2026-06-23T03:07:46.927+0000] {dagbag.py:545} INFO - Filling up the DagBag from /home/airflow/.local/lib/python3.12/site-packages/airflow/example_dags/example_sensor_decorator.py
[2026-06-23T03:07:46.949+0000] {processor.py:840} INFO - DAG(s) 'example_sensor_decorator' retrieved from /home/airflow/.local/lib/python3.12/site-packages/airflow/example_dags/example_sensor_decorator.py
[2026-06-23T03:07:46.992+0000] {logging_mixin.py:188} INFO - [2026-06-23T03:07:46.992+0000] {dag.py:3096} INFO - Sync 1 DAGs
[2026-06-23T03:07:47.021+0000] {logging_mixin.py:188} INFO - [2026-06-23T03:07:47.021+0000] {dag.py:3954} INFO - Setting next_dagrun for example_sensor_decorator to None, run_after=None
[2026-06-23T03:07:47.060+0000] {processor.py:183} INFO - Processing /home/airflow/.local/lib/python3.12/site-packages/airflow/example_dags/example_sensor_decorator.py took 0.161 seconds
