[2026-06-23T02:47:00.065+0000] {processor.py:161} INFO - Started process (PID=98) to work on /home/airflow/.local/lib/python3.12/site-packages/airflow/example_dags/example_skip_dag.py
[2026-06-23T02:47:00.067+0000] {processor.py:830} INFO - Processing file /home/airflow/.local/lib/python3.12/site-packages/airflow/example_dags/example_skip_dag.py for tasks to queue
[2026-06-23T02:47:00.071+0000] {logging_mixin.py:188} INFO - [2026-06-23T02:47:00.070+0000] {dagbag.py:545} INFO - Filling up the DagBag from /home/airflow/.local/lib/python3.12/site-packages/airflow/example_dags/example_skip_dag.py
[2026-06-23T02:47:00.088+0000] {processor.py:840} INFO - DAG(s) 'example_skip_dag' retrieved from /home/airflow/.local/lib/python3.12/site-packages/airflow/example_dags/example_skip_dag.py
[2026-06-23T02:47:00.366+0000] {logging_mixin.py:188} INFO - [2026-06-23T02:47:00.366+0000] {dag.py:3096} INFO - Sync 1 DAGs
[2026-06-23T02:47:00.405+0000] {logging_mixin.py:188} INFO - [2026-06-23T02:47:00.405+0000] {dag.py:3954} INFO - Setting next_dagrun for example_skip_dag to 2026-06-22 00:00:00+00:00, run_after=2026-06-23 00:00:00+00:00
[2026-06-23T02:47:00.440+0000] {processor.py:183} INFO - Processing /home/airflow/.local/lib/python3.12/site-packages/airflow/example_dags/example_skip_dag.py took 0.387 seconds
[2026-06-23T02:47:30.584+0000] {processor.py:161} INFO - Started process (PID=157) to work on /home/airflow/.local/lib/python3.12/site-packages/airflow/example_dags/example_skip_dag.py
[2026-06-23T02:47:30.586+0000] {processor.py:830} INFO - Processing file /home/airflow/.local/lib/python3.12/site-packages/airflow/example_dags/example_skip_dag.py for tasks to queue
[2026-06-23T02:47:30.591+0000] {logging_mixin.py:188} INFO - [2026-06-23T02:47:30.591+0000] {dagbag.py:545} INFO - Filling up the DagBag from /home/airflow/.local/lib/python3.12/site-packages/airflow/example_dags/example_skip_dag.py
[2026-06-23T02:47:30.604+0000] {processor.py:840} INFO - DAG(s) 'example_skip_dag' retrieved from /home/airflow/.local/lib/python3.12/site-packages/airflow/example_dags/example_skip_dag.py
[2026-06-23T02:47:30.652+0000] {logging_mixin.py:188} INFO - [2026-06-23T02:47:30.652+0000] {dag.py:3096} INFO - Sync 1 DAGs
[2026-06-23T02:47:30.698+0000] {logging_mixin.py:188} INFO - [2026-06-23T02:47:30.697+0000] {dag.py:3954} INFO - Setting next_dagrun for example_skip_dag to 2026-06-22 00:00:00+00:00, run_after=2026-06-23 00:00:00+00:00
[2026-06-23T02:47:30.746+0000] {processor.py:183} INFO - Processing /home/airflow/.local/lib/python3.12/site-packages/airflow/example_dags/example_skip_dag.py took 0.172 seconds
[2026-06-23T02:48:00.910+0000] {processor.py:161} INFO - Started process (PID=216) to work on /home/airflow/.local/lib/python3.12/site-packages/airflow/example_dags/example_skip_dag.py
[2026-06-23T02:48:00.912+0000] {processor.py:830} INFO - Processing file /home/airflow/.local/lib/python3.12/site-packages/airflow/example_dags/example_skip_dag.py for tasks to queue
[2026-06-23T02:48:00.918+0000] {logging_mixin.py:188} INFO - [2026-06-23T02:48:00.917+0000] {dagbag.py:545} INFO - Filling up the DagBag from /home/airflow/.local/lib/python3.12/site-packages/airflow/example_dags/example_skip_dag.py
[2026-06-23T02:48:00.935+0000] {processor.py:840} INFO - DAG(s) 'example_skip_dag' retrieved from /home/airflow/.local/lib/python3.12/site-packages/airflow/example_dags/example_skip_dag.py
[2026-06-23T02:48:00.989+0000] {logging_mixin.py:188} INFO - [2026-06-23T02:48:00.989+0000] {dag.py:3096} INFO - Sync 1 DAGs
[2026-06-23T02:48:01.026+0000] {logging_mixin.py:188} INFO - [2026-06-23T02:48:01.025+0000] {dag.py:3954} INFO - Setting next_dagrun for example_skip_dag to 2026-06-22 00:00:00+00:00, run_after=2026-06-23 00:00:00+00:00
[2026-06-23T02:48:01.082+0000] {processor.py:183} INFO - Processing /home/airflow/.local/lib/python3.12/site-packages/airflow/example_dags/example_skip_dag.py took 0.186 seconds
[2026-06-23T02:48:31.592+0000] {processor.py:161} INFO - Started process (PID=275) to work on /home/airflow/.local/lib/python3.12/site-packages/airflow/example_dags/example_skip_dag.py
[2026-06-23T02:48:31.594+0000] {processor.py:830} INFO - Processing file /home/airflow/.local/lib/python3.12/site-packages/airflow/example_dags/example_skip_dag.py for tasks to queue
[2026-06-23T02:48:31.597+0000] {logging_mixin.py:188} INFO - [2026-06-23T02:48:31.597+0000] {dagbag.py:545} INFO - Filling up the DagBag from /home/airflow/.local/lib/python3.12/site-packages/airflow/example_dags/example_skip_dag.py
[2026-06-23T02:48:31.606+0000] {processor.py:840} INFO - DAG(s) 'example_skip_dag' retrieved from /home/airflow/.local/lib/python3.12/site-packages/airflow/example_dags/example_skip_dag.py
[2026-06-23T02:48:31.638+0000] {logging_mixin.py:188} INFO - [2026-06-23T02:48:31.637+0000] {dag.py:3096} INFO - Sync 1 DAGs
[2026-06-23T02:48:31.678+0000] {logging_mixin.py:188} INFO - [2026-06-23T02:48:31.677+0000] {dag.py:3954} INFO - Setting next_dagrun for example_skip_dag to 2026-06-22 00:00:00+00:00, run_after=2026-06-23 00:00:00+00:00
[2026-06-23T02:48:31.713+0000] {processor.py:183} INFO - Processing /home/airflow/.local/lib/python3.12/site-packages/airflow/example_dags/example_skip_dag.py took 0.132 seconds
[2026-06-23T02:49:02.519+0000] {processor.py:161} INFO - Started process (PID=335) to work on /home/airflow/.local/lib/python3.12/site-packages/airflow/example_dags/example_skip_dag.py
[2026-06-23T02:49:02.521+0000] {processor.py:830} INFO - Processing file /home/airflow/.local/lib/python3.12/site-packages/airflow/example_dags/example_skip_dag.py for tasks to queue
[2026-06-23T02:49:02.525+0000] {logging_mixin.py:188} INFO - [2026-06-23T02:49:02.524+0000] {dagbag.py:545} INFO - Filling up the DagBag from /home/airflow/.local/lib/python3.12/site-packages/airflow/example_dags/example_skip_dag.py
[2026-06-23T02:49:02.538+0000] {processor.py:840} INFO - DAG(s) 'example_skip_dag' retrieved from /home/airflow/.local/lib/python3.12/site-packages/airflow/example_dags/example_skip_dag.py
[2026-06-23T02:49:02.581+0000] {logging_mixin.py:188} INFO - [2026-06-23T02:49:02.581+0000] {dag.py:3096} INFO - Sync 1 DAGs
[2026-06-23T02:49:02.617+0000] {logging_mixin.py:188} INFO - [2026-06-23T02:49:02.617+0000] {dag.py:3954} INFO - Setting next_dagrun for example_skip_dag to 2026-06-22 00:00:00+00:00, run_after=2026-06-23 00:00:00+00:00
[2026-06-23T02:49:02.658+0000] {processor.py:183} INFO - Processing /home/airflow/.local/lib/python3.12/site-packages/airflow/example_dags/example_skip_dag.py took 0.152 seconds
[2026-06-23T02:49:32.899+0000] {processor.py:161} INFO - Started process (PID=394) to work on /home/airflow/.local/lib/python3.12/site-packages/airflow/example_dags/example_skip_dag.py
[2026-06-23T02:49:32.901+0000] {processor.py:830} INFO - Processing file /home/airflow/.local/lib/python3.12/site-packages/airflow/example_dags/example_skip_dag.py for tasks to queue
[2026-06-23T02:49:32.904+0000] {logging_mixin.py:188} INFO - [2026-06-23T02:49:32.904+0000] {dagbag.py:545} INFO - Filling up the DagBag from /home/airflow/.local/lib/python3.12/site-packages/airflow/example_dags/example_skip_dag.py
[2026-06-23T02:49:32.914+0000] {processor.py:840} INFO - DAG(s) 'example_skip_dag' retrieved from /home/airflow/.local/lib/python3.12/site-packages/airflow/example_dags/example_skip_dag.py
[2026-06-23T02:49:32.951+0000] {logging_mixin.py:188} INFO - [2026-06-23T02:49:32.951+0000] {dag.py:3096} INFO - Sync 1 DAGs
[2026-06-23T02:49:32.982+0000] {logging_mixin.py:188} INFO - [2026-06-23T02:49:32.981+0000] {dag.py:3954} INFO - Setting next_dagrun for example_skip_dag to 2026-06-22 00:00:00+00:00, run_after=2026-06-23 00:00:00+00:00
[2026-06-23T02:49:33.019+0000] {processor.py:183} INFO - Processing /home/airflow/.local/lib/python3.12/site-packages/airflow/example_dags/example_skip_dag.py took 0.129 seconds
[2026-06-23T02:50:04.242+0000] {processor.py:161} INFO - Started process (PID=455) to work on /home/airflow/.local/lib/python3.12/site-packages/airflow/example_dags/example_skip_dag.py
[2026-06-23T02:50:04.244+0000] {processor.py:830} INFO - Processing file /home/airflow/.local/lib/python3.12/site-packages/airflow/example_dags/example_skip_dag.py for tasks to queue
[2026-06-23T02:50:04.247+0000] {logging_mixin.py:188} INFO - [2026-06-23T02:50:04.247+0000] {dagbag.py:545} INFO - Filling up the DagBag from /home/airflow/.local/lib/python3.12/site-packages/airflow/example_dags/example_skip_dag.py
[2026-06-23T02:50:04.258+0000] {processor.py:840} INFO - DAG(s) 'example_skip_dag' retrieved from /home/airflow/.local/lib/python3.12/site-packages/airflow/example_dags/example_skip_dag.py
[2026-06-23T02:50:04.300+0000] {logging_mixin.py:188} INFO - [2026-06-23T02:50:04.300+0000] {dag.py:3096} INFO - Sync 1 DAGs
[2026-06-23T02:50:04.343+0000] {logging_mixin.py:188} INFO - [2026-06-23T02:50:04.343+0000] {dag.py:3954} INFO - Setting next_dagrun for example_skip_dag to 2026-06-22 00:00:00+00:00, run_after=2026-06-23 00:00:00+00:00
[2026-06-23T02:50:04.381+0000] {processor.py:183} INFO - Processing /home/airflow/.local/lib/python3.12/site-packages/airflow/example_dags/example_skip_dag.py took 0.146 seconds
[2026-06-23T02:50:34.891+0000] {processor.py:161} INFO - Started process (PID=514) to work on /home/airflow/.local/lib/python3.12/site-packages/airflow/example_dags/example_skip_dag.py
[2026-06-23T02:50:34.893+0000] {processor.py:830} INFO - Processing file /home/airflow/.local/lib/python3.12/site-packages/airflow/example_dags/example_skip_dag.py for tasks to queue
[2026-06-23T02:50:34.897+0000] {logging_mixin.py:188} INFO - [2026-06-23T02:50:34.897+0000] {dagbag.py:545} INFO - Filling up the DagBag from /home/airflow/.local/lib/python3.12/site-packages/airflow/example_dags/example_skip_dag.py
[2026-06-23T02:50:34.908+0000] {processor.py:840} INFO - DAG(s) 'example_skip_dag' retrieved from /home/airflow/.local/lib/python3.12/site-packages/airflow/example_dags/example_skip_dag.py
[2026-06-23T02:50:34.951+0000] {logging_mixin.py:188} INFO - [2026-06-23T02:50:34.951+0000] {dag.py:3096} INFO - Sync 1 DAGs
[2026-06-23T02:50:34.991+0000] {logging_mixin.py:188} INFO - [2026-06-23T02:50:34.990+0000] {dag.py:3954} INFO - Setting next_dagrun for example_skip_dag to 2026-06-22 00:00:00+00:00, run_after=2026-06-23 00:00:00+00:00
[2026-06-23T02:50:35.028+0000] {processor.py:183} INFO - Processing /home/airflow/.local/lib/python3.12/site-packages/airflow/example_dags/example_skip_dag.py took 0.147 seconds
[2026-06-23T02:51:05.372+0000] {processor.py:161} INFO - Started process (PID=575) to work on /home/airflow/.local/lib/python3.12/site-packages/airflow/example_dags/example_skip_dag.py
[2026-06-23T02:51:05.374+0000] {processor.py:830} INFO - Processing file /home/airflow/.local/lib/python3.12/site-packages/airflow/example_dags/example_skip_dag.py for tasks to queue
[2026-06-23T02:51:05.376+0000] {logging_mixin.py:188} INFO - [2026-06-23T02:51:05.376+0000] {dagbag.py:545} INFO - Filling up the DagBag from /home/airflow/.local/lib/python3.12/site-packages/airflow/example_dags/example_skip_dag.py
[2026-06-23T02:51:05.387+0000] {processor.py:840} INFO - DAG(s) 'example_skip_dag' retrieved from /home/airflow/.local/lib/python3.12/site-packages/airflow/example_dags/example_skip_dag.py
[2026-06-23T02:51:05.423+0000] {logging_mixin.py:188} INFO - [2026-06-23T02:51:05.423+0000] {dag.py:3096} INFO - Sync 1 DAGs
[2026-06-23T02:51:05.463+0000] {logging_mixin.py:188} INFO - [2026-06-23T02:51:05.463+0000] {dag.py:3954} INFO - Setting next_dagrun for example_skip_dag to 2026-06-22 00:00:00+00:00, run_after=2026-06-23 00:00:00+00:00
[2026-06-23T02:51:05.497+0000] {processor.py:183} INFO - Processing /home/airflow/.local/lib/python3.12/site-packages/airflow/example_dags/example_skip_dag.py took 0.134 seconds
[2026-06-23T02:51:35.605+0000] {processor.py:161} INFO - Started process (PID=635) to work on /home/airflow/.local/lib/python3.12/site-packages/airflow/example_dags/example_skip_dag.py
[2026-06-23T02:51:35.607+0000] {processor.py:830} INFO - Processing file /home/airflow/.local/lib/python3.12/site-packages/airflow/example_dags/example_skip_dag.py for tasks to queue
[2026-06-23T02:51:35.610+0000] {logging_mixin.py:188} INFO - [2026-06-23T02:51:35.610+0000] {dagbag.py:545} INFO - Filling up the DagBag from /home/airflow/.local/lib/python3.12/site-packages/airflow/example_dags/example_skip_dag.py
[2026-06-23T02:51:35.619+0000] {processor.py:840} INFO - DAG(s) 'example_skip_dag' retrieved from /home/airflow/.local/lib/python3.12/site-packages/airflow/example_dags/example_skip_dag.py
[2026-06-23T02:51:35.652+0000] {logging_mixin.py:188} INFO - [2026-06-23T02:51:35.651+0000] {dag.py:3096} INFO - Sync 1 DAGs
[2026-06-23T02:51:35.684+0000] {logging_mixin.py:188} INFO - [2026-06-23T02:51:35.684+0000] {dag.py:3954} INFO - Setting next_dagrun for example_skip_dag to 2026-06-22 00:00:00+00:00, run_after=2026-06-23 00:00:00+00:00
[2026-06-23T02:51:35.716+0000] {processor.py:183} INFO - Processing /home/airflow/.local/lib/python3.12/site-packages/airflow/example_dags/example_skip_dag.py took 0.119 seconds
[2026-06-23T02:52:06.385+0000] {processor.py:161} INFO - Started process (PID=694) to work on /home/airflow/.local/lib/python3.12/site-packages/airflow/example_dags/example_skip_dag.py
[2026-06-23T02:52:06.387+0000] {processor.py:830} INFO - Processing file /home/airflow/.local/lib/python3.12/site-packages/airflow/example_dags/example_skip_dag.py for tasks to queue
[2026-06-23T02:52:06.390+0000] {logging_mixin.py:188} INFO - [2026-06-23T02:52:06.389+0000] {dagbag.py:545} INFO - Filling up the DagBag from /home/airflow/.local/lib/python3.12/site-packages/airflow/example_dags/example_skip_dag.py
[2026-06-23T02:52:06.398+0000] {processor.py:840} INFO - DAG(s) 'example_skip_dag' retrieved from /home/airflow/.local/lib/python3.12/site-packages/airflow/example_dags/example_skip_dag.py
[2026-06-23T02:52:06.428+0000] {logging_mixin.py:188} INFO - [2026-06-23T02:52:06.428+0000] {dag.py:3096} INFO - Sync 1 DAGs
[2026-06-23T02:52:06.455+0000] {logging_mixin.py:188} INFO - [2026-06-23T02:52:06.454+0000] {dag.py:3954} INFO - Setting next_dagrun for example_skip_dag to 2026-06-22 00:00:00+00:00, run_after=2026-06-23 00:00:00+00:00
[2026-06-23T02:52:06.483+0000] {processor.py:183} INFO - Processing /home/airflow/.local/lib/python3.12/site-packages/airflow/example_dags/example_skip_dag.py took 0.105 seconds
[2026-06-23T02:52:36.976+0000] {processor.py:161} INFO - Started process (PID=753) to work on /home/airflow/.local/lib/python3.12/site-packages/airflow/example_dags/example_skip_dag.py
[2026-06-23T02:52:36.978+0000] {processor.py:830} INFO - Processing file /home/airflow/.local/lib/python3.12/site-packages/airflow/example_dags/example_skip_dag.py for tasks to queue
[2026-06-23T02:52:36.981+0000] {logging_mixin.py:188} INFO - [2026-06-23T02:52:36.981+0000] {dagbag.py:545} INFO - Filling up the DagBag from /home/airflow/.local/lib/python3.12/site-packages/airflow/example_dags/example_skip_dag.py
[2026-06-23T02:52:36.989+0000] {processor.py:840} INFO - DAG(s) 'example_skip_dag' retrieved from /home/airflow/.local/lib/python3.12/site-packages/airflow/example_dags/example_skip_dag.py
[2026-06-23T02:52:37.020+0000] {logging_mixin.py:188} INFO - [2026-06-23T02:52:37.020+0000] {dag.py:3096} INFO - Sync 1 DAGs
[2026-06-23T02:52:37.049+0000] {logging_mixin.py:188} INFO - [2026-06-23T02:52:37.049+0000] {dag.py:3954} INFO - Setting next_dagrun for example_skip_dag to 2026-06-22 00:00:00+00:00, run_after=2026-06-23 00:00:00+00:00
[2026-06-23T02:52:37.081+0000] {processor.py:183} INFO - Processing /home/airflow/.local/lib/python3.12/site-packages/airflow/example_dags/example_skip_dag.py took 0.111 seconds
[2026-06-23T02:53:07.399+0000] {processor.py:161} INFO - Started process (PID=812) to work on /home/airflow/.local/lib/python3.12/site-packages/airflow/example_dags/example_skip_dag.py
[2026-06-23T02:53:07.401+0000] {processor.py:830} INFO - Processing file /home/airflow/.local/lib/python3.12/site-packages/airflow/example_dags/example_skip_dag.py for tasks to queue
[2026-06-23T02:53:07.405+0000] {logging_mixin.py:188} INFO - [2026-06-23T02:53:07.404+0000] {dagbag.py:545} INFO - Filling up the DagBag from /home/airflow/.local/lib/python3.12/site-packages/airflow/example_dags/example_skip_dag.py
[2026-06-23T02:53:07.413+0000] {processor.py:840} INFO - DAG(s) 'example_skip_dag' retrieved from /home/airflow/.local/lib/python3.12/site-packages/airflow/example_dags/example_skip_dag.py
[2026-06-23T02:53:07.444+0000] {logging_mixin.py:188} INFO - [2026-06-23T02:53:07.444+0000] {dag.py:3096} INFO - Sync 1 DAGs
[2026-06-23T02:53:07.473+0000] {logging_mixin.py:188} INFO - [2026-06-23T02:53:07.473+0000] {dag.py:3954} INFO - Setting next_dagrun for example_skip_dag to 2026-06-22 00:00:00+00:00, run_after=2026-06-23 00:00:00+00:00
[2026-06-23T02:53:07.503+0000] {processor.py:183} INFO - Processing /home/airflow/.local/lib/python3.12/site-packages/airflow/example_dags/example_skip_dag.py took 0.111 seconds
[2026-06-23T02:53:37.940+0000] {processor.py:161} INFO - Started process (PID=871) to work on /home/airflow/.local/lib/python3.12/site-packages/airflow/example_dags/example_skip_dag.py
[2026-06-23T02:53:37.942+0000] {processor.py:830} INFO - Processing file /home/airflow/.local/lib/python3.12/site-packages/airflow/example_dags/example_skip_dag.py for tasks to queue
[2026-06-23T02:53:37.945+0000] {logging_mixin.py:188} INFO - [2026-06-23T02:53:37.945+0000] {dagbag.py:545} INFO - Filling up the DagBag from /home/airflow/.local/lib/python3.12/site-packages/airflow/example_dags/example_skip_dag.py
[2026-06-23T02:53:37.953+0000] {processor.py:840} INFO - DAG(s) 'example_skip_dag' retrieved from /home/airflow/.local/lib/python3.12/site-packages/airflow/example_dags/example_skip_dag.py
[2026-06-23T02:53:37.982+0000] {logging_mixin.py:188} INFO - [2026-06-23T02:53:37.982+0000] {dag.py:3096} INFO - Sync 1 DAGs
[2026-06-23T02:53:38.009+0000] {logging_mixin.py:188} INFO - [2026-06-23T02:53:38.008+0000] {dag.py:3954} INFO - Setting next_dagrun for example_skip_dag to 2026-06-22 00:00:00+00:00, run_after=2026-06-23 00:00:00+00:00
[2026-06-23T02:53:38.039+0000] {processor.py:183} INFO - Processing /home/airflow/.local/lib/python3.12/site-packages/airflow/example_dags/example_skip_dag.py took 0.105 seconds
[2026-06-23T02:54:08.117+0000] {processor.py:161} INFO - Started process (PID=930) to work on /home/airflow/.local/lib/python3.12/site-packages/airflow/example_dags/example_skip_dag.py
[2026-06-23T02:54:08.119+0000] {processor.py:830} INFO - Processing file /home/airflow/.local/lib/python3.12/site-packages/airflow/example_dags/example_skip_dag.py for tasks to queue
[2026-06-23T02:54:08.122+0000] {logging_mixin.py:188} INFO - [2026-06-23T02:54:08.121+0000] {dagbag.py:545} INFO - Filling up the DagBag from /home/airflow/.local/lib/python3.12/site-packages/airflow/example_dags/example_skip_dag.py
[2026-06-23T02:54:08.129+0000] {processor.py:840} INFO - DAG(s) 'example_skip_dag' retrieved from /home/airflow/.local/lib/python3.12/site-packages/airflow/example_dags/example_skip_dag.py
[2026-06-23T02:54:08.158+0000] {logging_mixin.py:188} INFO - [2026-06-23T02:54:08.158+0000] {dag.py:3096} INFO - Sync 1 DAGs
[2026-06-23T02:54:08.186+0000] {logging_mixin.py:188} INFO - [2026-06-23T02:54:08.185+0000] {dag.py:3954} INFO - Setting next_dagrun for example_skip_dag to 2026-06-22 00:00:00+00:00, run_after=2026-06-23 00:00:00+00:00
[2026-06-23T02:54:08.213+0000] {processor.py:183} INFO - Processing /home/airflow/.local/lib/python3.12/site-packages/airflow/example_dags/example_skip_dag.py took 0.104 seconds
[2026-06-23T02:54:38.617+0000] {processor.py:161} INFO - Started process (PID=990) to work on /home/airflow/.local/lib/python3.12/site-packages/airflow/example_dags/example_skip_dag.py
[2026-06-23T02:54:38.619+0000] {processor.py:830} INFO - Processing file /home/airflow/.local/lib/python3.12/site-packages/airflow/example_dags/example_skip_dag.py for tasks to queue
[2026-06-23T02:54:38.622+0000] {logging_mixin.py:188} INFO - [2026-06-23T02:54:38.621+0000] {dagbag.py:545} INFO - Filling up the DagBag from /home/airflow/.local/lib/python3.12/site-packages/airflow/example_dags/example_skip_dag.py
[2026-06-23T02:54:38.630+0000] {processor.py:840} INFO - DAG(s) 'example_skip_dag' retrieved from /home/airflow/.local/lib/python3.12/site-packages/airflow/example_dags/example_skip_dag.py
[2026-06-23T02:54:38.658+0000] {logging_mixin.py:188} INFO - [2026-06-23T02:54:38.657+0000] {dag.py:3096} INFO - Sync 1 DAGs
[2026-06-23T02:54:38.685+0000] {logging_mixin.py:188} INFO - [2026-06-23T02:54:38.685+0000] {dag.py:3954} INFO - Setting next_dagrun for example_skip_dag to 2026-06-22 00:00:00+00:00, run_after=2026-06-23 00:00:00+00:00
[2026-06-23T02:54:38.714+0000] {processor.py:183} INFO - Processing /home/airflow/.local/lib/python3.12/site-packages/airflow/example_dags/example_skip_dag.py took 0.103 seconds
[2026-06-23T02:55:09.561+0000] {processor.py:161} INFO - Started process (PID=1049) to work on /home/airflow/.local/lib/python3.12/site-packages/airflow/example_dags/example_skip_dag.py
[2026-06-23T02:55:09.563+0000] {processor.py:830} INFO - Processing file /home/airflow/.local/lib/python3.12/site-packages/airflow/example_dags/example_skip_dag.py for tasks to queue
[2026-06-23T02:55:09.565+0000] {logging_mixin.py:188} INFO - [2026-06-23T02:55:09.565+0000] {dagbag.py:545} INFO - Filling up the DagBag from /home/airflow/.local/lib/python3.12/site-packages/airflow/example_dags/example_skip_dag.py
[2026-06-23T02:55:09.573+0000] {processor.py:840} INFO - DAG(s) 'example_skip_dag' retrieved from /home/airflow/.local/lib/python3.12/site-packages/airflow/example_dags/example_skip_dag.py
[2026-06-23T02:55:09.600+0000] {logging_mixin.py:188} INFO - [2026-06-23T02:55:09.600+0000] {dag.py:3096} INFO - Sync 1 DAGs
[2026-06-23T02:55:09.626+0000] {logging_mixin.py:188} INFO - [2026-06-23T02:55:09.625+0000] {dag.py:3954} INFO - Setting next_dagrun for example_skip_dag to 2026-06-22 00:00:00+00:00, run_after=2026-06-23 00:00:00+00:00
[2026-06-23T02:55:09.653+0000] {processor.py:183} INFO - Processing /home/airflow/.local/lib/python3.12/site-packages/airflow/example_dags/example_skip_dag.py took 0.098 seconds
[2026-06-23T02:55:40.274+0000] {processor.py:161} INFO - Started process (PID=1109) to work on /home/airflow/.local/lib/python3.12/site-packages/airflow/example_dags/example_skip_dag.py
[2026-06-23T02:55:40.276+0000] {processor.py:830} INFO - Processing file /home/airflow/.local/lib/python3.12/site-packages/airflow/example_dags/example_skip_dag.py for tasks to queue
[2026-06-23T02:55:40.279+0000] {logging_mixin.py:188} INFO - [2026-06-23T02:55:40.278+0000] {dagbag.py:545} INFO - Filling up the DagBag from /home/airflow/.local/lib/python3.12/site-packages/airflow/example_dags/example_skip_dag.py
[2026-06-23T02:55:40.289+0000] {processor.py:840} INFO - DAG(s) 'example_skip_dag' retrieved from /home/airflow/.local/lib/python3.12/site-packages/airflow/example_dags/example_skip_dag.py
[2026-06-23T02:55:40.323+0000] {logging_mixin.py:188} INFO - [2026-06-23T02:55:40.323+0000] {dag.py:3096} INFO - Sync 1 DAGs
[2026-06-23T02:55:40.356+0000] {logging_mixin.py:188} INFO - [2026-06-23T02:55:40.355+0000] {dag.py:3954} INFO - Setting next_dagrun for example_skip_dag to 2026-06-22 00:00:00+00:00, run_after=2026-06-23 00:00:00+00:00
[2026-06-23T02:55:40.387+0000] {processor.py:183} INFO - Processing /home/airflow/.local/lib/python3.12/site-packages/airflow/example_dags/example_skip_dag.py took 0.121 seconds
[2026-06-23T02:56:11.020+0000] {processor.py:161} INFO - Started process (PID=1168) to work on /home/airflow/.local/lib/python3.12/site-packages/airflow/example_dags/example_skip_dag.py
[2026-06-23T02:56:11.023+0000] {processor.py:830} INFO - Processing file /home/airflow/.local/lib/python3.12/site-packages/airflow/example_dags/example_skip_dag.py for tasks to queue
[2026-06-23T02:56:11.029+0000] {logging_mixin.py:188} INFO - [2026-06-23T02:56:11.028+0000] {dagbag.py:545} INFO - Filling up the DagBag from /home/airflow/.local/lib/python3.12/site-packages/airflow/example_dags/example_skip_dag.py
[2026-06-23T02:56:11.044+0000] {processor.py:840} INFO - DAG(s) 'example_skip_dag' retrieved from /home/airflow/.local/lib/python3.12/site-packages/airflow/example_dags/example_skip_dag.py
[2026-06-23T02:56:11.106+0000] {logging_mixin.py:188} INFO - [2026-06-23T02:56:11.106+0000] {dag.py:3096} INFO - Sync 1 DAGs
[2026-06-23T02:56:11.183+0000] {logging_mixin.py:188} INFO - [2026-06-23T02:56:11.182+0000] {dag.py:3954} INFO - Setting next_dagrun for example_skip_dag to 2026-06-22 00:00:00+00:00, run_after=2026-06-23 00:00:00+00:00
[2026-06-23T02:56:11.247+0000] {processor.py:183} INFO - Processing /home/airflow/.local/lib/python3.12/site-packages/airflow/example_dags/example_skip_dag.py took 0.241 seconds
[2026-06-23T02:56:41.463+0000] {processor.py:161} INFO - Started process (PID=1228) to work on /home/airflow/.local/lib/python3.12/site-packages/airflow/example_dags/example_skip_dag.py
[2026-06-23T02:56:41.465+0000] {processor.py:830} INFO - Processing file /home/airflow/.local/lib/python3.12/site-packages/airflow/example_dags/example_skip_dag.py for tasks to queue
[2026-06-23T02:56:41.468+0000] {logging_mixin.py:188} INFO - [2026-06-23T02:56:41.468+0000] {dagbag.py:545} INFO - Filling up the DagBag from /home/airflow/.local/lib/python3.12/site-packages/airflow/example_dags/example_skip_dag.py
[2026-06-23T02:56:41.479+0000] {processor.py:840} INFO - DAG(s) 'example_skip_dag' retrieved from /home/airflow/.local/lib/python3.12/site-packages/airflow/example_dags/example_skip_dag.py
[2026-06-23T02:56:41.517+0000] {logging_mixin.py:188} INFO - [2026-06-23T02:56:41.517+0000] {dag.py:3096} INFO - Sync 1 DAGs
[2026-06-23T02:56:41.549+0000] {logging_mixin.py:188} INFO - [2026-06-23T02:56:41.548+0000] {dag.py:3954} INFO - Setting next_dagrun for example_skip_dag to 2026-06-22 00:00:00+00:00, run_after=2026-06-23 00:00:00+00:00
[2026-06-23T02:56:41.584+0000] {processor.py:183} INFO - Processing /home/airflow/.local/lib/python3.12/site-packages/airflow/example_dags/example_skip_dag.py took 0.132 seconds
[2026-06-23T02:57:11.805+0000] {processor.py:161} INFO - Started process (PID=1286) to work on /home/airflow/.local/lib/python3.12/site-packages/airflow/example_dags/example_skip_dag.py
[2026-06-23T02:57:11.807+0000] {processor.py:830} INFO - Processing file /home/airflow/.local/lib/python3.12/site-packages/airflow/example_dags/example_skip_dag.py for tasks to queue
[2026-06-23T02:57:11.811+0000] {logging_mixin.py:188} INFO - [2026-06-23T02:57:11.810+0000] {dagbag.py:545} INFO - Filling up the DagBag from /home/airflow/.local/lib/python3.12/site-packages/airflow/example_dags/example_skip_dag.py
[2026-06-23T02:57:11.820+0000] {processor.py:840} INFO - DAG(s) 'example_skip_dag' retrieved from /home/airflow/.local/lib/python3.12/site-packages/airflow/example_dags/example_skip_dag.py
[2026-06-23T02:57:11.851+0000] {logging_mixin.py:188} INFO - [2026-06-23T02:57:11.850+0000] {dag.py:3096} INFO - Sync 1 DAGs
[2026-06-23T02:57:11.879+0000] {logging_mixin.py:188} INFO - [2026-06-23T02:57:11.878+0000] {dag.py:3954} INFO - Setting next_dagrun for example_skip_dag to 2026-06-22 00:00:00+00:00, run_after=2026-06-23 00:00:00+00:00
[2026-06-23T02:57:11.908+0000] {processor.py:183} INFO - Processing /home/airflow/.local/lib/python3.12/site-packages/airflow/example_dags/example_skip_dag.py took 0.112 seconds
[2026-06-23T02:57:42.103+0000] {processor.py:161} INFO - Started process (PID=1345) to work on /home/airflow/.local/lib/python3.12/site-packages/airflow/example_dags/example_skip_dag.py
[2026-06-23T02:57:42.105+0000] {processor.py:830} INFO - Processing file /home/airflow/.local/lib/python3.12/site-packages/airflow/example_dags/example_skip_dag.py for tasks to queue
[2026-06-23T02:57:42.108+0000] {logging_mixin.py:188} INFO - [2026-06-23T02:57:42.107+0000] {dagbag.py:545} INFO - Filling up the DagBag from /home/airflow/.local/lib/python3.12/site-packages/airflow/example_dags/example_skip_dag.py
[2026-06-23T02:57:42.117+0000] {processor.py:840} INFO - DAG(s) 'example_skip_dag' retrieved from /home/airflow/.local/lib/python3.12/site-packages/airflow/example_dags/example_skip_dag.py
[2026-06-23T02:57:42.150+0000] {logging_mixin.py:188} INFO - [2026-06-23T02:57:42.150+0000] {dag.py:3096} INFO - Sync 1 DAGs
[2026-06-23T02:57:42.181+0000] {logging_mixin.py:188} INFO - [2026-06-23T02:57:42.181+0000] {dag.py:3954} INFO - Setting next_dagrun for example_skip_dag to 2026-06-22 00:00:00+00:00, run_after=2026-06-23 00:00:00+00:00
[2026-06-23T02:57:42.217+0000] {processor.py:183} INFO - Processing /home/airflow/.local/lib/python3.12/site-packages/airflow/example_dags/example_skip_dag.py took 0.122 seconds
[2026-06-23T02:58:53.923+0000] {processor.py:161} INFO - Started process (PID=1404) to work on /home/airflow/.local/lib/python3.12/site-packages/airflow/example_dags/example_skip_dag.py
[2026-06-23T02:58:53.925+0000] {processor.py:830} INFO - Processing file /home/airflow/.local/lib/python3.12/site-packages/airflow/example_dags/example_skip_dag.py for tasks to queue
[2026-06-23T02:58:53.928+0000] {logging_mixin.py:188} INFO - [2026-06-23T02:58:53.928+0000] {dagbag.py:545} INFO - Filling up the DagBag from /home/airflow/.local/lib/python3.12/site-packages/airflow/example_dags/example_skip_dag.py
[2026-06-23T02:58:53.936+0000] {processor.py:840} INFO - DAG(s) 'example_skip_dag' retrieved from /home/airflow/.local/lib/python3.12/site-packages/airflow/example_dags/example_skip_dag.py
[2026-06-23T02:58:53.966+0000] {logging_mixin.py:188} INFO - [2026-06-23T02:58:53.965+0000] {dag.py:3096} INFO - Sync 1 DAGs
[2026-06-23T02:58:53.994+0000] {logging_mixin.py:188} INFO - [2026-06-23T02:58:53.994+0000] {dag.py:3954} INFO - Setting next_dagrun for example_skip_dag to 2026-06-22 00:00:00+00:00, run_after=2026-06-23 00:00:00+00:00
[2026-06-23T02:58:54.022+0000] {processor.py:183} INFO - Processing /home/airflow/.local/lib/python3.12/site-packages/airflow/example_dags/example_skip_dag.py took 0.107 seconds
[2026-06-23T02:59:24.719+0000] {processor.py:161} INFO - Started process (PID=1463) to work on /home/airflow/.local/lib/python3.12/site-packages/airflow/example_dags/example_skip_dag.py
[2026-06-23T02:59:24.721+0000] {processor.py:830} INFO - Processing file /home/airflow/.local/lib/python3.12/site-packages/airflow/example_dags/example_skip_dag.py for tasks to queue
[2026-06-23T02:59:24.724+0000] {logging_mixin.py:188} INFO - [2026-06-23T02:59:24.723+0000] {dagbag.py:545} INFO - Filling up the DagBag from /home/airflow/.local/lib/python3.12/site-packages/airflow/example_dags/example_skip_dag.py
[2026-06-23T02:59:24.732+0000] {processor.py:840} INFO - DAG(s) 'example_skip_dag' retrieved from /home/airflow/.local/lib/python3.12/site-packages/airflow/example_dags/example_skip_dag.py
[2026-06-23T02:59:24.761+0000] {logging_mixin.py:188} INFO - [2026-06-23T02:59:24.760+0000] {dag.py:3096} INFO - Sync 1 DAGs
[2026-06-23T02:59:24.787+0000] {logging_mixin.py:188} INFO - [2026-06-23T02:59:24.787+0000] {dag.py:3954} INFO - Setting next_dagrun for example_skip_dag to 2026-06-22 00:00:00+00:00, run_after=2026-06-23 00:00:00+00:00
[2026-06-23T02:59:24.816+0000] {processor.py:183} INFO - Processing /home/airflow/.local/lib/python3.12/site-packages/airflow/example_dags/example_skip_dag.py took 0.105 seconds
[2026-06-23T02:59:56.816+0000] {processor.py:161} INFO - Started process (PID=1522) to work on /home/airflow/.local/lib/python3.12/site-packages/airflow/example_dags/example_skip_dag.py
[2026-06-23T02:59:56.817+0000] {processor.py:830} INFO - Processing file /home/airflow/.local/lib/python3.12/site-packages/airflow/example_dags/example_skip_dag.py for tasks to queue
[2026-06-23T02:59:56.820+0000] {logging_mixin.py:188} INFO - [2026-06-23T02:59:56.820+0000] {dagbag.py:545} INFO - Filling up the DagBag from /home/airflow/.local/lib/python3.12/site-packages/airflow/example_dags/example_skip_dag.py
[2026-06-23T02:59:56.829+0000] {processor.py:840} INFO - DAG(s) 'example_skip_dag' retrieved from /home/airflow/.local/lib/python3.12/site-packages/airflow/example_dags/example_skip_dag.py
[2026-06-23T02:59:56.859+0000] {logging_mixin.py:188} INFO - [2026-06-23T02:59:56.859+0000] {dag.py:3096} INFO - Sync 1 DAGs
[2026-06-23T02:59:56.887+0000] {logging_mixin.py:188} INFO - [2026-06-23T02:59:56.887+0000] {dag.py:3954} INFO - Setting next_dagrun for example_skip_dag to 2026-06-22 00:00:00+00:00, run_after=2026-06-23 00:00:00+00:00
[2026-06-23T02:59:56.916+0000] {processor.py:183} INFO - Processing /home/airflow/.local/lib/python3.12/site-packages/airflow/example_dags/example_skip_dag.py took 0.108 seconds
[2026-06-23T03:00:27.500+0000] {processor.py:161} INFO - Started process (PID=1581) to work on /home/airflow/.local/lib/python3.12/site-packages/airflow/example_dags/example_skip_dag.py
[2026-06-23T03:00:27.502+0000] {processor.py:830} INFO - Processing file /home/airflow/.local/lib/python3.12/site-packages/airflow/example_dags/example_skip_dag.py for tasks to queue
[2026-06-23T03:00:27.505+0000] {logging_mixin.py:188} INFO - [2026-06-23T03:00:27.505+0000] {dagbag.py:545} INFO - Filling up the DagBag from /home/airflow/.local/lib/python3.12/site-packages/airflow/example_dags/example_skip_dag.py
[2026-06-23T03:00:27.514+0000] {processor.py:840} INFO - DAG(s) 'example_skip_dag' retrieved from /home/airflow/.local/lib/python3.12/site-packages/airflow/example_dags/example_skip_dag.py
[2026-06-23T03:00:27.543+0000] {logging_mixin.py:188} INFO - [2026-06-23T03:00:27.543+0000] {dag.py:3096} INFO - Sync 1 DAGs
[2026-06-23T03:00:27.573+0000] {logging_mixin.py:188} INFO - [2026-06-23T03:00:27.573+0000] {dag.py:3954} INFO - Setting next_dagrun for example_skip_dag to 2026-06-22 00:00:00+00:00, run_after=2026-06-23 00:00:00+00:00
[2026-06-23T03:00:27.608+0000] {processor.py:183} INFO - Processing /home/airflow/.local/lib/python3.12/site-packages/airflow/example_dags/example_skip_dag.py took 0.114 seconds
[2026-06-23T03:00:58.109+0000] {processor.py:161} INFO - Started process (PID=1640) to work on /home/airflow/.local/lib/python3.12/site-packages/airflow/example_dags/example_skip_dag.py
[2026-06-23T03:00:58.110+0000] {processor.py:830} INFO - Processing file /home/airflow/.local/lib/python3.12/site-packages/airflow/example_dags/example_skip_dag.py for tasks to queue
[2026-06-23T03:00:58.113+0000] {logging_mixin.py:188} INFO - [2026-06-23T03:00:58.113+0000] {dagbag.py:545} INFO - Filling up the DagBag from /home/airflow/.local/lib/python3.12/site-packages/airflow/example_dags/example_skip_dag.py
[2026-06-23T03:00:58.122+0000] {processor.py:840} INFO - DAG(s) 'example_skip_dag' retrieved from /home/airflow/.local/lib/python3.12/site-packages/airflow/example_dags/example_skip_dag.py
[2026-06-23T03:00:58.152+0000] {logging_mixin.py:188} INFO - [2026-06-23T03:00:58.152+0000] {dag.py:3096} INFO - Sync 1 DAGs
[2026-06-23T03:00:58.183+0000] {logging_mixin.py:188} INFO - [2026-06-23T03:00:58.183+0000] {dag.py:3954} INFO - Setting next_dagrun for example_skip_dag to 2026-06-22 00:00:00+00:00, run_after=2026-06-23 00:00:00+00:00
[2026-06-23T03:00:58.214+0000] {processor.py:183} INFO - Processing /home/airflow/.local/lib/python3.12/site-packages/airflow/example_dags/example_skip_dag.py took 0.112 seconds
[2026-06-23T03:01:29.110+0000] {processor.py:161} INFO - Started process (PID=1699) to work on /home/airflow/.local/lib/python3.12/site-packages/airflow/example_dags/example_skip_dag.py
[2026-06-23T03:01:29.112+0000] {processor.py:830} INFO - Processing file /home/airflow/.local/lib/python3.12/site-packages/airflow/example_dags/example_skip_dag.py for tasks to queue
[2026-06-23T03:01:29.115+0000] {logging_mixin.py:188} INFO - [2026-06-23T03:01:29.114+0000] {dagbag.py:545} INFO - Filling up the DagBag from /home/airflow/.local/lib/python3.12/site-packages/airflow/example_dags/example_skip_dag.py
[2026-06-23T03:01:29.126+0000] {processor.py:840} INFO - DAG(s) 'example_skip_dag' retrieved from /home/airflow/.local/lib/python3.12/site-packages/airflow/example_dags/example_skip_dag.py
[2026-06-23T03:01:29.161+0000] {logging_mixin.py:188} INFO - [2026-06-23T03:01:29.161+0000] {dag.py:3096} INFO - Sync 1 DAGs
[2026-06-23T03:01:29.194+0000] {logging_mixin.py:188} INFO - [2026-06-23T03:01:29.193+0000] {dag.py:3954} INFO - Setting next_dagrun for example_skip_dag to 2026-06-22 00:00:00+00:00, run_after=2026-06-23 00:00:00+00:00
[2026-06-23T03:01:29.230+0000] {processor.py:183} INFO - Processing /home/airflow/.local/lib/python3.12/site-packages/airflow/example_dags/example_skip_dag.py took 0.128 seconds
[2026-06-23T03:01:59.522+0000] {processor.py:161} INFO - Started process (PID=1758) to work on /home/airflow/.local/lib/python3.12/site-packages/airflow/example_dags/example_skip_dag.py
[2026-06-23T03:01:59.524+0000] {processor.py:830} INFO - Processing file /home/airflow/.local/lib/python3.12/site-packages/airflow/example_dags/example_skip_dag.py for tasks to queue
[2026-06-23T03:01:59.528+0000] {logging_mixin.py:188} INFO - [2026-06-23T03:01:59.527+0000] {dagbag.py:545} INFO - Filling up the DagBag from /home/airflow/.local/lib/python3.12/site-packages/airflow/example_dags/example_skip_dag.py
[2026-06-23T03:01:59.536+0000] {processor.py:840} INFO - DAG(s) 'example_skip_dag' retrieved from /home/airflow/.local/lib/python3.12/site-packages/airflow/example_dags/example_skip_dag.py
[2026-06-23T03:01:59.564+0000] {logging_mixin.py:188} INFO - [2026-06-23T03:01:59.564+0000] {dag.py:3096} INFO - Sync 1 DAGs
[2026-06-23T03:01:59.591+0000] {logging_mixin.py:188} INFO - [2026-06-23T03:01:59.591+0000] {dag.py:3954} INFO - Setting next_dagrun for example_skip_dag to 2026-06-22 00:00:00+00:00, run_after=2026-06-23 00:00:00+00:00
[2026-06-23T03:01:59.618+0000] {processor.py:183} INFO - Processing /home/airflow/.local/lib/python3.12/site-packages/airflow/example_dags/example_skip_dag.py took 0.103 seconds
[2026-06-23T03:02:29.898+0000] {processor.py:161} INFO - Started process (PID=1817) to work on /home/airflow/.local/lib/python3.12/site-packages/airflow/example_dags/example_skip_dag.py
[2026-06-23T03:02:29.899+0000] {processor.py:830} INFO - Processing file /home/airflow/.local/lib/python3.12/site-packages/airflow/example_dags/example_skip_dag.py for tasks to queue
[2026-06-23T03:02:29.903+0000] {logging_mixin.py:188} INFO - [2026-06-23T03:02:29.902+0000] {dagbag.py:545} INFO - Filling up the DagBag from /home/airflow/.local/lib/python3.12/site-packages/airflow/example_dags/example_skip_dag.py
[2026-06-23T03:02:29.911+0000] {processor.py:840} INFO - DAG(s) 'example_skip_dag' retrieved from /home/airflow/.local/lib/python3.12/site-packages/airflow/example_dags/example_skip_dag.py
[2026-06-23T03:02:29.943+0000] {logging_mixin.py:188} INFO - [2026-06-23T03:02:29.943+0000] {dag.py:3096} INFO - Sync 1 DAGs
[2026-06-23T03:02:29.974+0000] {logging_mixin.py:188} INFO - [2026-06-23T03:02:29.973+0000] {dag.py:3954} INFO - Setting next_dagrun for example_skip_dag to 2026-06-22 00:00:00+00:00, run_after=2026-06-23 00:00:00+00:00
[2026-06-23T03:02:30.004+0000] {processor.py:183} INFO - Processing /home/airflow/.local/lib/python3.12/site-packages/airflow/example_dags/example_skip_dag.py took 0.114 seconds
[2026-06-23T03:03:00.523+0000] {processor.py:161} INFO - Started process (PID=1876) to work on /home/airflow/.local/lib/python3.12/site-packages/airflow/example_dags/example_skip_dag.py
[2026-06-23T03:03:00.525+0000] {processor.py:830} INFO - Processing file /home/airflow/.local/lib/python3.12/site-packages/airflow/example_dags/example_skip_dag.py for tasks to queue
[2026-06-23T03:03:00.529+0000] {logging_mixin.py:188} INFO - [2026-06-23T03:03:00.528+0000] {dagbag.py:545} INFO - Filling up the DagBag from /home/airflow/.local/lib/python3.12/site-packages/airflow/example_dags/example_skip_dag.py
[2026-06-23T03:03:00.540+0000] {processor.py:840} INFO - DAG(s) 'example_skip_dag' retrieved from /home/airflow/.local/lib/python3.12/site-packages/airflow/example_dags/example_skip_dag.py
[2026-06-23T03:03:00.574+0000] {logging_mixin.py:188} INFO - [2026-06-23T03:03:00.574+0000] {dag.py:3096} INFO - Sync 1 DAGs
[2026-06-23T03:03:00.604+0000] {logging_mixin.py:188} INFO - [2026-06-23T03:03:00.604+0000] {dag.py:3954} INFO - Setting next_dagrun for example_skip_dag to 2026-06-22 00:00:00+00:00, run_after=2026-06-23 00:00:00+00:00
[2026-06-23T03:03:00.634+0000] {processor.py:183} INFO - Processing /home/airflow/.local/lib/python3.12/site-packages/airflow/example_dags/example_skip_dag.py took 0.119 seconds
[2026-06-23T03:03:30.957+0000] {processor.py:161} INFO - Started process (PID=1935) to work on /home/airflow/.local/lib/python3.12/site-packages/airflow/example_dags/example_skip_dag.py
[2026-06-23T03:03:30.959+0000] {processor.py:830} INFO - Processing file /home/airflow/.local/lib/python3.12/site-packages/airflow/example_dags/example_skip_dag.py for tasks to queue
[2026-06-23T03:03:30.962+0000] {logging_mixin.py:188} INFO - [2026-06-23T03:03:30.961+0000] {dagbag.py:545} INFO - Filling up the DagBag from /home/airflow/.local/lib/python3.12/site-packages/airflow/example_dags/example_skip_dag.py
[2026-06-23T03:03:30.970+0000] {processor.py:840} INFO - DAG(s) 'example_skip_dag' retrieved from /home/airflow/.local/lib/python3.12/site-packages/airflow/example_dags/example_skip_dag.py
[2026-06-23T03:03:30.998+0000] {logging_mixin.py:188} INFO - [2026-06-23T03:03:30.998+0000] {dag.py:3096} INFO - Sync 1 DAGs
[2026-06-23T03:03:31.026+0000] {logging_mixin.py:188} INFO - [2026-06-23T03:03:31.026+0000] {dag.py:3954} INFO - Setting next_dagrun for example_skip_dag to 2026-06-22 00:00:00+00:00, run_after=2026-06-23 00:00:00+00:00
[2026-06-23T03:03:31.057+0000] {processor.py:183} INFO - Processing /home/airflow/.local/lib/python3.12/site-packages/airflow/example_dags/example_skip_dag.py took 0.107 seconds
[2026-06-23T03:04:43.625+0000] {processor.py:161} INFO - Started process (PID=316) to work on /home/airflow/.local/lib/python3.12/site-packages/airflow/example_dags/example_skip_dag.py
[2026-06-23T03:04:43.627+0000] {processor.py:830} INFO - Processing file /home/airflow/.local/lib/python3.12/site-packages/airflow/example_dags/example_skip_dag.py for tasks to queue
[2026-06-23T03:04:43.630+0000] {logging_mixin.py:188} INFO - [2026-06-23T03:04:43.629+0000] {dagbag.py:545} INFO - Filling up the DagBag from /home/airflow/.local/lib/python3.12/site-packages/airflow/example_dags/example_skip_dag.py
[2026-06-23T03:04:43.642+0000] {processor.py:840} INFO - DAG(s) 'example_skip_dag' retrieved from /home/airflow/.local/lib/python3.12/site-packages/airflow/example_dags/example_skip_dag.py
[2026-06-23T03:04:43.661+0000] {logging_mixin.py:188} INFO - [2026-06-23T03:04:43.660+0000] {dag.py:3096} INFO - Sync 1 DAGs
[2026-06-23T03:04:43.692+0000] {logging_mixin.py:188} INFO - [2026-06-23T03:04:43.692+0000] {dag.py:3954} INFO - Setting next_dagrun for example_skip_dag to 2026-06-22 00:00:00+00:00, run_after=2026-06-23 00:00:00+00:00
[2026-06-23T03:04:43.723+0000] {processor.py:183} INFO - Processing /home/airflow/.local/lib/python3.12/site-packages/airflow/example_dags/example_skip_dag.py took 0.105 seconds
[2026-06-23T03:05:16.327+0000] {processor.py:161} INFO - Started process (PID=583) to work on /home/airflow/.local/lib/python3.12/site-packages/airflow/example_dags/example_skip_dag.py
[2026-06-23T03:05:16.329+0000] {processor.py:830} INFO - Processing file /home/airflow/.local/lib/python3.12/site-packages/airflow/example_dags/example_skip_dag.py for tasks to queue
[2026-06-23T03:05:16.332+0000] {logging_mixin.py:188} INFO - [2026-06-23T03:05:16.331+0000] {dagbag.py:545} INFO - Filling up the DagBag from /home/airflow/.local/lib/python3.12/site-packages/airflow/example_dags/example_skip_dag.py
[2026-06-23T03:05:16.340+0000] {processor.py:840} INFO - DAG(s) 'example_skip_dag' retrieved from /home/airflow/.local/lib/python3.12/site-packages/airflow/example_dags/example_skip_dag.py
[2026-06-23T03:05:16.483+0000] {logging_mixin.py:188} INFO - [2026-06-23T03:05:16.482+0000] {dag.py:3096} INFO - Sync 1 DAGs
[2026-06-23T03:05:16.507+0000] {logging_mixin.py:188} INFO - [2026-06-23T03:05:16.507+0000] {dag.py:3954} INFO - Setting next_dagrun for example_skip_dag to 2026-06-22 00:00:00+00:00, run_after=2026-06-23 00:00:00+00:00
[2026-06-23T03:05:16.541+0000] {processor.py:183} INFO - Processing /home/airflow/.local/lib/python3.12/site-packages/airflow/example_dags/example_skip_dag.py took 0.222 seconds
[2026-06-23T03:05:47.056+0000] {processor.py:161} INFO - Started process (PID=965) to work on /home/airflow/.local/lib/python3.12/site-packages/airflow/example_dags/example_skip_dag.py
[2026-06-23T03:05:47.058+0000] {processor.py:830} INFO - Processing file /home/airflow/.local/lib/python3.12/site-packages/airflow/example_dags/example_skip_dag.py for tasks to queue
[2026-06-23T03:05:47.062+0000] {logging_mixin.py:188} INFO - [2026-06-23T03:05:47.061+0000] {dagbag.py:545} INFO - Filling up the DagBag from /home/airflow/.local/lib/python3.12/site-packages/airflow/example_dags/example_skip_dag.py
[2026-06-23T03:05:47.072+0000] {processor.py:840} INFO - DAG(s) 'example_skip_dag' retrieved from /home/airflow/.local/lib/python3.12/site-packages/airflow/example_dags/example_skip_dag.py
[2026-06-23T03:05:47.107+0000] {logging_mixin.py:188} INFO - [2026-06-23T03:05:47.106+0000] {dag.py:3096} INFO - Sync 1 DAGs
[2026-06-23T03:05:47.141+0000] {logging_mixin.py:188} INFO - [2026-06-23T03:05:47.141+0000] {dag.py:3954} INFO - Setting next_dagrun for example_skip_dag to 2026-06-22 00:00:00+00:00, run_after=2026-06-23 00:00:00+00:00
[2026-06-23T03:05:47.175+0000] {processor.py:183} INFO - Processing /home/airflow/.local/lib/python3.12/site-packages/airflow/example_dags/example_skip_dag.py took 0.128 seconds
[2026-06-23T03:06:17.489+0000] {processor.py:161} INFO - Started process (PID=1234) to work on /home/airflow/.local/lib/python3.12/site-packages/airflow/example_dags/example_skip_dag.py
[2026-06-23T03:06:17.491+0000] {processor.py:830} INFO - Processing file /home/airflow/.local/lib/python3.12/site-packages/airflow/example_dags/example_skip_dag.py for tasks to queue
[2026-06-23T03:06:17.493+0000] {logging_mixin.py:188} INFO - [2026-06-23T03:06:17.493+0000] {dagbag.py:545} INFO - Filling up the DagBag from /home/airflow/.local/lib/python3.12/site-packages/airflow/example_dags/example_skip_dag.py
[2026-06-23T03:06:17.502+0000] {processor.py:840} INFO - DAG(s) 'example_skip_dag' retrieved from /home/airflow/.local/lib/python3.12/site-packages/airflow/example_dags/example_skip_dag.py
[2026-06-23T03:06:17.533+0000] {logging_mixin.py:188} INFO - [2026-06-23T03:06:17.533+0000] {dag.py:3096} INFO - Sync 1 DAGs
[2026-06-23T03:06:17.561+0000] {logging_mixin.py:188} INFO - [2026-06-23T03:06:17.561+0000] {dag.py:3954} INFO - Setting next_dagrun for example_skip_dag to 2026-06-22 00:00:00+00:00, run_after=2026-06-23 00:00:00+00:00
[2026-06-23T03:06:17.591+0000] {processor.py:183} INFO - Processing /home/airflow/.local/lib/python3.12/site-packages/airflow/example_dags/example_skip_dag.py took 0.109 seconds
[2026-06-23T03:06:47.881+0000] {processor.py:161} INFO - Started process (PID=1501) to work on /home/airflow/.local/lib/python3.12/site-packages/airflow/example_dags/example_skip_dag.py
[2026-06-23T03:06:47.883+0000] {processor.py:830} INFO - Processing file /home/airflow/.local/lib/python3.12/site-packages/airflow/example_dags/example_skip_dag.py for tasks to queue
[2026-06-23T03:06:47.886+0000] {logging_mixin.py:188} INFO - [2026-06-23T03:06:47.886+0000] {dagbag.py:545} INFO - Filling up the DagBag from /home/airflow/.local/lib/python3.12/site-packages/airflow/example_dags/example_skip_dag.py
[2026-06-23T03:06:47.895+0000] {processor.py:840} INFO - DAG(s) 'example_skip_dag' retrieved from /home/airflow/.local/lib/python3.12/site-packages/airflow/example_dags/example_skip_dag.py
[2026-06-23T03:06:47.926+0000] {logging_mixin.py:188} INFO - [2026-06-23T03:06:47.926+0000] {dag.py:3096} INFO - Sync 1 DAGs
[2026-06-23T03:06:47.952+0000] {logging_mixin.py:188} INFO - [2026-06-23T03:06:47.952+0000] {dag.py:3954} INFO - Setting next_dagrun for example_skip_dag to 2026-06-22 00:00:00+00:00, run_after=2026-06-23 00:00:00+00:00
[2026-06-23T03:06:47.979+0000] {processor.py:183} INFO - Processing /home/airflow/.local/lib/python3.12/site-packages/airflow/example_dags/example_skip_dag.py took 0.105 seconds
[2026-06-23T03:07:18.427+0000] {processor.py:161} INFO - Started process (PID=1766) to work on /home/airflow/.local/lib/python3.12/site-packages/airflow/example_dags/example_skip_dag.py
[2026-06-23T03:07:18.428+0000] {processor.py:830} INFO - Processing file /home/airflow/.local/lib/python3.12/site-packages/airflow/example_dags/example_skip_dag.py for tasks to queue
[2026-06-23T03:07:18.431+0000] {logging_mixin.py:188} INFO - [2026-06-23T03:07:18.430+0000] {dagbag.py:545} INFO - Filling up the DagBag from /home/airflow/.local/lib/python3.12/site-packages/airflow/example_dags/example_skip_dag.py
[2026-06-23T03:07:18.439+0000] {processor.py:840} INFO - DAG(s) 'example_skip_dag' retrieved from /home/airflow/.local/lib/python3.12/site-packages/airflow/example_dags/example_skip_dag.py
[2026-06-23T03:07:18.468+0000] {logging_mixin.py:188} INFO - [2026-06-23T03:07:18.467+0000] {dag.py:3096} INFO - Sync 1 DAGs
[2026-06-23T03:07:18.496+0000] {logging_mixin.py:188} INFO - [2026-06-23T03:07:18.496+0000] {dag.py:3954} INFO - Setting next_dagrun for example_skip_dag to 2026-06-22 00:00:00+00:00, run_after=2026-06-23 00:00:00+00:00
[2026-06-23T03:07:18.525+0000] {processor.py:183} INFO - Processing /home/airflow/.local/lib/python3.12/site-packages/airflow/example_dags/example_skip_dag.py took 0.105 seconds
[2026-06-23T03:07:49.130+0000] {processor.py:161} INFO - Started process (PID=2033) to work on /home/airflow/.local/lib/python3.12/site-packages/airflow/example_dags/example_skip_dag.py
[2026-06-23T03:07:49.132+0000] {processor.py:830} INFO - Processing file /home/airflow/.local/lib/python3.12/site-packages/airflow/example_dags/example_skip_dag.py for tasks to queue
[2026-06-23T03:07:49.135+0000] {logging_mixin.py:188} INFO - [2026-06-23T03:07:49.134+0000] {dagbag.py:545} INFO - Filling up the DagBag from /home/airflow/.local/lib/python3.12/site-packages/airflow/example_dags/example_skip_dag.py
[2026-06-23T03:07:49.143+0000] {processor.py:840} INFO - DAG(s) 'example_skip_dag' retrieved from /home/airflow/.local/lib/python3.12/site-packages/airflow/example_dags/example_skip_dag.py
[2026-06-23T03:07:49.172+0000] {logging_mixin.py:188} INFO - [2026-06-23T03:07:49.172+0000] {dag.py:3096} INFO - Sync 1 DAGs
[2026-06-23T03:07:49.198+0000] {logging_mixin.py:188} INFO - [2026-06-23T03:07:49.198+0000] {dag.py:3954} INFO - Setting next_dagrun for example_skip_dag to 2026-06-22 00:00:00+00:00, run_after=2026-06-23 00:00:00+00:00
[2026-06-23T03:07:49.226+0000] {processor.py:183} INFO - Processing /home/airflow/.local/lib/python3.12/site-packages/airflow/example_dags/example_skip_dag.py took 0.102 seconds
