[2026-06-23T02:47:01.621+0000] {processor.py:161} INFO - Started process (PID=106) to work on /home/airflow/.local/lib/python3.12/site-packages/airflow/example_dags/example_nested_branch_dag.py
[2026-06-23T02:47:01.623+0000] {processor.py:830} INFO - Processing file /home/airflow/.local/lib/python3.12/site-packages/airflow/example_dags/example_nested_branch_dag.py for tasks to queue
[2026-06-23T02:47:01.627+0000] {logging_mixin.py:188} INFO - [2026-06-23T02:47:01.626+0000] {dagbag.py:545} INFO - Filling up the DagBag from /home/airflow/.local/lib/python3.12/site-packages/airflow/example_dags/example_nested_branch_dag.py
[2026-06-23T02:47:01.650+0000] {processor.py:840} INFO - DAG(s) 'example_nested_branch_dag' retrieved from /home/airflow/.local/lib/python3.12/site-packages/airflow/example_dags/example_nested_branch_dag.py
[2026-06-23T02:47:01.854+0000] {logging_mixin.py:188} INFO - [2026-06-23T02:47:01.854+0000] {dag.py:3096} INFO - Sync 1 DAGs
[2026-06-23T02:47:01.890+0000] {logging_mixin.py:188} INFO - [2026-06-23T02:47:01.890+0000] {dag.py:3954} INFO - Setting next_dagrun for example_nested_branch_dag to 2026-06-22 00:00:00+00:00, run_after=2026-06-23 00:00:00+00:00
[2026-06-23T02:47:01.924+0000] {processor.py:183} INFO - Processing /home/airflow/.local/lib/python3.12/site-packages/airflow/example_dags/example_nested_branch_dag.py took 0.313 seconds
[2026-06-23T02:47:32.094+0000] {processor.py:161} INFO - Started process (PID=165) to work on /home/airflow/.local/lib/python3.12/site-packages/airflow/example_dags/example_nested_branch_dag.py
[2026-06-23T02:47:32.096+0000] {processor.py:830} INFO - Processing file /home/airflow/.local/lib/python3.12/site-packages/airflow/example_dags/example_nested_branch_dag.py for tasks to queue
[2026-06-23T02:47:32.100+0000] {logging_mixin.py:188} INFO - [2026-06-23T02:47:32.099+0000] {dagbag.py:545} INFO - Filling up the DagBag from /home/airflow/.local/lib/python3.12/site-packages/airflow/example_dags/example_nested_branch_dag.py
[2026-06-23T02:47:32.116+0000] {processor.py:840} INFO - DAG(s) 'example_nested_branch_dag' retrieved from /home/airflow/.local/lib/python3.12/site-packages/airflow/example_dags/example_nested_branch_dag.py
[2026-06-23T02:47:32.156+0000] {logging_mixin.py:188} INFO - [2026-06-23T02:47:32.156+0000] {dag.py:3096} INFO - Sync 1 DAGs
[2026-06-23T02:47:32.191+0000] {logging_mixin.py:188} INFO - [2026-06-23T02:47:32.191+0000] {dag.py:3954} INFO - Setting next_dagrun for example_nested_branch_dag to 2026-06-22 00:00:00+00:00, run_after=2026-06-23 00:00:00+00:00
[2026-06-23T02:47:32.225+0000] {processor.py:183} INFO - Processing /home/airflow/.local/lib/python3.12/site-packages/airflow/example_dags/example_nested_branch_dag.py took 0.140 seconds
[2026-06-23T02:48:02.299+0000] {processor.py:161} INFO - Started process (PID=224) to work on /home/airflow/.local/lib/python3.12/site-packages/airflow/example_dags/example_nested_branch_dag.py
[2026-06-23T02:48:02.301+0000] {processor.py:830} INFO - Processing file /home/airflow/.local/lib/python3.12/site-packages/airflow/example_dags/example_nested_branch_dag.py for tasks to queue
[2026-06-23T02:48:02.304+0000] {logging_mixin.py:188} INFO - [2026-06-23T02:48:02.303+0000] {dagbag.py:545} INFO - Filling up the DagBag from /home/airflow/.local/lib/python3.12/site-packages/airflow/example_dags/example_nested_branch_dag.py
[2026-06-23T02:48:02.318+0000] {processor.py:840} INFO - DAG(s) 'example_nested_branch_dag' retrieved from /home/airflow/.local/lib/python3.12/site-packages/airflow/example_dags/example_nested_branch_dag.py
[2026-06-23T02:48:02.362+0000] {logging_mixin.py:188} INFO - [2026-06-23T02:48:02.361+0000] {dag.py:3096} INFO - Sync 1 DAGs
[2026-06-23T02:48:02.400+0000] {logging_mixin.py:188} INFO - [2026-06-23T02:48:02.399+0000] {dag.py:3954} INFO - Setting next_dagrun for example_nested_branch_dag to 2026-06-22 00:00:00+00:00, run_after=2026-06-23 00:00:00+00:00
[2026-06-23T02:48:02.447+0000] {processor.py:183} INFO - Processing /home/airflow/.local/lib/python3.12/site-packages/airflow/example_dags/example_nested_branch_dag.py took 0.158 seconds
[2026-06-23T02:48:33.272+0000] {processor.py:161} INFO - Started process (PID=283) to work on /home/airflow/.local/lib/python3.12/site-packages/airflow/example_dags/example_nested_branch_dag.py
[2026-06-23T02:48:33.273+0000] {processor.py:830} INFO - Processing file /home/airflow/.local/lib/python3.12/site-packages/airflow/example_dags/example_nested_branch_dag.py for tasks to queue
[2026-06-23T02:48:33.279+0000] {logging_mixin.py:188} INFO - [2026-06-23T02:48:33.279+0000] {dagbag.py:545} INFO - Filling up the DagBag from /home/airflow/.local/lib/python3.12/site-packages/airflow/example_dags/example_nested_branch_dag.py
[2026-06-23T02:48:33.302+0000] {processor.py:840} INFO - DAG(s) 'example_nested_branch_dag' retrieved from /home/airflow/.local/lib/python3.12/site-packages/airflow/example_dags/example_nested_branch_dag.py
[2026-06-23T02:48:33.344+0000] {logging_mixin.py:188} INFO - [2026-06-23T02:48:33.344+0000] {dag.py:3096} INFO - Sync 1 DAGs
[2026-06-23T02:48:33.392+0000] {logging_mixin.py:188} INFO - [2026-06-23T02:48:33.391+0000] {dag.py:3954} INFO - Setting next_dagrun for example_nested_branch_dag to 2026-06-22 00:00:00+00:00, run_after=2026-06-23 00:00:00+00:00
[2026-06-23T02:48:33.439+0000] {processor.py:183} INFO - Processing /home/airflow/.local/lib/python3.12/site-packages/airflow/example_dags/example_nested_branch_dag.py took 0.180 seconds
[2026-06-23T02:49:04.354+0000] {processor.py:161} INFO - Started process (PID=343) to work on /home/airflow/.local/lib/python3.12/site-packages/airflow/example_dags/example_nested_branch_dag.py
[2026-06-23T02:49:04.355+0000] {processor.py:830} INFO - Processing file /home/airflow/.local/lib/python3.12/site-packages/airflow/example_dags/example_nested_branch_dag.py for tasks to queue
[2026-06-23T02:49:04.359+0000] {logging_mixin.py:188} INFO - [2026-06-23T02:49:04.358+0000] {dagbag.py:545} INFO - Filling up the DagBag from /home/airflow/.local/lib/python3.12/site-packages/airflow/example_dags/example_nested_branch_dag.py
[2026-06-23T02:49:04.377+0000] {processor.py:840} INFO - DAG(s) 'example_nested_branch_dag' retrieved from /home/airflow/.local/lib/python3.12/site-packages/airflow/example_dags/example_nested_branch_dag.py
[2026-06-23T02:49:04.423+0000] {logging_mixin.py:188} INFO - [2026-06-23T02:49:04.423+0000] {dag.py:3096} INFO - Sync 1 DAGs
[2026-06-23T02:49:04.462+0000] {logging_mixin.py:188} INFO - [2026-06-23T02:49:04.461+0000] {dag.py:3954} INFO - Setting next_dagrun for example_nested_branch_dag to 2026-06-22 00:00:00+00:00, run_after=2026-06-23 00:00:00+00:00
[2026-06-23T02:49:04.498+0000] {processor.py:183} INFO - Processing /home/airflow/.local/lib/python3.12/site-packages/airflow/example_dags/example_nested_branch_dag.py took 0.154 seconds
[2026-06-23T02:49:34.619+0000] {processor.py:161} INFO - Started process (PID=402) to work on /home/airflow/.local/lib/python3.12/site-packages/airflow/example_dags/example_nested_branch_dag.py
[2026-06-23T02:49:34.620+0000] {processor.py:830} INFO - Processing file /home/airflow/.local/lib/python3.12/site-packages/airflow/example_dags/example_nested_branch_dag.py for tasks to queue
[2026-06-23T02:49:34.625+0000] {logging_mixin.py:188} INFO - [2026-06-23T02:49:34.624+0000] {dagbag.py:545} INFO - Filling up the DagBag from /home/airflow/.local/lib/python3.12/site-packages/airflow/example_dags/example_nested_branch_dag.py
[2026-06-23T02:49:34.647+0000] {processor.py:840} INFO - DAG(s) 'example_nested_branch_dag' retrieved from /home/airflow/.local/lib/python3.12/site-packages/airflow/example_dags/example_nested_branch_dag.py
[2026-06-23T02:49:34.694+0000] {logging_mixin.py:188} INFO - [2026-06-23T02:49:34.694+0000] {dag.py:3096} INFO - Sync 1 DAGs
[2026-06-23T02:49:34.733+0000] {logging_mixin.py:188} INFO - [2026-06-23T02:49:34.733+0000] {dag.py:3954} INFO - Setting next_dagrun for example_nested_branch_dag to 2026-06-22 00:00:00+00:00, run_after=2026-06-23 00:00:00+00:00
[2026-06-23T02:49:34.764+0000] {processor.py:183} INFO - Processing /home/airflow/.local/lib/python3.12/site-packages/airflow/example_dags/example_nested_branch_dag.py took 0.156 seconds
[2026-06-23T02:50:05.012+0000] {processor.py:161} INFO - Started process (PID=463) to work on /home/airflow/.local/lib/python3.12/site-packages/airflow/example_dags/example_nested_branch_dag.py
[2026-06-23T02:50:05.014+0000] {processor.py:830} INFO - Processing file /home/airflow/.local/lib/python3.12/site-packages/airflow/example_dags/example_nested_branch_dag.py for tasks to queue
[2026-06-23T02:50:05.018+0000] {logging_mixin.py:188} INFO - [2026-06-23T02:50:05.017+0000] {dagbag.py:545} INFO - Filling up the DagBag from /home/airflow/.local/lib/python3.12/site-packages/airflow/example_dags/example_nested_branch_dag.py
[2026-06-23T02:50:05.046+0000] {processor.py:840} INFO - DAG(s) 'example_nested_branch_dag' retrieved from /home/airflow/.local/lib/python3.12/site-packages/airflow/example_dags/example_nested_branch_dag.py
[2026-06-23T02:50:05.119+0000] {logging_mixin.py:188} INFO - [2026-06-23T02:50:05.119+0000] {dag.py:3096} INFO - Sync 1 DAGs
[2026-06-23T02:50:05.161+0000] {logging_mixin.py:188} INFO - [2026-06-23T02:50:05.161+0000] {dag.py:3954} INFO - Setting next_dagrun for example_nested_branch_dag to 2026-06-22 00:00:00+00:00, run_after=2026-06-23 00:00:00+00:00
[2026-06-23T02:50:05.197+0000] {processor.py:183} INFO - Processing /home/airflow/.local/lib/python3.12/site-packages/airflow/example_dags/example_nested_branch_dag.py took 0.196 seconds
[2026-06-23T02:50:36.104+0000] {processor.py:161} INFO - Started process (PID=523) to work on /home/airflow/.local/lib/python3.12/site-packages/airflow/example_dags/example_nested_branch_dag.py
[2026-06-23T02:50:36.106+0000] {processor.py:830} INFO - Processing file /home/airflow/.local/lib/python3.12/site-packages/airflow/example_dags/example_nested_branch_dag.py for tasks to queue
[2026-06-23T02:50:36.110+0000] {logging_mixin.py:188} INFO - [2026-06-23T02:50:36.109+0000] {dagbag.py:545} INFO - Filling up the DagBag from /home/airflow/.local/lib/python3.12/site-packages/airflow/example_dags/example_nested_branch_dag.py
[2026-06-23T02:50:36.123+0000] {processor.py:840} INFO - DAG(s) 'example_nested_branch_dag' retrieved from /home/airflow/.local/lib/python3.12/site-packages/airflow/example_dags/example_nested_branch_dag.py
[2026-06-23T02:50:36.164+0000] {logging_mixin.py:188} INFO - [2026-06-23T02:50:36.163+0000] {dag.py:3096} INFO - Sync 1 DAGs
[2026-06-23T02:50:36.201+0000] {logging_mixin.py:188} INFO - [2026-06-23T02:50:36.201+0000] {dag.py:3954} INFO - Setting next_dagrun for example_nested_branch_dag to 2026-06-22 00:00:00+00:00, run_after=2026-06-23 00:00:00+00:00
[2026-06-23T02:50:36.242+0000] {processor.py:183} INFO - Processing /home/airflow/.local/lib/python3.12/site-packages/airflow/example_dags/example_nested_branch_dag.py took 0.146 seconds
[2026-06-23T02:51:07.052+0000] {processor.py:161} INFO - Started process (PID=583) to work on /home/airflow/.local/lib/python3.12/site-packages/airflow/example_dags/example_nested_branch_dag.py
[2026-06-23T02:51:07.054+0000] {processor.py:830} INFO - Processing file /home/airflow/.local/lib/python3.12/site-packages/airflow/example_dags/example_nested_branch_dag.py for tasks to queue
[2026-06-23T02:51:07.059+0000] {logging_mixin.py:188} INFO - [2026-06-23T02:51:07.058+0000] {dagbag.py:545} INFO - Filling up the DagBag from /home/airflow/.local/lib/python3.12/site-packages/airflow/example_dags/example_nested_branch_dag.py
[2026-06-23T02:51:07.082+0000] {processor.py:840} INFO - DAG(s) 'example_nested_branch_dag' retrieved from /home/airflow/.local/lib/python3.12/site-packages/airflow/example_dags/example_nested_branch_dag.py
[2026-06-23T02:51:07.131+0000] {logging_mixin.py:188} INFO - [2026-06-23T02:51:07.130+0000] {dag.py:3096} INFO - Sync 1 DAGs
[2026-06-23T02:51:07.182+0000] {logging_mixin.py:188} INFO - [2026-06-23T02:51:07.181+0000] {dag.py:3954} INFO - Setting next_dagrun for example_nested_branch_dag to 2026-06-22 00:00:00+00:00, run_after=2026-06-23 00:00:00+00:00
[2026-06-23T02:51:07.220+0000] {processor.py:183} INFO - Processing /home/airflow/.local/lib/python3.12/site-packages/airflow/example_dags/example_nested_branch_dag.py took 0.182 seconds
[2026-06-23T02:51:37.468+0000] {processor.py:161} INFO - Started process (PID=643) to work on /home/airflow/.local/lib/python3.12/site-packages/airflow/example_dags/example_nested_branch_dag.py
[2026-06-23T02:51:37.470+0000] {processor.py:830} INFO - Processing file /home/airflow/.local/lib/python3.12/site-packages/airflow/example_dags/example_nested_branch_dag.py for tasks to queue
[2026-06-23T02:51:37.473+0000] {logging_mixin.py:188} INFO - [2026-06-23T02:51:37.473+0000] {dagbag.py:545} INFO - Filling up the DagBag from /home/airflow/.local/lib/python3.12/site-packages/airflow/example_dags/example_nested_branch_dag.py
[2026-06-23T02:51:37.486+0000] {processor.py:840} INFO - DAG(s) 'example_nested_branch_dag' retrieved from /home/airflow/.local/lib/python3.12/site-packages/airflow/example_dags/example_nested_branch_dag.py
[2026-06-23T02:51:37.523+0000] {logging_mixin.py:188} INFO - [2026-06-23T02:51:37.522+0000] {dag.py:3096} INFO - Sync 1 DAGs
[2026-06-23T02:51:37.560+0000] {logging_mixin.py:188} INFO - [2026-06-23T02:51:37.560+0000] {dag.py:3954} INFO - Setting next_dagrun for example_nested_branch_dag to 2026-06-22 00:00:00+00:00, run_after=2026-06-23 00:00:00+00:00
[2026-06-23T02:51:37.592+0000] {processor.py:183} INFO - Processing /home/airflow/.local/lib/python3.12/site-packages/airflow/example_dags/example_nested_branch_dag.py took 0.133 seconds
[2026-06-23T02:52:07.932+0000] {processor.py:161} INFO - Started process (PID=702) to work on /home/airflow/.local/lib/python3.12/site-packages/airflow/example_dags/example_nested_branch_dag.py
[2026-06-23T02:52:07.935+0000] {processor.py:830} INFO - Processing file /home/airflow/.local/lib/python3.12/site-packages/airflow/example_dags/example_nested_branch_dag.py for tasks to queue
[2026-06-23T02:52:07.938+0000] {logging_mixin.py:188} INFO - [2026-06-23T02:52:07.938+0000] {dagbag.py:545} INFO - Filling up the DagBag from /home/airflow/.local/lib/python3.12/site-packages/airflow/example_dags/example_nested_branch_dag.py
[2026-06-23T02:52:07.950+0000] {processor.py:840} INFO - DAG(s) 'example_nested_branch_dag' retrieved from /home/airflow/.local/lib/python3.12/site-packages/airflow/example_dags/example_nested_branch_dag.py
[2026-06-23T02:52:07.980+0000] {logging_mixin.py:188} INFO - [2026-06-23T02:52:07.980+0000] {dag.py:3096} INFO - Sync 1 DAGs
[2026-06-23T02:52:08.007+0000] {logging_mixin.py:188} INFO - [2026-06-23T02:52:08.007+0000] {dag.py:3954} INFO - Setting next_dagrun for example_nested_branch_dag to 2026-06-22 00:00:00+00:00, run_after=2026-06-23 00:00:00+00:00
[2026-06-23T02:52:08.036+0000] {processor.py:183} INFO - Processing /home/airflow/.local/lib/python3.12/site-packages/airflow/example_dags/example_nested_branch_dag.py took 0.110 seconds
[2026-06-23T02:52:38.570+0000] {processor.py:161} INFO - Started process (PID=761) to work on /home/airflow/.local/lib/python3.12/site-packages/airflow/example_dags/example_nested_branch_dag.py
[2026-06-23T02:52:38.572+0000] {processor.py:830} INFO - Processing file /home/airflow/.local/lib/python3.12/site-packages/airflow/example_dags/example_nested_branch_dag.py for tasks to queue
[2026-06-23T02:52:38.575+0000] {logging_mixin.py:188} INFO - [2026-06-23T02:52:38.574+0000] {dagbag.py:545} INFO - Filling up the DagBag from /home/airflow/.local/lib/python3.12/site-packages/airflow/example_dags/example_nested_branch_dag.py
[2026-06-23T02:52:38.588+0000] {processor.py:840} INFO - DAG(s) 'example_nested_branch_dag' retrieved from /home/airflow/.local/lib/python3.12/site-packages/airflow/example_dags/example_nested_branch_dag.py
[2026-06-23T02:52:38.622+0000] {logging_mixin.py:188} INFO - [2026-06-23T02:52:38.622+0000] {dag.py:3096} INFO - Sync 1 DAGs
[2026-06-23T02:52:38.656+0000] {logging_mixin.py:188} INFO - [2026-06-23T02:52:38.655+0000] {dag.py:3954} INFO - Setting next_dagrun for example_nested_branch_dag to 2026-06-22 00:00:00+00:00, run_after=2026-06-23 00:00:00+00:00
[2026-06-23T02:52:38.689+0000] {processor.py:183} INFO - Processing /home/airflow/.local/lib/python3.12/site-packages/airflow/example_dags/example_nested_branch_dag.py took 0.125 seconds
[2026-06-23T02:53:08.947+0000] {processor.py:161} INFO - Started process (PID=820) to work on /home/airflow/.local/lib/python3.12/site-packages/airflow/example_dags/example_nested_branch_dag.py
[2026-06-23T02:53:08.949+0000] {processor.py:830} INFO - Processing file /home/airflow/.local/lib/python3.12/site-packages/airflow/example_dags/example_nested_branch_dag.py for tasks to queue
[2026-06-23T02:53:08.952+0000] {logging_mixin.py:188} INFO - [2026-06-23T02:53:08.952+0000] {dagbag.py:545} INFO - Filling up the DagBag from /home/airflow/.local/lib/python3.12/site-packages/airflow/example_dags/example_nested_branch_dag.py
[2026-06-23T02:53:08.965+0000] {processor.py:840} INFO - DAG(s) 'example_nested_branch_dag' retrieved from /home/airflow/.local/lib/python3.12/site-packages/airflow/example_dags/example_nested_branch_dag.py
[2026-06-23T02:53:08.999+0000] {logging_mixin.py:188} INFO - [2026-06-23T02:53:08.999+0000] {dag.py:3096} INFO - Sync 1 DAGs
[2026-06-23T02:53:09.029+0000] {logging_mixin.py:188} INFO - [2026-06-23T02:53:09.029+0000] {dag.py:3954} INFO - Setting next_dagrun for example_nested_branch_dag to 2026-06-22 00:00:00+00:00, run_after=2026-06-23 00:00:00+00:00
[2026-06-23T02:53:09.061+0000] {processor.py:183} INFO - Processing /home/airflow/.local/lib/python3.12/site-packages/airflow/example_dags/example_nested_branch_dag.py took 0.121 seconds
[2026-06-23T02:53:39.534+0000] {processor.py:161} INFO - Started process (PID=879) to work on /home/airflow/.local/lib/python3.12/site-packages/airflow/example_dags/example_nested_branch_dag.py
[2026-06-23T02:53:39.536+0000] {processor.py:830} INFO - Processing file /home/airflow/.local/lib/python3.12/site-packages/airflow/example_dags/example_nested_branch_dag.py for tasks to queue
[2026-06-23T02:53:39.539+0000] {logging_mixin.py:188} INFO - [2026-06-23T02:53:39.538+0000] {dagbag.py:545} INFO - Filling up the DagBag from /home/airflow/.local/lib/python3.12/site-packages/airflow/example_dags/example_nested_branch_dag.py
[2026-06-23T02:53:39.551+0000] {processor.py:840} INFO - DAG(s) 'example_nested_branch_dag' retrieved from /home/airflow/.local/lib/python3.12/site-packages/airflow/example_dags/example_nested_branch_dag.py
[2026-06-23T02:53:39.582+0000] {logging_mixin.py:188} INFO - [2026-06-23T02:53:39.581+0000] {dag.py:3096} INFO - Sync 1 DAGs
[2026-06-23T02:53:39.611+0000] {logging_mixin.py:188} INFO - [2026-06-23T02:53:39.611+0000] {dag.py:3954} INFO - Setting next_dagrun for example_nested_branch_dag to 2026-06-22 00:00:00+00:00, run_after=2026-06-23 00:00:00+00:00
[2026-06-23T02:53:39.639+0000] {processor.py:183} INFO - Processing /home/airflow/.local/lib/python3.12/site-packages/airflow/example_dags/example_nested_branch_dag.py took 0.111 seconds
[2026-06-23T02:54:09.721+0000] {processor.py:161} INFO - Started process (PID=938) to work on /home/airflow/.local/lib/python3.12/site-packages/airflow/example_dags/example_nested_branch_dag.py
[2026-06-23T02:54:09.723+0000] {processor.py:830} INFO - Processing file /home/airflow/.local/lib/python3.12/site-packages/airflow/example_dags/example_nested_branch_dag.py for tasks to queue
[2026-06-23T02:54:09.726+0000] {logging_mixin.py:188} INFO - [2026-06-23T02:54:09.726+0000] {dagbag.py:545} INFO - Filling up the DagBag from /home/airflow/.local/lib/python3.12/site-packages/airflow/example_dags/example_nested_branch_dag.py
[2026-06-23T02:54:09.738+0000] {processor.py:840} INFO - DAG(s) 'example_nested_branch_dag' retrieved from /home/airflow/.local/lib/python3.12/site-packages/airflow/example_dags/example_nested_branch_dag.py
[2026-06-23T02:54:09.769+0000] {logging_mixin.py:188} INFO - [2026-06-23T02:54:09.768+0000] {dag.py:3096} INFO - Sync 1 DAGs
[2026-06-23T02:54:09.797+0000] {logging_mixin.py:188} INFO - [2026-06-23T02:54:09.797+0000] {dag.py:3954} INFO - Setting next_dagrun for example_nested_branch_dag to 2026-06-22 00:00:00+00:00, run_after=2026-06-23 00:00:00+00:00
[2026-06-23T02:54:09.835+0000] {processor.py:183} INFO - Processing /home/airflow/.local/lib/python3.12/site-packages/airflow/example_dags/example_nested_branch_dag.py took 0.121 seconds
[2026-06-23T02:54:40.163+0000] {processor.py:161} INFO - Started process (PID=998) to work on /home/airflow/.local/lib/python3.12/site-packages/airflow/example_dags/example_nested_branch_dag.py
[2026-06-23T02:54:40.164+0000] {processor.py:830} INFO - Processing file /home/airflow/.local/lib/python3.12/site-packages/airflow/example_dags/example_nested_branch_dag.py for tasks to queue
[2026-06-23T02:54:40.167+0000] {logging_mixin.py:188} INFO - [2026-06-23T02:54:40.167+0000] {dagbag.py:545} INFO - Filling up the DagBag from /home/airflow/.local/lib/python3.12/site-packages/airflow/example_dags/example_nested_branch_dag.py
[2026-06-23T02:54:40.180+0000] {processor.py:840} INFO - DAG(s) 'example_nested_branch_dag' retrieved from /home/airflow/.local/lib/python3.12/site-packages/airflow/example_dags/example_nested_branch_dag.py
[2026-06-23T02:54:40.211+0000] {logging_mixin.py:188} INFO - [2026-06-23T02:54:40.211+0000] {dag.py:3096} INFO - Sync 1 DAGs
[2026-06-23T02:54:40.242+0000] {logging_mixin.py:188} INFO - [2026-06-23T02:54:40.241+0000] {dag.py:3954} INFO - Setting next_dagrun for example_nested_branch_dag to 2026-06-22 00:00:00+00:00, run_after=2026-06-23 00:00:00+00:00
[2026-06-23T02:54:40.275+0000] {processor.py:183} INFO - Processing /home/airflow/.local/lib/python3.12/site-packages/airflow/example_dags/example_nested_branch_dag.py took 0.119 seconds
[2026-06-23T02:55:11.344+0000] {processor.py:161} INFO - Started process (PID=1058) to work on /home/airflow/.local/lib/python3.12/site-packages/airflow/example_dags/example_nested_branch_dag.py
[2026-06-23T02:55:11.345+0000] {processor.py:830} INFO - Processing file /home/airflow/.local/lib/python3.12/site-packages/airflow/example_dags/example_nested_branch_dag.py for tasks to queue
[2026-06-23T02:55:11.349+0000] {logging_mixin.py:188} INFO - [2026-06-23T02:55:11.348+0000] {dagbag.py:545} INFO - Filling up the DagBag from /home/airflow/.local/lib/python3.12/site-packages/airflow/example_dags/example_nested_branch_dag.py
[2026-06-23T02:55:11.362+0000] {processor.py:840} INFO - DAG(s) 'example_nested_branch_dag' retrieved from /home/airflow/.local/lib/python3.12/site-packages/airflow/example_dags/example_nested_branch_dag.py
[2026-06-23T02:55:11.395+0000] {logging_mixin.py:188} INFO - [2026-06-23T02:55:11.395+0000] {dag.py:3096} INFO - Sync 1 DAGs
[2026-06-23T02:55:11.426+0000] {logging_mixin.py:188} INFO - [2026-06-23T02:55:11.425+0000] {dag.py:3954} INFO - Setting next_dagrun for example_nested_branch_dag to 2026-06-22 00:00:00+00:00, run_after=2026-06-23 00:00:00+00:00
[2026-06-23T02:55:11.458+0000] {processor.py:183} INFO - Processing /home/airflow/.local/lib/python3.12/site-packages/airflow/example_dags/example_nested_branch_dag.py took 0.121 seconds
[2026-06-23T02:55:41.997+0000] {processor.py:161} INFO - Started process (PID=1118) to work on /home/airflow/.local/lib/python3.12/site-packages/airflow/example_dags/example_nested_branch_dag.py
[2026-06-23T02:55:41.998+0000] {processor.py:830} INFO - Processing file /home/airflow/.local/lib/python3.12/site-packages/airflow/example_dags/example_nested_branch_dag.py for tasks to queue
[2026-06-23T02:55:42.001+0000] {logging_mixin.py:188} INFO - [2026-06-23T02:55:42.000+0000] {dagbag.py:545} INFO - Filling up the DagBag from /home/airflow/.local/lib/python3.12/site-packages/airflow/example_dags/example_nested_branch_dag.py
[2026-06-23T02:55:42.014+0000] {processor.py:840} INFO - DAG(s) 'example_nested_branch_dag' retrieved from /home/airflow/.local/lib/python3.12/site-packages/airflow/example_dags/example_nested_branch_dag.py
[2026-06-23T02:55:42.046+0000] {logging_mixin.py:188} INFO - [2026-06-23T02:55:42.045+0000] {dag.py:3096} INFO - Sync 1 DAGs
[2026-06-23T02:55:42.076+0000] {logging_mixin.py:188} INFO - [2026-06-23T02:55:42.076+0000] {dag.py:3954} INFO - Setting next_dagrun for example_nested_branch_dag to 2026-06-22 00:00:00+00:00, run_after=2026-06-23 00:00:00+00:00
[2026-06-23T02:55:42.110+0000] {processor.py:183} INFO - Processing /home/airflow/.local/lib/python3.12/site-packages/airflow/example_dags/example_nested_branch_dag.py took 0.121 seconds
[2026-06-23T02:56:13.018+0000] {processor.py:161} INFO - Started process (PID=1177) to work on /home/airflow/.local/lib/python3.12/site-packages/airflow/example_dags/example_nested_branch_dag.py
[2026-06-23T02:56:13.020+0000] {processor.py:830} INFO - Processing file /home/airflow/.local/lib/python3.12/site-packages/airflow/example_dags/example_nested_branch_dag.py for tasks to queue
[2026-06-23T02:56:13.023+0000] {logging_mixin.py:188} INFO - [2026-06-23T02:56:13.023+0000] {dagbag.py:545} INFO - Filling up the DagBag from /home/airflow/.local/lib/python3.12/site-packages/airflow/example_dags/example_nested_branch_dag.py
[2026-06-23T02:56:13.038+0000] {processor.py:840} INFO - DAG(s) 'example_nested_branch_dag' retrieved from /home/airflow/.local/lib/python3.12/site-packages/airflow/example_dags/example_nested_branch_dag.py
[2026-06-23T02:56:13.071+0000] {logging_mixin.py:188} INFO - [2026-06-23T02:56:13.071+0000] {dag.py:3096} INFO - Sync 1 DAGs
[2026-06-23T02:56:13.103+0000] {logging_mixin.py:188} INFO - [2026-06-23T02:56:13.103+0000] {dag.py:3954} INFO - Setting next_dagrun for example_nested_branch_dag to 2026-06-22 00:00:00+00:00, run_after=2026-06-23 00:00:00+00:00
[2026-06-23T02:56:13.139+0000] {processor.py:183} INFO - Processing /home/airflow/.local/lib/python3.12/site-packages/airflow/example_dags/example_nested_branch_dag.py took 0.130 seconds
[2026-06-23T02:56:43.473+0000] {processor.py:161} INFO - Started process (PID=1237) to work on /home/airflow/.local/lib/python3.12/site-packages/airflow/example_dags/example_nested_branch_dag.py
[2026-06-23T02:56:43.475+0000] {processor.py:830} INFO - Processing file /home/airflow/.local/lib/python3.12/site-packages/airflow/example_dags/example_nested_branch_dag.py for tasks to queue
[2026-06-23T02:56:43.478+0000] {logging_mixin.py:188} INFO - [2026-06-23T02:56:43.478+0000] {dagbag.py:545} INFO - Filling up the DagBag from /home/airflow/.local/lib/python3.12/site-packages/airflow/example_dags/example_nested_branch_dag.py
[2026-06-23T02:56:43.494+0000] {processor.py:840} INFO - DAG(s) 'example_nested_branch_dag' retrieved from /home/airflow/.local/lib/python3.12/site-packages/airflow/example_dags/example_nested_branch_dag.py
[2026-06-23T02:56:43.531+0000] {logging_mixin.py:188} INFO - [2026-06-23T02:56:43.530+0000] {dag.py:3096} INFO - Sync 1 DAGs
[2026-06-23T02:56:43.563+0000] {logging_mixin.py:188} INFO - [2026-06-23T02:56:43.563+0000] {dag.py:3954} INFO - Setting next_dagrun for example_nested_branch_dag to 2026-06-22 00:00:00+00:00, run_after=2026-06-23 00:00:00+00:00
[2026-06-23T02:56:43.602+0000] {processor.py:183} INFO - Processing /home/airflow/.local/lib/python3.12/site-packages/airflow/example_dags/example_nested_branch_dag.py took 0.138 seconds
[2026-06-23T02:57:14.317+0000] {processor.py:161} INFO - Started process (PID=1296) to work on /home/airflow/.local/lib/python3.12/site-packages/airflow/example_dags/example_nested_branch_dag.py
[2026-06-23T02:57:14.320+0000] {processor.py:830} INFO - Processing file /home/airflow/.local/lib/python3.12/site-packages/airflow/example_dags/example_nested_branch_dag.py for tasks to queue
[2026-06-23T02:57:14.326+0000] {logging_mixin.py:188} INFO - [2026-06-23T02:57:14.325+0000] {dagbag.py:545} INFO - Filling up the DagBag from /home/airflow/.local/lib/python3.12/site-packages/airflow/example_dags/example_nested_branch_dag.py
[2026-06-23T02:57:14.356+0000] {processor.py:840} INFO - DAG(s) 'example_nested_branch_dag' retrieved from /home/airflow/.local/lib/python3.12/site-packages/airflow/example_dags/example_nested_branch_dag.py
[2026-06-23T02:57:14.419+0000] {logging_mixin.py:188} INFO - [2026-06-23T02:57:14.419+0000] {dag.py:3096} INFO - Sync 1 DAGs
[2026-06-23T02:57:14.482+0000] {logging_mixin.py:188} INFO - [2026-06-23T02:57:14.482+0000] {dag.py:3954} INFO - Setting next_dagrun for example_nested_branch_dag to 2026-06-22 00:00:00+00:00, run_after=2026-06-23 00:00:00+00:00
[2026-06-23T02:57:14.538+0000] {processor.py:183} INFO - Processing /home/airflow/.local/lib/python3.12/site-packages/airflow/example_dags/example_nested_branch_dag.py took 0.236 seconds
[2026-06-23T02:57:44.712+0000] {processor.py:161} INFO - Started process (PID=1355) to work on /home/airflow/.local/lib/python3.12/site-packages/airflow/example_dags/example_nested_branch_dag.py
[2026-06-23T02:57:44.714+0000] {processor.py:830} INFO - Processing file /home/airflow/.local/lib/python3.12/site-packages/airflow/example_dags/example_nested_branch_dag.py for tasks to queue
[2026-06-23T02:57:44.717+0000] {logging_mixin.py:188} INFO - [2026-06-23T02:57:44.717+0000] {dagbag.py:545} INFO - Filling up the DagBag from /home/airflow/.local/lib/python3.12/site-packages/airflow/example_dags/example_nested_branch_dag.py
[2026-06-23T02:57:44.731+0000] {processor.py:840} INFO - DAG(s) 'example_nested_branch_dag' retrieved from /home/airflow/.local/lib/python3.12/site-packages/airflow/example_dags/example_nested_branch_dag.py
[2026-06-23T02:57:44.764+0000] {logging_mixin.py:188} INFO - [2026-06-23T02:57:44.763+0000] {dag.py:3096} INFO - Sync 1 DAGs
[2026-06-23T02:57:44.796+0000] {logging_mixin.py:188} INFO - [2026-06-23T02:57:44.795+0000] {dag.py:3954} INFO - Setting next_dagrun for example_nested_branch_dag to 2026-06-22 00:00:00+00:00, run_after=2026-06-23 00:00:00+00:00
[2026-06-23T02:57:44.828+0000] {processor.py:183} INFO - Processing /home/airflow/.local/lib/python3.12/site-packages/airflow/example_dags/example_nested_branch_dag.py took 0.123 seconds
[2026-06-23T02:58:54.508+0000] {processor.py:161} INFO - Started process (PID=1412) to work on /home/airflow/.local/lib/python3.12/site-packages/airflow/example_dags/example_nested_branch_dag.py
[2026-06-23T02:58:54.510+0000] {processor.py:830} INFO - Processing file /home/airflow/.local/lib/python3.12/site-packages/airflow/example_dags/example_nested_branch_dag.py for tasks to queue
[2026-06-23T02:58:54.513+0000] {logging_mixin.py:188} INFO - [2026-06-23T02:58:54.512+0000] {dagbag.py:545} INFO - Filling up the DagBag from /home/airflow/.local/lib/python3.12/site-packages/airflow/example_dags/example_nested_branch_dag.py
[2026-06-23T02:58:54.526+0000] {processor.py:840} INFO - DAG(s) 'example_nested_branch_dag' retrieved from /home/airflow/.local/lib/python3.12/site-packages/airflow/example_dags/example_nested_branch_dag.py
[2026-06-23T02:58:54.559+0000] {logging_mixin.py:188} INFO - [2026-06-23T02:58:54.558+0000] {dag.py:3096} INFO - Sync 1 DAGs
[2026-06-23T02:58:54.585+0000] {logging_mixin.py:188} INFO - [2026-06-23T02:58:54.585+0000] {dag.py:3954} INFO - Setting next_dagrun for example_nested_branch_dag to 2026-06-22 00:00:00+00:00, run_after=2026-06-23 00:00:00+00:00
[2026-06-23T02:58:54.620+0000] {processor.py:183} INFO - Processing /home/airflow/.local/lib/python3.12/site-packages/airflow/example_dags/example_nested_branch_dag.py took 0.119 seconds
[2026-06-23T02:59:25.287+0000] {processor.py:161} INFO - Started process (PID=1471) to work on /home/airflow/.local/lib/python3.12/site-packages/airflow/example_dags/example_nested_branch_dag.py
[2026-06-23T02:59:25.288+0000] {processor.py:830} INFO - Processing file /home/airflow/.local/lib/python3.12/site-packages/airflow/example_dags/example_nested_branch_dag.py for tasks to queue
[2026-06-23T02:59:25.291+0000] {logging_mixin.py:188} INFO - [2026-06-23T02:59:25.291+0000] {dagbag.py:545} INFO - Filling up the DagBag from /home/airflow/.local/lib/python3.12/site-packages/airflow/example_dags/example_nested_branch_dag.py
[2026-06-23T02:59:25.306+0000] {processor.py:840} INFO - DAG(s) 'example_nested_branch_dag' retrieved from /home/airflow/.local/lib/python3.12/site-packages/airflow/example_dags/example_nested_branch_dag.py
[2026-06-23T02:59:25.336+0000] {logging_mixin.py:188} INFO - [2026-06-23T02:59:25.336+0000] {dag.py:3096} INFO - Sync 1 DAGs
[2026-06-23T02:59:25.362+0000] {logging_mixin.py:188} INFO - [2026-06-23T02:59:25.362+0000] {dag.py:3954} INFO - Setting next_dagrun for example_nested_branch_dag to 2026-06-22 00:00:00+00:00, run_after=2026-06-23 00:00:00+00:00
[2026-06-23T02:59:25.392+0000] {processor.py:183} INFO - Processing /home/airflow/.local/lib/python3.12/site-packages/airflow/example_dags/example_nested_branch_dag.py took 0.114 seconds
[2026-06-23T02:59:57.375+0000] {processor.py:161} INFO - Started process (PID=1530) to work on /home/airflow/.local/lib/python3.12/site-packages/airflow/example_dags/example_nested_branch_dag.py
[2026-06-23T02:59:57.377+0000] {processor.py:830} INFO - Processing file /home/airflow/.local/lib/python3.12/site-packages/airflow/example_dags/example_nested_branch_dag.py for tasks to queue
[2026-06-23T02:59:57.380+0000] {logging_mixin.py:188} INFO - [2026-06-23T02:59:57.379+0000] {dagbag.py:545} INFO - Filling up the DagBag from /home/airflow/.local/lib/python3.12/site-packages/airflow/example_dags/example_nested_branch_dag.py
[2026-06-23T02:59:57.392+0000] {processor.py:840} INFO - DAG(s) 'example_nested_branch_dag' retrieved from /home/airflow/.local/lib/python3.12/site-packages/airflow/example_dags/example_nested_branch_dag.py
[2026-06-23T02:59:57.421+0000] {logging_mixin.py:188} INFO - [2026-06-23T02:59:57.421+0000] {dag.py:3096} INFO - Sync 1 DAGs
[2026-06-23T02:59:57.448+0000] {logging_mixin.py:188} INFO - [2026-06-23T02:59:57.448+0000] {dag.py:3954} INFO - Setting next_dagrun for example_nested_branch_dag to 2026-06-22 00:00:00+00:00, run_after=2026-06-23 00:00:00+00:00
[2026-06-23T02:59:57.479+0000] {processor.py:183} INFO - Processing /home/airflow/.local/lib/python3.12/site-packages/airflow/example_dags/example_nested_branch_dag.py took 0.111 seconds
[2026-06-23T03:00:28.105+0000] {processor.py:161} INFO - Started process (PID=1589) to work on /home/airflow/.local/lib/python3.12/site-packages/airflow/example_dags/example_nested_branch_dag.py
[2026-06-23T03:00:28.107+0000] {processor.py:830} INFO - Processing file /home/airflow/.local/lib/python3.12/site-packages/airflow/example_dags/example_nested_branch_dag.py for tasks to queue
[2026-06-23T03:00:28.110+0000] {logging_mixin.py:188} INFO - [2026-06-23T03:00:28.110+0000] {dagbag.py:545} INFO - Filling up the DagBag from /home/airflow/.local/lib/python3.12/site-packages/airflow/example_dags/example_nested_branch_dag.py
[2026-06-23T03:00:28.122+0000] {processor.py:840} INFO - DAG(s) 'example_nested_branch_dag' retrieved from /home/airflow/.local/lib/python3.12/site-packages/airflow/example_dags/example_nested_branch_dag.py
[2026-06-23T03:00:28.150+0000] {logging_mixin.py:188} INFO - [2026-06-23T03:00:28.150+0000] {dag.py:3096} INFO - Sync 1 DAGs
[2026-06-23T03:00:28.180+0000] {logging_mixin.py:188} INFO - [2026-06-23T03:00:28.180+0000] {dag.py:3954} INFO - Setting next_dagrun for example_nested_branch_dag to 2026-06-22 00:00:00+00:00, run_after=2026-06-23 00:00:00+00:00
[2026-06-23T03:00:28.208+0000] {processor.py:183} INFO - Processing /home/airflow/.local/lib/python3.12/site-packages/airflow/example_dags/example_nested_branch_dag.py took 0.110 seconds
[2026-06-23T03:00:58.725+0000] {processor.py:161} INFO - Started process (PID=1648) to work on /home/airflow/.local/lib/python3.12/site-packages/airflow/example_dags/example_nested_branch_dag.py
[2026-06-23T03:00:58.727+0000] {processor.py:830} INFO - Processing file /home/airflow/.local/lib/python3.12/site-packages/airflow/example_dags/example_nested_branch_dag.py for tasks to queue
[2026-06-23T03:00:58.731+0000] {logging_mixin.py:188} INFO - [2026-06-23T03:00:58.730+0000] {dagbag.py:545} INFO - Filling up the DagBag from /home/airflow/.local/lib/python3.12/site-packages/airflow/example_dags/example_nested_branch_dag.py
[2026-06-23T03:00:58.745+0000] {processor.py:840} INFO - DAG(s) 'example_nested_branch_dag' retrieved from /home/airflow/.local/lib/python3.12/site-packages/airflow/example_dags/example_nested_branch_dag.py
[2026-06-23T03:00:58.782+0000] {logging_mixin.py:188} INFO - [2026-06-23T03:00:58.782+0000] {dag.py:3096} INFO - Sync 1 DAGs
[2026-06-23T03:00:58.817+0000] {logging_mixin.py:188} INFO - [2026-06-23T03:00:58.817+0000] {dag.py:3954} INFO - Setting next_dagrun for example_nested_branch_dag to 2026-06-22 00:00:00+00:00, run_after=2026-06-23 00:00:00+00:00
[2026-06-23T03:00:58.856+0000] {processor.py:183} INFO - Processing /home/airflow/.local/lib/python3.12/site-packages/airflow/example_dags/example_nested_branch_dag.py took 0.138 seconds
[2026-06-23T03:01:29.906+0000] {processor.py:161} INFO - Started process (PID=1707) to work on /home/airflow/.local/lib/python3.12/site-packages/airflow/example_dags/example_nested_branch_dag.py
[2026-06-23T03:01:29.907+0000] {processor.py:830} INFO - Processing file /home/airflow/.local/lib/python3.12/site-packages/airflow/example_dags/example_nested_branch_dag.py for tasks to queue
[2026-06-23T03:01:29.910+0000] {logging_mixin.py:188} INFO - [2026-06-23T03:01:29.910+0000] {dagbag.py:545} INFO - Filling up the DagBag from /home/airflow/.local/lib/python3.12/site-packages/airflow/example_dags/example_nested_branch_dag.py
[2026-06-23T03:01:29.923+0000] {processor.py:840} INFO - DAG(s) 'example_nested_branch_dag' retrieved from /home/airflow/.local/lib/python3.12/site-packages/airflow/example_dags/example_nested_branch_dag.py
[2026-06-23T03:01:29.952+0000] {logging_mixin.py:188} INFO - [2026-06-23T03:01:29.951+0000] {dag.py:3096} INFO - Sync 1 DAGs
[2026-06-23T03:01:29.980+0000] {logging_mixin.py:188} INFO - [2026-06-23T03:01:29.980+0000] {dag.py:3954} INFO - Setting next_dagrun for example_nested_branch_dag to 2026-06-22 00:00:00+00:00, run_after=2026-06-23 00:00:00+00:00
[2026-06-23T03:01:30.012+0000] {processor.py:183} INFO - Processing /home/airflow/.local/lib/python3.12/site-packages/airflow/example_dags/example_nested_branch_dag.py took 0.113 seconds
[2026-06-23T03:02:00.285+0000] {processor.py:161} INFO - Started process (PID=1766) to work on /home/airflow/.local/lib/python3.12/site-packages/airflow/example_dags/example_nested_branch_dag.py
[2026-06-23T03:02:00.287+0000] {processor.py:830} INFO - Processing file /home/airflow/.local/lib/python3.12/site-packages/airflow/example_dags/example_nested_branch_dag.py for tasks to queue
[2026-06-23T03:02:00.290+0000] {logging_mixin.py:188} INFO - [2026-06-23T03:02:00.289+0000] {dagbag.py:545} INFO - Filling up the DagBag from /home/airflow/.local/lib/python3.12/site-packages/airflow/example_dags/example_nested_branch_dag.py
[2026-06-23T03:02:00.303+0000] {processor.py:840} INFO - DAG(s) 'example_nested_branch_dag' retrieved from /home/airflow/.local/lib/python3.12/site-packages/airflow/example_dags/example_nested_branch_dag.py
[2026-06-23T03:02:00.334+0000] {logging_mixin.py:188} INFO - [2026-06-23T03:02:00.334+0000] {dag.py:3096} INFO - Sync 1 DAGs
[2026-06-23T03:02:00.363+0000] {logging_mixin.py:188} INFO - [2026-06-23T03:02:00.363+0000] {dag.py:3954} INFO - Setting next_dagrun for example_nested_branch_dag to 2026-06-22 00:00:00+00:00, run_after=2026-06-23 00:00:00+00:00
[2026-06-23T03:02:00.391+0000] {processor.py:183} INFO - Processing /home/airflow/.local/lib/python3.12/site-packages/airflow/example_dags/example_nested_branch_dag.py took 0.113 seconds
[2026-06-23T03:02:30.488+0000] {processor.py:161} INFO - Started process (PID=1825) to work on /home/airflow/.local/lib/python3.12/site-packages/airflow/example_dags/example_nested_branch_dag.py
[2026-06-23T03:02:30.489+0000] {processor.py:830} INFO - Processing file /home/airflow/.local/lib/python3.12/site-packages/airflow/example_dags/example_nested_branch_dag.py for tasks to queue
[2026-06-23T03:02:30.492+0000] {logging_mixin.py:188} INFO - [2026-06-23T03:02:30.491+0000] {dagbag.py:545} INFO - Filling up the DagBag from /home/airflow/.local/lib/python3.12/site-packages/airflow/example_dags/example_nested_branch_dag.py
[2026-06-23T03:02:30.505+0000] {processor.py:840} INFO - DAG(s) 'example_nested_branch_dag' retrieved from /home/airflow/.local/lib/python3.12/site-packages/airflow/example_dags/example_nested_branch_dag.py
[2026-06-23T03:02:30.535+0000] {logging_mixin.py:188} INFO - [2026-06-23T03:02:30.534+0000] {dag.py:3096} INFO - Sync 1 DAGs
[2026-06-23T03:02:30.562+0000] {logging_mixin.py:188} INFO - [2026-06-23T03:02:30.562+0000] {dag.py:3954} INFO - Setting next_dagrun for example_nested_branch_dag to 2026-06-22 00:00:00+00:00, run_after=2026-06-23 00:00:00+00:00
[2026-06-23T03:02:30.594+0000] {processor.py:183} INFO - Processing /home/airflow/.local/lib/python3.12/site-packages/airflow/example_dags/example_nested_branch_dag.py took 0.114 seconds
[2026-06-23T03:03:01.319+0000] {processor.py:161} INFO - Started process (PID=1884) to work on /home/airflow/.local/lib/python3.12/site-packages/airflow/example_dags/example_nested_branch_dag.py
[2026-06-23T03:03:01.321+0000] {processor.py:830} INFO - Processing file /home/airflow/.local/lib/python3.12/site-packages/airflow/example_dags/example_nested_branch_dag.py for tasks to queue
[2026-06-23T03:03:01.325+0000] {logging_mixin.py:188} INFO - [2026-06-23T03:03:01.324+0000] {dagbag.py:545} INFO - Filling up the DagBag from /home/airflow/.local/lib/python3.12/site-packages/airflow/example_dags/example_nested_branch_dag.py
[2026-06-23T03:03:01.338+0000] {processor.py:840} INFO - DAG(s) 'example_nested_branch_dag' retrieved from /home/airflow/.local/lib/python3.12/site-packages/airflow/example_dags/example_nested_branch_dag.py
[2026-06-23T03:03:01.369+0000] {logging_mixin.py:188} INFO - [2026-06-23T03:03:01.369+0000] {dag.py:3096} INFO - Sync 1 DAGs
[2026-06-23T03:03:01.401+0000] {logging_mixin.py:188} INFO - [2026-06-23T03:03:01.401+0000] {dag.py:3954} INFO - Setting next_dagrun for example_nested_branch_dag to 2026-06-22 00:00:00+00:00, run_after=2026-06-23 00:00:00+00:00
[2026-06-23T03:03:01.434+0000] {processor.py:183} INFO - Processing /home/airflow/.local/lib/python3.12/site-packages/airflow/example_dags/example_nested_branch_dag.py took 0.122 seconds
[2026-06-23T03:03:31.630+0000] {processor.py:161} INFO - Started process (PID=1943) to work on /home/airflow/.local/lib/python3.12/site-packages/airflow/example_dags/example_nested_branch_dag.py
[2026-06-23T03:03:31.632+0000] {processor.py:830} INFO - Processing file /home/airflow/.local/lib/python3.12/site-packages/airflow/example_dags/example_nested_branch_dag.py for tasks to queue
[2026-06-23T03:03:31.635+0000] {logging_mixin.py:188} INFO - [2026-06-23T03:03:31.635+0000] {dagbag.py:545} INFO - Filling up the DagBag from /home/airflow/.local/lib/python3.12/site-packages/airflow/example_dags/example_nested_branch_dag.py
[2026-06-23T03:03:31.649+0000] {processor.py:840} INFO - DAG(s) 'example_nested_branch_dag' retrieved from /home/airflow/.local/lib/python3.12/site-packages/airflow/example_dags/example_nested_branch_dag.py
[2026-06-23T03:03:31.683+0000] {logging_mixin.py:188} INFO - [2026-06-23T03:03:31.683+0000] {dag.py:3096} INFO - Sync 1 DAGs
[2026-06-23T03:03:31.716+0000] {logging_mixin.py:188} INFO - [2026-06-23T03:03:31.715+0000] {dag.py:3954} INFO - Setting next_dagrun for example_nested_branch_dag to 2026-06-22 00:00:00+00:00, run_after=2026-06-23 00:00:00+00:00
[2026-06-23T03:03:31.748+0000] {processor.py:183} INFO - Processing /home/airflow/.local/lib/python3.12/site-packages/airflow/example_dags/example_nested_branch_dag.py took 0.127 seconds
[2026-06-23T03:04:44.233+0000] {processor.py:161} INFO - Started process (PID=356) to work on /home/airflow/.local/lib/python3.12/site-packages/airflow/example_dags/example_nested_branch_dag.py
[2026-06-23T03:04:44.234+0000] {processor.py:830} INFO - Processing file /home/airflow/.local/lib/python3.12/site-packages/airflow/example_dags/example_nested_branch_dag.py for tasks to queue
[2026-06-23T03:04:44.238+0000] {logging_mixin.py:188} INFO - [2026-06-23T03:04:44.237+0000] {dagbag.py:545} INFO - Filling up the DagBag from /home/airflow/.local/lib/python3.12/site-packages/airflow/example_dags/example_nested_branch_dag.py
[2026-06-23T03:04:44.253+0000] {processor.py:840} INFO - DAG(s) 'example_nested_branch_dag' retrieved from /home/airflow/.local/lib/python3.12/site-packages/airflow/example_dags/example_nested_branch_dag.py
[2026-06-23T03:04:44.271+0000] {logging_mixin.py:188} INFO - [2026-06-23T03:04:44.270+0000] {dag.py:3096} INFO - Sync 1 DAGs
[2026-06-23T03:04:44.301+0000] {logging_mixin.py:188} INFO - [2026-06-23T03:04:44.300+0000] {dag.py:3954} INFO - Setting next_dagrun for example_nested_branch_dag to 2026-06-22 00:00:00+00:00, run_after=2026-06-23 00:00:00+00:00
[2026-06-23T03:04:44.329+0000] {processor.py:183} INFO - Processing /home/airflow/.local/lib/python3.12/site-packages/airflow/example_dags/example_nested_branch_dag.py took 0.103 seconds
[2026-06-23T03:05:17.537+0000] {processor.py:161} INFO - Started process (PID=623) to work on /home/airflow/.local/lib/python3.12/site-packages/airflow/example_dags/example_nested_branch_dag.py
[2026-06-23T03:05:17.538+0000] {processor.py:830} INFO - Processing file /home/airflow/.local/lib/python3.12/site-packages/airflow/example_dags/example_nested_branch_dag.py for tasks to queue
[2026-06-23T03:05:17.541+0000] {logging_mixin.py:188} INFO - [2026-06-23T03:05:17.541+0000] {dagbag.py:545} INFO - Filling up the DagBag from /home/airflow/.local/lib/python3.12/site-packages/airflow/example_dags/example_nested_branch_dag.py
[2026-06-23T03:05:17.552+0000] {processor.py:840} INFO - DAG(s) 'example_nested_branch_dag' retrieved from /home/airflow/.local/lib/python3.12/site-packages/airflow/example_dags/example_nested_branch_dag.py
[2026-06-23T03:05:17.687+0000] {logging_mixin.py:188} INFO - [2026-06-23T03:05:17.686+0000] {dag.py:3096} INFO - Sync 1 DAGs
[2026-06-23T03:05:17.717+0000] {logging_mixin.py:188} INFO - [2026-06-23T03:05:17.717+0000] {dag.py:3954} INFO - Setting next_dagrun for example_nested_branch_dag to 2026-06-22 00:00:00+00:00, run_after=2026-06-23 00:00:00+00:00
[2026-06-23T03:05:17.752+0000] {processor.py:183} INFO - Processing /home/airflow/.local/lib/python3.12/site-packages/airflow/example_dags/example_nested_branch_dag.py took 0.222 seconds
[2026-06-23T03:05:47.825+0000] {processor.py:161} INFO - Started process (PID=1007) to work on /home/airflow/.local/lib/python3.12/site-packages/airflow/example_dags/example_nested_branch_dag.py
[2026-06-23T03:05:47.826+0000] {processor.py:830} INFO - Processing file /home/airflow/.local/lib/python3.12/site-packages/airflow/example_dags/example_nested_branch_dag.py for tasks to queue
[2026-06-23T03:05:47.829+0000] {logging_mixin.py:188} INFO - [2026-06-23T03:05:47.829+0000] {dagbag.py:545} INFO - Filling up the DagBag from /home/airflow/.local/lib/python3.12/site-packages/airflow/example_dags/example_nested_branch_dag.py
[2026-06-23T03:05:47.843+0000] {processor.py:840} INFO - DAG(s) 'example_nested_branch_dag' retrieved from /home/airflow/.local/lib/python3.12/site-packages/airflow/example_dags/example_nested_branch_dag.py
[2026-06-23T03:05:47.877+0000] {logging_mixin.py:188} INFO - [2026-06-23T03:05:47.876+0000] {dag.py:3096} INFO - Sync 1 DAGs
[2026-06-23T03:05:47.909+0000] {logging_mixin.py:188} INFO - [2026-06-23T03:05:47.908+0000] {dag.py:3954} INFO - Setting next_dagrun for example_nested_branch_dag to 2026-06-22 00:00:00+00:00, run_after=2026-06-23 00:00:00+00:00
[2026-06-23T03:05:47.942+0000] {processor.py:183} INFO - Processing /home/airflow/.local/lib/python3.12/site-packages/airflow/example_dags/example_nested_branch_dag.py took 0.126 seconds
[2026-06-23T03:06:18.429+0000] {processor.py:161} INFO - Started process (PID=1274) to work on /home/airflow/.local/lib/python3.12/site-packages/airflow/example_dags/example_nested_branch_dag.py
[2026-06-23T03:06:18.431+0000] {processor.py:830} INFO - Processing file /home/airflow/.local/lib/python3.12/site-packages/airflow/example_dags/example_nested_branch_dag.py for tasks to queue
[2026-06-23T03:06:18.433+0000] {logging_mixin.py:188} INFO - [2026-06-23T03:06:18.433+0000] {dagbag.py:545} INFO - Filling up the DagBag from /home/airflow/.local/lib/python3.12/site-packages/airflow/example_dags/example_nested_branch_dag.py
[2026-06-23T03:06:18.446+0000] {processor.py:840} INFO - DAG(s) 'example_nested_branch_dag' retrieved from /home/airflow/.local/lib/python3.12/site-packages/airflow/example_dags/example_nested_branch_dag.py
[2026-06-23T03:06:18.475+0000] {logging_mixin.py:188} INFO - [2026-06-23T03:06:18.475+0000] {dag.py:3096} INFO - Sync 1 DAGs
[2026-06-23T03:06:18.504+0000] {logging_mixin.py:188} INFO - [2026-06-23T03:06:18.503+0000] {dag.py:3954} INFO - Setting next_dagrun for example_nested_branch_dag to 2026-06-22 00:00:00+00:00, run_after=2026-06-23 00:00:00+00:00
[2026-06-23T03:06:18.536+0000] {processor.py:183} INFO - Processing /home/airflow/.local/lib/python3.12/site-packages/airflow/example_dags/example_nested_branch_dag.py took 0.114 seconds
[2026-06-23T03:06:48.628+0000] {processor.py:161} INFO - Started process (PID=1541) to work on /home/airflow/.local/lib/python3.12/site-packages/airflow/example_dags/example_nested_branch_dag.py
[2026-06-23T03:06:48.630+0000] {processor.py:830} INFO - Processing file /home/airflow/.local/lib/python3.12/site-packages/airflow/example_dags/example_nested_branch_dag.py for tasks to queue
[2026-06-23T03:06:48.632+0000] {logging_mixin.py:188} INFO - [2026-06-23T03:06:48.632+0000] {dagbag.py:545} INFO - Filling up the DagBag from /home/airflow/.local/lib/python3.12/site-packages/airflow/example_dags/example_nested_branch_dag.py
[2026-06-23T03:06:48.644+0000] {processor.py:840} INFO - DAG(s) 'example_nested_branch_dag' retrieved from /home/airflow/.local/lib/python3.12/site-packages/airflow/example_dags/example_nested_branch_dag.py
[2026-06-23T03:06:48.673+0000] {logging_mixin.py:188} INFO - [2026-06-23T03:06:48.673+0000] {dag.py:3096} INFO - Sync 1 DAGs
[2026-06-23T03:06:48.701+0000] {logging_mixin.py:188} INFO - [2026-06-23T03:06:48.701+0000] {dag.py:3954} INFO - Setting next_dagrun for example_nested_branch_dag to 2026-06-22 00:00:00+00:00, run_after=2026-06-23 00:00:00+00:00
[2026-06-23T03:06:48.728+0000] {processor.py:183} INFO - Processing /home/airflow/.local/lib/python3.12/site-packages/airflow/example_dags/example_nested_branch_dag.py took 0.106 seconds
[2026-06-23T03:07:19.036+0000] {processor.py:161} INFO - Started process (PID=1806) to work on /home/airflow/.local/lib/python3.12/site-packages/airflow/example_dags/example_nested_branch_dag.py
[2026-06-23T03:07:19.038+0000] {processor.py:830} INFO - Processing file /home/airflow/.local/lib/python3.12/site-packages/airflow/example_dags/example_nested_branch_dag.py for tasks to queue
[2026-06-23T03:07:19.042+0000] {logging_mixin.py:188} INFO - [2026-06-23T03:07:19.041+0000] {dagbag.py:545} INFO - Filling up the DagBag from /home/airflow/.local/lib/python3.12/site-packages/airflow/example_dags/example_nested_branch_dag.py
[2026-06-23T03:07:19.061+0000] {processor.py:840} INFO - DAG(s) 'example_nested_branch_dag' retrieved from /home/airflow/.local/lib/python3.12/site-packages/airflow/example_dags/example_nested_branch_dag.py
[2026-06-23T03:07:19.091+0000] {logging_mixin.py:188} INFO - [2026-06-23T03:07:19.091+0000] {dag.py:3096} INFO - Sync 1 DAGs
[2026-06-23T03:07:19.123+0000] {logging_mixin.py:188} INFO - [2026-06-23T03:07:19.122+0000] {dag.py:3954} INFO - Setting next_dagrun for example_nested_branch_dag to 2026-06-22 00:00:00+00:00, run_after=2026-06-23 00:00:00+00:00
[2026-06-23T03:07:19.152+0000] {processor.py:183} INFO - Processing /home/airflow/.local/lib/python3.12/site-packages/airflow/example_dags/example_nested_branch_dag.py took 0.124 seconds
[2026-06-23T03:07:49.674+0000] {processor.py:161} INFO - Started process (PID=2073) to work on /home/airflow/.local/lib/python3.12/site-packages/airflow/example_dags/example_nested_branch_dag.py
[2026-06-23T03:07:49.676+0000] {processor.py:830} INFO - Processing file /home/airflow/.local/lib/python3.12/site-packages/airflow/example_dags/example_nested_branch_dag.py for tasks to queue
[2026-06-23T03:07:49.678+0000] {logging_mixin.py:188} INFO - [2026-06-23T03:07:49.678+0000] {dagbag.py:545} INFO - Filling up the DagBag from /home/airflow/.local/lib/python3.12/site-packages/airflow/example_dags/example_nested_branch_dag.py
[2026-06-23T03:07:49.689+0000] {processor.py:840} INFO - DAG(s) 'example_nested_branch_dag' retrieved from /home/airflow/.local/lib/python3.12/site-packages/airflow/example_dags/example_nested_branch_dag.py
[2026-06-23T03:07:49.720+0000] {logging_mixin.py:188} INFO - [2026-06-23T03:07:49.720+0000] {dag.py:3096} INFO - Sync 1 DAGs
[2026-06-23T03:07:49.748+0000] {logging_mixin.py:188} INFO - [2026-06-23T03:07:49.748+0000] {dag.py:3954} INFO - Setting next_dagrun for example_nested_branch_dag to 2026-06-22 00:00:00+00:00, run_after=2026-06-23 00:00:00+00:00
[2026-06-23T03:07:49.775+0000] {processor.py:183} INFO - Processing /home/airflow/.local/lib/python3.12/site-packages/airflow/example_dags/example_nested_branch_dag.py took 0.108 seconds
[2026-06-23T03:08:20.381+0000] {processor.py:161} INFO - Started process (PID=2340) to work on /home/airflow/.local/lib/python3.12/site-packages/airflow/example_dags/example_nested_branch_dag.py
[2026-06-23T03:08:20.383+0000] {processor.py:830} INFO - Processing file /home/airflow/.local/lib/python3.12/site-packages/airflow/example_dags/example_nested_branch_dag.py for tasks to queue
[2026-06-23T03:08:20.385+0000] {logging_mixin.py:188} INFO - [2026-06-23T03:08:20.385+0000] {dagbag.py:545} INFO - Filling up the DagBag from /home/airflow/.local/lib/python3.12/site-packages/airflow/example_dags/example_nested_branch_dag.py
[2026-06-23T03:08:20.399+0000] {processor.py:840} INFO - DAG(s) 'example_nested_branch_dag' retrieved from /home/airflow/.local/lib/python3.12/site-packages/airflow/example_dags/example_nested_branch_dag.py
[2026-06-23T03:08:20.432+0000] {logging_mixin.py:188} INFO - [2026-06-23T03:08:20.432+0000] {dag.py:3096} INFO - Sync 1 DAGs
[2026-06-23T03:08:20.468+0000] {logging_mixin.py:188} INFO - [2026-06-23T03:08:20.468+0000] {dag.py:3954} INFO - Setting next_dagrun for example_nested_branch_dag to 2026-06-22 00:00:00+00:00, run_after=2026-06-23 00:00:00+00:00
[2026-06-23T03:08:20.504+0000] {processor.py:183} INFO - Processing /home/airflow/.local/lib/python3.12/site-packages/airflow/example_dags/example_nested_branch_dag.py took 0.131 seconds
[2026-06-23T03:08:50.609+0000] {processor.py:161} INFO - Started process (PID=2607) to work on /home/airflow/.local/lib/python3.12/site-packages/airflow/example_dags/example_nested_branch_dag.py
[2026-06-23T03:08:50.611+0000] {processor.py:830} INFO - Processing file /home/airflow/.local/lib/python3.12/site-packages/airflow/example_dags/example_nested_branch_dag.py for tasks to queue
[2026-06-23T03:08:50.615+0000] {logging_mixin.py:188} INFO - [2026-06-23T03:08:50.614+0000] {dagbag.py:545} INFO - Filling up the DagBag from /home/airflow/.local/lib/python3.12/site-packages/airflow/example_dags/example_nested_branch_dag.py
[2026-06-23T03:08:50.632+0000] {processor.py:840} INFO - DAG(s) 'example_nested_branch_dag' retrieved from /home/airflow/.local/lib/python3.12/site-packages/airflow/example_dags/example_nested_branch_dag.py
[2026-06-23T03:08:50.666+0000] {logging_mixin.py:188} INFO - [2026-06-23T03:08:50.666+0000] {dag.py:3096} INFO - Sync 1 DAGs
[2026-06-23T03:08:50.698+0000] {logging_mixin.py:188} INFO - [2026-06-23T03:08:50.697+0000] {dag.py:3954} INFO - Setting next_dagrun for example_nested_branch_dag to 2026-06-22 00:00:00+00:00, run_after=2026-06-23 00:00:00+00:00
[2026-06-23T03:08:50.727+0000] {processor.py:183} INFO - Processing /home/airflow/.local/lib/python3.12/site-packages/airflow/example_dags/example_nested_branch_dag.py took 0.126 seconds
[2026-06-23T03:09:20.988+0000] {processor.py:161} INFO - Started process (PID=2876) to work on /home/airflow/.local/lib/python3.12/site-packages/airflow/example_dags/example_nested_branch_dag.py
[2026-06-23T03:09:20.990+0000] {processor.py:830} INFO - Processing file /home/airflow/.local/lib/python3.12/site-packages/airflow/example_dags/example_nested_branch_dag.py for tasks to queue
[2026-06-23T03:09:20.992+0000] {logging_mixin.py:188} INFO - [2026-06-23T03:09:20.992+0000] {dagbag.py:545} INFO - Filling up the DagBag from /home/airflow/.local/lib/python3.12/site-packages/airflow/example_dags/example_nested_branch_dag.py
[2026-06-23T03:09:21.003+0000] {processor.py:840} INFO - DAG(s) 'example_nested_branch_dag' retrieved from /home/airflow/.local/lib/python3.12/site-packages/airflow/example_dags/example_nested_branch_dag.py
[2026-06-23T03:09:21.032+0000] {logging_mixin.py:188} INFO - [2026-06-23T03:09:21.031+0000] {dag.py:3096} INFO - Sync 1 DAGs
[2026-06-23T03:09:21.057+0000] {logging_mixin.py:188} INFO - [2026-06-23T03:09:21.057+0000] {dag.py:3954} INFO - Setting next_dagrun for example_nested_branch_dag to 2026-06-22 00:00:00+00:00, run_after=2026-06-23 00:00:00+00:00
[2026-06-23T03:09:21.086+0000] {processor.py:183} INFO - Processing /home/airflow/.local/lib/python3.12/site-packages/airflow/example_dags/example_nested_branch_dag.py took 0.103 seconds
[2026-06-23T03:09:51.161+0000] {processor.py:161} INFO - Started process (PID=3143) to work on /home/airflow/.local/lib/python3.12/site-packages/airflow/example_dags/example_nested_branch_dag.py
[2026-06-23T03:09:51.163+0000] {processor.py:830} INFO - Processing file /home/airflow/.local/lib/python3.12/site-packages/airflow/example_dags/example_nested_branch_dag.py for tasks to queue
[2026-06-23T03:09:51.165+0000] {logging_mixin.py:188} INFO - [2026-06-23T03:09:51.165+0000] {dagbag.py:545} INFO - Filling up the DagBag from /home/airflow/.local/lib/python3.12/site-packages/airflow/example_dags/example_nested_branch_dag.py
[2026-06-23T03:09:51.176+0000] {processor.py:840} INFO - DAG(s) 'example_nested_branch_dag' retrieved from /home/airflow/.local/lib/python3.12/site-packages/airflow/example_dags/example_nested_branch_dag.py
[2026-06-23T03:09:51.204+0000] {logging_mixin.py:188} INFO - [2026-06-23T03:09:51.203+0000] {dag.py:3096} INFO - Sync 1 DAGs
[2026-06-23T03:09:51.231+0000] {logging_mixin.py:188} INFO - [2026-06-23T03:09:51.231+0000] {dag.py:3954} INFO - Setting next_dagrun for example_nested_branch_dag to 2026-06-22 00:00:00+00:00, run_after=2026-06-23 00:00:00+00:00
[2026-06-23T03:09:51.260+0000] {processor.py:183} INFO - Processing /home/airflow/.local/lib/python3.12/site-packages/airflow/example_dags/example_nested_branch_dag.py took 0.105 seconds
[2026-06-23T03:10:21.407+0000] {processor.py:161} INFO - Started process (PID=3408) to work on /home/airflow/.local/lib/python3.12/site-packages/airflow/example_dags/example_nested_branch_dag.py
[2026-06-23T03:10:21.408+0000] {processor.py:830} INFO - Processing file /home/airflow/.local/lib/python3.12/site-packages/airflow/example_dags/example_nested_branch_dag.py for tasks to queue
[2026-06-23T03:10:21.411+0000] {logging_mixin.py:188} INFO - [2026-06-23T03:10:21.411+0000] {dagbag.py:545} INFO - Filling up the DagBag from /home/airflow/.local/lib/python3.12/site-packages/airflow/example_dags/example_nested_branch_dag.py
[2026-06-23T03:10:21.423+0000] {processor.py:840} INFO - DAG(s) 'example_nested_branch_dag' retrieved from /home/airflow/.local/lib/python3.12/site-packages/airflow/example_dags/example_nested_branch_dag.py
[2026-06-23T03:10:21.453+0000] {logging_mixin.py:188} INFO - [2026-06-23T03:10:21.453+0000] {dag.py:3096} INFO - Sync 1 DAGs
[2026-06-23T03:10:21.479+0000] {logging_mixin.py:188} INFO - [2026-06-23T03:10:21.479+0000] {dag.py:3954} INFO - Setting next_dagrun for example_nested_branch_dag to 2026-06-22 00:00:00+00:00, run_after=2026-06-23 00:00:00+00:00
[2026-06-23T03:10:21.510+0000] {processor.py:183} INFO - Processing /home/airflow/.local/lib/python3.12/site-packages/airflow/example_dags/example_nested_branch_dag.py took 0.111 seconds
[2026-06-23T03:10:51.950+0000] {processor.py:161} INFO - Started process (PID=3675) to work on /home/airflow/.local/lib/python3.12/site-packages/airflow/example_dags/example_nested_branch_dag.py
[2026-06-23T03:10:51.952+0000] {processor.py:830} INFO - Processing file /home/airflow/.local/lib/python3.12/site-packages/airflow/example_dags/example_nested_branch_dag.py for tasks to queue
[2026-06-23T03:10:51.955+0000] {logging_mixin.py:188} INFO - [2026-06-23T03:10:51.955+0000] {dagbag.py:545} INFO - Filling up the DagBag from /home/airflow/.local/lib/python3.12/site-packages/airflow/example_dags/example_nested_branch_dag.py
[2026-06-23T03:10:51.965+0000] {processor.py:840} INFO - DAG(s) 'example_nested_branch_dag' retrieved from /home/airflow/.local/lib/python3.12/site-packages/airflow/example_dags/example_nested_branch_dag.py
[2026-06-23T03:10:51.992+0000] {logging_mixin.py:188} INFO - [2026-06-23T03:10:51.992+0000] {dag.py:3096} INFO - Sync 1 DAGs
[2026-06-23T03:10:52.017+0000] {logging_mixin.py:188} INFO - [2026-06-23T03:10:52.016+0000] {dag.py:3954} INFO - Setting next_dagrun for example_nested_branch_dag to 2026-06-22 00:00:00+00:00, run_after=2026-06-23 00:00:00+00:00
[2026-06-23T03:10:52.043+0000] {processor.py:183} INFO - Processing /home/airflow/.local/lib/python3.12/site-packages/airflow/example_dags/example_nested_branch_dag.py took 0.099 seconds
[2026-06-23T03:11:22.444+0000] {processor.py:161} INFO - Started process (PID=3942) to work on /home/airflow/.local/lib/python3.12/site-packages/airflow/example_dags/example_nested_branch_dag.py
[2026-06-23T03:11:22.446+0000] {processor.py:830} INFO - Processing file /home/airflow/.local/lib/python3.12/site-packages/airflow/example_dags/example_nested_branch_dag.py for tasks to queue
[2026-06-23T03:11:22.449+0000] {logging_mixin.py:188} INFO - [2026-06-23T03:11:22.448+0000] {dagbag.py:545} INFO - Filling up the DagBag from /home/airflow/.local/lib/python3.12/site-packages/airflow/example_dags/example_nested_branch_dag.py
[2026-06-23T03:11:22.459+0000] {processor.py:840} INFO - DAG(s) 'example_nested_branch_dag' retrieved from /home/airflow/.local/lib/python3.12/site-packages/airflow/example_dags/example_nested_branch_dag.py
[2026-06-23T03:11:22.487+0000] {logging_mixin.py:188} INFO - [2026-06-23T03:11:22.487+0000] {dag.py:3096} INFO - Sync 1 DAGs
[2026-06-23T03:11:22.512+0000] {logging_mixin.py:188} INFO - [2026-06-23T03:11:22.512+0000] {dag.py:3954} INFO - Setting next_dagrun for example_nested_branch_dag to 2026-06-22 00:00:00+00:00, run_after=2026-06-23 00:00:00+00:00
[2026-06-23T03:11:22.542+0000] {processor.py:183} INFO - Processing /home/airflow/.local/lib/python3.12/site-packages/airflow/example_dags/example_nested_branch_dag.py took 0.104 seconds
[2026-06-23T03:11:53.111+0000] {processor.py:161} INFO - Started process (PID=4211) to work on /home/airflow/.local/lib/python3.12/site-packages/airflow/example_dags/example_nested_branch_dag.py
[2026-06-23T03:11:53.113+0000] {processor.py:830} INFO - Processing file /home/airflow/.local/lib/python3.12/site-packages/airflow/example_dags/example_nested_branch_dag.py for tasks to queue
[2026-06-23T03:11:53.116+0000] {logging_mixin.py:188} INFO - [2026-06-23T03:11:53.116+0000] {dagbag.py:545} INFO - Filling up the DagBag from /home/airflow/.local/lib/python3.12/site-packages/airflow/example_dags/example_nested_branch_dag.py
[2026-06-23T03:11:53.127+0000] {processor.py:840} INFO - DAG(s) 'example_nested_branch_dag' retrieved from /home/airflow/.local/lib/python3.12/site-packages/airflow/example_dags/example_nested_branch_dag.py
[2026-06-23T03:11:53.155+0000] {logging_mixin.py:188} INFO - [2026-06-23T03:11:53.154+0000] {dag.py:3096} INFO - Sync 1 DAGs
[2026-06-23T03:11:53.184+0000] {logging_mixin.py:188} INFO - [2026-06-23T03:11:53.184+0000] {dag.py:3954} INFO - Setting next_dagrun for example_nested_branch_dag to 2026-06-22 00:00:00+00:00, run_after=2026-06-23 00:00:00+00:00
[2026-06-23T03:11:53.212+0000] {processor.py:183} INFO - Processing /home/airflow/.local/lib/python3.12/site-packages/airflow/example_dags/example_nested_branch_dag.py took 0.106 seconds
[2026-06-23T03:12:23.409+0000] {processor.py:161} INFO - Started process (PID=4482) to work on /home/airflow/.local/lib/python3.12/site-packages/airflow/example_dags/example_nested_branch_dag.py
[2026-06-23T03:12:23.411+0000] {processor.py:830} INFO - Processing file /home/airflow/.local/lib/python3.12/site-packages/airflow/example_dags/example_nested_branch_dag.py for tasks to queue
[2026-06-23T03:12:23.413+0000] {logging_mixin.py:188} INFO - [2026-06-23T03:12:23.413+0000] {dagbag.py:545} INFO - Filling up the DagBag from /home/airflow/.local/lib/python3.12/site-packages/airflow/example_dags/example_nested_branch_dag.py
[2026-06-23T03:12:23.424+0000] {processor.py:840} INFO - DAG(s) 'example_nested_branch_dag' retrieved from /home/airflow/.local/lib/python3.12/site-packages/airflow/example_dags/example_nested_branch_dag.py
[2026-06-23T03:12:23.456+0000] {logging_mixin.py:188} INFO - [2026-06-23T03:12:23.455+0000] {dag.py:3096} INFO - Sync 1 DAGs
[2026-06-23T03:12:23.484+0000] {logging_mixin.py:188} INFO - [2026-06-23T03:12:23.484+0000] {dag.py:3954} INFO - Setting next_dagrun for example_nested_branch_dag to 2026-06-22 00:00:00+00:00, run_after=2026-06-23 00:00:00+00:00
[2026-06-23T03:12:23.515+0000] {processor.py:183} INFO - Processing /home/airflow/.local/lib/python3.12/site-packages/airflow/example_dags/example_nested_branch_dag.py took 0.112 seconds
[2026-06-23T03:12:53.834+0000] {processor.py:161} INFO - Started process (PID=4749) to work on /home/airflow/.local/lib/python3.12/site-packages/airflow/example_dags/example_nested_branch_dag.py
[2026-06-23T03:12:53.836+0000] {processor.py:830} INFO - Processing file /home/airflow/.local/lib/python3.12/site-packages/airflow/example_dags/example_nested_branch_dag.py for tasks to queue
[2026-06-23T03:12:53.839+0000] {logging_mixin.py:188} INFO - [2026-06-23T03:12:53.838+0000] {dagbag.py:545} INFO - Filling up the DagBag from /home/airflow/.local/lib/python3.12/site-packages/airflow/example_dags/example_nested_branch_dag.py
[2026-06-23T03:12:53.849+0000] {processor.py:840} INFO - DAG(s) 'example_nested_branch_dag' retrieved from /home/airflow/.local/lib/python3.12/site-packages/airflow/example_dags/example_nested_branch_dag.py
[2026-06-23T03:12:53.875+0000] {logging_mixin.py:188} INFO - [2026-06-23T03:12:53.874+0000] {dag.py:3096} INFO - Sync 1 DAGs
[2026-06-23T03:12:53.902+0000] {logging_mixin.py:188} INFO - [2026-06-23T03:12:53.902+0000] {dag.py:3954} INFO - Setting next_dagrun for example_nested_branch_dag to 2026-06-22 00:00:00+00:00, run_after=2026-06-23 00:00:00+00:00
[2026-06-23T03:12:53.928+0000] {processor.py:183} INFO - Processing /home/airflow/.local/lib/python3.12/site-packages/airflow/example_dags/example_nested_branch_dag.py took 0.100 seconds
[2026-06-23T03:13:24.351+0000] {processor.py:161} INFO - Started process (PID=5013) to work on /home/airflow/.local/lib/python3.12/site-packages/airflow/example_dags/example_nested_branch_dag.py
[2026-06-23T03:13:24.353+0000] {processor.py:830} INFO - Processing file /home/airflow/.local/lib/python3.12/site-packages/airflow/example_dags/example_nested_branch_dag.py for tasks to queue
[2026-06-23T03:13:24.357+0000] {logging_mixin.py:188} INFO - [2026-06-23T03:13:24.356+0000] {dagbag.py:545} INFO - Filling up the DagBag from /home/airflow/.local/lib/python3.12/site-packages/airflow/example_dags/example_nested_branch_dag.py
[2026-06-23T03:13:24.366+0000] {processor.py:840} INFO - DAG(s) 'example_nested_branch_dag' retrieved from /home/airflow/.local/lib/python3.12/site-packages/airflow/example_dags/example_nested_branch_dag.py
[2026-06-23T03:13:24.400+0000] {logging_mixin.py:188} INFO - [2026-06-23T03:13:24.399+0000] {dag.py:3096} INFO - Sync 1 DAGs
[2026-06-23T03:13:24.427+0000] {logging_mixin.py:188} INFO - [2026-06-23T03:13:24.427+0000] {dag.py:3954} INFO - Setting next_dagrun for example_nested_branch_dag to 2026-06-22 00:00:00+00:00, run_after=2026-06-23 00:00:00+00:00
[2026-06-23T03:13:24.457+0000] {processor.py:183} INFO - Processing /home/airflow/.local/lib/python3.12/site-packages/airflow/example_dags/example_nested_branch_dag.py took 0.111 seconds
[2026-06-23T03:13:54.539+0000] {processor.py:161} INFO - Started process (PID=5278) to work on /home/airflow/.local/lib/python3.12/site-packages/airflow/example_dags/example_nested_branch_dag.py
[2026-06-23T03:13:54.540+0000] {processor.py:830} INFO - Processing file /home/airflow/.local/lib/python3.12/site-packages/airflow/example_dags/example_nested_branch_dag.py for tasks to queue
[2026-06-23T03:13:54.543+0000] {logging_mixin.py:188} INFO - [2026-06-23T03:13:54.542+0000] {dagbag.py:545} INFO - Filling up the DagBag from /home/airflow/.local/lib/python3.12/site-packages/airflow/example_dags/example_nested_branch_dag.py
[2026-06-23T03:13:54.553+0000] {processor.py:840} INFO - DAG(s) 'example_nested_branch_dag' retrieved from /home/airflow/.local/lib/python3.12/site-packages/airflow/example_dags/example_nested_branch_dag.py
[2026-06-23T03:13:54.581+0000] {logging_mixin.py:188} INFO - [2026-06-23T03:13:54.581+0000] {dag.py:3096} INFO - Sync 1 DAGs
[2026-06-23T03:13:54.606+0000] {logging_mixin.py:188} INFO - [2026-06-23T03:13:54.606+0000] {dag.py:3954} INFO - Setting next_dagrun for example_nested_branch_dag to 2026-06-22 00:00:00+00:00, run_after=2026-06-23 00:00:00+00:00
[2026-06-23T03:13:54.633+0000] {processor.py:183} INFO - Processing /home/airflow/.local/lib/python3.12/site-packages/airflow/example_dags/example_nested_branch_dag.py took 0.101 seconds
[2026-06-23T03:14:24.914+0000] {processor.py:161} INFO - Started process (PID=5545) to work on /home/airflow/.local/lib/python3.12/site-packages/airflow/example_dags/example_nested_branch_dag.py
[2026-06-23T03:14:24.916+0000] {processor.py:830} INFO - Processing file /home/airflow/.local/lib/python3.12/site-packages/airflow/example_dags/example_nested_branch_dag.py for tasks to queue
[2026-06-23T03:14:24.919+0000] {logging_mixin.py:188} INFO - [2026-06-23T03:14:24.918+0000] {dagbag.py:545} INFO - Filling up the DagBag from /home/airflow/.local/lib/python3.12/site-packages/airflow/example_dags/example_nested_branch_dag.py
[2026-06-23T03:14:24.930+0000] {processor.py:840} INFO - DAG(s) 'example_nested_branch_dag' retrieved from /home/airflow/.local/lib/python3.12/site-packages/airflow/example_dags/example_nested_branch_dag.py
[2026-06-23T03:14:24.960+0000] {logging_mixin.py:188} INFO - [2026-06-23T03:14:24.959+0000] {dag.py:3096} INFO - Sync 1 DAGs
[2026-06-23T03:14:24.985+0000] {logging_mixin.py:188} INFO - [2026-06-23T03:14:24.985+0000] {dag.py:3954} INFO - Setting next_dagrun for example_nested_branch_dag to 2026-06-22 00:00:00+00:00, run_after=2026-06-23 00:00:00+00:00
[2026-06-23T03:14:25.009+0000] {processor.py:183} INFO - Processing /home/airflow/.local/lib/python3.12/site-packages/airflow/example_dags/example_nested_branch_dag.py took 0.103 seconds
[2026-06-23T03:14:55.505+0000] {processor.py:161} INFO - Started process (PID=5812) to work on /home/airflow/.local/lib/python3.12/site-packages/airflow/example_dags/example_nested_branch_dag.py
[2026-06-23T03:14:55.507+0000] {processor.py:830} INFO - Processing file /home/airflow/.local/lib/python3.12/site-packages/airflow/example_dags/example_nested_branch_dag.py for tasks to queue
[2026-06-23T03:14:55.511+0000] {logging_mixin.py:188} INFO - [2026-06-23T03:14:55.511+0000] {dagbag.py:545} INFO - Filling up the DagBag from /home/airflow/.local/lib/python3.12/site-packages/airflow/example_dags/example_nested_branch_dag.py
[2026-06-23T03:14:55.524+0000] {processor.py:840} INFO - DAG(s) 'example_nested_branch_dag' retrieved from /home/airflow/.local/lib/python3.12/site-packages/airflow/example_dags/example_nested_branch_dag.py
[2026-06-23T03:14:55.554+0000] {logging_mixin.py:188} INFO - [2026-06-23T03:14:55.554+0000] {dag.py:3096} INFO - Sync 1 DAGs
[2026-06-23T03:14:55.585+0000] {logging_mixin.py:188} INFO - [2026-06-23T03:14:55.585+0000] {dag.py:3954} INFO - Setting next_dagrun for example_nested_branch_dag to 2026-06-22 00:00:00+00:00, run_after=2026-06-23 00:00:00+00:00
[2026-06-23T03:14:55.612+0000] {processor.py:183} INFO - Processing /home/airflow/.local/lib/python3.12/site-packages/airflow/example_dags/example_nested_branch_dag.py took 0.115 seconds
[2026-06-23T03:15:25.796+0000] {processor.py:161} INFO - Started process (PID=6079) to work on /home/airflow/.local/lib/python3.12/site-packages/airflow/example_dags/example_nested_branch_dag.py
[2026-06-23T03:15:25.798+0000] {processor.py:830} INFO - Processing file /home/airflow/.local/lib/python3.12/site-packages/airflow/example_dags/example_nested_branch_dag.py for tasks to queue
[2026-06-23T03:15:25.801+0000] {logging_mixin.py:188} INFO - [2026-06-23T03:15:25.800+0000] {dagbag.py:545} INFO - Filling up the DagBag from /home/airflow/.local/lib/python3.12/site-packages/airflow/example_dags/example_nested_branch_dag.py
[2026-06-23T03:15:25.813+0000] {processor.py:840} INFO - DAG(s) 'example_nested_branch_dag' retrieved from /home/airflow/.local/lib/python3.12/site-packages/airflow/example_dags/example_nested_branch_dag.py
[2026-06-23T03:15:25.842+0000] {logging_mixin.py:188} INFO - [2026-06-23T03:15:25.842+0000] {dag.py:3096} INFO - Sync 1 DAGs
[2026-06-23T03:15:25.868+0000] {logging_mixin.py:188} INFO - [2026-06-23T03:15:25.868+0000] {dag.py:3954} INFO - Setting next_dagrun for example_nested_branch_dag to 2026-06-22 00:00:00+00:00, run_after=2026-06-23 00:00:00+00:00
[2026-06-23T03:15:25.895+0000] {processor.py:183} INFO - Processing /home/airflow/.local/lib/python3.12/site-packages/airflow/example_dags/example_nested_branch_dag.py took 0.106 seconds
[2026-06-23T03:15:56.528+0000] {processor.py:161} INFO - Started process (PID=6346) to work on /home/airflow/.local/lib/python3.12/site-packages/airflow/example_dags/example_nested_branch_dag.py
[2026-06-23T03:15:56.529+0000] {processor.py:830} INFO - Processing file /home/airflow/.local/lib/python3.12/site-packages/airflow/example_dags/example_nested_branch_dag.py for tasks to queue
[2026-06-23T03:15:56.532+0000] {logging_mixin.py:188} INFO - [2026-06-23T03:15:56.532+0000] {dagbag.py:545} INFO - Filling up the DagBag from /home/airflow/.local/lib/python3.12/site-packages/airflow/example_dags/example_nested_branch_dag.py
[2026-06-23T03:15:56.543+0000] {processor.py:840} INFO - DAG(s) 'example_nested_branch_dag' retrieved from /home/airflow/.local/lib/python3.12/site-packages/airflow/example_dags/example_nested_branch_dag.py
[2026-06-23T03:15:56.572+0000] {logging_mixin.py:188} INFO - [2026-06-23T03:15:56.572+0000] {dag.py:3096} INFO - Sync 1 DAGs
[2026-06-23T03:15:56.597+0000] {logging_mixin.py:188} INFO - [2026-06-23T03:15:56.597+0000] {dag.py:3954} INFO - Setting next_dagrun for example_nested_branch_dag to 2026-06-22 00:00:00+00:00, run_after=2026-06-23 00:00:00+00:00
[2026-06-23T03:15:56.625+0000] {processor.py:183} INFO - Processing /home/airflow/.local/lib/python3.12/site-packages/airflow/example_dags/example_nested_branch_dag.py took 0.104 seconds
[2026-06-23T03:16:27.244+0000] {processor.py:161} INFO - Started process (PID=6613) to work on /home/airflow/.local/lib/python3.12/site-packages/airflow/example_dags/example_nested_branch_dag.py
[2026-06-23T03:16:27.247+0000] {processor.py:830} INFO - Processing file /home/airflow/.local/lib/python3.12/site-packages/airflow/example_dags/example_nested_branch_dag.py for tasks to queue
[2026-06-23T03:16:27.251+0000] {logging_mixin.py:188} INFO - [2026-06-23T03:16:27.250+0000] {dagbag.py:545} INFO - Filling up the DagBag from /home/airflow/.local/lib/python3.12/site-packages/airflow/example_dags/example_nested_branch_dag.py
[2026-06-23T03:16:27.276+0000] {processor.py:840} INFO - DAG(s) 'example_nested_branch_dag' retrieved from /home/airflow/.local/lib/python3.12/site-packages/airflow/example_dags/example_nested_branch_dag.py
[2026-06-23T03:16:27.330+0000] {logging_mixin.py:188} INFO - [2026-06-23T03:16:27.330+0000] {dag.py:3096} INFO - Sync 1 DAGs
[2026-06-23T03:16:27.377+0000] {logging_mixin.py:188} INFO - [2026-06-23T03:16:27.376+0000] {dag.py:3954} INFO - Setting next_dagrun for example_nested_branch_dag to 2026-06-22 00:00:00+00:00, run_after=2026-06-23 00:00:00+00:00
[2026-06-23T03:16:27.415+0000] {processor.py:183} INFO - Processing /home/airflow/.local/lib/python3.12/site-packages/airflow/example_dags/example_nested_branch_dag.py took 0.183 seconds
[2026-06-23T03:16:58.444+0000] {processor.py:161} INFO - Started process (PID=6882) to work on /home/airflow/.local/lib/python3.12/site-packages/airflow/example_dags/example_nested_branch_dag.py
[2026-06-23T03:16:58.446+0000] {processor.py:830} INFO - Processing file /home/airflow/.local/lib/python3.12/site-packages/airflow/example_dags/example_nested_branch_dag.py for tasks to queue
[2026-06-23T03:16:58.449+0000] {logging_mixin.py:188} INFO - [2026-06-23T03:16:58.448+0000] {dagbag.py:545} INFO - Filling up the DagBag from /home/airflow/.local/lib/python3.12/site-packages/airflow/example_dags/example_nested_branch_dag.py
[2026-06-23T03:16:58.459+0000] {processor.py:840} INFO - DAG(s) 'example_nested_branch_dag' retrieved from /home/airflow/.local/lib/python3.12/site-packages/airflow/example_dags/example_nested_branch_dag.py
[2026-06-23T03:16:58.486+0000] {logging_mixin.py:188} INFO - [2026-06-23T03:16:58.486+0000] {dag.py:3096} INFO - Sync 1 DAGs
[2026-06-23T03:16:58.511+0000] {logging_mixin.py:188} INFO - [2026-06-23T03:16:58.511+0000] {dag.py:3954} INFO - Setting next_dagrun for example_nested_branch_dag to 2026-06-22 00:00:00+00:00, run_after=2026-06-23 00:00:00+00:00
[2026-06-23T03:16:58.539+0000] {processor.py:183} INFO - Processing /home/airflow/.local/lib/python3.12/site-packages/airflow/example_dags/example_nested_branch_dag.py took 0.101 seconds
[2026-06-23T03:17:28.867+0000] {processor.py:161} INFO - Started process (PID=7147) to work on /home/airflow/.local/lib/python3.12/site-packages/airflow/example_dags/example_nested_branch_dag.py
[2026-06-23T03:17:28.868+0000] {processor.py:830} INFO - Processing file /home/airflow/.local/lib/python3.12/site-packages/airflow/example_dags/example_nested_branch_dag.py for tasks to queue
[2026-06-23T03:17:28.872+0000] {logging_mixin.py:188} INFO - [2026-06-23T03:17:28.871+0000] {dagbag.py:545} INFO - Filling up the DagBag from /home/airflow/.local/lib/python3.12/site-packages/airflow/example_dags/example_nested_branch_dag.py
[2026-06-23T03:17:28.883+0000] {processor.py:840} INFO - DAG(s) 'example_nested_branch_dag' retrieved from /home/airflow/.local/lib/python3.12/site-packages/airflow/example_dags/example_nested_branch_dag.py
[2026-06-23T03:17:28.911+0000] {logging_mixin.py:188} INFO - [2026-06-23T03:17:28.910+0000] {dag.py:3096} INFO - Sync 1 DAGs
[2026-06-23T03:17:28.937+0000] {logging_mixin.py:188} INFO - [2026-06-23T03:17:28.937+0000] {dag.py:3954} INFO - Setting next_dagrun for example_nested_branch_dag to 2026-06-22 00:00:00+00:00, run_after=2026-06-23 00:00:00+00:00
[2026-06-23T03:17:28.966+0000] {processor.py:183} INFO - Processing /home/airflow/.local/lib/python3.12/site-packages/airflow/example_dags/example_nested_branch_dag.py took 0.106 seconds
[2026-06-23T03:18:02.055+0000] {processor.py:161} INFO - Started process (PID=7416) to work on /home/airflow/.local/lib/python3.12/site-packages/airflow/example_dags/example_nested_branch_dag.py
[2026-06-23T03:18:02.057+0000] {processor.py:830} INFO - Processing file /home/airflow/.local/lib/python3.12/site-packages/airflow/example_dags/example_nested_branch_dag.py for tasks to queue
[2026-06-23T03:18:02.060+0000] {logging_mixin.py:188} INFO - [2026-06-23T03:18:02.059+0000] {dagbag.py:545} INFO - Filling up the DagBag from /home/airflow/.local/lib/python3.12/site-packages/airflow/example_dags/example_nested_branch_dag.py
[2026-06-23T03:18:02.075+0000] {processor.py:840} INFO - DAG(s) 'example_nested_branch_dag' retrieved from /home/airflow/.local/lib/python3.12/site-packages/airflow/example_dags/example_nested_branch_dag.py
[2026-06-23T03:18:02.112+0000] {logging_mixin.py:188} INFO - [2026-06-23T03:18:02.111+0000] {dag.py:3096} INFO - Sync 1 DAGs
[2026-06-23T03:18:02.147+0000] {logging_mixin.py:188} INFO - [2026-06-23T03:18:02.147+0000] {dag.py:3954} INFO - Setting next_dagrun for example_nested_branch_dag to 2026-06-22 00:00:00+00:00, run_after=2026-06-23 00:00:00+00:00
[2026-06-23T03:18:02.186+0000] {processor.py:183} INFO - Processing /home/airflow/.local/lib/python3.12/site-packages/airflow/example_dags/example_nested_branch_dag.py took 0.140 seconds
[2026-06-23T03:18:32.835+0000] {processor.py:161} INFO - Started process (PID=7681) to work on /home/airflow/.local/lib/python3.12/site-packages/airflow/example_dags/example_nested_branch_dag.py
[2026-06-23T03:18:32.837+0000] {processor.py:830} INFO - Processing file /home/airflow/.local/lib/python3.12/site-packages/airflow/example_dags/example_nested_branch_dag.py for tasks to queue
[2026-06-23T03:18:32.840+0000] {logging_mixin.py:188} INFO - [2026-06-23T03:18:32.839+0000] {dagbag.py:545} INFO - Filling up the DagBag from /home/airflow/.local/lib/python3.12/site-packages/airflow/example_dags/example_nested_branch_dag.py
[2026-06-23T03:18:32.854+0000] {processor.py:840} INFO - DAG(s) 'example_nested_branch_dag' retrieved from /home/airflow/.local/lib/python3.12/site-packages/airflow/example_dags/example_nested_branch_dag.py
[2026-06-23T03:18:32.898+0000] {logging_mixin.py:188} INFO - [2026-06-23T03:18:32.897+0000] {dag.py:3096} INFO - Sync 1 DAGs
[2026-06-23T03:18:32.939+0000] {logging_mixin.py:188} INFO - [2026-06-23T03:18:32.939+0000] {dag.py:3954} INFO - Setting next_dagrun for example_nested_branch_dag to 2026-06-22 00:00:00+00:00, run_after=2026-06-23 00:00:00+00:00
[2026-06-23T03:18:32.974+0000] {processor.py:183} INFO - Processing /home/airflow/.local/lib/python3.12/site-packages/airflow/example_dags/example_nested_branch_dag.py took 0.148 seconds
[2026-06-23T03:19:03.457+0000] {processor.py:161} INFO - Started process (PID=7950) to work on /home/airflow/.local/lib/python3.12/site-packages/airflow/example_dags/example_nested_branch_dag.py
[2026-06-23T03:19:03.459+0000] {processor.py:830} INFO - Processing file /home/airflow/.local/lib/python3.12/site-packages/airflow/example_dags/example_nested_branch_dag.py for tasks to queue
[2026-06-23T03:19:03.463+0000] {logging_mixin.py:188} INFO - [2026-06-23T03:19:03.462+0000] {dagbag.py:545} INFO - Filling up the DagBag from /home/airflow/.local/lib/python3.12/site-packages/airflow/example_dags/example_nested_branch_dag.py
[2026-06-23T03:19:03.484+0000] {processor.py:840} INFO - DAG(s) 'example_nested_branch_dag' retrieved from /home/airflow/.local/lib/python3.12/site-packages/airflow/example_dags/example_nested_branch_dag.py
[2026-06-23T03:19:03.520+0000] {logging_mixin.py:188} INFO - [2026-06-23T03:19:03.520+0000] {dag.py:3096} INFO - Sync 1 DAGs
[2026-06-23T03:19:03.553+0000] {logging_mixin.py:188} INFO - [2026-06-23T03:19:03.553+0000] {dag.py:3954} INFO - Setting next_dagrun for example_nested_branch_dag to 2026-06-22 00:00:00+00:00, run_after=2026-06-23 00:00:00+00:00
[2026-06-23T03:19:03.586+0000] {processor.py:183} INFO - Processing /home/airflow/.local/lib/python3.12/site-packages/airflow/example_dags/example_nested_branch_dag.py took 0.139 seconds
