[2026-06-23T02:47:01.991+0000] {processor.py:161} INFO - Started process (PID=108) to work on /home/airflow/.local/lib/python3.12/site-packages/airflow/example_dags/example_latest_only.py
[2026-06-23T02:47:01.993+0000] {processor.py:830} INFO - Processing file /home/airflow/.local/lib/python3.12/site-packages/airflow/example_dags/example_latest_only.py for tasks to queue
[2026-06-23T02:47:01.997+0000] {logging_mixin.py:188} INFO - [2026-06-23T02:47:01.996+0000] {dagbag.py:545} INFO - Filling up the DagBag from /home/airflow/.local/lib/python3.12/site-packages/airflow/example_dags/example_latest_only.py
[2026-06-23T02:47:02.008+0000] {processor.py:840} INFO - DAG(s) 'latest_only' retrieved from /home/airflow/.local/lib/python3.12/site-packages/airflow/example_dags/example_latest_only.py
[2026-06-23T02:47:02.184+0000] {logging_mixin.py:188} INFO - [2026-06-23T02:47:02.184+0000] {dag.py:3096} INFO - Sync 1 DAGs
[2026-06-23T02:47:02.215+0000] {logging_mixin.py:188} INFO - [2026-06-23T02:47:02.215+0000] {dag.py:3954} INFO - Setting next_dagrun for latest_only to 2026-06-22 20:00:00+00:00, run_after=2026-06-23 00:00:00+00:00
[2026-06-23T02:47:02.255+0000] {processor.py:183} INFO - Processing /home/airflow/.local/lib/python3.12/site-packages/airflow/example_dags/example_latest_only.py took 0.272 seconds
[2026-06-23T02:47:32.465+0000] {processor.py:161} INFO - Started process (PID=167) to work on /home/airflow/.local/lib/python3.12/site-packages/airflow/example_dags/example_latest_only.py
[2026-06-23T02:47:32.467+0000] {processor.py:830} INFO - Processing file /home/airflow/.local/lib/python3.12/site-packages/airflow/example_dags/example_latest_only.py for tasks to queue
[2026-06-23T02:47:32.471+0000] {logging_mixin.py:188} INFO - [2026-06-23T02:47:32.470+0000] {dagbag.py:545} INFO - Filling up the DagBag from /home/airflow/.local/lib/python3.12/site-packages/airflow/example_dags/example_latest_only.py
[2026-06-23T02:47:32.477+0000] {processor.py:840} INFO - DAG(s) 'latest_only' retrieved from /home/airflow/.local/lib/python3.12/site-packages/airflow/example_dags/example_latest_only.py
[2026-06-23T02:47:32.509+0000] {logging_mixin.py:188} INFO - [2026-06-23T02:47:32.508+0000] {dag.py:3096} INFO - Sync 1 DAGs
[2026-06-23T02:47:32.543+0000] {logging_mixin.py:188} INFO - [2026-06-23T02:47:32.543+0000] {dag.py:3954} INFO - Setting next_dagrun for latest_only to 2026-06-22 20:00:00+00:00, run_after=2026-06-23 00:00:00+00:00
[2026-06-23T02:47:32.576+0000] {processor.py:183} INFO - Processing /home/airflow/.local/lib/python3.12/site-packages/airflow/example_dags/example_latest_only.py took 0.119 seconds
[2026-06-23T02:48:02.736+0000] {processor.py:161} INFO - Started process (PID=226) to work on /home/airflow/.local/lib/python3.12/site-packages/airflow/example_dags/example_latest_only.py
[2026-06-23T02:48:02.738+0000] {processor.py:830} INFO - Processing file /home/airflow/.local/lib/python3.12/site-packages/airflow/example_dags/example_latest_only.py for tasks to queue
[2026-06-23T02:48:02.741+0000] {logging_mixin.py:188} INFO - [2026-06-23T02:48:02.741+0000] {dagbag.py:545} INFO - Filling up the DagBag from /home/airflow/.local/lib/python3.12/site-packages/airflow/example_dags/example_latest_only.py
[2026-06-23T02:48:02.749+0000] {processor.py:840} INFO - DAG(s) 'latest_only' retrieved from /home/airflow/.local/lib/python3.12/site-packages/airflow/example_dags/example_latest_only.py
[2026-06-23T02:48:02.780+0000] {logging_mixin.py:188} INFO - [2026-06-23T02:48:02.780+0000] {dag.py:3096} INFO - Sync 1 DAGs
[2026-06-23T02:48:02.809+0000] {logging_mixin.py:188} INFO - [2026-06-23T02:48:02.808+0000] {dag.py:3954} INFO - Setting next_dagrun for latest_only to 2026-06-22 20:00:00+00:00, run_after=2026-06-23 00:00:00+00:00
[2026-06-23T02:48:02.846+0000] {processor.py:183} INFO - Processing /home/airflow/.local/lib/python3.12/site-packages/airflow/example_dags/example_latest_only.py took 0.120 seconds
[2026-06-23T02:48:33.713+0000] {processor.py:161} INFO - Started process (PID=285) to work on /home/airflow/.local/lib/python3.12/site-packages/airflow/example_dags/example_latest_only.py
[2026-06-23T02:48:33.716+0000] {processor.py:830} INFO - Processing file /home/airflow/.local/lib/python3.12/site-packages/airflow/example_dags/example_latest_only.py for tasks to queue
[2026-06-23T02:48:33.721+0000] {logging_mixin.py:188} INFO - [2026-06-23T02:48:33.720+0000] {dagbag.py:545} INFO - Filling up the DagBag from /home/airflow/.local/lib/python3.12/site-packages/airflow/example_dags/example_latest_only.py
[2026-06-23T02:48:33.730+0000] {processor.py:840} INFO - DAG(s) 'latest_only' retrieved from /home/airflow/.local/lib/python3.12/site-packages/airflow/example_dags/example_latest_only.py
[2026-06-23T02:48:33.773+0000] {logging_mixin.py:188} INFO - [2026-06-23T02:48:33.772+0000] {dag.py:3096} INFO - Sync 1 DAGs
[2026-06-23T02:48:33.816+0000] {logging_mixin.py:188} INFO - [2026-06-23T02:48:33.815+0000] {dag.py:3954} INFO - Setting next_dagrun for latest_only to 2026-06-22 20:00:00+00:00, run_after=2026-06-23 00:00:00+00:00
[2026-06-23T02:48:33.861+0000] {processor.py:183} INFO - Processing /home/airflow/.local/lib/python3.12/site-packages/airflow/example_dags/example_latest_only.py took 0.159 seconds
[2026-06-23T02:49:04.722+0000] {processor.py:161} INFO - Started process (PID=345) to work on /home/airflow/.local/lib/python3.12/site-packages/airflow/example_dags/example_latest_only.py
[2026-06-23T02:49:04.724+0000] {processor.py:830} INFO - Processing file /home/airflow/.local/lib/python3.12/site-packages/airflow/example_dags/example_latest_only.py for tasks to queue
[2026-06-23T02:49:04.728+0000] {logging_mixin.py:188} INFO - [2026-06-23T02:49:04.727+0000] {dagbag.py:545} INFO - Filling up the DagBag from /home/airflow/.local/lib/python3.12/site-packages/airflow/example_dags/example_latest_only.py
[2026-06-23T02:49:04.735+0000] {processor.py:840} INFO - DAG(s) 'latest_only' retrieved from /home/airflow/.local/lib/python3.12/site-packages/airflow/example_dags/example_latest_only.py
[2026-06-23T02:49:04.773+0000] {logging_mixin.py:188} INFO - [2026-06-23T02:49:04.772+0000] {dag.py:3096} INFO - Sync 1 DAGs
[2026-06-23T02:49:04.808+0000] {logging_mixin.py:188} INFO - [2026-06-23T02:49:04.808+0000] {dag.py:3954} INFO - Setting next_dagrun for latest_only to 2026-06-22 20:00:00+00:00, run_after=2026-06-23 00:00:00+00:00
[2026-06-23T02:49:04.846+0000] {processor.py:183} INFO - Processing /home/airflow/.local/lib/python3.12/site-packages/airflow/example_dags/example_latest_only.py took 0.132 seconds
[2026-06-23T02:49:34.982+0000] {processor.py:161} INFO - Started process (PID=404) to work on /home/airflow/.local/lib/python3.12/site-packages/airflow/example_dags/example_latest_only.py
[2026-06-23T02:49:34.985+0000] {processor.py:830} INFO - Processing file /home/airflow/.local/lib/python3.12/site-packages/airflow/example_dags/example_latest_only.py for tasks to queue
[2026-06-23T02:49:34.988+0000] {logging_mixin.py:188} INFO - [2026-06-23T02:49:34.988+0000] {dagbag.py:545} INFO - Filling up the DagBag from /home/airflow/.local/lib/python3.12/site-packages/airflow/example_dags/example_latest_only.py
[2026-06-23T02:49:34.995+0000] {processor.py:840} INFO - DAG(s) 'latest_only' retrieved from /home/airflow/.local/lib/python3.12/site-packages/airflow/example_dags/example_latest_only.py
[2026-06-23T02:49:35.035+0000] {logging_mixin.py:188} INFO - [2026-06-23T02:49:35.035+0000] {dag.py:3096} INFO - Sync 1 DAGs
[2026-06-23T02:49:35.083+0000] {logging_mixin.py:188} INFO - [2026-06-23T02:49:35.083+0000] {dag.py:3954} INFO - Setting next_dagrun for latest_only to 2026-06-22 20:00:00+00:00, run_after=2026-06-23 00:00:00+00:00
[2026-06-23T02:49:35.119+0000] {processor.py:183} INFO - Processing /home/airflow/.local/lib/python3.12/site-packages/airflow/example_dags/example_latest_only.py took 0.146 seconds
[2026-06-23T02:50:05.254+0000] {processor.py:161} INFO - Started process (PID=465) to work on /home/airflow/.local/lib/python3.12/site-packages/airflow/example_dags/example_latest_only.py
[2026-06-23T02:50:05.256+0000] {processor.py:830} INFO - Processing file /home/airflow/.local/lib/python3.12/site-packages/airflow/example_dags/example_latest_only.py for tasks to queue
[2026-06-23T02:50:05.260+0000] {logging_mixin.py:188} INFO - [2026-06-23T02:50:05.259+0000] {dagbag.py:545} INFO - Filling up the DagBag from /home/airflow/.local/lib/python3.12/site-packages/airflow/example_dags/example_latest_only.py
[2026-06-23T02:50:05.267+0000] {processor.py:840} INFO - DAG(s) 'latest_only' retrieved from /home/airflow/.local/lib/python3.12/site-packages/airflow/example_dags/example_latest_only.py
[2026-06-23T02:50:05.302+0000] {logging_mixin.py:188} INFO - [2026-06-23T02:50:05.301+0000] {dag.py:3096} INFO - Sync 1 DAGs
[2026-06-23T02:50:05.336+0000] {logging_mixin.py:188} INFO - [2026-06-23T02:50:05.336+0000] {dag.py:3954} INFO - Setting next_dagrun for latest_only to 2026-06-22 20:00:00+00:00, run_after=2026-06-23 00:00:00+00:00
[2026-06-23T02:50:05.369+0000] {processor.py:183} INFO - Processing /home/airflow/.local/lib/python3.12/site-packages/airflow/example_dags/example_latest_only.py took 0.123 seconds
[2026-06-23T02:50:36.308+0000] {processor.py:161} INFO - Started process (PID=525) to work on /home/airflow/.local/lib/python3.12/site-packages/airflow/example_dags/example_latest_only.py
[2026-06-23T02:50:36.309+0000] {processor.py:830} INFO - Processing file /home/airflow/.local/lib/python3.12/site-packages/airflow/example_dags/example_latest_only.py for tasks to queue
[2026-06-23T02:50:36.313+0000] {logging_mixin.py:188} INFO - [2026-06-23T02:50:36.312+0000] {dagbag.py:545} INFO - Filling up the DagBag from /home/airflow/.local/lib/python3.12/site-packages/airflow/example_dags/example_latest_only.py
[2026-06-23T02:50:36.319+0000] {processor.py:840} INFO - DAG(s) 'latest_only' retrieved from /home/airflow/.local/lib/python3.12/site-packages/airflow/example_dags/example_latest_only.py
[2026-06-23T02:50:36.351+0000] {logging_mixin.py:188} INFO - [2026-06-23T02:50:36.351+0000] {dag.py:3096} INFO - Sync 1 DAGs
[2026-06-23T02:50:36.381+0000] {logging_mixin.py:188} INFO - [2026-06-23T02:50:36.381+0000] {dag.py:3954} INFO - Setting next_dagrun for latest_only to 2026-06-22 20:00:00+00:00, run_after=2026-06-23 00:00:00+00:00
[2026-06-23T02:50:36.416+0000] {processor.py:183} INFO - Processing /home/airflow/.local/lib/python3.12/site-packages/airflow/example_dags/example_latest_only.py took 0.117 seconds
[2026-06-23T02:51:07.294+0000] {processor.py:161} INFO - Started process (PID=585) to work on /home/airflow/.local/lib/python3.12/site-packages/airflow/example_dags/example_latest_only.py
[2026-06-23T02:51:07.297+0000] {processor.py:830} INFO - Processing file /home/airflow/.local/lib/python3.12/site-packages/airflow/example_dags/example_latest_only.py for tasks to queue
[2026-06-23T02:51:07.301+0000] {logging_mixin.py:188} INFO - [2026-06-23T02:51:07.300+0000] {dagbag.py:545} INFO - Filling up the DagBag from /home/airflow/.local/lib/python3.12/site-packages/airflow/example_dags/example_latest_only.py
[2026-06-23T02:51:07.315+0000] {processor.py:840} INFO - DAG(s) 'latest_only' retrieved from /home/airflow/.local/lib/python3.12/site-packages/airflow/example_dags/example_latest_only.py
[2026-06-23T02:51:07.367+0000] {logging_mixin.py:188} INFO - [2026-06-23T02:51:07.367+0000] {dag.py:3096} INFO - Sync 1 DAGs
[2026-06-23T02:51:07.412+0000] {logging_mixin.py:188} INFO - [2026-06-23T02:51:07.411+0000] {dag.py:3954} INFO - Setting next_dagrun for latest_only to 2026-06-22 20:00:00+00:00, run_after=2026-06-23 00:00:00+00:00
[2026-06-23T02:51:07.452+0000] {processor.py:183} INFO - Processing /home/airflow/.local/lib/python3.12/site-packages/airflow/example_dags/example_latest_only.py took 0.170 seconds
[2026-06-23T02:51:37.823+0000] {processor.py:161} INFO - Started process (PID=645) to work on /home/airflow/.local/lib/python3.12/site-packages/airflow/example_dags/example_latest_only.py
[2026-06-23T02:51:37.825+0000] {processor.py:830} INFO - Processing file /home/airflow/.local/lib/python3.12/site-packages/airflow/example_dags/example_latest_only.py for tasks to queue
[2026-06-23T02:51:37.828+0000] {logging_mixin.py:188} INFO - [2026-06-23T02:51:37.828+0000] {dagbag.py:545} INFO - Filling up the DagBag from /home/airflow/.local/lib/python3.12/site-packages/airflow/example_dags/example_latest_only.py
[2026-06-23T02:51:37.835+0000] {processor.py:840} INFO - DAG(s) 'latest_only' retrieved from /home/airflow/.local/lib/python3.12/site-packages/airflow/example_dags/example_latest_only.py
[2026-06-23T02:51:37.887+0000] {logging_mixin.py:188} INFO - [2026-06-23T02:51:37.886+0000] {dag.py:3096} INFO - Sync 1 DAGs
[2026-06-23T02:51:37.937+0000] {logging_mixin.py:188} INFO - [2026-06-23T02:51:37.937+0000] {dag.py:3954} INFO - Setting next_dagrun for latest_only to 2026-06-22 20:00:00+00:00, run_after=2026-06-23 00:00:00+00:00
[2026-06-23T02:51:37.968+0000] {processor.py:183} INFO - Processing /home/airflow/.local/lib/python3.12/site-packages/airflow/example_dags/example_latest_only.py took 0.155 seconds
[2026-06-23T02:52:08.242+0000] {processor.py:161} INFO - Started process (PID=704) to work on /home/airflow/.local/lib/python3.12/site-packages/airflow/example_dags/example_latest_only.py
[2026-06-23T02:52:08.243+0000] {processor.py:830} INFO - Processing file /home/airflow/.local/lib/python3.12/site-packages/airflow/example_dags/example_latest_only.py for tasks to queue
[2026-06-23T02:52:08.246+0000] {logging_mixin.py:188} INFO - [2026-06-23T02:52:08.246+0000] {dagbag.py:545} INFO - Filling up the DagBag from /home/airflow/.local/lib/python3.12/site-packages/airflow/example_dags/example_latest_only.py
[2026-06-23T02:52:08.252+0000] {processor.py:840} INFO - DAG(s) 'latest_only' retrieved from /home/airflow/.local/lib/python3.12/site-packages/airflow/example_dags/example_latest_only.py
[2026-06-23T02:52:08.279+0000] {logging_mixin.py:188} INFO - [2026-06-23T02:52:08.278+0000] {dag.py:3096} INFO - Sync 1 DAGs
[2026-06-23T02:52:08.303+0000] {logging_mixin.py:188} INFO - [2026-06-23T02:52:08.303+0000] {dag.py:3954} INFO - Setting next_dagrun for latest_only to 2026-06-22 20:00:00+00:00, run_after=2026-06-23 00:00:00+00:00
[2026-06-23T02:52:08.333+0000] {processor.py:183} INFO - Processing /home/airflow/.local/lib/python3.12/site-packages/airflow/example_dags/example_latest_only.py took 0.097 seconds
[2026-06-23T02:52:38.879+0000] {processor.py:161} INFO - Started process (PID=763) to work on /home/airflow/.local/lib/python3.12/site-packages/airflow/example_dags/example_latest_only.py
[2026-06-23T02:52:38.880+0000] {processor.py:830} INFO - Processing file /home/airflow/.local/lib/python3.12/site-packages/airflow/example_dags/example_latest_only.py for tasks to queue
[2026-06-23T02:52:38.885+0000] {logging_mixin.py:188} INFO - [2026-06-23T02:52:38.884+0000] {dagbag.py:545} INFO - Filling up the DagBag from /home/airflow/.local/lib/python3.12/site-packages/airflow/example_dags/example_latest_only.py
[2026-06-23T02:52:38.890+0000] {processor.py:840} INFO - DAG(s) 'latest_only' retrieved from /home/airflow/.local/lib/python3.12/site-packages/airflow/example_dags/example_latest_only.py
[2026-06-23T02:52:38.921+0000] {logging_mixin.py:188} INFO - [2026-06-23T02:52:38.921+0000] {dag.py:3096} INFO - Sync 1 DAGs
[2026-06-23T02:52:38.951+0000] {logging_mixin.py:188} INFO - [2026-06-23T02:52:38.951+0000] {dag.py:3954} INFO - Setting next_dagrun for latest_only to 2026-06-22 20:00:00+00:00, run_after=2026-06-23 00:00:00+00:00
[2026-06-23T02:52:38.983+0000] {processor.py:183} INFO - Processing /home/airflow/.local/lib/python3.12/site-packages/airflow/example_dags/example_latest_only.py took 0.111 seconds
[2026-06-23T02:53:09.250+0000] {processor.py:161} INFO - Started process (PID=822) to work on /home/airflow/.local/lib/python3.12/site-packages/airflow/example_dags/example_latest_only.py
[2026-06-23T02:53:09.252+0000] {processor.py:830} INFO - Processing file /home/airflow/.local/lib/python3.12/site-packages/airflow/example_dags/example_latest_only.py for tasks to queue
[2026-06-23T02:53:09.255+0000] {logging_mixin.py:188} INFO - [2026-06-23T02:53:09.255+0000] {dagbag.py:545} INFO - Filling up the DagBag from /home/airflow/.local/lib/python3.12/site-packages/airflow/example_dags/example_latest_only.py
[2026-06-23T02:53:09.260+0000] {processor.py:840} INFO - DAG(s) 'latest_only' retrieved from /home/airflow/.local/lib/python3.12/site-packages/airflow/example_dags/example_latest_only.py
[2026-06-23T02:53:09.289+0000] {logging_mixin.py:188} INFO - [2026-06-23T02:53:09.289+0000] {dag.py:3096} INFO - Sync 1 DAGs
[2026-06-23T02:53:09.317+0000] {logging_mixin.py:188} INFO - [2026-06-23T02:53:09.316+0000] {dag.py:3954} INFO - Setting next_dagrun for latest_only to 2026-06-22 20:00:00+00:00, run_after=2026-06-23 00:00:00+00:00
[2026-06-23T02:53:09.345+0000] {processor.py:183} INFO - Processing /home/airflow/.local/lib/python3.12/site-packages/airflow/example_dags/example_latest_only.py took 0.101 seconds
[2026-06-23T02:53:39.826+0000] {processor.py:161} INFO - Started process (PID=881) to work on /home/airflow/.local/lib/python3.12/site-packages/airflow/example_dags/example_latest_only.py
[2026-06-23T02:53:39.828+0000] {processor.py:830} INFO - Processing file /home/airflow/.local/lib/python3.12/site-packages/airflow/example_dags/example_latest_only.py for tasks to queue
[2026-06-23T02:53:39.831+0000] {logging_mixin.py:188} INFO - [2026-06-23T02:53:39.830+0000] {dagbag.py:545} INFO - Filling up the DagBag from /home/airflow/.local/lib/python3.12/site-packages/airflow/example_dags/example_latest_only.py
[2026-06-23T02:53:39.837+0000] {processor.py:840} INFO - DAG(s) 'latest_only' retrieved from /home/airflow/.local/lib/python3.12/site-packages/airflow/example_dags/example_latest_only.py
[2026-06-23T02:53:39.866+0000] {logging_mixin.py:188} INFO - [2026-06-23T02:53:39.865+0000] {dag.py:3096} INFO - Sync 1 DAGs
[2026-06-23T02:53:39.891+0000] {logging_mixin.py:188} INFO - [2026-06-23T02:53:39.890+0000] {dag.py:3954} INFO - Setting next_dagrun for latest_only to 2026-06-22 20:00:00+00:00, run_after=2026-06-23 00:00:00+00:00
[2026-06-23T02:53:39.919+0000] {processor.py:183} INFO - Processing /home/airflow/.local/lib/python3.12/site-packages/airflow/example_dags/example_latest_only.py took 0.099 seconds
[2026-06-23T02:54:10.048+0000] {processor.py:161} INFO - Started process (PID=940) to work on /home/airflow/.local/lib/python3.12/site-packages/airflow/example_dags/example_latest_only.py
[2026-06-23T02:54:10.050+0000] {processor.py:830} INFO - Processing file /home/airflow/.local/lib/python3.12/site-packages/airflow/example_dags/example_latest_only.py for tasks to queue
[2026-06-23T02:54:10.053+0000] {logging_mixin.py:188} INFO - [2026-06-23T02:54:10.053+0000] {dagbag.py:545} INFO - Filling up the DagBag from /home/airflow/.local/lib/python3.12/site-packages/airflow/example_dags/example_latest_only.py
[2026-06-23T02:54:10.060+0000] {processor.py:840} INFO - DAG(s) 'latest_only' retrieved from /home/airflow/.local/lib/python3.12/site-packages/airflow/example_dags/example_latest_only.py
[2026-06-23T02:54:10.089+0000] {logging_mixin.py:188} INFO - [2026-06-23T02:54:10.089+0000] {dag.py:3096} INFO - Sync 1 DAGs
[2026-06-23T02:54:10.118+0000] {logging_mixin.py:188} INFO - [2026-06-23T02:54:10.118+0000] {dag.py:3954} INFO - Setting next_dagrun for latest_only to 2026-06-22 20:00:00+00:00, run_after=2026-06-23 00:00:00+00:00
[2026-06-23T02:54:10.149+0000] {processor.py:183} INFO - Processing /home/airflow/.local/lib/python3.12/site-packages/airflow/example_dags/example_latest_only.py took 0.108 seconds
[2026-06-23T02:54:40.498+0000] {processor.py:161} INFO - Started process (PID=1001) to work on /home/airflow/.local/lib/python3.12/site-packages/airflow/example_dags/example_latest_only.py
[2026-06-23T02:54:40.500+0000] {processor.py:830} INFO - Processing file /home/airflow/.local/lib/python3.12/site-packages/airflow/example_dags/example_latest_only.py for tasks to queue
[2026-06-23T02:54:40.502+0000] {logging_mixin.py:188} INFO - [2026-06-23T02:54:40.502+0000] {dagbag.py:545} INFO - Filling up the DagBag from /home/airflow/.local/lib/python3.12/site-packages/airflow/example_dags/example_latest_only.py
[2026-06-23T02:54:40.509+0000] {processor.py:840} INFO - DAG(s) 'latest_only' retrieved from /home/airflow/.local/lib/python3.12/site-packages/airflow/example_dags/example_latest_only.py
[2026-06-23T02:54:40.538+0000] {logging_mixin.py:188} INFO - [2026-06-23T02:54:40.538+0000] {dag.py:3096} INFO - Sync 1 DAGs
[2026-06-23T02:54:40.567+0000] {logging_mixin.py:188} INFO - [2026-06-23T02:54:40.567+0000] {dag.py:3954} INFO - Setting next_dagrun for latest_only to 2026-06-22 20:00:00+00:00, run_after=2026-06-23 00:00:00+00:00
[2026-06-23T02:54:40.599+0000] {processor.py:183} INFO - Processing /home/airflow/.local/lib/python3.12/site-packages/airflow/example_dags/example_latest_only.py took 0.108 seconds
[2026-06-23T02:55:11.513+0000] {processor.py:161} INFO - Started process (PID=1060) to work on /home/airflow/.local/lib/python3.12/site-packages/airflow/example_dags/example_latest_only.py
[2026-06-23T02:55:11.516+0000] {processor.py:830} INFO - Processing file /home/airflow/.local/lib/python3.12/site-packages/airflow/example_dags/example_latest_only.py for tasks to queue
[2026-06-23T02:55:11.519+0000] {logging_mixin.py:188} INFO - [2026-06-23T02:55:11.518+0000] {dagbag.py:545} INFO - Filling up the DagBag from /home/airflow/.local/lib/python3.12/site-packages/airflow/example_dags/example_latest_only.py
[2026-06-23T02:55:11.526+0000] {processor.py:840} INFO - DAG(s) 'latest_only' retrieved from /home/airflow/.local/lib/python3.12/site-packages/airflow/example_dags/example_latest_only.py
[2026-06-23T02:55:11.558+0000] {logging_mixin.py:188} INFO - [2026-06-23T02:55:11.558+0000] {dag.py:3096} INFO - Sync 1 DAGs
[2026-06-23T02:55:11.589+0000] {logging_mixin.py:188} INFO - [2026-06-23T02:55:11.588+0000] {dag.py:3954} INFO - Setting next_dagrun for latest_only to 2026-06-22 20:00:00+00:00, run_after=2026-06-23 00:00:00+00:00
[2026-06-23T02:55:11.624+0000] {processor.py:183} INFO - Processing /home/airflow/.local/lib/python3.12/site-packages/airflow/example_dags/example_latest_only.py took 0.118 seconds
[2026-06-23T02:55:42.166+0000] {processor.py:161} INFO - Started process (PID=1120) to work on /home/airflow/.local/lib/python3.12/site-packages/airflow/example_dags/example_latest_only.py
[2026-06-23T02:55:42.168+0000] {processor.py:830} INFO - Processing file /home/airflow/.local/lib/python3.12/site-packages/airflow/example_dags/example_latest_only.py for tasks to queue
[2026-06-23T02:55:42.171+0000] {logging_mixin.py:188} INFO - [2026-06-23T02:55:42.171+0000] {dagbag.py:545} INFO - Filling up the DagBag from /home/airflow/.local/lib/python3.12/site-packages/airflow/example_dags/example_latest_only.py
[2026-06-23T02:55:42.178+0000] {processor.py:840} INFO - DAG(s) 'latest_only' retrieved from /home/airflow/.local/lib/python3.12/site-packages/airflow/example_dags/example_latest_only.py
[2026-06-23T02:55:42.208+0000] {logging_mixin.py:188} INFO - [2026-06-23T02:55:42.208+0000] {dag.py:3096} INFO - Sync 1 DAGs
[2026-06-23T02:55:42.237+0000] {logging_mixin.py:188} INFO - [2026-06-23T02:55:42.237+0000] {dag.py:3954} INFO - Setting next_dagrun for latest_only to 2026-06-22 20:00:00+00:00, run_after=2026-06-23 00:00:00+00:00
[2026-06-23T02:55:42.268+0000] {processor.py:183} INFO - Processing /home/airflow/.local/lib/python3.12/site-packages/airflow/example_dags/example_latest_only.py took 0.110 seconds
[2026-06-23T02:56:13.203+0000] {processor.py:161} INFO - Started process (PID=1179) to work on /home/airflow/.local/lib/python3.12/site-packages/airflow/example_dags/example_latest_only.py
[2026-06-23T02:56:13.205+0000] {processor.py:830} INFO - Processing file /home/airflow/.local/lib/python3.12/site-packages/airflow/example_dags/example_latest_only.py for tasks to queue
[2026-06-23T02:56:13.209+0000] {logging_mixin.py:188} INFO - [2026-06-23T02:56:13.208+0000] {dagbag.py:545} INFO - Filling up the DagBag from /home/airflow/.local/lib/python3.12/site-packages/airflow/example_dags/example_latest_only.py
[2026-06-23T02:56:13.216+0000] {processor.py:840} INFO - DAG(s) 'latest_only' retrieved from /home/airflow/.local/lib/python3.12/site-packages/airflow/example_dags/example_latest_only.py
[2026-06-23T02:56:13.251+0000] {logging_mixin.py:188} INFO - [2026-06-23T02:56:13.251+0000] {dag.py:3096} INFO - Sync 1 DAGs
[2026-06-23T02:56:13.282+0000] {logging_mixin.py:188} INFO - [2026-06-23T02:56:13.282+0000] {dag.py:3954} INFO - Setting next_dagrun for latest_only to 2026-06-22 20:00:00+00:00, run_after=2026-06-23 00:00:00+00:00
[2026-06-23T02:56:13.315+0000] {processor.py:183} INFO - Processing /home/airflow/.local/lib/python3.12/site-packages/airflow/example_dags/example_latest_only.py took 0.120 seconds
[2026-06-23T02:56:43.669+0000] {processor.py:161} INFO - Started process (PID=1239) to work on /home/airflow/.local/lib/python3.12/site-packages/airflow/example_dags/example_latest_only.py
[2026-06-23T02:56:43.671+0000] {processor.py:830} INFO - Processing file /home/airflow/.local/lib/python3.12/site-packages/airflow/example_dags/example_latest_only.py for tasks to queue
[2026-06-23T02:56:43.675+0000] {logging_mixin.py:188} INFO - [2026-06-23T02:56:43.674+0000] {dagbag.py:545} INFO - Filling up the DagBag from /home/airflow/.local/lib/python3.12/site-packages/airflow/example_dags/example_latest_only.py
[2026-06-23T02:56:43.683+0000] {processor.py:840} INFO - DAG(s) 'latest_only' retrieved from /home/airflow/.local/lib/python3.12/site-packages/airflow/example_dags/example_latest_only.py
[2026-06-23T02:56:43.716+0000] {logging_mixin.py:188} INFO - [2026-06-23T02:56:43.716+0000] {dag.py:3096} INFO - Sync 1 DAGs
[2026-06-23T02:56:43.748+0000] {logging_mixin.py:188} INFO - [2026-06-23T02:56:43.748+0000] {dag.py:3954} INFO - Setting next_dagrun for latest_only to 2026-06-22 20:00:00+00:00, run_after=2026-06-23 00:00:00+00:00
[2026-06-23T02:56:43.780+0000] {processor.py:183} INFO - Processing /home/airflow/.local/lib/python3.12/site-packages/airflow/example_dags/example_latest_only.py took 0.119 seconds
[2026-06-23T02:57:14.641+0000] {processor.py:161} INFO - Started process (PID=1298) to work on /home/airflow/.local/lib/python3.12/site-packages/airflow/example_dags/example_latest_only.py
[2026-06-23T02:57:14.644+0000] {processor.py:830} INFO - Processing file /home/airflow/.local/lib/python3.12/site-packages/airflow/example_dags/example_latest_only.py for tasks to queue
[2026-06-23T02:57:14.651+0000] {logging_mixin.py:188} INFO - [2026-06-23T02:57:14.650+0000] {dagbag.py:545} INFO - Filling up the DagBag from /home/airflow/.local/lib/python3.12/site-packages/airflow/example_dags/example_latest_only.py
[2026-06-23T02:57:14.666+0000] {processor.py:840} INFO - DAG(s) 'latest_only' retrieved from /home/airflow/.local/lib/python3.12/site-packages/airflow/example_dags/example_latest_only.py
[2026-06-23T02:57:14.731+0000] {logging_mixin.py:188} INFO - [2026-06-23T02:57:14.730+0000] {dag.py:3096} INFO - Sync 1 DAGs
[2026-06-23T02:57:14.795+0000] {logging_mixin.py:188} INFO - [2026-06-23T02:57:14.794+0000] {dag.py:3954} INFO - Setting next_dagrun for latest_only to 2026-06-22 20:00:00+00:00, run_after=2026-06-23 00:00:00+00:00
[2026-06-23T02:57:14.856+0000] {processor.py:183} INFO - Processing /home/airflow/.local/lib/python3.12/site-packages/airflow/example_dags/example_latest_only.py took 0.232 seconds
[2026-06-23T02:57:45.880+0000] {processor.py:161} INFO - Started process (PID=1357) to work on /home/airflow/.local/lib/python3.12/site-packages/airflow/example_dags/example_latest_only.py
[2026-06-23T02:57:45.882+0000] {processor.py:830} INFO - Processing file /home/airflow/.local/lib/python3.12/site-packages/airflow/example_dags/example_latest_only.py for tasks to queue
[2026-06-23T02:57:45.885+0000] {logging_mixin.py:188} INFO - [2026-06-23T02:57:45.885+0000] {dagbag.py:545} INFO - Filling up the DagBag from /home/airflow/.local/lib/python3.12/site-packages/airflow/example_dags/example_latest_only.py
[2026-06-23T02:57:45.892+0000] {processor.py:840} INFO - DAG(s) 'latest_only' retrieved from /home/airflow/.local/lib/python3.12/site-packages/airflow/example_dags/example_latest_only.py
[2026-06-23T02:57:45.922+0000] {logging_mixin.py:188} INFO - [2026-06-23T02:57:45.921+0000] {dag.py:3096} INFO - Sync 1 DAGs
[2026-06-23T02:57:45.957+0000] {logging_mixin.py:188} INFO - [2026-06-23T02:57:45.956+0000] {dag.py:3954} INFO - Setting next_dagrun for latest_only to 2026-06-22 20:00:00+00:00, run_after=2026-06-23 00:00:00+00:00
[2026-06-23T02:57:45.990+0000] {processor.py:183} INFO - Processing /home/airflow/.local/lib/python3.12/site-packages/airflow/example_dags/example_latest_only.py took 0.116 seconds
[2026-06-23T02:58:54.672+0000] {processor.py:161} INFO - Started process (PID=1414) to work on /home/airflow/.local/lib/python3.12/site-packages/airflow/example_dags/example_latest_only.py
[2026-06-23T02:58:54.674+0000] {processor.py:830} INFO - Processing file /home/airflow/.local/lib/python3.12/site-packages/airflow/example_dags/example_latest_only.py for tasks to queue
[2026-06-23T02:58:54.678+0000] {logging_mixin.py:188} INFO - [2026-06-23T02:58:54.677+0000] {dagbag.py:545} INFO - Filling up the DagBag from /home/airflow/.local/lib/python3.12/site-packages/airflow/example_dags/example_latest_only.py
[2026-06-23T02:58:54.684+0000] {processor.py:840} INFO - DAG(s) 'latest_only' retrieved from /home/airflow/.local/lib/python3.12/site-packages/airflow/example_dags/example_latest_only.py
[2026-06-23T02:58:54.715+0000] {logging_mixin.py:188} INFO - [2026-06-23T02:58:54.714+0000] {dag.py:3096} INFO - Sync 1 DAGs
[2026-06-23T02:58:54.744+0000] {logging_mixin.py:188} INFO - [2026-06-23T02:58:54.744+0000] {dag.py:3954} INFO - Setting next_dagrun for latest_only to 2026-06-22 20:00:00+00:00, run_after=2026-06-23 00:00:00+00:00
[2026-06-23T02:58:54.955+0000] {processor.py:183} INFO - Processing /home/airflow/.local/lib/python3.12/site-packages/airflow/example_dags/example_latest_only.py took 0.291 seconds
[2026-06-23T02:59:25.441+0000] {processor.py:161} INFO - Started process (PID=1473) to work on /home/airflow/.local/lib/python3.12/site-packages/airflow/example_dags/example_latest_only.py
[2026-06-23T02:59:25.443+0000] {processor.py:830} INFO - Processing file /home/airflow/.local/lib/python3.12/site-packages/airflow/example_dags/example_latest_only.py for tasks to queue
[2026-06-23T02:59:25.447+0000] {logging_mixin.py:188} INFO - [2026-06-23T02:59:25.446+0000] {dagbag.py:545} INFO - Filling up the DagBag from /home/airflow/.local/lib/python3.12/site-packages/airflow/example_dags/example_latest_only.py
[2026-06-23T02:59:25.454+0000] {processor.py:840} INFO - DAG(s) 'latest_only' retrieved from /home/airflow/.local/lib/python3.12/site-packages/airflow/example_dags/example_latest_only.py
[2026-06-23T02:59:25.488+0000] {logging_mixin.py:188} INFO - [2026-06-23T02:59:25.488+0000] {dag.py:3096} INFO - Sync 1 DAGs
[2026-06-23T02:59:25.532+0000] {logging_mixin.py:188} INFO - [2026-06-23T02:59:25.532+0000] {dag.py:3954} INFO - Setting next_dagrun for latest_only to 2026-06-22 20:00:00+00:00, run_after=2026-06-23 00:00:00+00:00
[2026-06-23T02:59:25.571+0000] {processor.py:183} INFO - Processing /home/airflow/.local/lib/python3.12/site-packages/airflow/example_dags/example_latest_only.py took 0.137 seconds
[2026-06-23T02:59:57.530+0000] {processor.py:161} INFO - Started process (PID=1532) to work on /home/airflow/.local/lib/python3.12/site-packages/airflow/example_dags/example_latest_only.py
[2026-06-23T02:59:57.531+0000] {processor.py:830} INFO - Processing file /home/airflow/.local/lib/python3.12/site-packages/airflow/example_dags/example_latest_only.py for tasks to queue
[2026-06-23T02:59:57.534+0000] {logging_mixin.py:188} INFO - [2026-06-23T02:59:57.534+0000] {dagbag.py:545} INFO - Filling up the DagBag from /home/airflow/.local/lib/python3.12/site-packages/airflow/example_dags/example_latest_only.py
[2026-06-23T02:59:57.541+0000] {processor.py:840} INFO - DAG(s) 'latest_only' retrieved from /home/airflow/.local/lib/python3.12/site-packages/airflow/example_dags/example_latest_only.py
[2026-06-23T02:59:57.572+0000] {logging_mixin.py:188} INFO - [2026-06-23T02:59:57.572+0000] {dag.py:3096} INFO - Sync 1 DAGs
[2026-06-23T02:59:57.604+0000] {logging_mixin.py:188} INFO - [2026-06-23T02:59:57.604+0000] {dag.py:3954} INFO - Setting next_dagrun for latest_only to 2026-06-22 20:00:00+00:00, run_after=2026-06-23 00:00:00+00:00
[2026-06-23T02:59:57.633+0000] {processor.py:183} INFO - Processing /home/airflow/.local/lib/python3.12/site-packages/airflow/example_dags/example_latest_only.py took 0.110 seconds
[2026-06-23T03:00:28.256+0000] {processor.py:161} INFO - Started process (PID=1591) to work on /home/airflow/.local/lib/python3.12/site-packages/airflow/example_dags/example_latest_only.py
[2026-06-23T03:00:28.258+0000] {processor.py:830} INFO - Processing file /home/airflow/.local/lib/python3.12/site-packages/airflow/example_dags/example_latest_only.py for tasks to queue
[2026-06-23T03:00:28.261+0000] {logging_mixin.py:188} INFO - [2026-06-23T03:00:28.260+0000] {dagbag.py:545} INFO - Filling up the DagBag from /home/airflow/.local/lib/python3.12/site-packages/airflow/example_dags/example_latest_only.py
[2026-06-23T03:00:28.266+0000] {processor.py:840} INFO - DAG(s) 'latest_only' retrieved from /home/airflow/.local/lib/python3.12/site-packages/airflow/example_dags/example_latest_only.py
[2026-06-23T03:00:28.296+0000] {logging_mixin.py:188} INFO - [2026-06-23T03:00:28.296+0000] {dag.py:3096} INFO - Sync 1 DAGs
[2026-06-23T03:00:28.323+0000] {logging_mixin.py:188} INFO - [2026-06-23T03:00:28.323+0000] {dag.py:3954} INFO - Setting next_dagrun for latest_only to 2026-06-22 20:00:00+00:00, run_after=2026-06-23 00:00:00+00:00
[2026-06-23T03:00:28.355+0000] {processor.py:183} INFO - Processing /home/airflow/.local/lib/python3.12/site-packages/airflow/example_dags/example_latest_only.py took 0.106 seconds
[2026-06-23T03:00:58.913+0000] {processor.py:161} INFO - Started process (PID=1650) to work on /home/airflow/.local/lib/python3.12/site-packages/airflow/example_dags/example_latest_only.py
[2026-06-23T03:00:58.917+0000] {processor.py:830} INFO - Processing file /home/airflow/.local/lib/python3.12/site-packages/airflow/example_dags/example_latest_only.py for tasks to queue
[2026-06-23T03:00:58.921+0000] {logging_mixin.py:188} INFO - [2026-06-23T03:00:58.920+0000] {dagbag.py:545} INFO - Filling up the DagBag from /home/airflow/.local/lib/python3.12/site-packages/airflow/example_dags/example_latest_only.py
[2026-06-23T03:00:58.929+0000] {processor.py:840} INFO - DAG(s) 'latest_only' retrieved from /home/airflow/.local/lib/python3.12/site-packages/airflow/example_dags/example_latest_only.py
[2026-06-23T03:00:58.960+0000] {logging_mixin.py:188} INFO - [2026-06-23T03:00:58.960+0000] {dag.py:3096} INFO - Sync 1 DAGs
[2026-06-23T03:00:58.993+0000] {logging_mixin.py:188} INFO - [2026-06-23T03:00:58.993+0000] {dag.py:3954} INFO - Setting next_dagrun for latest_only to 2026-06-22 20:00:00+00:00, run_after=2026-06-23 00:00:00+00:00
[2026-06-23T03:00:59.024+0000] {processor.py:183} INFO - Processing /home/airflow/.local/lib/python3.12/site-packages/airflow/example_dags/example_latest_only.py took 0.123 seconds
[2026-06-23T03:01:30.227+0000] {processor.py:161} INFO - Started process (PID=1709) to work on /home/airflow/.local/lib/python3.12/site-packages/airflow/example_dags/example_latest_only.py
[2026-06-23T03:01:30.229+0000] {processor.py:830} INFO - Processing file /home/airflow/.local/lib/python3.12/site-packages/airflow/example_dags/example_latest_only.py for tasks to queue
[2026-06-23T03:01:30.232+0000] {logging_mixin.py:188} INFO - [2026-06-23T03:01:30.231+0000] {dagbag.py:545} INFO - Filling up the DagBag from /home/airflow/.local/lib/python3.12/site-packages/airflow/example_dags/example_latest_only.py
[2026-06-23T03:01:30.239+0000] {processor.py:840} INFO - DAG(s) 'latest_only' retrieved from /home/airflow/.local/lib/python3.12/site-packages/airflow/example_dags/example_latest_only.py
[2026-06-23T03:01:30.271+0000] {logging_mixin.py:188} INFO - [2026-06-23T03:01:30.271+0000] {dag.py:3096} INFO - Sync 1 DAGs
[2026-06-23T03:01:30.300+0000] {logging_mixin.py:188} INFO - [2026-06-23T03:01:30.300+0000] {dag.py:3954} INFO - Setting next_dagrun for latest_only to 2026-06-22 20:00:00+00:00, run_after=2026-06-23 00:00:00+00:00
[2026-06-23T03:01:30.332+0000] {processor.py:183} INFO - Processing /home/airflow/.local/lib/python3.12/site-packages/airflow/example_dags/example_latest_only.py took 0.114 seconds
[2026-06-23T03:02:00.452+0000] {processor.py:161} INFO - Started process (PID=1768) to work on /home/airflow/.local/lib/python3.12/site-packages/airflow/example_dags/example_latest_only.py
[2026-06-23T03:02:00.454+0000] {processor.py:830} INFO - Processing file /home/airflow/.local/lib/python3.12/site-packages/airflow/example_dags/example_latest_only.py for tasks to queue
[2026-06-23T03:02:00.457+0000] {logging_mixin.py:188} INFO - [2026-06-23T03:02:00.457+0000] {dagbag.py:545} INFO - Filling up the DagBag from /home/airflow/.local/lib/python3.12/site-packages/airflow/example_dags/example_latest_only.py
[2026-06-23T03:02:00.465+0000] {processor.py:840} INFO - DAG(s) 'latest_only' retrieved from /home/airflow/.local/lib/python3.12/site-packages/airflow/example_dags/example_latest_only.py
[2026-06-23T03:02:00.492+0000] {logging_mixin.py:188} INFO - [2026-06-23T03:02:00.492+0000] {dag.py:3096} INFO - Sync 1 DAGs
[2026-06-23T03:02:00.520+0000] {logging_mixin.py:188} INFO - [2026-06-23T03:02:00.519+0000] {dag.py:3954} INFO - Setting next_dagrun for latest_only to 2026-06-22 20:00:00+00:00, run_after=2026-06-23 00:00:00+00:00
[2026-06-23T03:02:00.548+0000] {processor.py:183} INFO - Processing /home/airflow/.local/lib/python3.12/site-packages/airflow/example_dags/example_latest_only.py took 0.102 seconds
[2026-06-23T03:02:30.651+0000] {processor.py:161} INFO - Started process (PID=1827) to work on /home/airflow/.local/lib/python3.12/site-packages/airflow/example_dags/example_latest_only.py
[2026-06-23T03:02:30.653+0000] {processor.py:830} INFO - Processing file /home/airflow/.local/lib/python3.12/site-packages/airflow/example_dags/example_latest_only.py for tasks to queue
[2026-06-23T03:02:30.656+0000] {logging_mixin.py:188} INFO - [2026-06-23T03:02:30.656+0000] {dagbag.py:545} INFO - Filling up the DagBag from /home/airflow/.local/lib/python3.12/site-packages/airflow/example_dags/example_latest_only.py
[2026-06-23T03:02:30.662+0000] {processor.py:840} INFO - DAG(s) 'latest_only' retrieved from /home/airflow/.local/lib/python3.12/site-packages/airflow/example_dags/example_latest_only.py
[2026-06-23T03:02:30.691+0000] {logging_mixin.py:188} INFO - [2026-06-23T03:02:30.691+0000] {dag.py:3096} INFO - Sync 1 DAGs
[2026-06-23T03:02:30.722+0000] {logging_mixin.py:188} INFO - [2026-06-23T03:02:30.722+0000] {dag.py:3954} INFO - Setting next_dagrun for latest_only to 2026-06-22 20:00:00+00:00, run_after=2026-06-23 00:00:00+00:00
[2026-06-23T03:02:30.752+0000] {processor.py:183} INFO - Processing /home/airflow/.local/lib/python3.12/site-packages/airflow/example_dags/example_latest_only.py took 0.109 seconds
[2026-06-23T03:03:01.651+0000] {processor.py:161} INFO - Started process (PID=1886) to work on /home/airflow/.local/lib/python3.12/site-packages/airflow/example_dags/example_latest_only.py
[2026-06-23T03:03:01.653+0000] {processor.py:830} INFO - Processing file /home/airflow/.local/lib/python3.12/site-packages/airflow/example_dags/example_latest_only.py for tasks to queue
[2026-06-23T03:03:01.656+0000] {logging_mixin.py:188} INFO - [2026-06-23T03:03:01.655+0000] {dagbag.py:545} INFO - Filling up the DagBag from /home/airflow/.local/lib/python3.12/site-packages/airflow/example_dags/example_latest_only.py
[2026-06-23T03:03:01.664+0000] {processor.py:840} INFO - DAG(s) 'latest_only' retrieved from /home/airflow/.local/lib/python3.12/site-packages/airflow/example_dags/example_latest_only.py
[2026-06-23T03:03:01.694+0000] {logging_mixin.py:188} INFO - [2026-06-23T03:03:01.694+0000] {dag.py:3096} INFO - Sync 1 DAGs
[2026-06-23T03:03:01.725+0000] {logging_mixin.py:188} INFO - [2026-06-23T03:03:01.725+0000] {dag.py:3954} INFO - Setting next_dagrun for latest_only to 2026-06-22 20:00:00+00:00, run_after=2026-06-23 00:00:00+00:00
[2026-06-23T03:03:01.759+0000] {processor.py:183} INFO - Processing /home/airflow/.local/lib/python3.12/site-packages/airflow/example_dags/example_latest_only.py took 0.115 seconds
[2026-06-23T03:03:31.917+0000] {processor.py:161} INFO - Started process (PID=1945) to work on /home/airflow/.local/lib/python3.12/site-packages/airflow/example_dags/example_latest_only.py
[2026-06-23T03:03:31.919+0000] {processor.py:830} INFO - Processing file /home/airflow/.local/lib/python3.12/site-packages/airflow/example_dags/example_latest_only.py for tasks to queue
[2026-06-23T03:03:31.922+0000] {logging_mixin.py:188} INFO - [2026-06-23T03:03:31.921+0000] {dagbag.py:545} INFO - Filling up the DagBag from /home/airflow/.local/lib/python3.12/site-packages/airflow/example_dags/example_latest_only.py
[2026-06-23T03:03:31.929+0000] {processor.py:840} INFO - DAG(s) 'latest_only' retrieved from /home/airflow/.local/lib/python3.12/site-packages/airflow/example_dags/example_latest_only.py
[2026-06-23T03:03:31.960+0000] {logging_mixin.py:188} INFO - [2026-06-23T03:03:31.959+0000] {dag.py:3096} INFO - Sync 1 DAGs
[2026-06-23T03:03:31.990+0000] {logging_mixin.py:188} INFO - [2026-06-23T03:03:31.990+0000] {dag.py:3954} INFO - Setting next_dagrun for latest_only to 2026-06-22 20:00:00+00:00, run_after=2026-06-23 00:00:00+00:00
[2026-06-23T03:03:32.019+0000] {processor.py:183} INFO - Processing /home/airflow/.local/lib/python3.12/site-packages/airflow/example_dags/example_latest_only.py took 0.110 seconds
[2026-06-23T03:04:44.389+0000] {processor.py:161} INFO - Started process (PID=366) to work on /home/airflow/.local/lib/python3.12/site-packages/airflow/example_dags/example_latest_only.py
[2026-06-23T03:04:44.391+0000] {processor.py:830} INFO - Processing file /home/airflow/.local/lib/python3.12/site-packages/airflow/example_dags/example_latest_only.py for tasks to queue
[2026-06-23T03:04:44.394+0000] {logging_mixin.py:188} INFO - [2026-06-23T03:04:44.394+0000] {dagbag.py:545} INFO - Filling up the DagBag from /home/airflow/.local/lib/python3.12/site-packages/airflow/example_dags/example_latest_only.py
[2026-06-23T03:04:44.406+0000] {processor.py:840} INFO - DAG(s) 'latest_only' retrieved from /home/airflow/.local/lib/python3.12/site-packages/airflow/example_dags/example_latest_only.py
[2026-06-23T03:04:44.424+0000] {logging_mixin.py:188} INFO - [2026-06-23T03:04:44.423+0000] {dag.py:3096} INFO - Sync 1 DAGs
[2026-06-23T03:04:44.456+0000] {logging_mixin.py:188} INFO - [2026-06-23T03:04:44.455+0000] {dag.py:3954} INFO - Setting next_dagrun for latest_only to 2026-06-22 20:00:00+00:00, run_after=2026-06-23 00:00:00+00:00
[2026-06-23T03:04:44.485+0000] {processor.py:183} INFO - Processing /home/airflow/.local/lib/python3.12/site-packages/airflow/example_dags/example_latest_only.py took 0.103 seconds
[2026-06-23T03:05:17.807+0000] {processor.py:161} INFO - Started process (PID=633) to work on /home/airflow/.local/lib/python3.12/site-packages/airflow/example_dags/example_latest_only.py
[2026-06-23T03:05:17.809+0000] {processor.py:830} INFO - Processing file /home/airflow/.local/lib/python3.12/site-packages/airflow/example_dags/example_latest_only.py for tasks to queue
[2026-06-23T03:05:17.812+0000] {logging_mixin.py:188} INFO - [2026-06-23T03:05:17.811+0000] {dagbag.py:545} INFO - Filling up the DagBag from /home/airflow/.local/lib/python3.12/site-packages/airflow/example_dags/example_latest_only.py
[2026-06-23T03:05:17.819+0000] {processor.py:840} INFO - DAG(s) 'latest_only' retrieved from /home/airflow/.local/lib/python3.12/site-packages/airflow/example_dags/example_latest_only.py
[2026-06-23T03:05:17.950+0000] {logging_mixin.py:188} INFO - [2026-06-23T03:05:17.950+0000] {dag.py:3096} INFO - Sync 1 DAGs
[2026-06-23T03:05:17.976+0000] {logging_mixin.py:188} INFO - [2026-06-23T03:05:17.975+0000] {dag.py:3954} INFO - Setting next_dagrun for latest_only to 2026-06-22 20:00:00+00:00, run_after=2026-06-23 00:00:00+00:00
[2026-06-23T03:05:18.006+0000] {processor.py:183} INFO - Processing /home/airflow/.local/lib/python3.12/site-packages/airflow/example_dags/example_latest_only.py took 0.207 seconds
[2026-06-23T03:05:48.181+0000] {processor.py:161} INFO - Started process (PID=1017) to work on /home/airflow/.local/lib/python3.12/site-packages/airflow/example_dags/example_latest_only.py
[2026-06-23T03:05:48.183+0000] {processor.py:830} INFO - Processing file /home/airflow/.local/lib/python3.12/site-packages/airflow/example_dags/example_latest_only.py for tasks to queue
[2026-06-23T03:05:48.186+0000] {logging_mixin.py:188} INFO - [2026-06-23T03:05:48.185+0000] {dagbag.py:545} INFO - Filling up the DagBag from /home/airflow/.local/lib/python3.12/site-packages/airflow/example_dags/example_latest_only.py
[2026-06-23T03:05:48.192+0000] {processor.py:840} INFO - DAG(s) 'latest_only' retrieved from /home/airflow/.local/lib/python3.12/site-packages/airflow/example_dags/example_latest_only.py
[2026-06-23T03:05:48.229+0000] {logging_mixin.py:188} INFO - [2026-06-23T03:05:48.228+0000] {dag.py:3096} INFO - Sync 1 DAGs
[2026-06-23T03:05:48.263+0000] {logging_mixin.py:188} INFO - [2026-06-23T03:05:48.263+0000] {dag.py:3954} INFO - Setting next_dagrun for latest_only to 2026-06-22 20:00:00+00:00, run_after=2026-06-23 00:00:00+00:00
[2026-06-23T03:05:48.297+0000] {processor.py:183} INFO - Processing /home/airflow/.local/lib/python3.12/site-packages/airflow/example_dags/example_latest_only.py took 0.123 seconds
[2026-06-23T03:06:18.599+0000] {processor.py:161} INFO - Started process (PID=1284) to work on /home/airflow/.local/lib/python3.12/site-packages/airflow/example_dags/example_latest_only.py
[2026-06-23T03:06:18.601+0000] {processor.py:830} INFO - Processing file /home/airflow/.local/lib/python3.12/site-packages/airflow/example_dags/example_latest_only.py for tasks to queue
[2026-06-23T03:06:18.604+0000] {logging_mixin.py:188} INFO - [2026-06-23T03:06:18.603+0000] {dagbag.py:545} INFO - Filling up the DagBag from /home/airflow/.local/lib/python3.12/site-packages/airflow/example_dags/example_latest_only.py
[2026-06-23T03:06:18.610+0000] {processor.py:840} INFO - DAG(s) 'latest_only' retrieved from /home/airflow/.local/lib/python3.12/site-packages/airflow/example_dags/example_latest_only.py
[2026-06-23T03:06:18.637+0000] {logging_mixin.py:188} INFO - [2026-06-23T03:06:18.636+0000] {dag.py:3096} INFO - Sync 1 DAGs
[2026-06-23T03:06:18.663+0000] {logging_mixin.py:188} INFO - [2026-06-23T03:06:18.662+0000] {dag.py:3954} INFO - Setting next_dagrun for latest_only to 2026-06-22 20:00:00+00:00, run_after=2026-06-23 00:00:00+00:00
[2026-06-23T03:06:18.692+0000] {processor.py:183} INFO - Processing /home/airflow/.local/lib/python3.12/site-packages/airflow/example_dags/example_latest_only.py took 0.100 seconds
[2026-06-23T03:06:48.782+0000] {processor.py:161} INFO - Started process (PID=1551) to work on /home/airflow/.local/lib/python3.12/site-packages/airflow/example_dags/example_latest_only.py
[2026-06-23T03:06:48.784+0000] {processor.py:830} INFO - Processing file /home/airflow/.local/lib/python3.12/site-packages/airflow/example_dags/example_latest_only.py for tasks to queue
[2026-06-23T03:06:48.787+0000] {logging_mixin.py:188} INFO - [2026-06-23T03:06:48.786+0000] {dagbag.py:545} INFO - Filling up the DagBag from /home/airflow/.local/lib/python3.12/site-packages/airflow/example_dags/example_latest_only.py
[2026-06-23T03:06:48.794+0000] {processor.py:840} INFO - DAG(s) 'latest_only' retrieved from /home/airflow/.local/lib/python3.12/site-packages/airflow/example_dags/example_latest_only.py
[2026-06-23T03:06:48.825+0000] {logging_mixin.py:188} INFO - [2026-06-23T03:06:48.825+0000] {dag.py:3096} INFO - Sync 1 DAGs
[2026-06-23T03:06:48.852+0000] {logging_mixin.py:188} INFO - [2026-06-23T03:06:48.852+0000] {dag.py:3954} INFO - Setting next_dagrun for latest_only to 2026-06-22 20:00:00+00:00, run_after=2026-06-23 00:00:00+00:00
[2026-06-23T03:06:48.886+0000] {processor.py:183} INFO - Processing /home/airflow/.local/lib/python3.12/site-packages/airflow/example_dags/example_latest_only.py took 0.111 seconds
[2026-06-23T03:07:19.206+0000] {processor.py:161} INFO - Started process (PID=1816) to work on /home/airflow/.local/lib/python3.12/site-packages/airflow/example_dags/example_latest_only.py
[2026-06-23T03:07:19.208+0000] {processor.py:830} INFO - Processing file /home/airflow/.local/lib/python3.12/site-packages/airflow/example_dags/example_latest_only.py for tasks to queue
[2026-06-23T03:07:19.211+0000] {logging_mixin.py:188} INFO - [2026-06-23T03:07:19.210+0000] {dagbag.py:545} INFO - Filling up the DagBag from /home/airflow/.local/lib/python3.12/site-packages/airflow/example_dags/example_latest_only.py
[2026-06-23T03:07:19.217+0000] {processor.py:840} INFO - DAG(s) 'latest_only' retrieved from /home/airflow/.local/lib/python3.12/site-packages/airflow/example_dags/example_latest_only.py
[2026-06-23T03:07:19.247+0000] {logging_mixin.py:188} INFO - [2026-06-23T03:07:19.247+0000] {dag.py:3096} INFO - Sync 1 DAGs
[2026-06-23T03:07:19.276+0000] {logging_mixin.py:188} INFO - [2026-06-23T03:07:19.276+0000] {dag.py:3954} INFO - Setting next_dagrun for latest_only to 2026-06-22 20:00:00+00:00, run_after=2026-06-23 00:00:00+00:00
[2026-06-23T03:07:19.307+0000] {processor.py:183} INFO - Processing /home/airflow/.local/lib/python3.12/site-packages/airflow/example_dags/example_latest_only.py took 0.108 seconds
[2026-06-23T03:07:49.827+0000] {processor.py:161} INFO - Started process (PID=2083) to work on /home/airflow/.local/lib/python3.12/site-packages/airflow/example_dags/example_latest_only.py
[2026-06-23T03:07:49.829+0000] {processor.py:830} INFO - Processing file /home/airflow/.local/lib/python3.12/site-packages/airflow/example_dags/example_latest_only.py for tasks to queue
[2026-06-23T03:07:49.832+0000] {logging_mixin.py:188} INFO - [2026-06-23T03:07:49.832+0000] {dagbag.py:545} INFO - Filling up the DagBag from /home/airflow/.local/lib/python3.12/site-packages/airflow/example_dags/example_latest_only.py
[2026-06-23T03:07:49.838+0000] {processor.py:840} INFO - DAG(s) 'latest_only' retrieved from /home/airflow/.local/lib/python3.12/site-packages/airflow/example_dags/example_latest_only.py
[2026-06-23T03:07:49.865+0000] {logging_mixin.py:188} INFO - [2026-06-23T03:07:49.864+0000] {dag.py:3096} INFO - Sync 1 DAGs
[2026-06-23T03:07:49.891+0000] {logging_mixin.py:188} INFO - [2026-06-23T03:07:49.891+0000] {dag.py:3954} INFO - Setting next_dagrun for latest_only to 2026-06-22 20:00:00+00:00, run_after=2026-06-23 00:00:00+00:00
[2026-06-23T03:07:49.918+0000] {processor.py:183} INFO - Processing /home/airflow/.local/lib/python3.12/site-packages/airflow/example_dags/example_latest_only.py took 0.098 seconds
