[2026-06-23T02:46:54.857+0000] {processor.py:161} INFO - Started process (PID=69) to work on /home/airflow/.local/lib/python3.12/site-packages/airflow/example_dags/example_sla_dag.py
[2026-06-23T02:46:54.860+0000] {processor.py:830} INFO - Processing file /home/airflow/.local/lib/python3.12/site-packages/airflow/example_dags/example_sla_dag.py for tasks to queue
[2026-06-23T02:46:54.866+0000] {logging_mixin.py:188} INFO - [2026-06-23T02:46:54.865+0000] {dagbag.py:545} INFO - Filling up the DagBag from /home/airflow/.local/lib/python3.12/site-packages/airflow/example_dags/example_sla_dag.py
[2026-06-23T02:46:54.894+0000] {processor.py:840} INFO - DAG(s) 'example_sla_dag' retrieved from /home/airflow/.local/lib/python3.12/site-packages/airflow/example_dags/example_sla_dag.py
[2026-06-23T02:46:55.289+0000] {logging_mixin.py:188} INFO - [2026-06-23T02:46:55.288+0000] {dag.py:3096} INFO - Sync 1 DAGs
[2026-06-23T02:46:55.337+0000] {logging_mixin.py:188} INFO - [2026-06-23T02:46:55.337+0000] {dag.py:3954} INFO - Setting next_dagrun for example_sla_dag to 2026-06-23 02:44:00+00:00, run_after=2026-06-23 02:46:00+00:00
[2026-06-23T02:46:55.384+0000] {processor.py:183} INFO - Processing /home/airflow/.local/lib/python3.12/site-packages/airflow/example_dags/example_sla_dag.py took 0.539 seconds
[2026-06-23T02:47:25.662+0000] {processor.py:161} INFO - Started process (PID=128) to work on /home/airflow/.local/lib/python3.12/site-packages/airflow/example_dags/example_sla_dag.py
[2026-06-23T02:47:25.664+0000] {processor.py:830} INFO - Processing file /home/airflow/.local/lib/python3.12/site-packages/airflow/example_dags/example_sla_dag.py for tasks to queue
[2026-06-23T02:47:25.669+0000] {logging_mixin.py:188} INFO - [2026-06-23T02:47:25.668+0000] {dagbag.py:545} INFO - Filling up the DagBag from /home/airflow/.local/lib/python3.12/site-packages/airflow/example_dags/example_sla_dag.py
[2026-06-23T02:47:25.689+0000] {processor.py:840} INFO - DAG(s) 'example_sla_dag' retrieved from /home/airflow/.local/lib/python3.12/site-packages/airflow/example_dags/example_sla_dag.py
[2026-06-23T02:47:25.756+0000] {logging_mixin.py:188} INFO - [2026-06-23T02:47:25.756+0000] {dag.py:3096} INFO - Sync 1 DAGs
[2026-06-23T02:47:25.828+0000] {logging_mixin.py:188} INFO - [2026-06-23T02:47:25.828+0000] {dag.py:3954} INFO - Setting next_dagrun for example_sla_dag to 2026-06-23 02:44:00+00:00, run_after=2026-06-23 02:46:00+00:00
[2026-06-23T02:47:25.870+0000] {processor.py:183} INFO - Processing /home/airflow/.local/lib/python3.12/site-packages/airflow/example_dags/example_sla_dag.py took 0.219 seconds
[2026-06-23T02:47:56.086+0000] {processor.py:161} INFO - Started process (PID=187) to work on /home/airflow/.local/lib/python3.12/site-packages/airflow/example_dags/example_sla_dag.py
[2026-06-23T02:47:56.088+0000] {processor.py:830} INFO - Processing file /home/airflow/.local/lib/python3.12/site-packages/airflow/example_dags/example_sla_dag.py for tasks to queue
[2026-06-23T02:47:56.091+0000] {logging_mixin.py:188} INFO - [2026-06-23T02:47:56.090+0000] {dagbag.py:545} INFO - Filling up the DagBag from /home/airflow/.local/lib/python3.12/site-packages/airflow/example_dags/example_sla_dag.py
[2026-06-23T02:47:56.104+0000] {processor.py:840} INFO - DAG(s) 'example_sla_dag' retrieved from /home/airflow/.local/lib/python3.12/site-packages/airflow/example_dags/example_sla_dag.py
[2026-06-23T02:47:56.135+0000] {logging_mixin.py:188} INFO - [2026-06-23T02:47:56.135+0000] {dag.py:3096} INFO - Sync 1 DAGs
[2026-06-23T02:47:56.172+0000] {logging_mixin.py:188} INFO - [2026-06-23T02:47:56.172+0000] {dag.py:3954} INFO - Setting next_dagrun for example_sla_dag to 2026-06-23 02:44:00+00:00, run_after=2026-06-23 02:46:00+00:00
[2026-06-23T02:47:56.209+0000] {processor.py:183} INFO - Processing /home/airflow/.local/lib/python3.12/site-packages/airflow/example_dags/example_sla_dag.py took 0.131 seconds
[2026-06-23T02:48:26.611+0000] {processor.py:161} INFO - Started process (PID=246) to work on /home/airflow/.local/lib/python3.12/site-packages/airflow/example_dags/example_sla_dag.py
[2026-06-23T02:48:26.613+0000] {processor.py:830} INFO - Processing file /home/airflow/.local/lib/python3.12/site-packages/airflow/example_dags/example_sla_dag.py for tasks to queue
[2026-06-23T02:48:26.616+0000] {logging_mixin.py:188} INFO - [2026-06-23T02:48:26.616+0000] {dagbag.py:545} INFO - Filling up the DagBag from /home/airflow/.local/lib/python3.12/site-packages/airflow/example_dags/example_sla_dag.py
[2026-06-23T02:48:26.632+0000] {processor.py:840} INFO - DAG(s) 'example_sla_dag' retrieved from /home/airflow/.local/lib/python3.12/site-packages/airflow/example_dags/example_sla_dag.py
[2026-06-23T02:48:26.674+0000] {logging_mixin.py:188} INFO - [2026-06-23T02:48:26.674+0000] {dag.py:3096} INFO - Sync 1 DAGs
[2026-06-23T02:48:26.723+0000] {logging_mixin.py:188} INFO - [2026-06-23T02:48:26.723+0000] {dag.py:3954} INFO - Setting next_dagrun for example_sla_dag to 2026-06-23 02:46:00+00:00, run_after=2026-06-23 02:48:00+00:00
[2026-06-23T02:48:26.768+0000] {processor.py:183} INFO - Processing /home/airflow/.local/lib/python3.12/site-packages/airflow/example_dags/example_sla_dag.py took 0.166 seconds
[2026-06-23T02:48:57.532+0000] {processor.py:161} INFO - Started process (PID=312) to work on /home/airflow/.local/lib/python3.12/site-packages/airflow/example_dags/example_sla_dag.py
[2026-06-23T02:48:57.534+0000] {processor.py:830} INFO - Processing file /home/airflow/.local/lib/python3.12/site-packages/airflow/example_dags/example_sla_dag.py for tasks to queue
[2026-06-23T02:48:57.537+0000] {logging_mixin.py:188} INFO - [2026-06-23T02:48:57.537+0000] {dagbag.py:545} INFO - Filling up the DagBag from /home/airflow/.local/lib/python3.12/site-packages/airflow/example_dags/example_sla_dag.py
[2026-06-23T02:48:57.550+0000] {processor.py:840} INFO - DAG(s) 'example_sla_dag' retrieved from /home/airflow/.local/lib/python3.12/site-packages/airflow/example_dags/example_sla_dag.py
[2026-06-23T02:48:57.586+0000] {logging_mixin.py:188} INFO - [2026-06-23T02:48:57.586+0000] {dag.py:3096} INFO - Sync 1 DAGs
[2026-06-23T02:48:57.624+0000] {logging_mixin.py:188} INFO - [2026-06-23T02:48:57.624+0000] {dag.py:3954} INFO - Setting next_dagrun for example_sla_dag to 2026-06-23 02:46:00+00:00, run_after=2026-06-23 02:48:00+00:00
[2026-06-23T02:48:57.659+0000] {processor.py:183} INFO - Processing /home/airflow/.local/lib/python3.12/site-packages/airflow/example_dags/example_sla_dag.py took 0.136 seconds
[2026-06-23T02:49:27.846+0000] {processor.py:161} INFO - Started process (PID=371) to work on /home/airflow/.local/lib/python3.12/site-packages/airflow/example_dags/example_sla_dag.py
[2026-06-23T02:49:27.848+0000] {processor.py:830} INFO - Processing file /home/airflow/.local/lib/python3.12/site-packages/airflow/example_dags/example_sla_dag.py for tasks to queue
[2026-06-23T02:49:27.852+0000] {logging_mixin.py:188} INFO - [2026-06-23T02:49:27.851+0000] {dagbag.py:545} INFO - Filling up the DagBag from /home/airflow/.local/lib/python3.12/site-packages/airflow/example_dags/example_sla_dag.py
[2026-06-23T02:49:27.869+0000] {processor.py:840} INFO - DAG(s) 'example_sla_dag' retrieved from /home/airflow/.local/lib/python3.12/site-packages/airflow/example_dags/example_sla_dag.py
[2026-06-23T02:49:27.917+0000] {logging_mixin.py:188} INFO - [2026-06-23T02:49:27.916+0000] {dag.py:3096} INFO - Sync 1 DAGs
[2026-06-23T02:49:27.965+0000] {logging_mixin.py:188} INFO - [2026-06-23T02:49:27.965+0000] {dag.py:3954} INFO - Setting next_dagrun for example_sla_dag to 2026-06-23 02:46:00+00:00, run_after=2026-06-23 02:48:00+00:00
[2026-06-23T02:49:28.018+0000] {processor.py:183} INFO - Processing /home/airflow/.local/lib/python3.12/site-packages/airflow/example_dags/example_sla_dag.py took 0.186 seconds
[2026-06-23T02:49:58.178+0000] {processor.py:161} INFO - Started process (PID=431) to work on /home/airflow/.local/lib/python3.12/site-packages/airflow/example_dags/example_sla_dag.py
[2026-06-23T02:49:58.180+0000] {processor.py:830} INFO - Processing file /home/airflow/.local/lib/python3.12/site-packages/airflow/example_dags/example_sla_dag.py for tasks to queue
[2026-06-23T02:49:58.184+0000] {logging_mixin.py:188} INFO - [2026-06-23T02:49:58.183+0000] {dagbag.py:545} INFO - Filling up the DagBag from /home/airflow/.local/lib/python3.12/site-packages/airflow/example_dags/example_sla_dag.py
[2026-06-23T02:49:58.195+0000] {processor.py:840} INFO - DAG(s) 'example_sla_dag' retrieved from /home/airflow/.local/lib/python3.12/site-packages/airflow/example_dags/example_sla_dag.py
[2026-06-23T02:49:58.225+0000] {logging_mixin.py:188} INFO - [2026-06-23T02:49:58.224+0000] {dag.py:3096} INFO - Sync 1 DAGs
[2026-06-23T02:49:58.259+0000] {logging_mixin.py:188} INFO - [2026-06-23T02:49:58.259+0000] {dag.py:3954} INFO - Setting next_dagrun for example_sla_dag to 2026-06-23 02:46:00+00:00, run_after=2026-06-23 02:48:00+00:00
[2026-06-23T02:49:58.296+0000] {processor.py:183} INFO - Processing /home/airflow/.local/lib/python3.12/site-packages/airflow/example_dags/example_sla_dag.py took 0.130 seconds
[2026-06-23T02:50:28.471+0000] {processor.py:161} INFO - Started process (PID=490) to work on /home/airflow/.local/lib/python3.12/site-packages/airflow/example_dags/example_sla_dag.py
[2026-06-23T02:50:28.473+0000] {processor.py:830} INFO - Processing file /home/airflow/.local/lib/python3.12/site-packages/airflow/example_dags/example_sla_dag.py for tasks to queue
[2026-06-23T02:50:28.477+0000] {logging_mixin.py:188} INFO - [2026-06-23T02:50:28.476+0000] {dagbag.py:545} INFO - Filling up the DagBag from /home/airflow/.local/lib/python3.12/site-packages/airflow/example_dags/example_sla_dag.py
[2026-06-23T02:50:28.489+0000] {processor.py:840} INFO - DAG(s) 'example_sla_dag' retrieved from /home/airflow/.local/lib/python3.12/site-packages/airflow/example_dags/example_sla_dag.py
[2026-06-23T02:50:28.522+0000] {logging_mixin.py:188} INFO - [2026-06-23T02:50:28.521+0000] {dag.py:3096} INFO - Sync 1 DAGs
[2026-06-23T02:50:28.555+0000] {logging_mixin.py:188} INFO - [2026-06-23T02:50:28.555+0000] {dag.py:3954} INFO - Setting next_dagrun for example_sla_dag to 2026-06-23 02:48:00+00:00, run_after=2026-06-23 02:50:00+00:00
[2026-06-23T02:50:28.594+0000] {processor.py:183} INFO - Processing /home/airflow/.local/lib/python3.12/site-packages/airflow/example_dags/example_sla_dag.py took 0.133 seconds
[2026-06-23T02:50:59.444+0000] {processor.py:161} INFO - Started process (PID=552) to work on /home/airflow/.local/lib/python3.12/site-packages/airflow/example_dags/example_sla_dag.py
[2026-06-23T02:50:59.446+0000] {processor.py:830} INFO - Processing file /home/airflow/.local/lib/python3.12/site-packages/airflow/example_dags/example_sla_dag.py for tasks to queue
[2026-06-23T02:50:59.449+0000] {logging_mixin.py:188} INFO - [2026-06-23T02:50:59.449+0000] {dagbag.py:545} INFO - Filling up the DagBag from /home/airflow/.local/lib/python3.12/site-packages/airflow/example_dags/example_sla_dag.py
[2026-06-23T02:50:59.461+0000] {processor.py:840} INFO - DAG(s) 'example_sla_dag' retrieved from /home/airflow/.local/lib/python3.12/site-packages/airflow/example_dags/example_sla_dag.py
[2026-06-23T02:50:59.493+0000] {logging_mixin.py:188} INFO - [2026-06-23T02:50:59.493+0000] {dag.py:3096} INFO - Sync 1 DAGs
[2026-06-23T02:50:59.528+0000] {logging_mixin.py:188} INFO - [2026-06-23T02:50:59.528+0000] {dag.py:3954} INFO - Setting next_dagrun for example_sla_dag to 2026-06-23 02:48:00+00:00, run_after=2026-06-23 02:50:00+00:00
[2026-06-23T02:50:59.560+0000] {processor.py:183} INFO - Processing /home/airflow/.local/lib/python3.12/site-packages/airflow/example_dags/example_sla_dag.py took 0.125 seconds
[2026-06-23T02:51:29.801+0000] {processor.py:161} INFO - Started process (PID=612) to work on /home/airflow/.local/lib/python3.12/site-packages/airflow/example_dags/example_sla_dag.py
[2026-06-23T02:51:29.802+0000] {processor.py:830} INFO - Processing file /home/airflow/.local/lib/python3.12/site-packages/airflow/example_dags/example_sla_dag.py for tasks to queue
[2026-06-23T02:51:29.805+0000] {logging_mixin.py:188} INFO - [2026-06-23T02:51:29.805+0000] {dagbag.py:545} INFO - Filling up the DagBag from /home/airflow/.local/lib/python3.12/site-packages/airflow/example_dags/example_sla_dag.py
[2026-06-23T02:51:29.819+0000] {processor.py:840} INFO - DAG(s) 'example_sla_dag' retrieved from /home/airflow/.local/lib/python3.12/site-packages/airflow/example_dags/example_sla_dag.py
[2026-06-23T02:51:29.856+0000] {logging_mixin.py:188} INFO - [2026-06-23T02:51:29.856+0000] {dag.py:3096} INFO - Sync 1 DAGs
[2026-06-23T02:51:29.897+0000] {logging_mixin.py:188} INFO - [2026-06-23T02:51:29.897+0000] {dag.py:3954} INFO - Setting next_dagrun for example_sla_dag to 2026-06-23 02:48:00+00:00, run_after=2026-06-23 02:50:00+00:00
[2026-06-23T02:51:29.938+0000] {processor.py:183} INFO - Processing /home/airflow/.local/lib/python3.12/site-packages/airflow/example_dags/example_sla_dag.py took 0.148 seconds
[2026-06-23T02:52:00.188+0000] {processor.py:161} INFO - Started process (PID=671) to work on /home/airflow/.local/lib/python3.12/site-packages/airflow/example_dags/example_sla_dag.py
[2026-06-23T02:52:00.190+0000] {processor.py:830} INFO - Processing file /home/airflow/.local/lib/python3.12/site-packages/airflow/example_dags/example_sla_dag.py for tasks to queue
[2026-06-23T02:52:00.193+0000] {logging_mixin.py:188} INFO - [2026-06-23T02:52:00.193+0000] {dagbag.py:545} INFO - Filling up the DagBag from /home/airflow/.local/lib/python3.12/site-packages/airflow/example_dags/example_sla_dag.py
[2026-06-23T02:52:00.205+0000] {processor.py:840} INFO - DAG(s) 'example_sla_dag' retrieved from /home/airflow/.local/lib/python3.12/site-packages/airflow/example_dags/example_sla_dag.py
[2026-06-23T02:52:00.232+0000] {logging_mixin.py:188} INFO - [2026-06-23T02:52:00.232+0000] {dag.py:3096} INFO - Sync 1 DAGs
[2026-06-23T02:52:00.261+0000] {logging_mixin.py:188} INFO - [2026-06-23T02:52:00.261+0000] {dag.py:3954} INFO - Setting next_dagrun for example_sla_dag to 2026-06-23 02:50:00+00:00, run_after=2026-06-23 02:52:00+00:00
[2026-06-23T02:52:00.295+0000] {processor.py:183} INFO - Processing /home/airflow/.local/lib/python3.12/site-packages/airflow/example_dags/example_sla_dag.py took 0.115 seconds
[2026-06-23T02:52:30.620+0000] {processor.py:161} INFO - Started process (PID=730) to work on /home/airflow/.local/lib/python3.12/site-packages/airflow/example_dags/example_sla_dag.py
[2026-06-23T02:52:30.622+0000] {processor.py:830} INFO - Processing file /home/airflow/.local/lib/python3.12/site-packages/airflow/example_dags/example_sla_dag.py for tasks to queue
[2026-06-23T02:52:30.625+0000] {logging_mixin.py:188} INFO - [2026-06-23T02:52:30.625+0000] {dagbag.py:545} INFO - Filling up the DagBag from /home/airflow/.local/lib/python3.12/site-packages/airflow/example_dags/example_sla_dag.py
[2026-06-23T02:52:30.635+0000] {processor.py:840} INFO - DAG(s) 'example_sla_dag' retrieved from /home/airflow/.local/lib/python3.12/site-packages/airflow/example_dags/example_sla_dag.py
[2026-06-23T02:52:30.660+0000] {logging_mixin.py:188} INFO - [2026-06-23T02:52:30.660+0000] {dag.py:3096} INFO - Sync 1 DAGs
[2026-06-23T02:52:30.692+0000] {logging_mixin.py:188} INFO - [2026-06-23T02:52:30.692+0000] {dag.py:3954} INFO - Setting next_dagrun for example_sla_dag to 2026-06-23 02:50:00+00:00, run_after=2026-06-23 02:52:00+00:00
[2026-06-23T02:52:30.728+0000] {processor.py:183} INFO - Processing /home/airflow/.local/lib/python3.12/site-packages/airflow/example_dags/example_sla_dag.py took 0.115 seconds
[2026-06-23T02:53:01.172+0000] {processor.py:161} INFO - Started process (PID=789) to work on /home/airflow/.local/lib/python3.12/site-packages/airflow/example_dags/example_sla_dag.py
[2026-06-23T02:53:01.174+0000] {processor.py:830} INFO - Processing file /home/airflow/.local/lib/python3.12/site-packages/airflow/example_dags/example_sla_dag.py for tasks to queue
[2026-06-23T02:53:01.177+0000] {logging_mixin.py:188} INFO - [2026-06-23T02:53:01.176+0000] {dagbag.py:545} INFO - Filling up the DagBag from /home/airflow/.local/lib/python3.12/site-packages/airflow/example_dags/example_sla_dag.py
[2026-06-23T02:53:01.187+0000] {processor.py:840} INFO - DAG(s) 'example_sla_dag' retrieved from /home/airflow/.local/lib/python3.12/site-packages/airflow/example_dags/example_sla_dag.py
[2026-06-23T02:53:01.215+0000] {logging_mixin.py:188} INFO - [2026-06-23T02:53:01.215+0000] {dag.py:3096} INFO - Sync 1 DAGs
[2026-06-23T02:53:01.245+0000] {logging_mixin.py:188} INFO - [2026-06-23T02:53:01.245+0000] {dag.py:3954} INFO - Setting next_dagrun for example_sla_dag to 2026-06-23 02:50:00+00:00, run_after=2026-06-23 02:52:00+00:00
[2026-06-23T02:53:01.281+0000] {processor.py:183} INFO - Processing /home/airflow/.local/lib/python3.12/site-packages/airflow/example_dags/example_sla_dag.py took 0.116 seconds
[2026-06-23T02:53:31.728+0000] {processor.py:161} INFO - Started process (PID=848) to work on /home/airflow/.local/lib/python3.12/site-packages/airflow/example_dags/example_sla_dag.py
[2026-06-23T02:53:31.730+0000] {processor.py:830} INFO - Processing file /home/airflow/.local/lib/python3.12/site-packages/airflow/example_dags/example_sla_dag.py for tasks to queue
[2026-06-23T02:53:31.733+0000] {logging_mixin.py:188} INFO - [2026-06-23T02:53:31.733+0000] {dagbag.py:545} INFO - Filling up the DagBag from /home/airflow/.local/lib/python3.12/site-packages/airflow/example_dags/example_sla_dag.py
[2026-06-23T02:53:31.744+0000] {processor.py:840} INFO - DAG(s) 'example_sla_dag' retrieved from /home/airflow/.local/lib/python3.12/site-packages/airflow/example_dags/example_sla_dag.py
[2026-06-23T02:53:31.777+0000] {logging_mixin.py:188} INFO - [2026-06-23T02:53:31.777+0000] {dag.py:3096} INFO - Sync 1 DAGs
[2026-06-23T02:53:31.809+0000] {logging_mixin.py:188} INFO - [2026-06-23T02:53:31.809+0000] {dag.py:3954} INFO - Setting next_dagrun for example_sla_dag to 2026-06-23 02:50:00+00:00, run_after=2026-06-23 02:52:00+00:00
[2026-06-23T02:53:31.847+0000] {processor.py:183} INFO - Processing /home/airflow/.local/lib/python3.12/site-packages/airflow/example_dags/example_sla_dag.py took 0.125 seconds
[2026-06-23T02:54:02.245+0000] {processor.py:161} INFO - Started process (PID=907) to work on /home/airflow/.local/lib/python3.12/site-packages/airflow/example_dags/example_sla_dag.py
[2026-06-23T02:54:02.247+0000] {processor.py:830} INFO - Processing file /home/airflow/.local/lib/python3.12/site-packages/airflow/example_dags/example_sla_dag.py for tasks to queue
[2026-06-23T02:54:02.252+0000] {logging_mixin.py:188} INFO - [2026-06-23T02:54:02.251+0000] {dagbag.py:545} INFO - Filling up the DagBag from /home/airflow/.local/lib/python3.12/site-packages/airflow/example_dags/example_sla_dag.py
[2026-06-23T02:54:02.265+0000] {processor.py:840} INFO - DAG(s) 'example_sla_dag' retrieved from /home/airflow/.local/lib/python3.12/site-packages/airflow/example_dags/example_sla_dag.py
[2026-06-23T02:54:02.298+0000] {logging_mixin.py:188} INFO - [2026-06-23T02:54:02.298+0000] {dag.py:3096} INFO - Sync 1 DAGs
[2026-06-23T02:54:02.335+0000] {logging_mixin.py:188} INFO - [2026-06-23T02:54:02.334+0000] {dag.py:3954} INFO - Setting next_dagrun for example_sla_dag to 2026-06-23 02:52:00+00:00, run_after=2026-06-23 02:54:00+00:00
[2026-06-23T02:54:02.366+0000] {processor.py:183} INFO - Processing /home/airflow/.local/lib/python3.12/site-packages/airflow/example_dags/example_sla_dag.py took 0.131 seconds
[2026-06-23T02:54:32.700+0000] {processor.py:161} INFO - Started process (PID=967) to work on /home/airflow/.local/lib/python3.12/site-packages/airflow/example_dags/example_sla_dag.py
[2026-06-23T02:54:32.702+0000] {processor.py:830} INFO - Processing file /home/airflow/.local/lib/python3.12/site-packages/airflow/example_dags/example_sla_dag.py for tasks to queue
[2026-06-23T02:54:32.706+0000] {logging_mixin.py:188} INFO - [2026-06-23T02:54:32.705+0000] {dagbag.py:545} INFO - Filling up the DagBag from /home/airflow/.local/lib/python3.12/site-packages/airflow/example_dags/example_sla_dag.py
[2026-06-23T02:54:32.715+0000] {processor.py:840} INFO - DAG(s) 'example_sla_dag' retrieved from /home/airflow/.local/lib/python3.12/site-packages/airflow/example_dags/example_sla_dag.py
[2026-06-23T02:54:32.741+0000] {logging_mixin.py:188} INFO - [2026-06-23T02:54:32.741+0000] {dag.py:3096} INFO - Sync 1 DAGs
[2026-06-23T02:54:32.770+0000] {logging_mixin.py:188} INFO - [2026-06-23T02:54:32.770+0000] {dag.py:3954} INFO - Setting next_dagrun for example_sla_dag to 2026-06-23 02:52:00+00:00, run_after=2026-06-23 02:54:00+00:00
[2026-06-23T02:54:32.805+0000] {processor.py:183} INFO - Processing /home/airflow/.local/lib/python3.12/site-packages/airflow/example_dags/example_sla_dag.py took 0.111 seconds
[2026-06-23T02:55:03.144+0000] {processor.py:161} INFO - Started process (PID=1026) to work on /home/airflow/.local/lib/python3.12/site-packages/airflow/example_dags/example_sla_dag.py
[2026-06-23T02:55:03.146+0000] {processor.py:830} INFO - Processing file /home/airflow/.local/lib/python3.12/site-packages/airflow/example_dags/example_sla_dag.py for tasks to queue
[2026-06-23T02:55:03.151+0000] {logging_mixin.py:188} INFO - [2026-06-23T02:55:03.149+0000] {dagbag.py:545} INFO - Filling up the DagBag from /home/airflow/.local/lib/python3.12/site-packages/airflow/example_dags/example_sla_dag.py
[2026-06-23T02:55:03.166+0000] {processor.py:840} INFO - DAG(s) 'example_sla_dag' retrieved from /home/airflow/.local/lib/python3.12/site-packages/airflow/example_dags/example_sla_dag.py
[2026-06-23T02:55:03.206+0000] {logging_mixin.py:188} INFO - [2026-06-23T02:55:03.205+0000] {dag.py:3096} INFO - Sync 1 DAGs
[2026-06-23T02:55:03.238+0000] {logging_mixin.py:188} INFO - [2026-06-23T02:55:03.237+0000] {dag.py:3954} INFO - Setting next_dagrun for example_sla_dag to 2026-06-23 02:52:00+00:00, run_after=2026-06-23 02:54:00+00:00
[2026-06-23T02:55:03.266+0000] {processor.py:183} INFO - Processing /home/airflow/.local/lib/python3.12/site-packages/airflow/example_dags/example_sla_dag.py took 0.129 seconds
[2026-06-23T02:55:33.389+0000] {processor.py:161} INFO - Started process (PID=1086) to work on /home/airflow/.local/lib/python3.12/site-packages/airflow/example_dags/example_sla_dag.py
[2026-06-23T02:55:33.391+0000] {processor.py:830} INFO - Processing file /home/airflow/.local/lib/python3.12/site-packages/airflow/example_dags/example_sla_dag.py for tasks to queue
[2026-06-23T02:55:33.394+0000] {logging_mixin.py:188} INFO - [2026-06-23T02:55:33.393+0000] {dagbag.py:545} INFO - Filling up the DagBag from /home/airflow/.local/lib/python3.12/site-packages/airflow/example_dags/example_sla_dag.py
[2026-06-23T02:55:33.405+0000] {processor.py:840} INFO - DAG(s) 'example_sla_dag' retrieved from /home/airflow/.local/lib/python3.12/site-packages/airflow/example_dags/example_sla_dag.py
[2026-06-23T02:55:33.439+0000] {logging_mixin.py:188} INFO - [2026-06-23T02:55:33.438+0000] {dag.py:3096} INFO - Sync 1 DAGs
[2026-06-23T02:55:33.468+0000] {logging_mixin.py:188} INFO - [2026-06-23T02:55:33.468+0000] {dag.py:3954} INFO - Setting next_dagrun for example_sla_dag to 2026-06-23 02:52:00+00:00, run_after=2026-06-23 02:54:00+00:00
[2026-06-23T02:55:33.496+0000] {processor.py:183} INFO - Processing /home/airflow/.local/lib/python3.12/site-packages/airflow/example_dags/example_sla_dag.py took 0.115 seconds
[2026-06-23T02:56:03.565+0000] {processor.py:161} INFO - Started process (PID=1145) to work on /home/airflow/.local/lib/python3.12/site-packages/airflow/example_dags/example_sla_dag.py
[2026-06-23T02:56:03.568+0000] {processor.py:830} INFO - Processing file /home/airflow/.local/lib/python3.12/site-packages/airflow/example_dags/example_sla_dag.py for tasks to queue
[2026-06-23T02:56:03.572+0000] {logging_mixin.py:188} INFO - [2026-06-23T02:56:03.571+0000] {dagbag.py:545} INFO - Filling up the DagBag from /home/airflow/.local/lib/python3.12/site-packages/airflow/example_dags/example_sla_dag.py
[2026-06-23T02:56:03.585+0000] {processor.py:840} INFO - DAG(s) 'example_sla_dag' retrieved from /home/airflow/.local/lib/python3.12/site-packages/airflow/example_dags/example_sla_dag.py
[2026-06-23T02:56:03.617+0000] {logging_mixin.py:188} INFO - [2026-06-23T02:56:03.616+0000] {dag.py:3096} INFO - Sync 1 DAGs
[2026-06-23T02:56:03.649+0000] {logging_mixin.py:188} INFO - [2026-06-23T02:56:03.649+0000] {dag.py:3954} INFO - Setting next_dagrun for example_sla_dag to 2026-06-23 02:54:00+00:00, run_after=2026-06-23 02:56:00+00:00
[2026-06-23T02:56:03.678+0000] {processor.py:183} INFO - Processing /home/airflow/.local/lib/python3.12/site-packages/airflow/example_dags/example_sla_dag.py took 0.122 seconds
[2026-06-23T02:56:33.975+0000] {processor.py:161} INFO - Started process (PID=1205) to work on /home/airflow/.local/lib/python3.12/site-packages/airflow/example_dags/example_sla_dag.py
[2026-06-23T02:56:33.977+0000] {processor.py:830} INFO - Processing file /home/airflow/.local/lib/python3.12/site-packages/airflow/example_dags/example_sla_dag.py for tasks to queue
[2026-06-23T02:56:33.980+0000] {logging_mixin.py:188} INFO - [2026-06-23T02:56:33.979+0000] {dagbag.py:545} INFO - Filling up the DagBag from /home/airflow/.local/lib/python3.12/site-packages/airflow/example_dags/example_sla_dag.py
[2026-06-23T02:56:33.993+0000] {processor.py:840} INFO - DAG(s) 'example_sla_dag' retrieved from /home/airflow/.local/lib/python3.12/site-packages/airflow/example_dags/example_sla_dag.py
[2026-06-23T02:56:34.021+0000] {logging_mixin.py:188} INFO - [2026-06-23T02:56:34.020+0000] {dag.py:3096} INFO - Sync 1 DAGs
[2026-06-23T02:56:34.052+0000] {logging_mixin.py:188} INFO - [2026-06-23T02:56:34.052+0000] {dag.py:3954} INFO - Setting next_dagrun for example_sla_dag to 2026-06-23 02:54:00+00:00, run_after=2026-06-23 02:56:00+00:00
[2026-06-23T02:56:34.082+0000] {processor.py:183} INFO - Processing /home/airflow/.local/lib/python3.12/site-packages/airflow/example_dags/example_sla_dag.py took 0.114 seconds
[2026-06-23T02:57:04.299+0000] {processor.py:161} INFO - Started process (PID=1264) to work on /home/airflow/.local/lib/python3.12/site-packages/airflow/example_dags/example_sla_dag.py
[2026-06-23T02:57:04.301+0000] {processor.py:830} INFO - Processing file /home/airflow/.local/lib/python3.12/site-packages/airflow/example_dags/example_sla_dag.py for tasks to queue
[2026-06-23T02:57:04.304+0000] {logging_mixin.py:188} INFO - [2026-06-23T02:57:04.304+0000] {dagbag.py:545} INFO - Filling up the DagBag from /home/airflow/.local/lib/python3.12/site-packages/airflow/example_dags/example_sla_dag.py
[2026-06-23T02:57:04.315+0000] {processor.py:840} INFO - DAG(s) 'example_sla_dag' retrieved from /home/airflow/.local/lib/python3.12/site-packages/airflow/example_dags/example_sla_dag.py
[2026-06-23T02:57:04.344+0000] {logging_mixin.py:188} INFO - [2026-06-23T02:57:04.344+0000] {dag.py:3096} INFO - Sync 1 DAGs
[2026-06-23T02:57:04.373+0000] {logging_mixin.py:188} INFO - [2026-06-23T02:57:04.373+0000] {dag.py:3954} INFO - Setting next_dagrun for example_sla_dag to 2026-06-23 02:54:00+00:00, run_after=2026-06-23 02:56:00+00:00
[2026-06-23T02:57:04.403+0000] {processor.py:183} INFO - Processing /home/airflow/.local/lib/python3.12/site-packages/airflow/example_dags/example_sla_dag.py took 0.110 seconds
[2026-06-23T02:57:34.760+0000] {processor.py:161} INFO - Started process (PID=1323) to work on /home/airflow/.local/lib/python3.12/site-packages/airflow/example_dags/example_sla_dag.py
[2026-06-23T02:57:34.762+0000] {processor.py:830} INFO - Processing file /home/airflow/.local/lib/python3.12/site-packages/airflow/example_dags/example_sla_dag.py for tasks to queue
[2026-06-23T02:57:34.765+0000] {logging_mixin.py:188} INFO - [2026-06-23T02:57:34.765+0000] {dagbag.py:545} INFO - Filling up the DagBag from /home/airflow/.local/lib/python3.12/site-packages/airflow/example_dags/example_sla_dag.py
[2026-06-23T02:57:34.775+0000] {processor.py:840} INFO - DAG(s) 'example_sla_dag' retrieved from /home/airflow/.local/lib/python3.12/site-packages/airflow/example_dags/example_sla_dag.py
[2026-06-23T02:57:34.803+0000] {logging_mixin.py:188} INFO - [2026-06-23T02:57:34.803+0000] {dag.py:3096} INFO - Sync 1 DAGs
[2026-06-23T02:57:34.834+0000] {logging_mixin.py:188} INFO - [2026-06-23T02:57:34.834+0000] {dag.py:3954} INFO - Setting next_dagrun for example_sla_dag to 2026-06-23 02:54:00+00:00, run_after=2026-06-23 02:56:00+00:00
[2026-06-23T02:57:34.863+0000] {processor.py:183} INFO - Processing /home/airflow/.local/lib/python3.12/site-packages/airflow/example_dags/example_sla_dag.py took 0.110 seconds
[2026-06-23T02:58:51.500+0000] {processor.py:161} INFO - Started process (PID=1381) to work on /home/airflow/.local/lib/python3.12/site-packages/airflow/example_dags/example_sla_dag.py
[2026-06-23T02:58:51.502+0000] {processor.py:830} INFO - Processing file /home/airflow/.local/lib/python3.12/site-packages/airflow/example_dags/example_sla_dag.py for tasks to queue
[2026-06-23T02:58:51.505+0000] {logging_mixin.py:188} INFO - [2026-06-23T02:58:51.504+0000] {dagbag.py:545} INFO - Filling up the DagBag from /home/airflow/.local/lib/python3.12/site-packages/airflow/example_dags/example_sla_dag.py
[2026-06-23T02:58:51.516+0000] {processor.py:840} INFO - DAG(s) 'example_sla_dag' retrieved from /home/airflow/.local/lib/python3.12/site-packages/airflow/example_dags/example_sla_dag.py
[2026-06-23T02:58:51.545+0000] {logging_mixin.py:188} INFO - [2026-06-23T02:58:51.545+0000] {dag.py:3096} INFO - Sync 1 DAGs
[2026-06-23T02:58:51.575+0000] {logging_mixin.py:188} INFO - [2026-06-23T02:58:51.575+0000] {dag.py:3954} INFO - Setting next_dagrun for example_sla_dag to 2026-06-23 02:56:00+00:00, run_after=2026-06-23 02:58:00+00:00
[2026-06-23T02:58:51.605+0000] {processor.py:183} INFO - Processing /home/airflow/.local/lib/python3.12/site-packages/airflow/example_dags/example_sla_dag.py took 0.114 seconds
[2026-06-23T02:59:22.505+0000] {processor.py:161} INFO - Started process (PID=1440) to work on /home/airflow/.local/lib/python3.12/site-packages/airflow/example_dags/example_sla_dag.py
[2026-06-23T02:59:22.506+0000] {processor.py:830} INFO - Processing file /home/airflow/.local/lib/python3.12/site-packages/airflow/example_dags/example_sla_dag.py for tasks to queue
[2026-06-23T02:59:22.509+0000] {logging_mixin.py:188} INFO - [2026-06-23T02:59:22.509+0000] {dagbag.py:545} INFO - Filling up the DagBag from /home/airflow/.local/lib/python3.12/site-packages/airflow/example_dags/example_sla_dag.py
[2026-06-23T02:59:22.519+0000] {processor.py:840} INFO - DAG(s) 'example_sla_dag' retrieved from /home/airflow/.local/lib/python3.12/site-packages/airflow/example_dags/example_sla_dag.py
[2026-06-23T02:59:22.546+0000] {logging_mixin.py:188} INFO - [2026-06-23T02:59:22.546+0000] {dag.py:3096} INFO - Sync 1 DAGs
[2026-06-23T02:59:22.576+0000] {logging_mixin.py:188} INFO - [2026-06-23T02:59:22.576+0000] {dag.py:3954} INFO - Setting next_dagrun for example_sla_dag to 2026-06-23 02:56:00+00:00, run_after=2026-06-23 02:58:00+00:00
[2026-06-23T02:59:22.611+0000] {processor.py:183} INFO - Processing /home/airflow/.local/lib/python3.12/site-packages/airflow/example_dags/example_sla_dag.py took 0.113 seconds
[2026-06-23T02:59:52.753+0000] {processor.py:161} INFO - Started process (PID=1499) to work on /home/airflow/.local/lib/python3.12/site-packages/airflow/example_dags/example_sla_dag.py
[2026-06-23T02:59:52.755+0000] {processor.py:830} INFO - Processing file /home/airflow/.local/lib/python3.12/site-packages/airflow/example_dags/example_sla_dag.py for tasks to queue
[2026-06-23T02:59:52.759+0000] {logging_mixin.py:188} INFO - [2026-06-23T02:59:52.758+0000] {dagbag.py:545} INFO - Filling up the DagBag from /home/airflow/.local/lib/python3.12/site-packages/airflow/example_dags/example_sla_dag.py
[2026-06-23T02:59:52.769+0000] {processor.py:840} INFO - DAG(s) 'example_sla_dag' retrieved from /home/airflow/.local/lib/python3.12/site-packages/airflow/example_dags/example_sla_dag.py
[2026-06-23T02:59:52.798+0000] {logging_mixin.py:188} INFO - [2026-06-23T02:59:52.797+0000] {dag.py:3096} INFO - Sync 1 DAGs
[2026-06-23T02:59:52.989+0000] {logging_mixin.py:188} INFO - [2026-06-23T02:59:52.988+0000] {dag.py:3954} INFO - Setting next_dagrun for example_sla_dag to 2026-06-23 02:56:00+00:00, run_after=2026-06-23 02:58:00+00:00
[2026-06-23T02:59:53.016+0000] {processor.py:183} INFO - Processing /home/airflow/.local/lib/python3.12/site-packages/airflow/example_dags/example_sla_dag.py took 0.270 seconds
[2026-06-23T03:00:23.243+0000] {processor.py:161} INFO - Started process (PID=1558) to work on /home/airflow/.local/lib/python3.12/site-packages/airflow/example_dags/example_sla_dag.py
[2026-06-23T03:00:23.245+0000] {processor.py:830} INFO - Processing file /home/airflow/.local/lib/python3.12/site-packages/airflow/example_dags/example_sla_dag.py for tasks to queue
[2026-06-23T03:00:23.249+0000] {logging_mixin.py:188} INFO - [2026-06-23T03:00:23.248+0000] {dagbag.py:545} INFO - Filling up the DagBag from /home/airflow/.local/lib/python3.12/site-packages/airflow/example_dags/example_sla_dag.py
[2026-06-23T03:00:23.260+0000] {processor.py:840} INFO - DAG(s) 'example_sla_dag' retrieved from /home/airflow/.local/lib/python3.12/site-packages/airflow/example_dags/example_sla_dag.py
[2026-06-23T03:00:23.287+0000] {logging_mixin.py:188} INFO - [2026-06-23T03:00:23.287+0000] {dag.py:3096} INFO - Sync 1 DAGs
[2026-06-23T03:00:23.319+0000] {logging_mixin.py:188} INFO - [2026-06-23T03:00:23.319+0000] {dag.py:3954} INFO - Setting next_dagrun for example_sla_dag to 2026-06-23 02:58:00+00:00, run_after=2026-06-23 03:00:00+00:00
[2026-06-23T03:00:23.349+0000] {processor.py:183} INFO - Processing /home/airflow/.local/lib/python3.12/site-packages/airflow/example_dags/example_sla_dag.py took 0.112 seconds
[2026-06-23T03:00:53.909+0000] {processor.py:161} INFO - Started process (PID=1617) to work on /home/airflow/.local/lib/python3.12/site-packages/airflow/example_dags/example_sla_dag.py
[2026-06-23T03:00:53.911+0000] {processor.py:830} INFO - Processing file /home/airflow/.local/lib/python3.12/site-packages/airflow/example_dags/example_sla_dag.py for tasks to queue
[2026-06-23T03:00:53.915+0000] {logging_mixin.py:188} INFO - [2026-06-23T03:00:53.914+0000] {dagbag.py:545} INFO - Filling up the DagBag from /home/airflow/.local/lib/python3.12/site-packages/airflow/example_dags/example_sla_dag.py
[2026-06-23T03:00:53.925+0000] {processor.py:840} INFO - DAG(s) 'example_sla_dag' retrieved from /home/airflow/.local/lib/python3.12/site-packages/airflow/example_dags/example_sla_dag.py
[2026-06-23T03:00:53.955+0000] {logging_mixin.py:188} INFO - [2026-06-23T03:00:53.955+0000] {dag.py:3096} INFO - Sync 1 DAGs
[2026-06-23T03:00:53.990+0000] {logging_mixin.py:188} INFO - [2026-06-23T03:00:53.990+0000] {dag.py:3954} INFO - Setting next_dagrun for example_sla_dag to 2026-06-23 02:58:00+00:00, run_after=2026-06-23 03:00:00+00:00
[2026-06-23T03:00:54.020+0000] {processor.py:183} INFO - Processing /home/airflow/.local/lib/python3.12/site-packages/airflow/example_dags/example_sla_dag.py took 0.118 seconds
[2026-06-23T03:01:24.649+0000] {processor.py:161} INFO - Started process (PID=1676) to work on /home/airflow/.local/lib/python3.12/site-packages/airflow/example_dags/example_sla_dag.py
[2026-06-23T03:01:24.651+0000] {processor.py:830} INFO - Processing file /home/airflow/.local/lib/python3.12/site-packages/airflow/example_dags/example_sla_dag.py for tasks to queue
[2026-06-23T03:01:24.654+0000] {logging_mixin.py:188} INFO - [2026-06-23T03:01:24.653+0000] {dagbag.py:545} INFO - Filling up the DagBag from /home/airflow/.local/lib/python3.12/site-packages/airflow/example_dags/example_sla_dag.py
[2026-06-23T03:01:24.664+0000] {processor.py:840} INFO - DAG(s) 'example_sla_dag' retrieved from /home/airflow/.local/lib/python3.12/site-packages/airflow/example_dags/example_sla_dag.py
[2026-06-23T03:01:24.696+0000] {logging_mixin.py:188} INFO - [2026-06-23T03:01:24.696+0000] {dag.py:3096} INFO - Sync 1 DAGs
[2026-06-23T03:01:24.731+0000] {logging_mixin.py:188} INFO - [2026-06-23T03:01:24.730+0000] {dag.py:3954} INFO - Setting next_dagrun for example_sla_dag to 2026-06-23 02:58:00+00:00, run_after=2026-06-23 03:00:00+00:00
[2026-06-23T03:01:24.764+0000] {processor.py:183} INFO - Processing /home/airflow/.local/lib/python3.12/site-packages/airflow/example_dags/example_sla_dag.py took 0.123 seconds
[2026-06-23T03:01:55.238+0000] {processor.py:161} INFO - Started process (PID=1735) to work on /home/airflow/.local/lib/python3.12/site-packages/airflow/example_dags/example_sla_dag.py
[2026-06-23T03:01:55.239+0000] {processor.py:830} INFO - Processing file /home/airflow/.local/lib/python3.12/site-packages/airflow/example_dags/example_sla_dag.py for tasks to queue
[2026-06-23T03:01:55.242+0000] {logging_mixin.py:188} INFO - [2026-06-23T03:01:55.242+0000] {dagbag.py:545} INFO - Filling up the DagBag from /home/airflow/.local/lib/python3.12/site-packages/airflow/example_dags/example_sla_dag.py
[2026-06-23T03:01:55.256+0000] {processor.py:840} INFO - DAG(s) 'example_sla_dag' retrieved from /home/airflow/.local/lib/python3.12/site-packages/airflow/example_dags/example_sla_dag.py
[2026-06-23T03:01:55.289+0000] {logging_mixin.py:188} INFO - [2026-06-23T03:01:55.289+0000] {dag.py:3096} INFO - Sync 1 DAGs
[2026-06-23T03:01:55.324+0000] {logging_mixin.py:188} INFO - [2026-06-23T03:01:55.324+0000] {dag.py:3954} INFO - Setting next_dagrun for example_sla_dag to 2026-06-23 02:58:00+00:00, run_after=2026-06-23 03:00:00+00:00
[2026-06-23T03:01:55.354+0000] {processor.py:183} INFO - Processing /home/airflow/.local/lib/python3.12/site-packages/airflow/example_dags/example_sla_dag.py took 0.126 seconds
[2026-06-23T03:02:25.833+0000] {processor.py:161} INFO - Started process (PID=1794) to work on /home/airflow/.local/lib/python3.12/site-packages/airflow/example_dags/example_sla_dag.py
[2026-06-23T03:02:25.835+0000] {processor.py:830} INFO - Processing file /home/airflow/.local/lib/python3.12/site-packages/airflow/example_dags/example_sla_dag.py for tasks to queue
[2026-06-23T03:02:25.838+0000] {logging_mixin.py:188} INFO - [2026-06-23T03:02:25.838+0000] {dagbag.py:545} INFO - Filling up the DagBag from /home/airflow/.local/lib/python3.12/site-packages/airflow/example_dags/example_sla_dag.py
[2026-06-23T03:02:25.848+0000] {processor.py:840} INFO - DAG(s) 'example_sla_dag' retrieved from /home/airflow/.local/lib/python3.12/site-packages/airflow/example_dags/example_sla_dag.py
[2026-06-23T03:02:25.888+0000] {logging_mixin.py:188} INFO - [2026-06-23T03:02:25.887+0000] {dag.py:3096} INFO - Sync 1 DAGs
[2026-06-23T03:02:25.925+0000] {logging_mixin.py:188} INFO - [2026-06-23T03:02:25.925+0000] {dag.py:3954} INFO - Setting next_dagrun for example_sla_dag to 2026-06-23 03:00:00+00:00, run_after=2026-06-23 03:02:00+00:00
[2026-06-23T03:02:25.955+0000] {processor.py:183} INFO - Processing /home/airflow/.local/lib/python3.12/site-packages/airflow/example_dags/example_sla_dag.py took 0.130 seconds
[2026-06-23T03:02:56.090+0000] {processor.py:161} INFO - Started process (PID=1853) to work on /home/airflow/.local/lib/python3.12/site-packages/airflow/example_dags/example_sla_dag.py
[2026-06-23T03:02:56.092+0000] {processor.py:830} INFO - Processing file /home/airflow/.local/lib/python3.12/site-packages/airflow/example_dags/example_sla_dag.py for tasks to queue
[2026-06-23T03:02:56.095+0000] {logging_mixin.py:188} INFO - [2026-06-23T03:02:56.094+0000] {dagbag.py:545} INFO - Filling up the DagBag from /home/airflow/.local/lib/python3.12/site-packages/airflow/example_dags/example_sla_dag.py
[2026-06-23T03:02:56.104+0000] {processor.py:840} INFO - DAG(s) 'example_sla_dag' retrieved from /home/airflow/.local/lib/python3.12/site-packages/airflow/example_dags/example_sla_dag.py
[2026-06-23T03:02:56.130+0000] {logging_mixin.py:188} INFO - [2026-06-23T03:02:56.130+0000] {dag.py:3096} INFO - Sync 1 DAGs
[2026-06-23T03:02:56.158+0000] {logging_mixin.py:188} INFO - [2026-06-23T03:02:56.158+0000] {dag.py:3954} INFO - Setting next_dagrun for example_sla_dag to 2026-06-23 03:00:00+00:00, run_after=2026-06-23 03:02:00+00:00
[2026-06-23T03:02:56.193+0000] {processor.py:183} INFO - Processing /home/airflow/.local/lib/python3.12/site-packages/airflow/example_dags/example_sla_dag.py took 0.109 seconds
[2026-06-23T03:03:26.523+0000] {processor.py:161} INFO - Started process (PID=1912) to work on /home/airflow/.local/lib/python3.12/site-packages/airflow/example_dags/example_sla_dag.py
[2026-06-23T03:03:26.526+0000] {processor.py:830} INFO - Processing file /home/airflow/.local/lib/python3.12/site-packages/airflow/example_dags/example_sla_dag.py for tasks to queue
[2026-06-23T03:03:26.532+0000] {logging_mixin.py:188} INFO - [2026-06-23T03:03:26.531+0000] {dagbag.py:545} INFO - Filling up the DagBag from /home/airflow/.local/lib/python3.12/site-packages/airflow/example_dags/example_sla_dag.py
[2026-06-23T03:03:26.551+0000] {processor.py:840} INFO - DAG(s) 'example_sla_dag' retrieved from /home/airflow/.local/lib/python3.12/site-packages/airflow/example_dags/example_sla_dag.py
[2026-06-23T03:03:26.602+0000] {logging_mixin.py:188} INFO - [2026-06-23T03:03:26.602+0000] {dag.py:3096} INFO - Sync 1 DAGs
[2026-06-23T03:03:26.673+0000] {logging_mixin.py:188} INFO - [2026-06-23T03:03:26.672+0000] {dag.py:3954} INFO - Setting next_dagrun for example_sla_dag to 2026-06-23 03:00:00+00:00, run_after=2026-06-23 03:02:00+00:00
[2026-06-23T03:03:26.726+0000] {processor.py:183} INFO - Processing /home/airflow/.local/lib/python3.12/site-packages/airflow/example_dags/example_sla_dag.py took 0.216 seconds
[2026-06-23T03:04:41.301+0000] {processor.py:161} INFO - Started process (PID=195) to work on /home/airflow/.local/lib/python3.12/site-packages/airflow/example_dags/example_sla_dag.py
[2026-06-23T03:04:41.305+0000] {processor.py:830} INFO - Processing file /home/airflow/.local/lib/python3.12/site-packages/airflow/example_dags/example_sla_dag.py for tasks to queue
[2026-06-23T03:04:41.310+0000] {logging_mixin.py:188} INFO - [2026-06-23T03:04:41.310+0000] {dagbag.py:545} INFO - Filling up the DagBag from /home/airflow/.local/lib/python3.12/site-packages/airflow/example_dags/example_sla_dag.py
[2026-06-23T03:04:41.341+0000] {processor.py:840} INFO - DAG(s) 'example_sla_dag' retrieved from /home/airflow/.local/lib/python3.12/site-packages/airflow/example_dags/example_sla_dag.py
[2026-06-23T03:04:41.421+0000] {logging_mixin.py:188} INFO - [2026-06-23T03:04:41.421+0000] {dag.py:3096} INFO - Sync 1 DAGs
[2026-06-23T03:04:41.455+0000] {logging_mixin.py:188} INFO - [2026-06-23T03:04:41.455+0000] {dag.py:3954} INFO - Setting next_dagrun for example_sla_dag to 2026-06-23 03:02:00+00:00, run_after=2026-06-23 03:04:00+00:00
[2026-06-23T03:04:41.486+0000] {processor.py:183} INFO - Processing /home/airflow/.local/lib/python3.12/site-packages/airflow/example_dags/example_sla_dag.py took 0.198 seconds
[2026-06-23T03:05:12.139+0000] {processor.py:161} INFO - Started process (PID=462) to work on /home/airflow/.local/lib/python3.12/site-packages/airflow/example_dags/example_sla_dag.py
[2026-06-23T03:05:12.141+0000] {processor.py:830} INFO - Processing file /home/airflow/.local/lib/python3.12/site-packages/airflow/example_dags/example_sla_dag.py for tasks to queue
[2026-06-23T03:05:12.144+0000] {logging_mixin.py:188} INFO - [2026-06-23T03:05:12.143+0000] {dagbag.py:545} INFO - Filling up the DagBag from /home/airflow/.local/lib/python3.12/site-packages/airflow/example_dags/example_sla_dag.py
[2026-06-23T03:05:12.158+0000] {processor.py:840} INFO - DAG(s) 'example_sla_dag' retrieved from /home/airflow/.local/lib/python3.12/site-packages/airflow/example_dags/example_sla_dag.py
[2026-06-23T03:05:12.351+0000] {logging_mixin.py:188} INFO - [2026-06-23T03:05:12.351+0000] {dag.py:3096} INFO - Sync 1 DAGs
[2026-06-23T03:05:12.392+0000] {logging_mixin.py:188} INFO - [2026-06-23T03:05:12.392+0000] {dag.py:3954} INFO - Setting next_dagrun for example_sla_dag to 2026-06-23 03:02:00+00:00, run_after=2026-06-23 03:04:00+00:00
[2026-06-23T03:05:12.425+0000] {processor.py:183} INFO - Processing /home/airflow/.local/lib/python3.12/site-packages/airflow/example_dags/example_sla_dag.py took 0.293 seconds
[2026-06-23T03:05:42.715+0000] {processor.py:161} INFO - Started process (PID=844) to work on /home/airflow/.local/lib/python3.12/site-packages/airflow/example_dags/example_sla_dag.py
[2026-06-23T03:05:42.717+0000] {processor.py:830} INFO - Processing file /home/airflow/.local/lib/python3.12/site-packages/airflow/example_dags/example_sla_dag.py for tasks to queue
[2026-06-23T03:05:42.720+0000] {logging_mixin.py:188} INFO - [2026-06-23T03:05:42.720+0000] {dagbag.py:545} INFO - Filling up the DagBag from /home/airflow/.local/lib/python3.12/site-packages/airflow/example_dags/example_sla_dag.py
[2026-06-23T03:05:42.731+0000] {processor.py:840} INFO - DAG(s) 'example_sla_dag' retrieved from /home/airflow/.local/lib/python3.12/site-packages/airflow/example_dags/example_sla_dag.py
[2026-06-23T03:05:42.761+0000] {logging_mixin.py:188} INFO - [2026-06-23T03:05:42.761+0000] {dag.py:3096} INFO - Sync 1 DAGs
[2026-06-23T03:05:42.792+0000] {logging_mixin.py:188} INFO - [2026-06-23T03:05:42.792+0000] {dag.py:3954} INFO - Setting next_dagrun for example_sla_dag to 2026-06-23 03:02:00+00:00, run_after=2026-06-23 03:04:00+00:00
[2026-06-23T03:05:42.823+0000] {processor.py:183} INFO - Processing /home/airflow/.local/lib/python3.12/site-packages/airflow/example_dags/example_sla_dag.py took 0.117 seconds
[2026-06-23T03:06:13.289+0000] {processor.py:161} INFO - Started process (PID=1111) to work on /home/airflow/.local/lib/python3.12/site-packages/airflow/example_dags/example_sla_dag.py
[2026-06-23T03:06:13.291+0000] {processor.py:830} INFO - Processing file /home/airflow/.local/lib/python3.12/site-packages/airflow/example_dags/example_sla_dag.py for tasks to queue
[2026-06-23T03:06:13.294+0000] {logging_mixin.py:188} INFO - [2026-06-23T03:06:13.294+0000] {dagbag.py:545} INFO - Filling up the DagBag from /home/airflow/.local/lib/python3.12/site-packages/airflow/example_dags/example_sla_dag.py
[2026-06-23T03:06:13.304+0000] {processor.py:840} INFO - DAG(s) 'example_sla_dag' retrieved from /home/airflow/.local/lib/python3.12/site-packages/airflow/example_dags/example_sla_dag.py
[2026-06-23T03:06:13.329+0000] {logging_mixin.py:188} INFO - [2026-06-23T03:06:13.329+0000] {dag.py:3096} INFO - Sync 1 DAGs
[2026-06-23T03:06:13.358+0000] {logging_mixin.py:188} INFO - [2026-06-23T03:06:13.358+0000] {dag.py:3954} INFO - Setting next_dagrun for example_sla_dag to 2026-06-23 03:04:00+00:00, run_after=2026-06-23 03:06:00+00:00
[2026-06-23T03:06:13.390+0000] {processor.py:183} INFO - Processing /home/airflow/.local/lib/python3.12/site-packages/airflow/example_dags/example_sla_dag.py took 0.107 seconds
[2026-06-23T03:06:44.199+0000] {processor.py:161} INFO - Started process (PID=1384) to work on /home/airflow/.local/lib/python3.12/site-packages/airflow/example_dags/example_sla_dag.py
[2026-06-23T03:06:44.200+0000] {processor.py:830} INFO - Processing file /home/airflow/.local/lib/python3.12/site-packages/airflow/example_dags/example_sla_dag.py for tasks to queue
[2026-06-23T03:06:44.205+0000] {logging_mixin.py:188} INFO - [2026-06-23T03:06:44.204+0000] {dagbag.py:545} INFO - Filling up the DagBag from /home/airflow/.local/lib/python3.12/site-packages/airflow/example_dags/example_sla_dag.py
[2026-06-23T03:06:44.215+0000] {processor.py:840} INFO - DAG(s) 'example_sla_dag' retrieved from /home/airflow/.local/lib/python3.12/site-packages/airflow/example_dags/example_sla_dag.py
[2026-06-23T03:06:44.243+0000] {logging_mixin.py:188} INFO - [2026-06-23T03:06:44.243+0000] {dag.py:3096} INFO - Sync 1 DAGs
[2026-06-23T03:06:44.275+0000] {logging_mixin.py:188} INFO - [2026-06-23T03:06:44.274+0000] {dag.py:3954} INFO - Setting next_dagrun for example_sla_dag to 2026-06-23 03:04:00+00:00, run_after=2026-06-23 03:06:00+00:00
[2026-06-23T03:06:44.305+0000] {processor.py:183} INFO - Processing /home/airflow/.local/lib/python3.12/site-packages/airflow/example_dags/example_sla_dag.py took 0.114 seconds
[2026-06-23T03:07:14.402+0000] {processor.py:161} INFO - Started process (PID=1651) to work on /home/airflow/.local/lib/python3.12/site-packages/airflow/example_dags/example_sla_dag.py
[2026-06-23T03:07:14.403+0000] {processor.py:830} INFO - Processing file /home/airflow/.local/lib/python3.12/site-packages/airflow/example_dags/example_sla_dag.py for tasks to queue
[2026-06-23T03:07:14.406+0000] {logging_mixin.py:188} INFO - [2026-06-23T03:07:14.405+0000] {dagbag.py:545} INFO - Filling up the DagBag from /home/airflow/.local/lib/python3.12/site-packages/airflow/example_dags/example_sla_dag.py
[2026-06-23T03:07:14.416+0000] {processor.py:840} INFO - DAG(s) 'example_sla_dag' retrieved from /home/airflow/.local/lib/python3.12/site-packages/airflow/example_dags/example_sla_dag.py
[2026-06-23T03:07:14.445+0000] {logging_mixin.py:188} INFO - [2026-06-23T03:07:14.445+0000] {dag.py:3096} INFO - Sync 1 DAGs
[2026-06-23T03:07:14.474+0000] {logging_mixin.py:188} INFO - [2026-06-23T03:07:14.474+0000] {dag.py:3954} INFO - Setting next_dagrun for example_sla_dag to 2026-06-23 03:04:00+00:00, run_after=2026-06-23 03:06:00+00:00
[2026-06-23T03:07:14.503+0000] {processor.py:183} INFO - Processing /home/airflow/.local/lib/python3.12/site-packages/airflow/example_dags/example_sla_dag.py took 0.108 seconds
[2026-06-23T03:07:44.788+0000] {processor.py:161} INFO - Started process (PID=1918) to work on /home/airflow/.local/lib/python3.12/site-packages/airflow/example_dags/example_sla_dag.py
[2026-06-23T03:07:44.789+0000] {processor.py:830} INFO - Processing file /home/airflow/.local/lib/python3.12/site-packages/airflow/example_dags/example_sla_dag.py for tasks to queue
[2026-06-23T03:07:44.792+0000] {logging_mixin.py:188} INFO - [2026-06-23T03:07:44.791+0000] {dagbag.py:545} INFO - Filling up the DagBag from /home/airflow/.local/lib/python3.12/site-packages/airflow/example_dags/example_sla_dag.py
[2026-06-23T03:07:44.802+0000] {processor.py:840} INFO - DAG(s) 'example_sla_dag' retrieved from /home/airflow/.local/lib/python3.12/site-packages/airflow/example_dags/example_sla_dag.py
[2026-06-23T03:07:44.831+0000] {logging_mixin.py:188} INFO - [2026-06-23T03:07:44.830+0000] {dag.py:3096} INFO - Sync 1 DAGs
[2026-06-23T03:07:44.861+0000] {logging_mixin.py:188} INFO - [2026-06-23T03:07:44.861+0000] {dag.py:3954} INFO - Setting next_dagrun for example_sla_dag to 2026-06-23 03:04:00+00:00, run_after=2026-06-23 03:06:00+00:00
[2026-06-23T03:07:44.891+0000] {processor.py:183} INFO - Processing /home/airflow/.local/lib/python3.12/site-packages/airflow/example_dags/example_sla_dag.py took 0.110 seconds
[2026-06-23T03:08:15.291+0000] {processor.py:161} INFO - Started process (PID=2185) to work on /home/airflow/.local/lib/python3.12/site-packages/airflow/example_dags/example_sla_dag.py
[2026-06-23T03:08:15.293+0000] {processor.py:830} INFO - Processing file /home/airflow/.local/lib/python3.12/site-packages/airflow/example_dags/example_sla_dag.py for tasks to queue
[2026-06-23T03:08:15.296+0000] {logging_mixin.py:188} INFO - [2026-06-23T03:08:15.295+0000] {dagbag.py:545} INFO - Filling up the DagBag from /home/airflow/.local/lib/python3.12/site-packages/airflow/example_dags/example_sla_dag.py
[2026-06-23T03:08:15.306+0000] {processor.py:840} INFO - DAG(s) 'example_sla_dag' retrieved from /home/airflow/.local/lib/python3.12/site-packages/airflow/example_dags/example_sla_dag.py
[2026-06-23T03:08:15.333+0000] {logging_mixin.py:188} INFO - [2026-06-23T03:08:15.332+0000] {dag.py:3096} INFO - Sync 1 DAGs
[2026-06-23T03:08:15.362+0000] {logging_mixin.py:188} INFO - [2026-06-23T03:08:15.362+0000] {dag.py:3954} INFO - Setting next_dagrun for example_sla_dag to 2026-06-23 03:06:00+00:00, run_after=2026-06-23 03:08:00+00:00
[2026-06-23T03:08:15.406+0000] {processor.py:183} INFO - Processing /home/airflow/.local/lib/python3.12/site-packages/airflow/example_dags/example_sla_dag.py took 0.122 seconds
[2026-06-23T03:08:45.727+0000] {processor.py:161} INFO - Started process (PID=2452) to work on /home/airflow/.local/lib/python3.12/site-packages/airflow/example_dags/example_sla_dag.py
[2026-06-23T03:08:45.729+0000] {processor.py:830} INFO - Processing file /home/airflow/.local/lib/python3.12/site-packages/airflow/example_dags/example_sla_dag.py for tasks to queue
[2026-06-23T03:08:45.731+0000] {logging_mixin.py:188} INFO - [2026-06-23T03:08:45.731+0000] {dagbag.py:545} INFO - Filling up the DagBag from /home/airflow/.local/lib/python3.12/site-packages/airflow/example_dags/example_sla_dag.py
[2026-06-23T03:08:45.743+0000] {processor.py:840} INFO - DAG(s) 'example_sla_dag' retrieved from /home/airflow/.local/lib/python3.12/site-packages/airflow/example_dags/example_sla_dag.py
[2026-06-23T03:08:45.771+0000] {logging_mixin.py:188} INFO - [2026-06-23T03:08:45.770+0000] {dag.py:3096} INFO - Sync 1 DAGs
[2026-06-23T03:08:45.801+0000] {logging_mixin.py:188} INFO - [2026-06-23T03:08:45.801+0000] {dag.py:3954} INFO - Setting next_dagrun for example_sla_dag to 2026-06-23 03:06:00+00:00, run_after=2026-06-23 03:08:00+00:00
[2026-06-23T03:08:45.832+0000] {processor.py:183} INFO - Processing /home/airflow/.local/lib/python3.12/site-packages/airflow/example_dags/example_sla_dag.py took 0.112 seconds
[2026-06-23T03:09:16.158+0000] {processor.py:161} INFO - Started process (PID=2719) to work on /home/airflow/.local/lib/python3.12/site-packages/airflow/example_dags/example_sla_dag.py
[2026-06-23T03:09:16.159+0000] {processor.py:830} INFO - Processing file /home/airflow/.local/lib/python3.12/site-packages/airflow/example_dags/example_sla_dag.py for tasks to queue
[2026-06-23T03:09:16.162+0000] {logging_mixin.py:188} INFO - [2026-06-23T03:09:16.161+0000] {dagbag.py:545} INFO - Filling up the DagBag from /home/airflow/.local/lib/python3.12/site-packages/airflow/example_dags/example_sla_dag.py
[2026-06-23T03:09:16.172+0000] {processor.py:840} INFO - DAG(s) 'example_sla_dag' retrieved from /home/airflow/.local/lib/python3.12/site-packages/airflow/example_dags/example_sla_dag.py
[2026-06-23T03:09:16.199+0000] {logging_mixin.py:188} INFO - [2026-06-23T03:09:16.198+0000] {dag.py:3096} INFO - Sync 1 DAGs
[2026-06-23T03:09:16.227+0000] {logging_mixin.py:188} INFO - [2026-06-23T03:09:16.227+0000] {dag.py:3954} INFO - Setting next_dagrun for example_sla_dag to 2026-06-23 03:06:00+00:00, run_after=2026-06-23 03:08:00+00:00
[2026-06-23T03:09:16.254+0000] {processor.py:183} INFO - Processing /home/airflow/.local/lib/python3.12/site-packages/airflow/example_dags/example_sla_dag.py took 0.103 seconds
[2026-06-23T03:09:46.373+0000] {processor.py:161} INFO - Started process (PID=2986) to work on /home/airflow/.local/lib/python3.12/site-packages/airflow/example_dags/example_sla_dag.py
[2026-06-23T03:09:46.374+0000] {processor.py:830} INFO - Processing file /home/airflow/.local/lib/python3.12/site-packages/airflow/example_dags/example_sla_dag.py for tasks to queue
[2026-06-23T03:09:46.377+0000] {logging_mixin.py:188} INFO - [2026-06-23T03:09:46.376+0000] {dagbag.py:545} INFO - Filling up the DagBag from /home/airflow/.local/lib/python3.12/site-packages/airflow/example_dags/example_sla_dag.py
[2026-06-23T03:09:46.387+0000] {processor.py:840} INFO - DAG(s) 'example_sla_dag' retrieved from /home/airflow/.local/lib/python3.12/site-packages/airflow/example_dags/example_sla_dag.py
[2026-06-23T03:09:46.414+0000] {logging_mixin.py:188} INFO - [2026-06-23T03:09:46.414+0000] {dag.py:3096} INFO - Sync 1 DAGs
[2026-06-23T03:09:46.444+0000] {logging_mixin.py:188} INFO - [2026-06-23T03:09:46.443+0000] {dag.py:3954} INFO - Setting next_dagrun for example_sla_dag to 2026-06-23 03:06:00+00:00, run_after=2026-06-23 03:08:00+00:00
[2026-06-23T03:09:46.474+0000] {processor.py:183} INFO - Processing /home/airflow/.local/lib/python3.12/site-packages/airflow/example_dags/example_sla_dag.py took 0.108 seconds
[2026-06-23T03:10:17.021+0000] {processor.py:161} INFO - Started process (PID=3253) to work on /home/airflow/.local/lib/python3.12/site-packages/airflow/example_dags/example_sla_dag.py
[2026-06-23T03:10:17.022+0000] {processor.py:830} INFO - Processing file /home/airflow/.local/lib/python3.12/site-packages/airflow/example_dags/example_sla_dag.py for tasks to queue
[2026-06-23T03:10:17.025+0000] {logging_mixin.py:188} INFO - [2026-06-23T03:10:17.025+0000] {dagbag.py:545} INFO - Filling up the DagBag from /home/airflow/.local/lib/python3.12/site-packages/airflow/example_dags/example_sla_dag.py
[2026-06-23T03:10:17.036+0000] {processor.py:840} INFO - DAG(s) 'example_sla_dag' retrieved from /home/airflow/.local/lib/python3.12/site-packages/airflow/example_dags/example_sla_dag.py
[2026-06-23T03:10:17.063+0000] {logging_mixin.py:188} INFO - [2026-06-23T03:10:17.062+0000] {dag.py:3096} INFO - Sync 1 DAGs
[2026-06-23T03:10:17.095+0000] {logging_mixin.py:188} INFO - [2026-06-23T03:10:17.095+0000] {dag.py:3954} INFO - Setting next_dagrun for example_sla_dag to 2026-06-23 03:08:00+00:00, run_after=2026-06-23 03:10:00+00:00
[2026-06-23T03:10:17.130+0000] {processor.py:183} INFO - Processing /home/airflow/.local/lib/python3.12/site-packages/airflow/example_dags/example_sla_dag.py took 0.116 seconds
[2026-06-23T03:10:47.386+0000] {processor.py:161} INFO - Started process (PID=3520) to work on /home/airflow/.local/lib/python3.12/site-packages/airflow/example_dags/example_sla_dag.py
[2026-06-23T03:10:47.388+0000] {processor.py:830} INFO - Processing file /home/airflow/.local/lib/python3.12/site-packages/airflow/example_dags/example_sla_dag.py for tasks to queue
[2026-06-23T03:10:47.390+0000] {logging_mixin.py:188} INFO - [2026-06-23T03:10:47.390+0000] {dagbag.py:545} INFO - Filling up the DagBag from /home/airflow/.local/lib/python3.12/site-packages/airflow/example_dags/example_sla_dag.py
[2026-06-23T03:10:47.400+0000] {processor.py:840} INFO - DAG(s) 'example_sla_dag' retrieved from /home/airflow/.local/lib/python3.12/site-packages/airflow/example_dags/example_sla_dag.py
[2026-06-23T03:10:47.426+0000] {logging_mixin.py:188} INFO - [2026-06-23T03:10:47.425+0000] {dag.py:3096} INFO - Sync 1 DAGs
[2026-06-23T03:10:47.454+0000] {logging_mixin.py:188} INFO - [2026-06-23T03:10:47.453+0000] {dag.py:3954} INFO - Setting next_dagrun for example_sla_dag to 2026-06-23 03:08:00+00:00, run_after=2026-06-23 03:10:00+00:00
[2026-06-23T03:10:47.484+0000] {processor.py:183} INFO - Processing /home/airflow/.local/lib/python3.12/site-packages/airflow/example_dags/example_sla_dag.py took 0.104 seconds
[2026-06-23T03:11:17.888+0000] {processor.py:161} INFO - Started process (PID=3787) to work on /home/airflow/.local/lib/python3.12/site-packages/airflow/example_dags/example_sla_dag.py
[2026-06-23T03:11:17.890+0000] {processor.py:830} INFO - Processing file /home/airflow/.local/lib/python3.12/site-packages/airflow/example_dags/example_sla_dag.py for tasks to queue
[2026-06-23T03:11:17.893+0000] {logging_mixin.py:188} INFO - [2026-06-23T03:11:17.893+0000] {dagbag.py:545} INFO - Filling up the DagBag from /home/airflow/.local/lib/python3.12/site-packages/airflow/example_dags/example_sla_dag.py
[2026-06-23T03:11:17.906+0000] {processor.py:840} INFO - DAG(s) 'example_sla_dag' retrieved from /home/airflow/.local/lib/python3.12/site-packages/airflow/example_dags/example_sla_dag.py
[2026-06-23T03:11:17.937+0000] {logging_mixin.py:188} INFO - [2026-06-23T03:11:17.937+0000] {dag.py:3096} INFO - Sync 1 DAGs
[2026-06-23T03:11:17.972+0000] {logging_mixin.py:188} INFO - [2026-06-23T03:11:17.972+0000] {dag.py:3954} INFO - Setting next_dagrun for example_sla_dag to 2026-06-23 03:08:00+00:00, run_after=2026-06-23 03:10:00+00:00
[2026-06-23T03:11:18.009+0000] {processor.py:183} INFO - Processing /home/airflow/.local/lib/python3.12/site-packages/airflow/example_dags/example_sla_dag.py took 0.130 seconds
[2026-06-23T03:11:48.454+0000] {processor.py:161} INFO - Started process (PID=4054) to work on /home/airflow/.local/lib/python3.12/site-packages/airflow/example_dags/example_sla_dag.py
[2026-06-23T03:11:48.456+0000] {processor.py:830} INFO - Processing file /home/airflow/.local/lib/python3.12/site-packages/airflow/example_dags/example_sla_dag.py for tasks to queue
[2026-06-23T03:11:48.458+0000] {logging_mixin.py:188} INFO - [2026-06-23T03:11:48.458+0000] {dagbag.py:545} INFO - Filling up the DagBag from /home/airflow/.local/lib/python3.12/site-packages/airflow/example_dags/example_sla_dag.py
[2026-06-23T03:11:48.468+0000] {processor.py:840} INFO - DAG(s) 'example_sla_dag' retrieved from /home/airflow/.local/lib/python3.12/site-packages/airflow/example_dags/example_sla_dag.py
[2026-06-23T03:11:48.496+0000] {logging_mixin.py:188} INFO - [2026-06-23T03:11:48.496+0000] {dag.py:3096} INFO - Sync 1 DAGs
[2026-06-23T03:11:48.528+0000] {logging_mixin.py:188} INFO - [2026-06-23T03:11:48.528+0000] {dag.py:3954} INFO - Setting next_dagrun for example_sla_dag to 2026-06-23 03:08:00+00:00, run_after=2026-06-23 03:10:00+00:00
[2026-06-23T03:11:48.566+0000] {processor.py:183} INFO - Processing /home/airflow/.local/lib/python3.12/site-packages/airflow/example_dags/example_sla_dag.py took 0.118 seconds
[2026-06-23T03:12:18.727+0000] {processor.py:161} INFO - Started process (PID=4322) to work on /home/airflow/.local/lib/python3.12/site-packages/airflow/example_dags/example_sla_dag.py
[2026-06-23T03:12:18.730+0000] {processor.py:830} INFO - Processing file /home/airflow/.local/lib/python3.12/site-packages/airflow/example_dags/example_sla_dag.py for tasks to queue
[2026-06-23T03:12:18.734+0000] {logging_mixin.py:188} INFO - [2026-06-23T03:12:18.733+0000] {dagbag.py:545} INFO - Filling up the DagBag from /home/airflow/.local/lib/python3.12/site-packages/airflow/example_dags/example_sla_dag.py
[2026-06-23T03:12:18.746+0000] {processor.py:840} INFO - DAG(s) 'example_sla_dag' retrieved from /home/airflow/.local/lib/python3.12/site-packages/airflow/example_dags/example_sla_dag.py
[2026-06-23T03:12:18.779+0000] {logging_mixin.py:188} INFO - [2026-06-23T03:12:18.779+0000] {dag.py:3096} INFO - Sync 1 DAGs
[2026-06-23T03:12:18.812+0000] {logging_mixin.py:188} INFO - [2026-06-23T03:12:18.812+0000] {dag.py:3954} INFO - Setting next_dagrun for example_sla_dag to 2026-06-23 03:10:00+00:00, run_after=2026-06-23 03:12:00+00:00
[2026-06-23T03:12:18.841+0000] {processor.py:183} INFO - Processing /home/airflow/.local/lib/python3.12/site-packages/airflow/example_dags/example_sla_dag.py took 0.122 seconds
[2026-06-23T03:12:48.993+0000] {processor.py:161} INFO - Started process (PID=4589) to work on /home/airflow/.local/lib/python3.12/site-packages/airflow/example_dags/example_sla_dag.py
[2026-06-23T03:12:48.994+0000] {processor.py:830} INFO - Processing file /home/airflow/.local/lib/python3.12/site-packages/airflow/example_dags/example_sla_dag.py for tasks to queue
[2026-06-23T03:12:48.996+0000] {logging_mixin.py:188} INFO - [2026-06-23T03:12:48.996+0000] {dagbag.py:545} INFO - Filling up the DagBag from /home/airflow/.local/lib/python3.12/site-packages/airflow/example_dags/example_sla_dag.py
[2026-06-23T03:12:49.006+0000] {processor.py:840} INFO - DAG(s) 'example_sla_dag' retrieved from /home/airflow/.local/lib/python3.12/site-packages/airflow/example_dags/example_sla_dag.py
[2026-06-23T03:12:49.032+0000] {logging_mixin.py:188} INFO - [2026-06-23T03:12:49.032+0000] {dag.py:3096} INFO - Sync 1 DAGs
[2026-06-23T03:12:49.072+0000] {logging_mixin.py:188} INFO - [2026-06-23T03:12:49.071+0000] {dag.py:3954} INFO - Setting next_dagrun for example_sla_dag to 2026-06-23 03:10:00+00:00, run_after=2026-06-23 03:12:00+00:00
[2026-06-23T03:12:49.105+0000] {processor.py:183} INFO - Processing /home/airflow/.local/lib/python3.12/site-packages/airflow/example_dags/example_sla_dag.py took 0.119 seconds
[2026-06-23T03:13:19.383+0000] {processor.py:161} INFO - Started process (PID=4856) to work on /home/airflow/.local/lib/python3.12/site-packages/airflow/example_dags/example_sla_dag.py
[2026-06-23T03:13:19.384+0000] {processor.py:830} INFO - Processing file /home/airflow/.local/lib/python3.12/site-packages/airflow/example_dags/example_sla_dag.py for tasks to queue
[2026-06-23T03:13:19.387+0000] {logging_mixin.py:188} INFO - [2026-06-23T03:13:19.387+0000] {dagbag.py:545} INFO - Filling up the DagBag from /home/airflow/.local/lib/python3.12/site-packages/airflow/example_dags/example_sla_dag.py
[2026-06-23T03:13:19.396+0000] {processor.py:840} INFO - DAG(s) 'example_sla_dag' retrieved from /home/airflow/.local/lib/python3.12/site-packages/airflow/example_dags/example_sla_dag.py
[2026-06-23T03:13:19.421+0000] {logging_mixin.py:188} INFO - [2026-06-23T03:13:19.421+0000] {dag.py:3096} INFO - Sync 1 DAGs
[2026-06-23T03:13:19.448+0000] {logging_mixin.py:188} INFO - [2026-06-23T03:13:19.448+0000] {dag.py:3954} INFO - Setting next_dagrun for example_sla_dag to 2026-06-23 03:10:00+00:00, run_after=2026-06-23 03:12:00+00:00
[2026-06-23T03:13:19.474+0000] {processor.py:183} INFO - Processing /home/airflow/.local/lib/python3.12/site-packages/airflow/example_dags/example_sla_dag.py took 0.098 seconds
[2026-06-23T03:13:49.716+0000] {processor.py:161} INFO - Started process (PID=5123) to work on /home/airflow/.local/lib/python3.12/site-packages/airflow/example_dags/example_sla_dag.py
[2026-06-23T03:13:49.718+0000] {processor.py:830} INFO - Processing file /home/airflow/.local/lib/python3.12/site-packages/airflow/example_dags/example_sla_dag.py for tasks to queue
[2026-06-23T03:13:49.720+0000] {logging_mixin.py:188} INFO - [2026-06-23T03:13:49.719+0000] {dagbag.py:545} INFO - Filling up the DagBag from /home/airflow/.local/lib/python3.12/site-packages/airflow/example_dags/example_sla_dag.py
[2026-06-23T03:13:49.728+0000] {processor.py:840} INFO - DAG(s) 'example_sla_dag' retrieved from /home/airflow/.local/lib/python3.12/site-packages/airflow/example_dags/example_sla_dag.py
[2026-06-23T03:13:49.755+0000] {logging_mixin.py:188} INFO - [2026-06-23T03:13:49.755+0000] {dag.py:3096} INFO - Sync 1 DAGs
[2026-06-23T03:13:49.784+0000] {logging_mixin.py:188} INFO - [2026-06-23T03:13:49.784+0000] {dag.py:3954} INFO - Setting next_dagrun for example_sla_dag to 2026-06-23 03:10:00+00:00, run_after=2026-06-23 03:12:00+00:00
[2026-06-23T03:13:49.816+0000] {processor.py:183} INFO - Processing /home/airflow/.local/lib/python3.12/site-packages/airflow/example_dags/example_sla_dag.py took 0.106 seconds
[2026-06-23T03:14:20.324+0000] {processor.py:161} INFO - Started process (PID=5390) to work on /home/airflow/.local/lib/python3.12/site-packages/airflow/example_dags/example_sla_dag.py
[2026-06-23T03:14:20.325+0000] {processor.py:830} INFO - Processing file /home/airflow/.local/lib/python3.12/site-packages/airflow/example_dags/example_sla_dag.py for tasks to queue
[2026-06-23T03:14:20.328+0000] {logging_mixin.py:188} INFO - [2026-06-23T03:14:20.327+0000] {dagbag.py:545} INFO - Filling up the DagBag from /home/airflow/.local/lib/python3.12/site-packages/airflow/example_dags/example_sla_dag.py
[2026-06-23T03:14:20.337+0000] {processor.py:840} INFO - DAG(s) 'example_sla_dag' retrieved from /home/airflow/.local/lib/python3.12/site-packages/airflow/example_dags/example_sla_dag.py
[2026-06-23T03:14:20.362+0000] {logging_mixin.py:188} INFO - [2026-06-23T03:14:20.362+0000] {dag.py:3096} INFO - Sync 1 DAGs
[2026-06-23T03:14:20.391+0000] {logging_mixin.py:188} INFO - [2026-06-23T03:14:20.390+0000] {dag.py:3954} INFO - Setting next_dagrun for example_sla_dag to 2026-06-23 03:12:00+00:00, run_after=2026-06-23 03:14:00+00:00
[2026-06-23T03:14:20.419+0000] {processor.py:183} INFO - Processing /home/airflow/.local/lib/python3.12/site-packages/airflow/example_dags/example_sla_dag.py took 0.102 seconds
[2026-06-23T03:14:50.726+0000] {processor.py:161} INFO - Started process (PID=5657) to work on /home/airflow/.local/lib/python3.12/site-packages/airflow/example_dags/example_sla_dag.py
[2026-06-23T03:14:50.728+0000] {processor.py:830} INFO - Processing file /home/airflow/.local/lib/python3.12/site-packages/airflow/example_dags/example_sla_dag.py for tasks to queue
[2026-06-23T03:14:50.731+0000] {logging_mixin.py:188} INFO - [2026-06-23T03:14:50.731+0000] {dagbag.py:545} INFO - Filling up the DagBag from /home/airflow/.local/lib/python3.12/site-packages/airflow/example_dags/example_sla_dag.py
[2026-06-23T03:14:50.740+0000] {processor.py:840} INFO - DAG(s) 'example_sla_dag' retrieved from /home/airflow/.local/lib/python3.12/site-packages/airflow/example_dags/example_sla_dag.py
[2026-06-23T03:14:50.768+0000] {logging_mixin.py:188} INFO - [2026-06-23T03:14:50.768+0000] {dag.py:3096} INFO - Sync 1 DAGs
[2026-06-23T03:14:50.797+0000] {logging_mixin.py:188} INFO - [2026-06-23T03:14:50.797+0000] {dag.py:3954} INFO - Setting next_dagrun for example_sla_dag to 2026-06-23 03:12:00+00:00, run_after=2026-06-23 03:14:00+00:00
[2026-06-23T03:14:50.823+0000] {processor.py:183} INFO - Processing /home/airflow/.local/lib/python3.12/site-packages/airflow/example_dags/example_sla_dag.py took 0.103 seconds
[2026-06-23T03:15:21.026+0000] {processor.py:161} INFO - Started process (PID=5924) to work on /home/airflow/.local/lib/python3.12/site-packages/airflow/example_dags/example_sla_dag.py
[2026-06-23T03:15:21.027+0000] {processor.py:830} INFO - Processing file /home/airflow/.local/lib/python3.12/site-packages/airflow/example_dags/example_sla_dag.py for tasks to queue
[2026-06-23T03:15:21.030+0000] {logging_mixin.py:188} INFO - [2026-06-23T03:15:21.029+0000] {dagbag.py:545} INFO - Filling up the DagBag from /home/airflow/.local/lib/python3.12/site-packages/airflow/example_dags/example_sla_dag.py
[2026-06-23T03:15:21.040+0000] {processor.py:840} INFO - DAG(s) 'example_sla_dag' retrieved from /home/airflow/.local/lib/python3.12/site-packages/airflow/example_dags/example_sla_dag.py
[2026-06-23T03:15:21.067+0000] {logging_mixin.py:188} INFO - [2026-06-23T03:15:21.067+0000] {dag.py:3096} INFO - Sync 1 DAGs
[2026-06-23T03:15:21.096+0000] {logging_mixin.py:188} INFO - [2026-06-23T03:15:21.096+0000] {dag.py:3954} INFO - Setting next_dagrun for example_sla_dag to 2026-06-23 03:12:00+00:00, run_after=2026-06-23 03:14:00+00:00
[2026-06-23T03:15:21.125+0000] {processor.py:183} INFO - Processing /home/airflow/.local/lib/python3.12/site-packages/airflow/example_dags/example_sla_dag.py took 0.106 seconds
[2026-06-23T03:15:51.321+0000] {processor.py:161} INFO - Started process (PID=6191) to work on /home/airflow/.local/lib/python3.12/site-packages/airflow/example_dags/example_sla_dag.py
[2026-06-23T03:15:51.322+0000] {processor.py:830} INFO - Processing file /home/airflow/.local/lib/python3.12/site-packages/airflow/example_dags/example_sla_dag.py for tasks to queue
[2026-06-23T03:15:51.325+0000] {logging_mixin.py:188} INFO - [2026-06-23T03:15:51.324+0000] {dagbag.py:545} INFO - Filling up the DagBag from /home/airflow/.local/lib/python3.12/site-packages/airflow/example_dags/example_sla_dag.py
[2026-06-23T03:15:51.335+0000] {processor.py:840} INFO - DAG(s) 'example_sla_dag' retrieved from /home/airflow/.local/lib/python3.12/site-packages/airflow/example_dags/example_sla_dag.py
[2026-06-23T03:15:51.363+0000] {logging_mixin.py:188} INFO - [2026-06-23T03:15:51.363+0000] {dag.py:3096} INFO - Sync 1 DAGs
[2026-06-23T03:15:51.391+0000] {logging_mixin.py:188} INFO - [2026-06-23T03:15:51.391+0000] {dag.py:3954} INFO - Setting next_dagrun for example_sla_dag to 2026-06-23 03:12:00+00:00, run_after=2026-06-23 03:14:00+00:00
[2026-06-23T03:15:51.418+0000] {processor.py:183} INFO - Processing /home/airflow/.local/lib/python3.12/site-packages/airflow/example_dags/example_sla_dag.py took 0.104 seconds
[2026-06-23T03:16:21.694+0000] {processor.py:161} INFO - Started process (PID=6458) to work on /home/airflow/.local/lib/python3.12/site-packages/airflow/example_dags/example_sla_dag.py
[2026-06-23T03:16:21.696+0000] {processor.py:830} INFO - Processing file /home/airflow/.local/lib/python3.12/site-packages/airflow/example_dags/example_sla_dag.py for tasks to queue
[2026-06-23T03:16:21.698+0000] {logging_mixin.py:188} INFO - [2026-06-23T03:16:21.697+0000] {dagbag.py:545} INFO - Filling up the DagBag from /home/airflow/.local/lib/python3.12/site-packages/airflow/example_dags/example_sla_dag.py
[2026-06-23T03:16:21.708+0000] {processor.py:840} INFO - DAG(s) 'example_sla_dag' retrieved from /home/airflow/.local/lib/python3.12/site-packages/airflow/example_dags/example_sla_dag.py
[2026-06-23T03:16:21.734+0000] {logging_mixin.py:188} INFO - [2026-06-23T03:16:21.733+0000] {dag.py:3096} INFO - Sync 1 DAGs
[2026-06-23T03:16:21.763+0000] {logging_mixin.py:188} INFO - [2026-06-23T03:16:21.763+0000] {dag.py:3954} INFO - Setting next_dagrun for example_sla_dag to 2026-06-23 03:14:00+00:00, run_after=2026-06-23 03:16:00+00:00
[2026-06-23T03:16:21.790+0000] {processor.py:183} INFO - Processing /home/airflow/.local/lib/python3.12/site-packages/airflow/example_dags/example_sla_dag.py took 0.102 seconds
[2026-06-23T03:16:51.845+0000] {processor.py:161} INFO - Started process (PID=6722) to work on /home/airflow/.local/lib/python3.12/site-packages/airflow/example_dags/example_sla_dag.py
[2026-06-23T03:16:51.847+0000] {processor.py:830} INFO - Processing file /home/airflow/.local/lib/python3.12/site-packages/airflow/example_dags/example_sla_dag.py for tasks to queue
[2026-06-23T03:16:51.850+0000] {logging_mixin.py:188} INFO - [2026-06-23T03:16:51.850+0000] {dagbag.py:545} INFO - Filling up the DagBag from /home/airflow/.local/lib/python3.12/site-packages/airflow/example_dags/example_sla_dag.py
[2026-06-23T03:16:51.861+0000] {processor.py:840} INFO - DAG(s) 'example_sla_dag' retrieved from /home/airflow/.local/lib/python3.12/site-packages/airflow/example_dags/example_sla_dag.py
[2026-06-23T03:16:51.886+0000] {logging_mixin.py:188} INFO - [2026-06-23T03:16:51.885+0000] {dag.py:3096} INFO - Sync 1 DAGs
[2026-06-23T03:16:51.913+0000] {logging_mixin.py:188} INFO - [2026-06-23T03:16:51.913+0000] {dag.py:3954} INFO - Setting next_dagrun for example_sla_dag to 2026-06-23 03:14:00+00:00, run_after=2026-06-23 03:16:00+00:00
[2026-06-23T03:16:51.937+0000] {processor.py:183} INFO - Processing /home/airflow/.local/lib/python3.12/site-packages/airflow/example_dags/example_sla_dag.py took 0.098 seconds
[2026-06-23T03:17:22.251+0000] {processor.py:161} INFO - Started process (PID=6992) to work on /home/airflow/.local/lib/python3.12/site-packages/airflow/example_dags/example_sla_dag.py
[2026-06-23T03:17:22.253+0000] {processor.py:830} INFO - Processing file /home/airflow/.local/lib/python3.12/site-packages/airflow/example_dags/example_sla_dag.py for tasks to queue
[2026-06-23T03:17:22.256+0000] {logging_mixin.py:188} INFO - [2026-06-23T03:17:22.256+0000] {dagbag.py:545} INFO - Filling up the DagBag from /home/airflow/.local/lib/python3.12/site-packages/airflow/example_dags/example_sla_dag.py
[2026-06-23T03:17:22.266+0000] {processor.py:840} INFO - DAG(s) 'example_sla_dag' retrieved from /home/airflow/.local/lib/python3.12/site-packages/airflow/example_dags/example_sla_dag.py
[2026-06-23T03:17:22.289+0000] {logging_mixin.py:188} INFO - [2026-06-23T03:17:22.288+0000] {dag.py:3096} INFO - Sync 1 DAGs
[2026-06-23T03:17:22.315+0000] {logging_mixin.py:188} INFO - [2026-06-23T03:17:22.315+0000] {dag.py:3954} INFO - Setting next_dagrun for example_sla_dag to 2026-06-23 03:14:00+00:00, run_after=2026-06-23 03:16:00+00:00
[2026-06-23T03:17:22.343+0000] {processor.py:183} INFO - Processing /home/airflow/.local/lib/python3.12/site-packages/airflow/example_dags/example_sla_dag.py took 0.098 seconds
[2026-06-23T03:17:52.724+0000] {processor.py:161} INFO - Started process (PID=7259) to work on /home/airflow/.local/lib/python3.12/site-packages/airflow/example_dags/example_sla_dag.py
[2026-06-23T03:17:52.726+0000] {processor.py:830} INFO - Processing file /home/airflow/.local/lib/python3.12/site-packages/airflow/example_dags/example_sla_dag.py for tasks to queue
[2026-06-23T03:17:52.730+0000] {logging_mixin.py:188} INFO - [2026-06-23T03:17:52.729+0000] {dagbag.py:545} INFO - Filling up the DagBag from /home/airflow/.local/lib/python3.12/site-packages/airflow/example_dags/example_sla_dag.py
[2026-06-23T03:17:52.743+0000] {processor.py:840} INFO - DAG(s) 'example_sla_dag' retrieved from /home/airflow/.local/lib/python3.12/site-packages/airflow/example_dags/example_sla_dag.py
[2026-06-23T03:17:52.784+0000] {logging_mixin.py:188} INFO - [2026-06-23T03:17:52.784+0000] {dag.py:3096} INFO - Sync 1 DAGs
[2026-06-23T03:17:52.829+0000] {logging_mixin.py:188} INFO - [2026-06-23T03:17:52.829+0000] {dag.py:3954} INFO - Setting next_dagrun for example_sla_dag to 2026-06-23 03:14:00+00:00, run_after=2026-06-23 03:16:00+00:00
[2026-06-23T03:17:52.870+0000] {processor.py:183} INFO - Processing /home/airflow/.local/lib/python3.12/site-packages/airflow/example_dags/example_sla_dag.py took 0.157 seconds
[2026-06-23T03:18:23.060+0000] {processor.py:161} INFO - Started process (PID=7526) to work on /home/airflow/.local/lib/python3.12/site-packages/airflow/example_dags/example_sla_dag.py
[2026-06-23T03:18:23.063+0000] {processor.py:830} INFO - Processing file /home/airflow/.local/lib/python3.12/site-packages/airflow/example_dags/example_sla_dag.py for tasks to queue
[2026-06-23T03:18:23.065+0000] {logging_mixin.py:188} INFO - [2026-06-23T03:18:23.065+0000] {dagbag.py:545} INFO - Filling up the DagBag from /home/airflow/.local/lib/python3.12/site-packages/airflow/example_dags/example_sla_dag.py
[2026-06-23T03:18:23.080+0000] {processor.py:840} INFO - DAG(s) 'example_sla_dag' retrieved from /home/airflow/.local/lib/python3.12/site-packages/airflow/example_dags/example_sla_dag.py
[2026-06-23T03:18:23.121+0000] {logging_mixin.py:188} INFO - [2026-06-23T03:18:23.120+0000] {dag.py:3096} INFO - Sync 1 DAGs
[2026-06-23T03:18:23.156+0000] {logging_mixin.py:188} INFO - [2026-06-23T03:18:23.156+0000] {dag.py:3954} INFO - Setting next_dagrun for example_sla_dag to 2026-06-23 03:16:00+00:00, run_after=2026-06-23 03:18:00+00:00
[2026-06-23T03:18:23.187+0000] {processor.py:183} INFO - Processing /home/airflow/.local/lib/python3.12/site-packages/airflow/example_dags/example_sla_dag.py took 0.135 seconds
[2026-06-23T03:18:53.674+0000] {processor.py:161} INFO - Started process (PID=7793) to work on /home/airflow/.local/lib/python3.12/site-packages/airflow/example_dags/example_sla_dag.py
[2026-06-23T03:18:53.676+0000] {processor.py:830} INFO - Processing file /home/airflow/.local/lib/python3.12/site-packages/airflow/example_dags/example_sla_dag.py for tasks to queue
[2026-06-23T03:18:53.679+0000] {logging_mixin.py:188} INFO - [2026-06-23T03:18:53.678+0000] {dagbag.py:545} INFO - Filling up the DagBag from /home/airflow/.local/lib/python3.12/site-packages/airflow/example_dags/example_sla_dag.py
[2026-06-23T03:18:53.689+0000] {processor.py:840} INFO - DAG(s) 'example_sla_dag' retrieved from /home/airflow/.local/lib/python3.12/site-packages/airflow/example_dags/example_sla_dag.py
[2026-06-23T03:18:53.717+0000] {logging_mixin.py:188} INFO - [2026-06-23T03:18:53.716+0000] {dag.py:3096} INFO - Sync 1 DAGs
[2026-06-23T03:18:53.746+0000] {logging_mixin.py:188} INFO - [2026-06-23T03:18:53.746+0000] {dag.py:3954} INFO - Setting next_dagrun for example_sla_dag to 2026-06-23 03:16:00+00:00, run_after=2026-06-23 03:18:00+00:00
[2026-06-23T03:18:53.777+0000] {processor.py:183} INFO - Processing /home/airflow/.local/lib/python3.12/site-packages/airflow/example_dags/example_sla_dag.py took 0.109 seconds
[2026-06-23T03:19:23.927+0000] {processor.py:161} INFO - Started process (PID=8060) to work on /home/airflow/.local/lib/python3.12/site-packages/airflow/example_dags/example_sla_dag.py
[2026-06-23T03:19:23.930+0000] {processor.py:830} INFO - Processing file /home/airflow/.local/lib/python3.12/site-packages/airflow/example_dags/example_sla_dag.py for tasks to queue
[2026-06-23T03:19:23.933+0000] {logging_mixin.py:188} INFO - [2026-06-23T03:19:23.932+0000] {dagbag.py:545} INFO - Filling up the DagBag from /home/airflow/.local/lib/python3.12/site-packages/airflow/example_dags/example_sla_dag.py
[2026-06-23T03:19:23.946+0000] {processor.py:840} INFO - DAG(s) 'example_sla_dag' retrieved from /home/airflow/.local/lib/python3.12/site-packages/airflow/example_dags/example_sla_dag.py
[2026-06-23T03:19:23.982+0000] {logging_mixin.py:188} INFO - [2026-06-23T03:19:23.982+0000] {dag.py:3096} INFO - Sync 1 DAGs
[2026-06-23T03:19:24.013+0000] {logging_mixin.py:188} INFO - [2026-06-23T03:19:24.013+0000] {dag.py:3954} INFO - Setting next_dagrun for example_sla_dag to 2026-06-23 03:16:00+00:00, run_after=2026-06-23 03:18:00+00:00
[2026-06-23T03:19:24.045+0000] {processor.py:183} INFO - Processing /home/airflow/.local/lib/python3.12/site-packages/airflow/example_dags/example_sla_dag.py took 0.126 seconds
