[2026-06-23T02:46:59.193+0000] {processor.py:161} INFO - Started process (PID=93) to work on /home/airflow/.local/lib/python3.12/site-packages/airflow/example_dags/example_display_name.py
[2026-06-23T02:46:59.195+0000] {processor.py:830} INFO - Processing file /home/airflow/.local/lib/python3.12/site-packages/airflow/example_dags/example_display_name.py for tasks to queue
[2026-06-23T02:46:59.199+0000] {logging_mixin.py:188} INFO - [2026-06-23T02:46:59.199+0000] {dagbag.py:545} INFO - Filling up the DagBag from /home/airflow/.local/lib/python3.12/site-packages/airflow/example_dags/example_display_name.py
[2026-06-23T02:46:59.214+0000] {processor.py:840} INFO - DAG(s) 'example_display_name' retrieved from /home/airflow/.local/lib/python3.12/site-packages/airflow/example_dags/example_display_name.py
[2026-06-23T02:46:59.396+0000] {logging_mixin.py:188} INFO - [2026-06-23T02:46:59.395+0000] {dag.py:3096} INFO - Sync 1 DAGs
[2026-06-23T02:46:59.419+0000] {logging_mixin.py:188} INFO - [2026-06-23T02:46:59.419+0000] {dag.py:3954} INFO - Setting next_dagrun for example_display_name to None, run_after=None
[2026-06-23T02:46:59.461+0000] {processor.py:183} INFO - Processing /home/airflow/.local/lib/python3.12/site-packages/airflow/example_dags/example_display_name.py took 0.279 seconds
[2026-06-23T02:47:29.620+0000] {processor.py:161} INFO - Started process (PID=152) to work on /home/airflow/.local/lib/python3.12/site-packages/airflow/example_dags/example_display_name.py
[2026-06-23T02:47:29.622+0000] {processor.py:830} INFO - Processing file /home/airflow/.local/lib/python3.12/site-packages/airflow/example_dags/example_display_name.py for tasks to queue
[2026-06-23T02:47:29.625+0000] {logging_mixin.py:188} INFO - [2026-06-23T02:47:29.625+0000] {dagbag.py:545} INFO - Filling up the DagBag from /home/airflow/.local/lib/python3.12/site-packages/airflow/example_dags/example_display_name.py
[2026-06-23T02:47:29.634+0000] {processor.py:840} INFO - DAG(s) 'example_display_name' retrieved from /home/airflow/.local/lib/python3.12/site-packages/airflow/example_dags/example_display_name.py
[2026-06-23T02:47:29.667+0000] {logging_mixin.py:188} INFO - [2026-06-23T02:47:29.667+0000] {dag.py:3096} INFO - Sync 1 DAGs
[2026-06-23T02:47:29.687+0000] {logging_mixin.py:188} INFO - [2026-06-23T02:47:29.687+0000] {dag.py:3954} INFO - Setting next_dagrun for example_display_name to None, run_after=None
[2026-06-23T02:47:29.730+0000] {processor.py:183} INFO - Processing /home/airflow/.local/lib/python3.12/site-packages/airflow/example_dags/example_display_name.py took 0.117 seconds
[2026-06-23T02:48:00.336+0000] {processor.py:161} INFO - Started process (PID=211) to work on /home/airflow/.local/lib/python3.12/site-packages/airflow/example_dags/example_display_name.py
[2026-06-23T02:48:00.338+0000] {processor.py:830} INFO - Processing file /home/airflow/.local/lib/python3.12/site-packages/airflow/example_dags/example_display_name.py for tasks to queue
[2026-06-23T02:48:00.342+0000] {logging_mixin.py:188} INFO - [2026-06-23T02:48:00.341+0000] {dagbag.py:545} INFO - Filling up the DagBag from /home/airflow/.local/lib/python3.12/site-packages/airflow/example_dags/example_display_name.py
[2026-06-23T02:48:00.350+0000] {processor.py:840} INFO - DAG(s) 'example_display_name' retrieved from /home/airflow/.local/lib/python3.12/site-packages/airflow/example_dags/example_display_name.py
[2026-06-23T02:48:00.382+0000] {logging_mixin.py:188} INFO - [2026-06-23T02:48:00.382+0000] {dag.py:3096} INFO - Sync 1 DAGs
[2026-06-23T02:48:00.406+0000] {logging_mixin.py:188} INFO - [2026-06-23T02:48:00.405+0000] {dag.py:3954} INFO - Setting next_dagrun for example_display_name to None, run_after=None
[2026-06-23T02:48:00.440+0000] {processor.py:183} INFO - Processing /home/airflow/.local/lib/python3.12/site-packages/airflow/example_dags/example_display_name.py took 0.113 seconds
[2026-06-23T02:48:31.183+0000] {processor.py:161} INFO - Started process (PID=270) to work on /home/airflow/.local/lib/python3.12/site-packages/airflow/example_dags/example_display_name.py
[2026-06-23T02:48:31.185+0000] {processor.py:830} INFO - Processing file /home/airflow/.local/lib/python3.12/site-packages/airflow/example_dags/example_display_name.py for tasks to queue
[2026-06-23T02:48:31.189+0000] {logging_mixin.py:188} INFO - [2026-06-23T02:48:31.188+0000] {dagbag.py:545} INFO - Filling up the DagBag from /home/airflow/.local/lib/python3.12/site-packages/airflow/example_dags/example_display_name.py
[2026-06-23T02:48:31.198+0000] {processor.py:840} INFO - DAG(s) 'example_display_name' retrieved from /home/airflow/.local/lib/python3.12/site-packages/airflow/example_dags/example_display_name.py
[2026-06-23T02:48:31.236+0000] {logging_mixin.py:188} INFO - [2026-06-23T02:48:31.236+0000] {dag.py:3096} INFO - Sync 1 DAGs
[2026-06-23T02:48:31.253+0000] {logging_mixin.py:188} INFO - [2026-06-23T02:48:31.253+0000] {dag.py:3954} INFO - Setting next_dagrun for example_display_name to None, run_after=None
[2026-06-23T02:48:31.284+0000] {processor.py:183} INFO - Processing /home/airflow/.local/lib/python3.12/site-packages/airflow/example_dags/example_display_name.py took 0.108 seconds
[2026-06-23T02:49:01.955+0000] {processor.py:161} INFO - Started process (PID=330) to work on /home/airflow/.local/lib/python3.12/site-packages/airflow/example_dags/example_display_name.py
[2026-06-23T02:49:01.957+0000] {processor.py:830} INFO - Processing file /home/airflow/.local/lib/python3.12/site-packages/airflow/example_dags/example_display_name.py for tasks to queue
[2026-06-23T02:49:01.961+0000] {logging_mixin.py:188} INFO - [2026-06-23T02:49:01.960+0000] {dagbag.py:545} INFO - Filling up the DagBag from /home/airflow/.local/lib/python3.12/site-packages/airflow/example_dags/example_display_name.py
[2026-06-23T02:49:01.971+0000] {processor.py:840} INFO - DAG(s) 'example_display_name' retrieved from /home/airflow/.local/lib/python3.12/site-packages/airflow/example_dags/example_display_name.py
[2026-06-23T02:49:02.006+0000] {logging_mixin.py:188} INFO - [2026-06-23T02:49:02.005+0000] {dag.py:3096} INFO - Sync 1 DAGs
[2026-06-23T02:49:02.027+0000] {logging_mixin.py:188} INFO - [2026-06-23T02:49:02.027+0000] {dag.py:3954} INFO - Setting next_dagrun for example_display_name to None, run_after=None
[2026-06-23T02:49:02.070+0000] {processor.py:183} INFO - Processing /home/airflow/.local/lib/python3.12/site-packages/airflow/example_dags/example_display_name.py took 0.125 seconds
[2026-06-23T02:49:32.351+0000] {processor.py:161} INFO - Started process (PID=389) to work on /home/airflow/.local/lib/python3.12/site-packages/airflow/example_dags/example_display_name.py
[2026-06-23T02:49:32.353+0000] {processor.py:830} INFO - Processing file /home/airflow/.local/lib/python3.12/site-packages/airflow/example_dags/example_display_name.py for tasks to queue
[2026-06-23T02:49:32.357+0000] {logging_mixin.py:188} INFO - [2026-06-23T02:49:32.357+0000] {dagbag.py:545} INFO - Filling up the DagBag from /home/airflow/.local/lib/python3.12/site-packages/airflow/example_dags/example_display_name.py
[2026-06-23T02:49:32.369+0000] {processor.py:840} INFO - DAG(s) 'example_display_name' retrieved from /home/airflow/.local/lib/python3.12/site-packages/airflow/example_dags/example_display_name.py
[2026-06-23T02:49:32.400+0000] {logging_mixin.py:188} INFO - [2026-06-23T02:49:32.400+0000] {dag.py:3096} INFO - Sync 1 DAGs
[2026-06-23T02:49:32.422+0000] {logging_mixin.py:188} INFO - [2026-06-23T02:49:32.422+0000] {dag.py:3954} INFO - Setting next_dagrun for example_display_name to None, run_after=None
[2026-06-23T02:49:32.453+0000] {processor.py:183} INFO - Processing /home/airflow/.local/lib/python3.12/site-packages/airflow/example_dags/example_display_name.py took 0.111 seconds
[2026-06-23T02:50:03.786+0000] {processor.py:161} INFO - Started process (PID=450) to work on /home/airflow/.local/lib/python3.12/site-packages/airflow/example_dags/example_display_name.py
[2026-06-23T02:50:03.788+0000] {processor.py:830} INFO - Processing file /home/airflow/.local/lib/python3.12/site-packages/airflow/example_dags/example_display_name.py for tasks to queue
[2026-06-23T02:50:03.791+0000] {logging_mixin.py:188} INFO - [2026-06-23T02:50:03.791+0000] {dagbag.py:545} INFO - Filling up the DagBag from /home/airflow/.local/lib/python3.12/site-packages/airflow/example_dags/example_display_name.py
[2026-06-23T02:50:03.800+0000] {processor.py:840} INFO - DAG(s) 'example_display_name' retrieved from /home/airflow/.local/lib/python3.12/site-packages/airflow/example_dags/example_display_name.py
[2026-06-23T02:50:03.834+0000] {logging_mixin.py:188} INFO - [2026-06-23T02:50:03.833+0000] {dag.py:3096} INFO - Sync 1 DAGs
[2026-06-23T02:50:03.854+0000] {logging_mixin.py:188} INFO - [2026-06-23T02:50:03.854+0000] {dag.py:3954} INFO - Setting next_dagrun for example_display_name to None, run_after=None
[2026-06-23T02:50:03.897+0000] {processor.py:183} INFO - Processing /home/airflow/.local/lib/python3.12/site-packages/airflow/example_dags/example_display_name.py took 0.122 seconds
[2026-06-23T02:50:34.107+0000] {processor.py:161} INFO - Started process (PID=509) to work on /home/airflow/.local/lib/python3.12/site-packages/airflow/example_dags/example_display_name.py
[2026-06-23T02:50:34.109+0000] {processor.py:830} INFO - Processing file /home/airflow/.local/lib/python3.12/site-packages/airflow/example_dags/example_display_name.py for tasks to queue
[2026-06-23T02:50:34.114+0000] {logging_mixin.py:188} INFO - [2026-06-23T02:50:34.113+0000] {dagbag.py:545} INFO - Filling up the DagBag from /home/airflow/.local/lib/python3.12/site-packages/airflow/example_dags/example_display_name.py
[2026-06-23T02:50:34.122+0000] {processor.py:840} INFO - DAG(s) 'example_display_name' retrieved from /home/airflow/.local/lib/python3.12/site-packages/airflow/example_dags/example_display_name.py
[2026-06-23T02:50:34.155+0000] {logging_mixin.py:188} INFO - [2026-06-23T02:50:34.155+0000] {dag.py:3096} INFO - Sync 1 DAGs
[2026-06-23T02:50:34.183+0000] {logging_mixin.py:188} INFO - [2026-06-23T02:50:34.182+0000] {dag.py:3954} INFO - Setting next_dagrun for example_display_name to None, run_after=None
[2026-06-23T02:50:34.240+0000] {processor.py:183} INFO - Processing /home/airflow/.local/lib/python3.12/site-packages/airflow/example_dags/example_display_name.py took 0.141 seconds
[2026-06-23T02:51:04.952+0000] {processor.py:161} INFO - Started process (PID=570) to work on /home/airflow/.local/lib/python3.12/site-packages/airflow/example_dags/example_display_name.py
[2026-06-23T02:51:04.954+0000] {processor.py:830} INFO - Processing file /home/airflow/.local/lib/python3.12/site-packages/airflow/example_dags/example_display_name.py for tasks to queue
[2026-06-23T02:51:04.957+0000] {logging_mixin.py:188} INFO - [2026-06-23T02:51:04.957+0000] {dagbag.py:545} INFO - Filling up the DagBag from /home/airflow/.local/lib/python3.12/site-packages/airflow/example_dags/example_display_name.py
[2026-06-23T02:51:04.966+0000] {processor.py:840} INFO - DAG(s) 'example_display_name' retrieved from /home/airflow/.local/lib/python3.12/site-packages/airflow/example_dags/example_display_name.py
[2026-06-23T02:51:04.996+0000] {logging_mixin.py:188} INFO - [2026-06-23T02:51:04.995+0000] {dag.py:3096} INFO - Sync 1 DAGs
[2026-06-23T02:51:05.014+0000] {logging_mixin.py:188} INFO - [2026-06-23T02:51:05.014+0000] {dag.py:3954} INFO - Setting next_dagrun for example_display_name to None, run_after=None
[2026-06-23T02:51:05.050+0000] {processor.py:183} INFO - Processing /home/airflow/.local/lib/python3.12/site-packages/airflow/example_dags/example_display_name.py took 0.107 seconds
[2026-06-23T02:51:35.229+0000] {processor.py:161} INFO - Started process (PID=630) to work on /home/airflow/.local/lib/python3.12/site-packages/airflow/example_dags/example_display_name.py
[2026-06-23T02:51:35.231+0000] {processor.py:830} INFO - Processing file /home/airflow/.local/lib/python3.12/site-packages/airflow/example_dags/example_display_name.py for tasks to queue
[2026-06-23T02:51:35.234+0000] {logging_mixin.py:188} INFO - [2026-06-23T02:51:35.234+0000] {dagbag.py:545} INFO - Filling up the DagBag from /home/airflow/.local/lib/python3.12/site-packages/airflow/example_dags/example_display_name.py
[2026-06-23T02:51:35.243+0000] {processor.py:840} INFO - DAG(s) 'example_display_name' retrieved from /home/airflow/.local/lib/python3.12/site-packages/airflow/example_dags/example_display_name.py
[2026-06-23T02:51:35.273+0000] {logging_mixin.py:188} INFO - [2026-06-23T02:51:35.273+0000] {dag.py:3096} INFO - Sync 1 DAGs
[2026-06-23T02:51:35.291+0000] {logging_mixin.py:188} INFO - [2026-06-23T02:51:35.291+0000] {dag.py:3954} INFO - Setting next_dagrun for example_display_name to None, run_after=None
[2026-06-23T02:51:35.328+0000] {processor.py:183} INFO - Processing /home/airflow/.local/lib/python3.12/site-packages/airflow/example_dags/example_display_name.py took 0.108 seconds
[2026-06-23T02:52:05.923+0000] {processor.py:161} INFO - Started process (PID=689) to work on /home/airflow/.local/lib/python3.12/site-packages/airflow/example_dags/example_display_name.py
[2026-06-23T02:52:05.925+0000] {processor.py:830} INFO - Processing file /home/airflow/.local/lib/python3.12/site-packages/airflow/example_dags/example_display_name.py for tasks to queue
[2026-06-23T02:52:05.929+0000] {logging_mixin.py:188} INFO - [2026-06-23T02:52:05.928+0000] {dagbag.py:545} INFO - Filling up the DagBag from /home/airflow/.local/lib/python3.12/site-packages/airflow/example_dags/example_display_name.py
[2026-06-23T02:52:05.937+0000] {processor.py:840} INFO - DAG(s) 'example_display_name' retrieved from /home/airflow/.local/lib/python3.12/site-packages/airflow/example_dags/example_display_name.py
[2026-06-23T02:52:05.965+0000] {logging_mixin.py:188} INFO - [2026-06-23T02:52:05.964+0000] {dag.py:3096} INFO - Sync 1 DAGs
[2026-06-23T02:52:05.981+0000] {logging_mixin.py:188} INFO - [2026-06-23T02:52:05.981+0000] {dag.py:3954} INFO - Setting next_dagrun for example_display_name to None, run_after=None
[2026-06-23T02:52:06.007+0000] {processor.py:183} INFO - Processing /home/airflow/.local/lib/python3.12/site-packages/airflow/example_dags/example_display_name.py took 0.091 seconds
[2026-06-23T02:52:36.344+0000] {processor.py:161} INFO - Started process (PID=748) to work on /home/airflow/.local/lib/python3.12/site-packages/airflow/example_dags/example_display_name.py
[2026-06-23T02:52:36.346+0000] {processor.py:830} INFO - Processing file /home/airflow/.local/lib/python3.12/site-packages/airflow/example_dags/example_display_name.py for tasks to queue
[2026-06-23T02:52:36.349+0000] {logging_mixin.py:188} INFO - [2026-06-23T02:52:36.349+0000] {dagbag.py:545} INFO - Filling up the DagBag from /home/airflow/.local/lib/python3.12/site-packages/airflow/example_dags/example_display_name.py
[2026-06-23T02:52:36.357+0000] {processor.py:840} INFO - DAG(s) 'example_display_name' retrieved from /home/airflow/.local/lib/python3.12/site-packages/airflow/example_dags/example_display_name.py
[2026-06-23T02:52:36.384+0000] {logging_mixin.py:188} INFO - [2026-06-23T02:52:36.383+0000] {dag.py:3096} INFO - Sync 1 DAGs
[2026-06-23T02:52:36.399+0000] {logging_mixin.py:188} INFO - [2026-06-23T02:52:36.399+0000] {dag.py:3954} INFO - Setting next_dagrun for example_display_name to None, run_after=None
[2026-06-23T02:52:36.426+0000] {processor.py:183} INFO - Processing /home/airflow/.local/lib/python3.12/site-packages/airflow/example_dags/example_display_name.py took 0.088 seconds
[2026-06-23T02:53:07.042+0000] {processor.py:161} INFO - Started process (PID=807) to work on /home/airflow/.local/lib/python3.12/site-packages/airflow/example_dags/example_display_name.py
[2026-06-23T02:53:07.043+0000] {processor.py:830} INFO - Processing file /home/airflow/.local/lib/python3.12/site-packages/airflow/example_dags/example_display_name.py for tasks to queue
[2026-06-23T02:53:07.047+0000] {logging_mixin.py:188} INFO - [2026-06-23T02:53:07.046+0000] {dagbag.py:545} INFO - Filling up the DagBag from /home/airflow/.local/lib/python3.12/site-packages/airflow/example_dags/example_display_name.py
[2026-06-23T02:53:07.054+0000] {processor.py:840} INFO - DAG(s) 'example_display_name' retrieved from /home/airflow/.local/lib/python3.12/site-packages/airflow/example_dags/example_display_name.py
[2026-06-23T02:53:07.082+0000] {logging_mixin.py:188} INFO - [2026-06-23T02:53:07.081+0000] {dag.py:3096} INFO - Sync 1 DAGs
[2026-06-23T02:53:07.099+0000] {logging_mixin.py:188} INFO - [2026-06-23T02:53:07.098+0000] {dag.py:3954} INFO - Setting next_dagrun for example_display_name to None, run_after=None
[2026-06-23T02:53:07.130+0000] {processor.py:183} INFO - Processing /home/airflow/.local/lib/python3.12/site-packages/airflow/example_dags/example_display_name.py took 0.096 seconds
[2026-06-23T02:53:37.312+0000] {processor.py:161} INFO - Started process (PID=866) to work on /home/airflow/.local/lib/python3.12/site-packages/airflow/example_dags/example_display_name.py
[2026-06-23T02:53:37.314+0000] {processor.py:830} INFO - Processing file /home/airflow/.local/lib/python3.12/site-packages/airflow/example_dags/example_display_name.py for tasks to queue
[2026-06-23T02:53:37.316+0000] {logging_mixin.py:188} INFO - [2026-06-23T02:53:37.316+0000] {dagbag.py:545} INFO - Filling up the DagBag from /home/airflow/.local/lib/python3.12/site-packages/airflow/example_dags/example_display_name.py
[2026-06-23T02:53:37.323+0000] {processor.py:840} INFO - DAG(s) 'example_display_name' retrieved from /home/airflow/.local/lib/python3.12/site-packages/airflow/example_dags/example_display_name.py
[2026-06-23T02:53:37.354+0000] {logging_mixin.py:188} INFO - [2026-06-23T02:53:37.354+0000] {dag.py:3096} INFO - Sync 1 DAGs
[2026-06-23T02:53:37.369+0000] {logging_mixin.py:188} INFO - [2026-06-23T02:53:37.369+0000] {dag.py:3954} INFO - Setting next_dagrun for example_display_name to None, run_after=None
[2026-06-23T02:53:37.399+0000] {processor.py:183} INFO - Processing /home/airflow/.local/lib/python3.12/site-packages/airflow/example_dags/example_display_name.py took 0.094 seconds
[2026-06-23T02:54:07.691+0000] {processor.py:161} INFO - Started process (PID=925) to work on /home/airflow/.local/lib/python3.12/site-packages/airflow/example_dags/example_display_name.py
[2026-06-23T02:54:07.693+0000] {processor.py:830} INFO - Processing file /home/airflow/.local/lib/python3.12/site-packages/airflow/example_dags/example_display_name.py for tasks to queue
[2026-06-23T02:54:07.696+0000] {logging_mixin.py:188} INFO - [2026-06-23T02:54:07.696+0000] {dagbag.py:545} INFO - Filling up the DagBag from /home/airflow/.local/lib/python3.12/site-packages/airflow/example_dags/example_display_name.py
[2026-06-23T02:54:07.704+0000] {processor.py:840} INFO - DAG(s) 'example_display_name' retrieved from /home/airflow/.local/lib/python3.12/site-packages/airflow/example_dags/example_display_name.py
[2026-06-23T02:54:07.732+0000] {logging_mixin.py:188} INFO - [2026-06-23T02:54:07.731+0000] {dag.py:3096} INFO - Sync 1 DAGs
[2026-06-23T02:54:07.749+0000] {logging_mixin.py:188} INFO - [2026-06-23T02:54:07.749+0000] {dag.py:3954} INFO - Setting next_dagrun for example_display_name to None, run_after=None
[2026-06-23T02:54:07.779+0000] {processor.py:183} INFO - Processing /home/airflow/.local/lib/python3.12/site-packages/airflow/example_dags/example_display_name.py took 0.095 seconds
[2026-06-23T02:54:38.277+0000] {processor.py:161} INFO - Started process (PID=985) to work on /home/airflow/.local/lib/python3.12/site-packages/airflow/example_dags/example_display_name.py
[2026-06-23T02:54:38.279+0000] {processor.py:830} INFO - Processing file /home/airflow/.local/lib/python3.12/site-packages/airflow/example_dags/example_display_name.py for tasks to queue
[2026-06-23T02:54:38.282+0000] {logging_mixin.py:188} INFO - [2026-06-23T02:54:38.281+0000] {dagbag.py:545} INFO - Filling up the DagBag from /home/airflow/.local/lib/python3.12/site-packages/airflow/example_dags/example_display_name.py
[2026-06-23T02:54:38.290+0000] {processor.py:840} INFO - DAG(s) 'example_display_name' retrieved from /home/airflow/.local/lib/python3.12/site-packages/airflow/example_dags/example_display_name.py
[2026-06-23T02:54:38.318+0000] {logging_mixin.py:188} INFO - [2026-06-23T02:54:38.317+0000] {dag.py:3096} INFO - Sync 1 DAGs
[2026-06-23T02:54:38.334+0000] {logging_mixin.py:188} INFO - [2026-06-23T02:54:38.334+0000] {dag.py:3954} INFO - Setting next_dagrun for example_display_name to None, run_after=None
[2026-06-23T02:54:38.362+0000] {processor.py:183} INFO - Processing /home/airflow/.local/lib/python3.12/site-packages/airflow/example_dags/example_display_name.py took 0.092 seconds
[2026-06-23T02:55:08.957+0000] {processor.py:161} INFO - Started process (PID=1044) to work on /home/airflow/.local/lib/python3.12/site-packages/airflow/example_dags/example_display_name.py
[2026-06-23T02:55:08.958+0000] {processor.py:830} INFO - Processing file /home/airflow/.local/lib/python3.12/site-packages/airflow/example_dags/example_display_name.py for tasks to queue
[2026-06-23T02:55:08.961+0000] {logging_mixin.py:188} INFO - [2026-06-23T02:55:08.961+0000] {dagbag.py:545} INFO - Filling up the DagBag from /home/airflow/.local/lib/python3.12/site-packages/airflow/example_dags/example_display_name.py
[2026-06-23T02:55:08.969+0000] {processor.py:840} INFO - DAG(s) 'example_display_name' retrieved from /home/airflow/.local/lib/python3.12/site-packages/airflow/example_dags/example_display_name.py
[2026-06-23T02:55:08.995+0000] {logging_mixin.py:188} INFO - [2026-06-23T02:55:08.995+0000] {dag.py:3096} INFO - Sync 1 DAGs
[2026-06-23T02:55:09.008+0000] {logging_mixin.py:188} INFO - [2026-06-23T02:55:09.008+0000] {dag.py:3954} INFO - Setting next_dagrun for example_display_name to None, run_after=None
[2026-06-23T02:55:09.036+0000] {processor.py:183} INFO - Processing /home/airflow/.local/lib/python3.12/site-packages/airflow/example_dags/example_display_name.py took 0.086 seconds
[2026-06-23T02:55:39.744+0000] {processor.py:161} INFO - Started process (PID=1104) to work on /home/airflow/.local/lib/python3.12/site-packages/airflow/example_dags/example_display_name.py
[2026-06-23T02:55:39.746+0000] {processor.py:830} INFO - Processing file /home/airflow/.local/lib/python3.12/site-packages/airflow/example_dags/example_display_name.py for tasks to queue
[2026-06-23T02:55:39.749+0000] {logging_mixin.py:188} INFO - [2026-06-23T02:55:39.748+0000] {dagbag.py:545} INFO - Filling up the DagBag from /home/airflow/.local/lib/python3.12/site-packages/airflow/example_dags/example_display_name.py
[2026-06-23T02:55:39.757+0000] {processor.py:840} INFO - DAG(s) 'example_display_name' retrieved from /home/airflow/.local/lib/python3.12/site-packages/airflow/example_dags/example_display_name.py
[2026-06-23T02:55:39.788+0000] {logging_mixin.py:188} INFO - [2026-06-23T02:55:39.787+0000] {dag.py:3096} INFO - Sync 1 DAGs
[2026-06-23T02:55:39.805+0000] {logging_mixin.py:188} INFO - [2026-06-23T02:55:39.804+0000] {dag.py:3954} INFO - Setting next_dagrun for example_display_name to None, run_after=None
[2026-06-23T02:55:39.837+0000] {processor.py:183} INFO - Processing /home/airflow/.local/lib/python3.12/site-packages/airflow/example_dags/example_display_name.py took 0.100 seconds
[2026-06-23T02:56:10.089+0000] {processor.py:161} INFO - Started process (PID=1162) to work on /home/airflow/.local/lib/python3.12/site-packages/airflow/example_dags/example_display_name.py
[2026-06-23T02:56:10.091+0000] {processor.py:830} INFO - Processing file /home/airflow/.local/lib/python3.12/site-packages/airflow/example_dags/example_display_name.py for tasks to queue
[2026-06-23T02:56:10.095+0000] {logging_mixin.py:188} INFO - [2026-06-23T02:56:10.094+0000] {dagbag.py:545} INFO - Filling up the DagBag from /home/airflow/.local/lib/python3.12/site-packages/airflow/example_dags/example_display_name.py
[2026-06-23T02:56:10.108+0000] {processor.py:840} INFO - DAG(s) 'example_display_name' retrieved from /home/airflow/.local/lib/python3.12/site-packages/airflow/example_dags/example_display_name.py
[2026-06-23T02:56:10.145+0000] {logging_mixin.py:188} INFO - [2026-06-23T02:56:10.144+0000] {dag.py:3096} INFO - Sync 1 DAGs
[2026-06-23T02:56:10.166+0000] {logging_mixin.py:188} INFO - [2026-06-23T02:56:10.166+0000] {dag.py:3954} INFO - Setting next_dagrun for example_display_name to None, run_after=None
[2026-06-23T02:56:10.206+0000] {processor.py:183} INFO - Processing /home/airflow/.local/lib/python3.12/site-packages/airflow/example_dags/example_display_name.py took 0.127 seconds
[2026-06-23T02:56:40.374+0000] {processor.py:161} INFO - Started process (PID=1222) to work on /home/airflow/.local/lib/python3.12/site-packages/airflow/example_dags/example_display_name.py
[2026-06-23T02:56:40.376+0000] {processor.py:830} INFO - Processing file /home/airflow/.local/lib/python3.12/site-packages/airflow/example_dags/example_display_name.py for tasks to queue
[2026-06-23T02:56:40.379+0000] {logging_mixin.py:188} INFO - [2026-06-23T02:56:40.378+0000] {dagbag.py:545} INFO - Filling up the DagBag from /home/airflow/.local/lib/python3.12/site-packages/airflow/example_dags/example_display_name.py
[2026-06-23T02:56:40.387+0000] {processor.py:840} INFO - DAG(s) 'example_display_name' retrieved from /home/airflow/.local/lib/python3.12/site-packages/airflow/example_dags/example_display_name.py
[2026-06-23T02:56:40.418+0000] {logging_mixin.py:188} INFO - [2026-06-23T02:56:40.418+0000] {dag.py:3096} INFO - Sync 1 DAGs
[2026-06-23T02:56:40.438+0000] {logging_mixin.py:188} INFO - [2026-06-23T02:56:40.437+0000] {dag.py:3954} INFO - Setting next_dagrun for example_display_name to None, run_after=None
[2026-06-23T02:56:40.470+0000] {processor.py:183} INFO - Processing /home/airflow/.local/lib/python3.12/site-packages/airflow/example_dags/example_display_name.py took 0.104 seconds
[2026-06-23T02:57:11.089+0000] {processor.py:161} INFO - Started process (PID=1281) to work on /home/airflow/.local/lib/python3.12/site-packages/airflow/example_dags/example_display_name.py
[2026-06-23T02:57:11.091+0000] {processor.py:830} INFO - Processing file /home/airflow/.local/lib/python3.12/site-packages/airflow/example_dags/example_display_name.py for tasks to queue
[2026-06-23T02:57:11.095+0000] {logging_mixin.py:188} INFO - [2026-06-23T02:57:11.094+0000] {dagbag.py:545} INFO - Filling up the DagBag from /home/airflow/.local/lib/python3.12/site-packages/airflow/example_dags/example_display_name.py
[2026-06-23T02:57:11.108+0000] {processor.py:840} INFO - DAG(s) 'example_display_name' retrieved from /home/airflow/.local/lib/python3.12/site-packages/airflow/example_dags/example_display_name.py
[2026-06-23T02:57:11.167+0000] {logging_mixin.py:188} INFO - [2026-06-23T02:57:11.166+0000] {dag.py:3096} INFO - Sync 1 DAGs
[2026-06-23T02:57:11.215+0000] {logging_mixin.py:188} INFO - [2026-06-23T02:57:11.214+0000] {dag.py:3954} INFO - Setting next_dagrun for example_display_name to None, run_after=None
[2026-06-23T02:57:11.276+0000] {processor.py:183} INFO - Processing /home/airflow/.local/lib/python3.12/site-packages/airflow/example_dags/example_display_name.py took 0.197 seconds
[2026-06-23T02:57:41.459+0000] {processor.py:161} INFO - Started process (PID=1339) to work on /home/airflow/.local/lib/python3.12/site-packages/airflow/example_dags/example_display_name.py
[2026-06-23T02:57:41.461+0000] {processor.py:830} INFO - Processing file /home/airflow/.local/lib/python3.12/site-packages/airflow/example_dags/example_display_name.py for tasks to queue
[2026-06-23T02:57:41.465+0000] {logging_mixin.py:188} INFO - [2026-06-23T02:57:41.464+0000] {dagbag.py:545} INFO - Filling up the DagBag from /home/airflow/.local/lib/python3.12/site-packages/airflow/example_dags/example_display_name.py
[2026-06-23T02:57:41.473+0000] {processor.py:840} INFO - DAG(s) 'example_display_name' retrieved from /home/airflow/.local/lib/python3.12/site-packages/airflow/example_dags/example_display_name.py
[2026-06-23T02:57:41.504+0000] {logging_mixin.py:188} INFO - [2026-06-23T02:57:41.503+0000] {dag.py:3096} INFO - Sync 1 DAGs
[2026-06-23T02:57:41.520+0000] {logging_mixin.py:188} INFO - [2026-06-23T02:57:41.520+0000] {dag.py:3954} INFO - Setting next_dagrun for example_display_name to None, run_after=None
[2026-06-23T02:57:41.550+0000] {processor.py:183} INFO - Processing /home/airflow/.local/lib/python3.12/site-packages/airflow/example_dags/example_display_name.py took 0.100 seconds
[2026-06-23T02:58:53.493+0000] {processor.py:161} INFO - Started process (PID=1399) to work on /home/airflow/.local/lib/python3.12/site-packages/airflow/example_dags/example_display_name.py
[2026-06-23T02:58:53.494+0000] {processor.py:830} INFO - Processing file /home/airflow/.local/lib/python3.12/site-packages/airflow/example_dags/example_display_name.py for tasks to queue
[2026-06-23T02:58:53.498+0000] {logging_mixin.py:188} INFO - [2026-06-23T02:58:53.497+0000] {dagbag.py:545} INFO - Filling up the DagBag from /home/airflow/.local/lib/python3.12/site-packages/airflow/example_dags/example_display_name.py
[2026-06-23T02:58:53.506+0000] {processor.py:840} INFO - DAG(s) 'example_display_name' retrieved from /home/airflow/.local/lib/python3.12/site-packages/airflow/example_dags/example_display_name.py
[2026-06-23T02:58:53.536+0000] {logging_mixin.py:188} INFO - [2026-06-23T02:58:53.536+0000] {dag.py:3096} INFO - Sync 1 DAGs
[2026-06-23T02:58:53.554+0000] {logging_mixin.py:188} INFO - [2026-06-23T02:58:53.554+0000] {dag.py:3954} INFO - Setting next_dagrun for example_display_name to None, run_after=None
[2026-06-23T02:58:53.585+0000] {processor.py:183} INFO - Processing /home/airflow/.local/lib/python3.12/site-packages/airflow/example_dags/example_display_name.py took 0.100 seconds
[2026-06-23T02:59:24.386+0000] {processor.py:161} INFO - Started process (PID=1458) to work on /home/airflow/.local/lib/python3.12/site-packages/airflow/example_dags/example_display_name.py
[2026-06-23T02:59:24.387+0000] {processor.py:830} INFO - Processing file /home/airflow/.local/lib/python3.12/site-packages/airflow/example_dags/example_display_name.py for tasks to queue
[2026-06-23T02:59:24.390+0000] {logging_mixin.py:188} INFO - [2026-06-23T02:59:24.390+0000] {dagbag.py:545} INFO - Filling up the DagBag from /home/airflow/.local/lib/python3.12/site-packages/airflow/example_dags/example_display_name.py
[2026-06-23T02:59:24.397+0000] {processor.py:840} INFO - DAG(s) 'example_display_name' retrieved from /home/airflow/.local/lib/python3.12/site-packages/airflow/example_dags/example_display_name.py
[2026-06-23T02:59:24.424+0000] {logging_mixin.py:188} INFO - [2026-06-23T02:59:24.424+0000] {dag.py:3096} INFO - Sync 1 DAGs
[2026-06-23T02:59:24.441+0000] {logging_mixin.py:188} INFO - [2026-06-23T02:59:24.441+0000] {dag.py:3954} INFO - Setting next_dagrun for example_display_name to None, run_after=None
[2026-06-23T02:59:24.473+0000] {processor.py:183} INFO - Processing /home/airflow/.local/lib/python3.12/site-packages/airflow/example_dags/example_display_name.py took 0.095 seconds
[2026-06-23T02:59:56.061+0000] {processor.py:161} INFO - Started process (PID=1517) to work on /home/airflow/.local/lib/python3.12/site-packages/airflow/example_dags/example_display_name.py
[2026-06-23T02:59:56.063+0000] {processor.py:830} INFO - Processing file /home/airflow/.local/lib/python3.12/site-packages/airflow/example_dags/example_display_name.py for tasks to queue
[2026-06-23T02:59:56.066+0000] {logging_mixin.py:188} INFO - [2026-06-23T02:59:56.065+0000] {dagbag.py:545} INFO - Filling up the DagBag from /home/airflow/.local/lib/python3.12/site-packages/airflow/example_dags/example_display_name.py
[2026-06-23T02:59:56.231+0000] {processor.py:840} INFO - DAG(s) 'example_display_name' retrieved from /home/airflow/.local/lib/python3.12/site-packages/airflow/example_dags/example_display_name.py
[2026-06-23T02:59:56.256+0000] {logging_mixin.py:188} INFO - [2026-06-23T02:59:56.256+0000] {dag.py:3096} INFO - Sync 1 DAGs
[2026-06-23T02:59:56.269+0000] {logging_mixin.py:188} INFO - [2026-06-23T02:59:56.269+0000] {dag.py:3954} INFO - Setting next_dagrun for example_display_name to None, run_after=None
[2026-06-23T02:59:56.304+0000] {processor.py:183} INFO - Processing /home/airflow/.local/lib/python3.12/site-packages/airflow/example_dags/example_display_name.py took 0.250 seconds
[2026-06-23T03:00:26.880+0000] {processor.py:161} INFO - Started process (PID=1576) to work on /home/airflow/.local/lib/python3.12/site-packages/airflow/example_dags/example_display_name.py
[2026-06-23T03:00:26.882+0000] {processor.py:830} INFO - Processing file /home/airflow/.local/lib/python3.12/site-packages/airflow/example_dags/example_display_name.py for tasks to queue
[2026-06-23T03:00:26.885+0000] {logging_mixin.py:188} INFO - [2026-06-23T03:00:26.884+0000] {dagbag.py:545} INFO - Filling up the DagBag from /home/airflow/.local/lib/python3.12/site-packages/airflow/example_dags/example_display_name.py
[2026-06-23T03:00:26.892+0000] {processor.py:840} INFO - DAG(s) 'example_display_name' retrieved from /home/airflow/.local/lib/python3.12/site-packages/airflow/example_dags/example_display_name.py
[2026-06-23T03:00:26.918+0000] {logging_mixin.py:188} INFO - [2026-06-23T03:00:26.918+0000] {dag.py:3096} INFO - Sync 1 DAGs
[2026-06-23T03:00:26.934+0000] {logging_mixin.py:188} INFO - [2026-06-23T03:00:26.934+0000] {dag.py:3954} INFO - Setting next_dagrun for example_display_name to None, run_after=None
[2026-06-23T03:00:26.962+0000] {processor.py:183} INFO - Processing /home/airflow/.local/lib/python3.12/site-packages/airflow/example_dags/example_display_name.py took 0.089 seconds
[2026-06-23T03:00:57.642+0000] {processor.py:161} INFO - Started process (PID=1635) to work on /home/airflow/.local/lib/python3.12/site-packages/airflow/example_dags/example_display_name.py
[2026-06-23T03:00:57.644+0000] {processor.py:830} INFO - Processing file /home/airflow/.local/lib/python3.12/site-packages/airflow/example_dags/example_display_name.py for tasks to queue
[2026-06-23T03:00:57.647+0000] {logging_mixin.py:188} INFO - [2026-06-23T03:00:57.646+0000] {dagbag.py:545} INFO - Filling up the DagBag from /home/airflow/.local/lib/python3.12/site-packages/airflow/example_dags/example_display_name.py
[2026-06-23T03:00:57.655+0000] {processor.py:840} INFO - DAG(s) 'example_display_name' retrieved from /home/airflow/.local/lib/python3.12/site-packages/airflow/example_dags/example_display_name.py
[2026-06-23T03:00:57.684+0000] {logging_mixin.py:188} INFO - [2026-06-23T03:00:57.684+0000] {dag.py:3096} INFO - Sync 1 DAGs
[2026-06-23T03:00:57.700+0000] {logging_mixin.py:188} INFO - [2026-06-23T03:00:57.699+0000] {dag.py:3954} INFO - Setting next_dagrun for example_display_name to None, run_after=None
[2026-06-23T03:00:57.728+0000] {processor.py:183} INFO - Processing /home/airflow/.local/lib/python3.12/site-packages/airflow/example_dags/example_display_name.py took 0.093 seconds
[2026-06-23T03:01:28.561+0000] {processor.py:161} INFO - Started process (PID=1694) to work on /home/airflow/.local/lib/python3.12/site-packages/airflow/example_dags/example_display_name.py
[2026-06-23T03:01:28.563+0000] {processor.py:830} INFO - Processing file /home/airflow/.local/lib/python3.12/site-packages/airflow/example_dags/example_display_name.py for tasks to queue
[2026-06-23T03:01:28.567+0000] {logging_mixin.py:188} INFO - [2026-06-23T03:01:28.566+0000] {dagbag.py:545} INFO - Filling up the DagBag from /home/airflow/.local/lib/python3.12/site-packages/airflow/example_dags/example_display_name.py
[2026-06-23T03:01:28.576+0000] {processor.py:840} INFO - DAG(s) 'example_display_name' retrieved from /home/airflow/.local/lib/python3.12/site-packages/airflow/example_dags/example_display_name.py
[2026-06-23T03:01:28.603+0000] {logging_mixin.py:188} INFO - [2026-06-23T03:01:28.603+0000] {dag.py:3096} INFO - Sync 1 DAGs
[2026-06-23T03:01:28.621+0000] {logging_mixin.py:188} INFO - [2026-06-23T03:01:28.620+0000] {dag.py:3954} INFO - Setting next_dagrun for example_display_name to None, run_after=None
[2026-06-23T03:01:28.650+0000] {processor.py:183} INFO - Processing /home/airflow/.local/lib/python3.12/site-packages/airflow/example_dags/example_display_name.py took 0.097 seconds
[2026-06-23T03:01:59.063+0000] {processor.py:161} INFO - Started process (PID=1753) to work on /home/airflow/.local/lib/python3.12/site-packages/airflow/example_dags/example_display_name.py
[2026-06-23T03:01:59.065+0000] {processor.py:830} INFO - Processing file /home/airflow/.local/lib/python3.12/site-packages/airflow/example_dags/example_display_name.py for tasks to queue
[2026-06-23T03:01:59.068+0000] {logging_mixin.py:188} INFO - [2026-06-23T03:01:59.068+0000] {dagbag.py:545} INFO - Filling up the DagBag from /home/airflow/.local/lib/python3.12/site-packages/airflow/example_dags/example_display_name.py
[2026-06-23T03:01:59.076+0000] {processor.py:840} INFO - DAG(s) 'example_display_name' retrieved from /home/airflow/.local/lib/python3.12/site-packages/airflow/example_dags/example_display_name.py
[2026-06-23T03:01:59.104+0000] {logging_mixin.py:188} INFO - [2026-06-23T03:01:59.104+0000] {dag.py:3096} INFO - Sync 1 DAGs
[2026-06-23T03:01:59.119+0000] {logging_mixin.py:188} INFO - [2026-06-23T03:01:59.119+0000] {dag.py:3954} INFO - Setting next_dagrun for example_display_name to None, run_after=None
[2026-06-23T03:01:59.151+0000] {processor.py:183} INFO - Processing /home/airflow/.local/lib/python3.12/site-packages/airflow/example_dags/example_display_name.py took 0.095 seconds
[2026-06-23T03:02:29.536+0000] {processor.py:161} INFO - Started process (PID=1812) to work on /home/airflow/.local/lib/python3.12/site-packages/airflow/example_dags/example_display_name.py
[2026-06-23T03:02:29.538+0000] {processor.py:830} INFO - Processing file /home/airflow/.local/lib/python3.12/site-packages/airflow/example_dags/example_display_name.py for tasks to queue
[2026-06-23T03:02:29.541+0000] {logging_mixin.py:188} INFO - [2026-06-23T03:02:29.540+0000] {dagbag.py:545} INFO - Filling up the DagBag from /home/airflow/.local/lib/python3.12/site-packages/airflow/example_dags/example_display_name.py
[2026-06-23T03:02:29.549+0000] {processor.py:840} INFO - DAG(s) 'example_display_name' retrieved from /home/airflow/.local/lib/python3.12/site-packages/airflow/example_dags/example_display_name.py
[2026-06-23T03:02:29.580+0000] {logging_mixin.py:188} INFO - [2026-06-23T03:02:29.580+0000] {dag.py:3096} INFO - Sync 1 DAGs
[2026-06-23T03:02:29.599+0000] {logging_mixin.py:188} INFO - [2026-06-23T03:02:29.598+0000] {dag.py:3954} INFO - Setting next_dagrun for example_display_name to None, run_after=None
[2026-06-23T03:02:29.632+0000] {processor.py:183} INFO - Processing /home/airflow/.local/lib/python3.12/site-packages/airflow/example_dags/example_display_name.py took 0.103 seconds
[2026-06-23T03:03:00.016+0000] {processor.py:161} INFO - Started process (PID=1871) to work on /home/airflow/.local/lib/python3.12/site-packages/airflow/example_dags/example_display_name.py
[2026-06-23T03:03:00.018+0000] {processor.py:830} INFO - Processing file /home/airflow/.local/lib/python3.12/site-packages/airflow/example_dags/example_display_name.py for tasks to queue
[2026-06-23T03:03:00.021+0000] {logging_mixin.py:188} INFO - [2026-06-23T03:03:00.021+0000] {dagbag.py:545} INFO - Filling up the DagBag from /home/airflow/.local/lib/python3.12/site-packages/airflow/example_dags/example_display_name.py
[2026-06-23T03:03:00.029+0000] {processor.py:840} INFO - DAG(s) 'example_display_name' retrieved from /home/airflow/.local/lib/python3.12/site-packages/airflow/example_dags/example_display_name.py
[2026-06-23T03:03:00.058+0000] {logging_mixin.py:188} INFO - [2026-06-23T03:03:00.057+0000] {dag.py:3096} INFO - Sync 1 DAGs
[2026-06-23T03:03:00.075+0000] {logging_mixin.py:188} INFO - [2026-06-23T03:03:00.075+0000] {dag.py:3954} INFO - Setting next_dagrun for example_display_name to None, run_after=None
[2026-06-23T03:03:00.106+0000] {processor.py:183} INFO - Processing /home/airflow/.local/lib/python3.12/site-packages/airflow/example_dags/example_display_name.py took 0.098 seconds
[2026-06-23T03:03:30.316+0000] {processor.py:161} INFO - Started process (PID=1930) to work on /home/airflow/.local/lib/python3.12/site-packages/airflow/example_dags/example_display_name.py
[2026-06-23T03:03:30.317+0000] {processor.py:830} INFO - Processing file /home/airflow/.local/lib/python3.12/site-packages/airflow/example_dags/example_display_name.py for tasks to queue
[2026-06-23T03:03:30.320+0000] {logging_mixin.py:188} INFO - [2026-06-23T03:03:30.320+0000] {dagbag.py:545} INFO - Filling up the DagBag from /home/airflow/.local/lib/python3.12/site-packages/airflow/example_dags/example_display_name.py
[2026-06-23T03:03:30.327+0000] {processor.py:840} INFO - DAG(s) 'example_display_name' retrieved from /home/airflow/.local/lib/python3.12/site-packages/airflow/example_dags/example_display_name.py
[2026-06-23T03:03:30.357+0000] {logging_mixin.py:188} INFO - [2026-06-23T03:03:30.356+0000] {dag.py:3096} INFO - Sync 1 DAGs
[2026-06-23T03:03:30.374+0000] {logging_mixin.py:188} INFO - [2026-06-23T03:03:30.374+0000] {dag.py:3954} INFO - Setting next_dagrun for example_display_name to None, run_after=None
[2026-06-23T03:03:30.405+0000] {processor.py:183} INFO - Processing /home/airflow/.local/lib/python3.12/site-packages/airflow/example_dags/example_display_name.py took 0.097 seconds
[2026-06-23T03:04:43.200+0000] {processor.py:161} INFO - Started process (PID=291) to work on /home/airflow/.local/lib/python3.12/site-packages/airflow/example_dags/example_display_name.py
[2026-06-23T03:04:43.202+0000] {processor.py:830} INFO - Processing file /home/airflow/.local/lib/python3.12/site-packages/airflow/example_dags/example_display_name.py for tasks to queue
[2026-06-23T03:04:43.215+0000] {logging_mixin.py:188} INFO - [2026-06-23T03:04:43.215+0000] {dagbag.py:545} INFO - Filling up the DagBag from /home/airflow/.local/lib/python3.12/site-packages/airflow/example_dags/example_display_name.py
[2026-06-23T03:04:43.228+0000] {processor.py:840} INFO - DAG(s) 'example_display_name' retrieved from /home/airflow/.local/lib/python3.12/site-packages/airflow/example_dags/example_display_name.py
[2026-06-23T03:04:43.249+0000] {logging_mixin.py:188} INFO - [2026-06-23T03:04:43.248+0000] {dag.py:3096} INFO - Sync 1 DAGs
[2026-06-23T03:04:43.269+0000] {logging_mixin.py:188} INFO - [2026-06-23T03:04:43.268+0000] {dag.py:3954} INFO - Setting next_dagrun for example_display_name to None, run_after=None
[2026-06-23T03:04:43.303+0000] {processor.py:183} INFO - Processing /home/airflow/.local/lib/python3.12/site-packages/airflow/example_dags/example_display_name.py took 0.111 seconds
[2026-06-23T03:05:15.571+0000] {processor.py:161} INFO - Started process (PID=558) to work on /home/airflow/.local/lib/python3.12/site-packages/airflow/example_dags/example_display_name.py
[2026-06-23T03:05:15.573+0000] {processor.py:830} INFO - Processing file /home/airflow/.local/lib/python3.12/site-packages/airflow/example_dags/example_display_name.py for tasks to queue
[2026-06-23T03:05:15.576+0000] {logging_mixin.py:188} INFO - [2026-06-23T03:05:15.576+0000] {dagbag.py:545} INFO - Filling up the DagBag from /home/airflow/.local/lib/python3.12/site-packages/airflow/example_dags/example_display_name.py
[2026-06-23T03:05:15.585+0000] {processor.py:840} INFO - DAG(s) 'example_display_name' retrieved from /home/airflow/.local/lib/python3.12/site-packages/airflow/example_dags/example_display_name.py
[2026-06-23T03:05:15.729+0000] {logging_mixin.py:188} INFO - [2026-06-23T03:05:15.729+0000] {dag.py:3096} INFO - Sync 1 DAGs
[2026-06-23T03:05:15.746+0000] {logging_mixin.py:188} INFO - [2026-06-23T03:05:15.745+0000] {dag.py:3954} INFO - Setting next_dagrun for example_display_name to None, run_after=None
[2026-06-23T03:05:15.778+0000] {processor.py:183} INFO - Processing /home/airflow/.local/lib/python3.12/site-packages/airflow/example_dags/example_display_name.py took 0.214 seconds
[2026-06-23T03:05:46.120+0000] {processor.py:161} INFO - Started process (PID=940) to work on /home/airflow/.local/lib/python3.12/site-packages/airflow/example_dags/example_display_name.py
[2026-06-23T03:05:46.122+0000] {processor.py:830} INFO - Processing file /home/airflow/.local/lib/python3.12/site-packages/airflow/example_dags/example_display_name.py for tasks to queue
[2026-06-23T03:05:46.125+0000] {logging_mixin.py:188} INFO - [2026-06-23T03:05:46.125+0000] {dagbag.py:545} INFO - Filling up the DagBag from /home/airflow/.local/lib/python3.12/site-packages/airflow/example_dags/example_display_name.py
[2026-06-23T03:05:46.133+0000] {processor.py:840} INFO - DAG(s) 'example_display_name' retrieved from /home/airflow/.local/lib/python3.12/site-packages/airflow/example_dags/example_display_name.py
[2026-06-23T03:05:46.165+0000] {logging_mixin.py:188} INFO - [2026-06-23T03:05:46.165+0000] {dag.py:3096} INFO - Sync 1 DAGs
[2026-06-23T03:05:46.185+0000] {logging_mixin.py:188} INFO - [2026-06-23T03:05:46.185+0000] {dag.py:3954} INFO - Setting next_dagrun for example_display_name to None, run_after=None
[2026-06-23T03:05:46.218+0000] {processor.py:183} INFO - Processing /home/airflow/.local/lib/python3.12/site-packages/airflow/example_dags/example_display_name.py took 0.106 seconds
[2026-06-23T03:06:16.768+0000] {processor.py:161} INFO - Started process (PID=1209) to work on /home/airflow/.local/lib/python3.12/site-packages/airflow/example_dags/example_display_name.py
[2026-06-23T03:06:16.771+0000] {processor.py:830} INFO - Processing file /home/airflow/.local/lib/python3.12/site-packages/airflow/example_dags/example_display_name.py for tasks to queue
[2026-06-23T03:06:16.776+0000] {logging_mixin.py:188} INFO - [2026-06-23T03:06:16.775+0000] {dagbag.py:545} INFO - Filling up the DagBag from /home/airflow/.local/lib/python3.12/site-packages/airflow/example_dags/example_display_name.py
[2026-06-23T03:06:16.790+0000] {processor.py:840} INFO - DAG(s) 'example_display_name' retrieved from /home/airflow/.local/lib/python3.12/site-packages/airflow/example_dags/example_display_name.py
[2026-06-23T03:06:16.841+0000] {logging_mixin.py:188} INFO - [2026-06-23T03:06:16.840+0000] {dag.py:3096} INFO - Sync 1 DAGs
[2026-06-23T03:06:16.866+0000] {logging_mixin.py:188} INFO - [2026-06-23T03:06:16.865+0000] {dag.py:3954} INFO - Setting next_dagrun for example_display_name to None, run_after=None
[2026-06-23T03:06:16.907+0000] {processor.py:183} INFO - Processing /home/airflow/.local/lib/python3.12/site-packages/airflow/example_dags/example_display_name.py took 0.153 seconds
[2026-06-23T03:06:47.402+0000] {processor.py:161} INFO - Started process (PID=1474) to work on /home/airflow/.local/lib/python3.12/site-packages/airflow/example_dags/example_display_name.py
[2026-06-23T03:06:47.404+0000] {processor.py:830} INFO - Processing file /home/airflow/.local/lib/python3.12/site-packages/airflow/example_dags/example_display_name.py for tasks to queue
[2026-06-23T03:06:47.407+0000] {logging_mixin.py:188} INFO - [2026-06-23T03:06:47.406+0000] {dagbag.py:545} INFO - Filling up the DagBag from /home/airflow/.local/lib/python3.12/site-packages/airflow/example_dags/example_display_name.py
[2026-06-23T03:06:47.415+0000] {processor.py:840} INFO - DAG(s) 'example_display_name' retrieved from /home/airflow/.local/lib/python3.12/site-packages/airflow/example_dags/example_display_name.py
[2026-06-23T03:06:47.446+0000] {logging_mixin.py:188} INFO - [2026-06-23T03:06:47.446+0000] {dag.py:3096} INFO - Sync 1 DAGs
[2026-06-23T03:06:47.463+0000] {logging_mixin.py:188} INFO - [2026-06-23T03:06:47.463+0000] {dag.py:3954} INFO - Setting next_dagrun for example_display_name to None, run_after=None
[2026-06-23T03:06:47.496+0000] {processor.py:183} INFO - Processing /home/airflow/.local/lib/python3.12/site-packages/airflow/example_dags/example_display_name.py took 0.102 seconds
[2026-06-23T03:07:18.000+0000] {processor.py:161} INFO - Started process (PID=1741) to work on /home/airflow/.local/lib/python3.12/site-packages/airflow/example_dags/example_display_name.py
[2026-06-23T03:07:18.002+0000] {processor.py:830} INFO - Processing file /home/airflow/.local/lib/python3.12/site-packages/airflow/example_dags/example_display_name.py for tasks to queue
[2026-06-23T03:07:18.005+0000] {logging_mixin.py:188} INFO - [2026-06-23T03:07:18.005+0000] {dagbag.py:545} INFO - Filling up the DagBag from /home/airflow/.local/lib/python3.12/site-packages/airflow/example_dags/example_display_name.py
[2026-06-23T03:07:18.012+0000] {processor.py:840} INFO - DAG(s) 'example_display_name' retrieved from /home/airflow/.local/lib/python3.12/site-packages/airflow/example_dags/example_display_name.py
[2026-06-23T03:07:18.039+0000] {logging_mixin.py:188} INFO - [2026-06-23T03:07:18.039+0000] {dag.py:3096} INFO - Sync 1 DAGs
[2026-06-23T03:07:18.055+0000] {logging_mixin.py:188} INFO - [2026-06-23T03:07:18.054+0000] {dag.py:3954} INFO - Setting next_dagrun for example_display_name to None, run_after=None
[2026-06-23T03:07:18.084+0000] {processor.py:183} INFO - Processing /home/airflow/.local/lib/python3.12/site-packages/airflow/example_dags/example_display_name.py took 0.091 seconds
[2026-06-23T03:07:48.708+0000] {processor.py:161} INFO - Started process (PID=2008) to work on /home/airflow/.local/lib/python3.12/site-packages/airflow/example_dags/example_display_name.py
[2026-06-23T03:07:48.710+0000] {processor.py:830} INFO - Processing file /home/airflow/.local/lib/python3.12/site-packages/airflow/example_dags/example_display_name.py for tasks to queue
[2026-06-23T03:07:48.713+0000] {logging_mixin.py:188} INFO - [2026-06-23T03:07:48.713+0000] {dagbag.py:545} INFO - Filling up the DagBag from /home/airflow/.local/lib/python3.12/site-packages/airflow/example_dags/example_display_name.py
[2026-06-23T03:07:48.720+0000] {processor.py:840} INFO - DAG(s) 'example_display_name' retrieved from /home/airflow/.local/lib/python3.12/site-packages/airflow/example_dags/example_display_name.py
[2026-06-23T03:07:48.747+0000] {logging_mixin.py:188} INFO - [2026-06-23T03:07:48.747+0000] {dag.py:3096} INFO - Sync 1 DAGs
[2026-06-23T03:07:48.762+0000] {logging_mixin.py:188} INFO - [2026-06-23T03:07:48.761+0000] {dag.py:3954} INFO - Setting next_dagrun for example_display_name to None, run_after=None
[2026-06-23T03:07:48.789+0000] {processor.py:183} INFO - Processing /home/airflow/.local/lib/python3.12/site-packages/airflow/example_dags/example_display_name.py took 0.088 seconds
[2026-06-23T03:08:19.191+0000] {processor.py:161} INFO - Started process (PID=2275) to work on /home/airflow/.local/lib/python3.12/site-packages/airflow/example_dags/example_display_name.py
[2026-06-23T03:08:19.192+0000] {processor.py:830} INFO - Processing file /home/airflow/.local/lib/python3.12/site-packages/airflow/example_dags/example_display_name.py for tasks to queue
[2026-06-23T03:08:19.195+0000] {logging_mixin.py:188} INFO - [2026-06-23T03:08:19.195+0000] {dagbag.py:545} INFO - Filling up the DagBag from /home/airflow/.local/lib/python3.12/site-packages/airflow/example_dags/example_display_name.py
[2026-06-23T03:08:19.202+0000] {processor.py:840} INFO - DAG(s) 'example_display_name' retrieved from /home/airflow/.local/lib/python3.12/site-packages/airflow/example_dags/example_display_name.py
[2026-06-23T03:08:19.232+0000] {logging_mixin.py:188} INFO - [2026-06-23T03:08:19.231+0000] {dag.py:3096} INFO - Sync 1 DAGs
[2026-06-23T03:08:19.247+0000] {logging_mixin.py:188} INFO - [2026-06-23T03:08:19.246+0000] {dag.py:3954} INFO - Setting next_dagrun for example_display_name to None, run_after=None
[2026-06-23T03:08:19.277+0000] {processor.py:183} INFO - Processing /home/airflow/.local/lib/python3.12/site-packages/airflow/example_dags/example_display_name.py took 0.093 seconds
[2026-06-23T03:08:49.418+0000] {processor.py:161} INFO - Started process (PID=2542) to work on /home/airflow/.local/lib/python3.12/site-packages/airflow/example_dags/example_display_name.py
[2026-06-23T03:08:49.420+0000] {processor.py:830} INFO - Processing file /home/airflow/.local/lib/python3.12/site-packages/airflow/example_dags/example_display_name.py for tasks to queue
[2026-06-23T03:08:49.423+0000] {logging_mixin.py:188} INFO - [2026-06-23T03:08:49.422+0000] {dagbag.py:545} INFO - Filling up the DagBag from /home/airflow/.local/lib/python3.12/site-packages/airflow/example_dags/example_display_name.py
[2026-06-23T03:08:49.430+0000] {processor.py:840} INFO - DAG(s) 'example_display_name' retrieved from /home/airflow/.local/lib/python3.12/site-packages/airflow/example_dags/example_display_name.py
[2026-06-23T03:08:49.458+0000] {logging_mixin.py:188} INFO - [2026-06-23T03:08:49.458+0000] {dag.py:3096} INFO - Sync 1 DAGs
[2026-06-23T03:08:49.473+0000] {logging_mixin.py:188} INFO - [2026-06-23T03:08:49.473+0000] {dag.py:3954} INFO - Setting next_dagrun for example_display_name to None, run_after=None
[2026-06-23T03:08:49.509+0000] {processor.py:183} INFO - Processing /home/airflow/.local/lib/python3.12/site-packages/airflow/example_dags/example_display_name.py took 0.098 seconds
[2026-06-23T03:09:19.849+0000] {processor.py:161} INFO - Started process (PID=2809) to work on /home/airflow/.local/lib/python3.12/site-packages/airflow/example_dags/example_display_name.py
[2026-06-23T03:09:19.851+0000] {processor.py:830} INFO - Processing file /home/airflow/.local/lib/python3.12/site-packages/airflow/example_dags/example_display_name.py for tasks to queue
[2026-06-23T03:09:19.855+0000] {logging_mixin.py:188} INFO - [2026-06-23T03:09:19.854+0000] {dagbag.py:545} INFO - Filling up the DagBag from /home/airflow/.local/lib/python3.12/site-packages/airflow/example_dags/example_display_name.py
[2026-06-23T03:09:19.862+0000] {processor.py:840} INFO - DAG(s) 'example_display_name' retrieved from /home/airflow/.local/lib/python3.12/site-packages/airflow/example_dags/example_display_name.py
[2026-06-23T03:09:19.887+0000] {logging_mixin.py:188} INFO - [2026-06-23T03:09:19.887+0000] {dag.py:3096} INFO - Sync 1 DAGs
[2026-06-23T03:09:19.901+0000] {logging_mixin.py:188} INFO - [2026-06-23T03:09:19.901+0000] {dag.py:3954} INFO - Setting next_dagrun for example_display_name to None, run_after=None
[2026-06-23T03:09:19.928+0000] {processor.py:183} INFO - Processing /home/airflow/.local/lib/python3.12/site-packages/airflow/example_dags/example_display_name.py took 0.085 seconds
[2026-06-23T03:09:50.140+0000] {processor.py:161} INFO - Started process (PID=3076) to work on /home/airflow/.local/lib/python3.12/site-packages/airflow/example_dags/example_display_name.py
[2026-06-23T03:09:50.141+0000] {processor.py:830} INFO - Processing file /home/airflow/.local/lib/python3.12/site-packages/airflow/example_dags/example_display_name.py for tasks to queue
[2026-06-23T03:09:50.144+0000] {logging_mixin.py:188} INFO - [2026-06-23T03:09:50.143+0000] {dagbag.py:545} INFO - Filling up the DagBag from /home/airflow/.local/lib/python3.12/site-packages/airflow/example_dags/example_display_name.py
[2026-06-23T03:09:50.150+0000] {processor.py:840} INFO - DAG(s) 'example_display_name' retrieved from /home/airflow/.local/lib/python3.12/site-packages/airflow/example_dags/example_display_name.py
[2026-06-23T03:09:50.175+0000] {logging_mixin.py:188} INFO - [2026-06-23T03:09:50.175+0000] {dag.py:3096} INFO - Sync 1 DAGs
[2026-06-23T03:09:50.189+0000] {logging_mixin.py:188} INFO - [2026-06-23T03:09:50.188+0000] {dag.py:3954} INFO - Setting next_dagrun for example_display_name to None, run_after=None
[2026-06-23T03:09:50.217+0000] {processor.py:183} INFO - Processing /home/airflow/.local/lib/python3.12/site-packages/airflow/example_dags/example_display_name.py took 0.083 seconds
[2026-06-23T03:10:20.463+0000] {processor.py:161} INFO - Started process (PID=3343) to work on /home/airflow/.local/lib/python3.12/site-packages/airflow/example_dags/example_display_name.py
[2026-06-23T03:10:20.465+0000] {processor.py:830} INFO - Processing file /home/airflow/.local/lib/python3.12/site-packages/airflow/example_dags/example_display_name.py for tasks to queue
[2026-06-23T03:10:20.468+0000] {logging_mixin.py:188} INFO - [2026-06-23T03:10:20.467+0000] {dagbag.py:545} INFO - Filling up the DagBag from /home/airflow/.local/lib/python3.12/site-packages/airflow/example_dags/example_display_name.py
[2026-06-23T03:10:20.475+0000] {processor.py:840} INFO - DAG(s) 'example_display_name' retrieved from /home/airflow/.local/lib/python3.12/site-packages/airflow/example_dags/example_display_name.py
[2026-06-23T03:10:20.502+0000] {logging_mixin.py:188} INFO - [2026-06-23T03:10:20.502+0000] {dag.py:3096} INFO - Sync 1 DAGs
[2026-06-23T03:10:20.517+0000] {logging_mixin.py:188} INFO - [2026-06-23T03:10:20.517+0000] {dag.py:3954} INFO - Setting next_dagrun for example_display_name to None, run_after=None
[2026-06-23T03:10:20.546+0000] {processor.py:183} INFO - Processing /home/airflow/.local/lib/python3.12/site-packages/airflow/example_dags/example_display_name.py took 0.089 seconds
[2026-06-23T03:10:51.015+0000] {processor.py:161} INFO - Started process (PID=3610) to work on /home/airflow/.local/lib/python3.12/site-packages/airflow/example_dags/example_display_name.py
[2026-06-23T03:10:51.017+0000] {processor.py:830} INFO - Processing file /home/airflow/.local/lib/python3.12/site-packages/airflow/example_dags/example_display_name.py for tasks to queue
[2026-06-23T03:10:51.020+0000] {logging_mixin.py:188} INFO - [2026-06-23T03:10:51.020+0000] {dagbag.py:545} INFO - Filling up the DagBag from /home/airflow/.local/lib/python3.12/site-packages/airflow/example_dags/example_display_name.py
[2026-06-23T03:10:51.027+0000] {processor.py:840} INFO - DAG(s) 'example_display_name' retrieved from /home/airflow/.local/lib/python3.12/site-packages/airflow/example_dags/example_display_name.py
[2026-06-23T03:10:51.052+0000] {logging_mixin.py:188} INFO - [2026-06-23T03:10:51.052+0000] {dag.py:3096} INFO - Sync 1 DAGs
[2026-06-23T03:10:51.066+0000] {logging_mixin.py:188} INFO - [2026-06-23T03:10:51.066+0000] {dag.py:3954} INFO - Setting next_dagrun for example_display_name to None, run_after=None
[2026-06-23T03:10:51.093+0000] {processor.py:183} INFO - Processing /home/airflow/.local/lib/python3.12/site-packages/airflow/example_dags/example_display_name.py took 0.084 seconds
[2026-06-23T03:11:21.483+0000] {processor.py:161} INFO - Started process (PID=3877) to work on /home/airflow/.local/lib/python3.12/site-packages/airflow/example_dags/example_display_name.py
[2026-06-23T03:11:21.484+0000] {processor.py:830} INFO - Processing file /home/airflow/.local/lib/python3.12/site-packages/airflow/example_dags/example_display_name.py for tasks to queue
[2026-06-23T03:11:21.487+0000] {logging_mixin.py:188} INFO - [2026-06-23T03:11:21.486+0000] {dagbag.py:545} INFO - Filling up the DagBag from /home/airflow/.local/lib/python3.12/site-packages/airflow/example_dags/example_display_name.py
[2026-06-23T03:11:21.493+0000] {processor.py:840} INFO - DAG(s) 'example_display_name' retrieved from /home/airflow/.local/lib/python3.12/site-packages/airflow/example_dags/example_display_name.py
[2026-06-23T03:11:21.520+0000] {logging_mixin.py:188} INFO - [2026-06-23T03:11:21.520+0000] {dag.py:3096} INFO - Sync 1 DAGs
[2026-06-23T03:11:21.535+0000] {logging_mixin.py:188} INFO - [2026-06-23T03:11:21.534+0000] {dag.py:3954} INFO - Setting next_dagrun for example_display_name to None, run_after=None
[2026-06-23T03:11:21.562+0000] {processor.py:183} INFO - Processing /home/airflow/.local/lib/python3.12/site-packages/airflow/example_dags/example_display_name.py took 0.086 seconds
[2026-06-23T03:11:51.978+0000] {processor.py:161} INFO - Started process (PID=4144) to work on /home/airflow/.local/lib/python3.12/site-packages/airflow/example_dags/example_display_name.py
[2026-06-23T03:11:51.980+0000] {processor.py:830} INFO - Processing file /home/airflow/.local/lib/python3.12/site-packages/airflow/example_dags/example_display_name.py for tasks to queue
[2026-06-23T03:11:51.982+0000] {logging_mixin.py:188} INFO - [2026-06-23T03:11:51.982+0000] {dagbag.py:545} INFO - Filling up the DagBag from /home/airflow/.local/lib/python3.12/site-packages/airflow/example_dags/example_display_name.py
[2026-06-23T03:11:51.988+0000] {processor.py:840} INFO - DAG(s) 'example_display_name' retrieved from /home/airflow/.local/lib/python3.12/site-packages/airflow/example_dags/example_display_name.py
[2026-06-23T03:11:52.015+0000] {logging_mixin.py:188} INFO - [2026-06-23T03:11:52.014+0000] {dag.py:3096} INFO - Sync 1 DAGs
[2026-06-23T03:11:52.029+0000] {logging_mixin.py:188} INFO - [2026-06-23T03:11:52.029+0000] {dag.py:3954} INFO - Setting next_dagrun for example_display_name to None, run_after=None
[2026-06-23T03:11:52.058+0000] {processor.py:183} INFO - Processing /home/airflow/.local/lib/python3.12/site-packages/airflow/example_dags/example_display_name.py took 0.086 seconds
[2026-06-23T03:12:22.305+0000] {processor.py:161} INFO - Started process (PID=4412) to work on /home/airflow/.local/lib/python3.12/site-packages/airflow/example_dags/example_display_name.py
[2026-06-23T03:12:22.306+0000] {processor.py:830} INFO - Processing file /home/airflow/.local/lib/python3.12/site-packages/airflow/example_dags/example_display_name.py for tasks to queue
[2026-06-23T03:12:22.309+0000] {logging_mixin.py:188} INFO - [2026-06-23T03:12:22.309+0000] {dagbag.py:545} INFO - Filling up the DagBag from /home/airflow/.local/lib/python3.12/site-packages/airflow/example_dags/example_display_name.py
[2026-06-23T03:12:22.317+0000] {processor.py:840} INFO - DAG(s) 'example_display_name' retrieved from /home/airflow/.local/lib/python3.12/site-packages/airflow/example_dags/example_display_name.py
[2026-06-23T03:12:22.347+0000] {logging_mixin.py:188} INFO - [2026-06-23T03:12:22.346+0000] {dag.py:3096} INFO - Sync 1 DAGs
[2026-06-23T03:12:22.363+0000] {logging_mixin.py:188} INFO - [2026-06-23T03:12:22.362+0000] {dag.py:3954} INFO - Setting next_dagrun for example_display_name to None, run_after=None
[2026-06-23T03:12:22.392+0000] {processor.py:183} INFO - Processing /home/airflow/.local/lib/python3.12/site-packages/airflow/example_dags/example_display_name.py took 0.094 seconds
[2026-06-23T03:12:52.698+0000] {processor.py:161} INFO - Started process (PID=4679) to work on /home/airflow/.local/lib/python3.12/site-packages/airflow/example_dags/example_display_name.py
[2026-06-23T03:12:52.699+0000] {processor.py:830} INFO - Processing file /home/airflow/.local/lib/python3.12/site-packages/airflow/example_dags/example_display_name.py for tasks to queue
[2026-06-23T03:12:52.702+0000] {logging_mixin.py:188} INFO - [2026-06-23T03:12:52.702+0000] {dagbag.py:545} INFO - Filling up the DagBag from /home/airflow/.local/lib/python3.12/site-packages/airflow/example_dags/example_display_name.py
[2026-06-23T03:12:52.709+0000] {processor.py:840} INFO - DAG(s) 'example_display_name' retrieved from /home/airflow/.local/lib/python3.12/site-packages/airflow/example_dags/example_display_name.py
[2026-06-23T03:12:52.737+0000] {logging_mixin.py:188} INFO - [2026-06-23T03:12:52.736+0000] {dag.py:3096} INFO - Sync 1 DAGs
[2026-06-23T03:12:52.751+0000] {logging_mixin.py:188} INFO - [2026-06-23T03:12:52.750+0000] {dag.py:3954} INFO - Setting next_dagrun for example_display_name to None, run_after=None
[2026-06-23T03:12:52.779+0000] {processor.py:183} INFO - Processing /home/airflow/.local/lib/python3.12/site-packages/airflow/example_dags/example_display_name.py took 0.087 seconds
[2026-06-23T03:13:23.126+0000] {processor.py:161} INFO - Started process (PID=4948) to work on /home/airflow/.local/lib/python3.12/site-packages/airflow/example_dags/example_display_name.py
[2026-06-23T03:13:23.128+0000] {processor.py:830} INFO - Processing file /home/airflow/.local/lib/python3.12/site-packages/airflow/example_dags/example_display_name.py for tasks to queue
[2026-06-23T03:13:23.131+0000] {logging_mixin.py:188} INFO - [2026-06-23T03:13:23.130+0000] {dagbag.py:545} INFO - Filling up the DagBag from /home/airflow/.local/lib/python3.12/site-packages/airflow/example_dags/example_display_name.py
[2026-06-23T03:13:23.138+0000] {processor.py:840} INFO - DAG(s) 'example_display_name' retrieved from /home/airflow/.local/lib/python3.12/site-packages/airflow/example_dags/example_display_name.py
[2026-06-23T03:13:23.169+0000] {logging_mixin.py:188} INFO - [2026-06-23T03:13:23.168+0000] {dag.py:3096} INFO - Sync 1 DAGs
[2026-06-23T03:13:23.190+0000] {logging_mixin.py:188} INFO - [2026-06-23T03:13:23.190+0000] {dag.py:3954} INFO - Setting next_dagrun for example_display_name to None, run_after=None
[2026-06-23T03:13:23.220+0000] {processor.py:183} INFO - Processing /home/airflow/.local/lib/python3.12/site-packages/airflow/example_dags/example_display_name.py took 0.101 seconds
[2026-06-23T03:13:53.364+0000] {processor.py:161} INFO - Started process (PID=5215) to work on /home/airflow/.local/lib/python3.12/site-packages/airflow/example_dags/example_display_name.py
[2026-06-23T03:13:53.365+0000] {processor.py:830} INFO - Processing file /home/airflow/.local/lib/python3.12/site-packages/airflow/example_dags/example_display_name.py for tasks to queue
[2026-06-23T03:13:53.369+0000] {logging_mixin.py:188} INFO - [2026-06-23T03:13:53.368+0000] {dagbag.py:545} INFO - Filling up the DagBag from /home/airflow/.local/lib/python3.12/site-packages/airflow/example_dags/example_display_name.py
[2026-06-23T03:13:53.375+0000] {processor.py:840} INFO - DAG(s) 'example_display_name' retrieved from /home/airflow/.local/lib/python3.12/site-packages/airflow/example_dags/example_display_name.py
[2026-06-23T03:13:53.401+0000] {logging_mixin.py:188} INFO - [2026-06-23T03:13:53.401+0000] {dag.py:3096} INFO - Sync 1 DAGs
[2026-06-23T03:13:53.415+0000] {logging_mixin.py:188} INFO - [2026-06-23T03:13:53.415+0000] {dag.py:3954} INFO - Setting next_dagrun for example_display_name to None, run_after=None
[2026-06-23T03:13:53.443+0000] {processor.py:183} INFO - Processing /home/airflow/.local/lib/python3.12/site-packages/airflow/example_dags/example_display_name.py took 0.085 seconds
[2026-06-23T03:14:23.991+0000] {processor.py:161} INFO - Started process (PID=5480) to work on /home/airflow/.local/lib/python3.12/site-packages/airflow/example_dags/example_display_name.py
[2026-06-23T03:14:23.993+0000] {processor.py:830} INFO - Processing file /home/airflow/.local/lib/python3.12/site-packages/airflow/example_dags/example_display_name.py for tasks to queue
[2026-06-23T03:14:23.995+0000] {logging_mixin.py:188} INFO - [2026-06-23T03:14:23.995+0000] {dagbag.py:545} INFO - Filling up the DagBag from /home/airflow/.local/lib/python3.12/site-packages/airflow/example_dags/example_display_name.py
[2026-06-23T03:14:24.001+0000] {processor.py:840} INFO - DAG(s) 'example_display_name' retrieved from /home/airflow/.local/lib/python3.12/site-packages/airflow/example_dags/example_display_name.py
[2026-06-23T03:14:24.027+0000] {logging_mixin.py:188} INFO - [2026-06-23T03:14:24.027+0000] {dag.py:3096} INFO - Sync 1 DAGs
[2026-06-23T03:14:24.041+0000] {logging_mixin.py:188} INFO - [2026-06-23T03:14:24.041+0000] {dag.py:3954} INFO - Setting next_dagrun for example_display_name to None, run_after=None
[2026-06-23T03:14:24.067+0000] {processor.py:183} INFO - Processing /home/airflow/.local/lib/python3.12/site-packages/airflow/example_dags/example_display_name.py took 0.082 seconds
[2026-06-23T03:14:54.562+0000] {processor.py:161} INFO - Started process (PID=5747) to work on /home/airflow/.local/lib/python3.12/site-packages/airflow/example_dags/example_display_name.py
[2026-06-23T03:14:54.565+0000] {processor.py:830} INFO - Processing file /home/airflow/.local/lib/python3.12/site-packages/airflow/example_dags/example_display_name.py for tasks to queue
[2026-06-23T03:14:54.568+0000] {logging_mixin.py:188} INFO - [2026-06-23T03:14:54.568+0000] {dagbag.py:545} INFO - Filling up the DagBag from /home/airflow/.local/lib/python3.12/site-packages/airflow/example_dags/example_display_name.py
[2026-06-23T03:14:54.576+0000] {processor.py:840} INFO - DAG(s) 'example_display_name' retrieved from /home/airflow/.local/lib/python3.12/site-packages/airflow/example_dags/example_display_name.py
[2026-06-23T03:14:54.604+0000] {logging_mixin.py:188} INFO - [2026-06-23T03:14:54.604+0000] {dag.py:3096} INFO - Sync 1 DAGs
[2026-06-23T03:14:54.620+0000] {logging_mixin.py:188} INFO - [2026-06-23T03:14:54.620+0000] {dag.py:3954} INFO - Setting next_dagrun for example_display_name to None, run_after=None
[2026-06-23T03:14:54.650+0000] {processor.py:183} INFO - Processing /home/airflow/.local/lib/python3.12/site-packages/airflow/example_dags/example_display_name.py took 0.095 seconds
[2026-06-23T03:15:24.831+0000] {processor.py:161} INFO - Started process (PID=6014) to work on /home/airflow/.local/lib/python3.12/site-packages/airflow/example_dags/example_display_name.py
[2026-06-23T03:15:24.832+0000] {processor.py:830} INFO - Processing file /home/airflow/.local/lib/python3.12/site-packages/airflow/example_dags/example_display_name.py for tasks to queue
[2026-06-23T03:15:24.835+0000] {logging_mixin.py:188} INFO - [2026-06-23T03:15:24.834+0000] {dagbag.py:545} INFO - Filling up the DagBag from /home/airflow/.local/lib/python3.12/site-packages/airflow/example_dags/example_display_name.py
[2026-06-23T03:15:24.841+0000] {processor.py:840} INFO - DAG(s) 'example_display_name' retrieved from /home/airflow/.local/lib/python3.12/site-packages/airflow/example_dags/example_display_name.py
[2026-06-23T03:15:24.868+0000] {logging_mixin.py:188} INFO - [2026-06-23T03:15:24.867+0000] {dag.py:3096} INFO - Sync 1 DAGs
[2026-06-23T03:15:24.881+0000] {logging_mixin.py:188} INFO - [2026-06-23T03:15:24.881+0000] {dag.py:3954} INFO - Setting next_dagrun for example_display_name to None, run_after=None
[2026-06-23T03:15:24.909+0000] {processor.py:183} INFO - Processing /home/airflow/.local/lib/python3.12/site-packages/airflow/example_dags/example_display_name.py took 0.085 seconds
[2026-06-23T03:15:55.322+0000] {processor.py:161} INFO - Started process (PID=6281) to work on /home/airflow/.local/lib/python3.12/site-packages/airflow/example_dags/example_display_name.py
[2026-06-23T03:15:55.324+0000] {processor.py:830} INFO - Processing file /home/airflow/.local/lib/python3.12/site-packages/airflow/example_dags/example_display_name.py for tasks to queue
[2026-06-23T03:15:55.328+0000] {logging_mixin.py:188} INFO - [2026-06-23T03:15:55.327+0000] {dagbag.py:545} INFO - Filling up the DagBag from /home/airflow/.local/lib/python3.12/site-packages/airflow/example_dags/example_display_name.py
[2026-06-23T03:15:55.335+0000] {processor.py:840} INFO - DAG(s) 'example_display_name' retrieved from /home/airflow/.local/lib/python3.12/site-packages/airflow/example_dags/example_display_name.py
[2026-06-23T03:15:55.360+0000] {logging_mixin.py:188} INFO - [2026-06-23T03:15:55.360+0000] {dag.py:3096} INFO - Sync 1 DAGs
[2026-06-23T03:15:55.375+0000] {logging_mixin.py:188} INFO - [2026-06-23T03:15:55.374+0000] {dag.py:3954} INFO - Setting next_dagrun for example_display_name to None, run_after=None
[2026-06-23T03:15:55.402+0000] {processor.py:183} INFO - Processing /home/airflow/.local/lib/python3.12/site-packages/airflow/example_dags/example_display_name.py took 0.087 seconds
[2026-06-23T03:16:26.216+0000] {processor.py:161} INFO - Started process (PID=6548) to work on /home/airflow/.local/lib/python3.12/site-packages/airflow/example_dags/example_display_name.py
[2026-06-23T03:16:26.218+0000] {processor.py:830} INFO - Processing file /home/airflow/.local/lib/python3.12/site-packages/airflow/example_dags/example_display_name.py for tasks to queue
[2026-06-23T03:16:26.221+0000] {logging_mixin.py:188} INFO - [2026-06-23T03:16:26.220+0000] {dagbag.py:545} INFO - Filling up the DagBag from /home/airflow/.local/lib/python3.12/site-packages/airflow/example_dags/example_display_name.py
[2026-06-23T03:16:26.227+0000] {processor.py:840} INFO - DAG(s) 'example_display_name' retrieved from /home/airflow/.local/lib/python3.12/site-packages/airflow/example_dags/example_display_name.py
[2026-06-23T03:16:26.256+0000] {logging_mixin.py:188} INFO - [2026-06-23T03:16:26.256+0000] {dag.py:3096} INFO - Sync 1 DAGs
[2026-06-23T03:16:26.272+0000] {logging_mixin.py:188} INFO - [2026-06-23T03:16:26.272+0000] {dag.py:3954} INFO - Setting next_dagrun for example_display_name to None, run_after=None
[2026-06-23T03:16:26.301+0000] {processor.py:183} INFO - Processing /home/airflow/.local/lib/python3.12/site-packages/airflow/example_dags/example_display_name.py took 0.091 seconds
[2026-06-23T03:16:56.932+0000] {processor.py:161} INFO - Started process (PID=6815) to work on /home/airflow/.local/lib/python3.12/site-packages/airflow/example_dags/example_display_name.py
[2026-06-23T03:16:56.933+0000] {processor.py:830} INFO - Processing file /home/airflow/.local/lib/python3.12/site-packages/airflow/example_dags/example_display_name.py for tasks to queue
[2026-06-23T03:16:56.937+0000] {logging_mixin.py:188} INFO - [2026-06-23T03:16:56.936+0000] {dagbag.py:545} INFO - Filling up the DagBag from /home/airflow/.local/lib/python3.12/site-packages/airflow/example_dags/example_display_name.py
[2026-06-23T03:16:56.949+0000] {processor.py:840} INFO - DAG(s) 'example_display_name' retrieved from /home/airflow/.local/lib/python3.12/site-packages/airflow/example_dags/example_display_name.py
[2026-06-23T03:16:56.978+0000] {logging_mixin.py:188} INFO - [2026-06-23T03:16:56.978+0000] {dag.py:3096} INFO - Sync 1 DAGs
[2026-06-23T03:16:56.993+0000] {logging_mixin.py:188} INFO - [2026-06-23T03:16:56.993+0000] {dag.py:3954} INFO - Setting next_dagrun for example_display_name to None, run_after=None
[2026-06-23T03:16:57.028+0000] {processor.py:183} INFO - Processing /home/airflow/.local/lib/python3.12/site-packages/airflow/example_dags/example_display_name.py took 0.104 seconds
