[2026-06-15T15:53:02.120+0000] {processor.py:161} INFO - Started process (PID=87) to work on /home/airflow/.local/lib/python3.12/site-packages/airflow/example_dags/example_xcomargs.py
[2026-06-15T15:53:02.123+0000] {processor.py:830} INFO - Processing file /home/airflow/.local/lib/python3.12/site-packages/airflow/example_dags/example_xcomargs.py for tasks to queue
[2026-06-15T15:53:02.126+0000] {logging_mixin.py:188} INFO - [2026-06-15T15:53:02.126+0000] {dagbag.py:545} INFO - Filling up the DagBag from /home/airflow/.local/lib/python3.12/site-packages/airflow/example_dags/example_xcomargs.py
[2026-06-15T15:53:02.149+0000] {processor.py:840} INFO - DAG(s) 'example_xcom_args', 'example_xcom_args_with_operators' retrieved from /home/airflow/.local/lib/python3.12/site-packages/airflow/example_dags/example_xcomargs.py
[2026-06-15T15:53:02.211+0000] {logging_mixin.py:188} INFO - [2026-06-15T15:53:02.210+0000] {dag.py:3096} INFO - Sync 2 DAGs
[2026-06-15T15:53:02.238+0000] {logging_mixin.py:188} INFO - [2026-06-15T15:53:02.237+0000] {dag.py:3954} INFO - Setting next_dagrun for example_xcom_args to None, run_after=None
[2026-06-15T15:53:02.246+0000] {logging_mixin.py:188} INFO - [2026-06-15T15:53:02.246+0000] {dag.py:3954} INFO - Setting next_dagrun for example_xcom_args_with_operators to None, run_after=None
[2026-06-15T15:53:02.285+0000] {processor.py:183} INFO - Processing /home/airflow/.local/lib/python3.12/site-packages/airflow/example_dags/example_xcomargs.py took 0.174 seconds
[2026-06-15T15:57:14.158+0000] {processor.py:161} INFO - Started process (PID=75) to work on /home/airflow/.local/lib/python3.12/site-packages/airflow/example_dags/example_xcomargs.py
[2026-06-15T15:57:14.160+0000] {processor.py:830} INFO - Processing file /home/airflow/.local/lib/python3.12/site-packages/airflow/example_dags/example_xcomargs.py for tasks to queue
[2026-06-15T15:57:14.164+0000] {logging_mixin.py:188} INFO - [2026-06-15T15:57:14.163+0000] {dagbag.py:545} INFO - Filling up the DagBag from /home/airflow/.local/lib/python3.12/site-packages/airflow/example_dags/example_xcomargs.py
[2026-06-15T15:57:14.181+0000] {processor.py:840} INFO - DAG(s) 'example_xcom_args', 'example_xcom_args_with_operators' retrieved from /home/airflow/.local/lib/python3.12/site-packages/airflow/example_dags/example_xcomargs.py
[2026-06-15T15:57:14.452+0000] {logging_mixin.py:188} INFO - [2026-06-15T15:57:14.451+0000] {dag.py:3096} INFO - Sync 2 DAGs
[2026-06-15T15:57:14.472+0000] {logging_mixin.py:188} INFO - [2026-06-15T15:57:14.472+0000] {dag.py:3954} INFO - Setting next_dagrun for example_xcom_args to None, run_after=None
[2026-06-15T15:57:14.480+0000] {logging_mixin.py:188} INFO - [2026-06-15T15:57:14.480+0000] {dag.py:3954} INFO - Setting next_dagrun for example_xcom_args_with_operators to None, run_after=None
[2026-06-15T15:57:14.518+0000] {processor.py:183} INFO - Processing /home/airflow/.local/lib/python3.12/site-packages/airflow/example_dags/example_xcomargs.py took 0.369 seconds
[2026-06-15T15:57:44.919+0000] {processor.py:161} INFO - Started process (PID=134) to work on /home/airflow/.local/lib/python3.12/site-packages/airflow/example_dags/example_xcomargs.py
[2026-06-15T15:57:44.922+0000] {processor.py:830} INFO - Processing file /home/airflow/.local/lib/python3.12/site-packages/airflow/example_dags/example_xcomargs.py for tasks to queue
[2026-06-15T15:57:44.926+0000] {logging_mixin.py:188} INFO - [2026-06-15T15:57:44.925+0000] {dagbag.py:545} INFO - Filling up the DagBag from /home/airflow/.local/lib/python3.12/site-packages/airflow/example_dags/example_xcomargs.py
[2026-06-15T15:57:44.941+0000] {processor.py:840} INFO - DAG(s) 'example_xcom_args_with_operators', 'example_xcom_args' retrieved from /home/airflow/.local/lib/python3.12/site-packages/airflow/example_dags/example_xcomargs.py
[2026-06-15T15:57:44.987+0000] {logging_mixin.py:188} INFO - [2026-06-15T15:57:44.986+0000] {dag.py:3096} INFO - Sync 2 DAGs
[2026-06-15T15:57:45.009+0000] {logging_mixin.py:188} INFO - [2026-06-15T15:57:45.008+0000] {dag.py:3954} INFO - Setting next_dagrun for example_xcom_args to None, run_after=None
[2026-06-15T15:57:45.016+0000] {logging_mixin.py:188} INFO - [2026-06-15T15:57:45.015+0000] {dag.py:3954} INFO - Setting next_dagrun for example_xcom_args_with_operators to None, run_after=None
[2026-06-15T15:57:45.049+0000] {processor.py:183} INFO - Processing /home/airflow/.local/lib/python3.12/site-packages/airflow/example_dags/example_xcomargs.py took 0.140 seconds
[2026-06-15T15:58:15.283+0000] {processor.py:161} INFO - Started process (PID=201) to work on /home/airflow/.local/lib/python3.12/site-packages/airflow/example_dags/example_xcomargs.py
[2026-06-15T15:58:15.285+0000] {processor.py:830} INFO - Processing file /home/airflow/.local/lib/python3.12/site-packages/airflow/example_dags/example_xcomargs.py for tasks to queue
[2026-06-15T15:58:15.290+0000] {logging_mixin.py:188} INFO - [2026-06-15T15:58:15.289+0000] {dagbag.py:545} INFO - Filling up the DagBag from /home/airflow/.local/lib/python3.12/site-packages/airflow/example_dags/example_xcomargs.py
[2026-06-15T15:58:15.306+0000] {processor.py:840} INFO - DAG(s) 'example_xcom_args', 'example_xcom_args_with_operators' retrieved from /home/airflow/.local/lib/python3.12/site-packages/airflow/example_dags/example_xcomargs.py
[2026-06-15T15:58:15.358+0000] {logging_mixin.py:188} INFO - [2026-06-15T15:58:15.357+0000] {dag.py:3096} INFO - Sync 2 DAGs
[2026-06-15T15:58:15.394+0000] {logging_mixin.py:188} INFO - [2026-06-15T15:58:15.393+0000] {dag.py:3954} INFO - Setting next_dagrun for example_xcom_args to None, run_after=None
[2026-06-15T15:58:15.401+0000] {logging_mixin.py:188} INFO - [2026-06-15T15:58:15.401+0000] {dag.py:3954} INFO - Setting next_dagrun for example_xcom_args_with_operators to None, run_after=None
[2026-06-15T15:58:15.438+0000] {processor.py:183} INFO - Processing /home/airflow/.local/lib/python3.12/site-packages/airflow/example_dags/example_xcomargs.py took 0.167 seconds
[2026-06-15T15:58:45.958+0000] {processor.py:161} INFO - Started process (PID=267) to work on /home/airflow/.local/lib/python3.12/site-packages/airflow/example_dags/example_xcomargs.py
[2026-06-15T15:58:45.960+0000] {processor.py:830} INFO - Processing file /home/airflow/.local/lib/python3.12/site-packages/airflow/example_dags/example_xcomargs.py for tasks to queue
[2026-06-15T15:58:45.965+0000] {logging_mixin.py:188} INFO - [2026-06-15T15:58:45.964+0000] {dagbag.py:545} INFO - Filling up the DagBag from /home/airflow/.local/lib/python3.12/site-packages/airflow/example_dags/example_xcomargs.py
[2026-06-15T15:58:45.980+0000] {processor.py:840} INFO - DAG(s) 'example_xcom_args_with_operators', 'example_xcom_args' retrieved from /home/airflow/.local/lib/python3.12/site-packages/airflow/example_dags/example_xcomargs.py
[2026-06-15T15:58:46.028+0000] {logging_mixin.py:188} INFO - [2026-06-15T15:58:46.027+0000] {dag.py:3096} INFO - Sync 2 DAGs
[2026-06-15T15:58:46.052+0000] {logging_mixin.py:188} INFO - [2026-06-15T15:58:46.051+0000] {dag.py:3954} INFO - Setting next_dagrun for example_xcom_args to None, run_after=None
[2026-06-15T15:58:46.060+0000] {logging_mixin.py:188} INFO - [2026-06-15T15:58:46.060+0000] {dag.py:3954} INFO - Setting next_dagrun for example_xcom_args_with_operators to None, run_after=None
[2026-06-15T15:58:46.097+0000] {processor.py:183} INFO - Processing /home/airflow/.local/lib/python3.12/site-packages/airflow/example_dags/example_xcomargs.py took 0.149 seconds
[2026-06-15T15:59:16.886+0000] {processor.py:161} INFO - Started process (PID=327) to work on /home/airflow/.local/lib/python3.12/site-packages/airflow/example_dags/example_xcomargs.py
[2026-06-15T15:59:16.888+0000] {processor.py:830} INFO - Processing file /home/airflow/.local/lib/python3.12/site-packages/airflow/example_dags/example_xcomargs.py for tasks to queue
[2026-06-15T15:59:16.892+0000] {logging_mixin.py:188} INFO - [2026-06-15T15:59:16.891+0000] {dagbag.py:545} INFO - Filling up the DagBag from /home/airflow/.local/lib/python3.12/site-packages/airflow/example_dags/example_xcomargs.py
[2026-06-15T15:59:16.912+0000] {processor.py:840} INFO - DAG(s) 'example_xcom_args', 'example_xcom_args_with_operators' retrieved from /home/airflow/.local/lib/python3.12/site-packages/airflow/example_dags/example_xcomargs.py
[2026-06-15T15:59:16.967+0000] {logging_mixin.py:188} INFO - [2026-06-15T15:59:16.967+0000] {dag.py:3096} INFO - Sync 2 DAGs
[2026-06-15T15:59:17.007+0000] {logging_mixin.py:188} INFO - [2026-06-15T15:59:17.007+0000] {dag.py:3954} INFO - Setting next_dagrun for example_xcom_args to None, run_after=None
[2026-06-15T15:59:17.019+0000] {logging_mixin.py:188} INFO - [2026-06-15T15:59:17.019+0000] {dag.py:3954} INFO - Setting next_dagrun for example_xcom_args_with_operators to None, run_after=None
[2026-06-15T15:59:17.053+0000] {processor.py:183} INFO - Processing /home/airflow/.local/lib/python3.12/site-packages/airflow/example_dags/example_xcomargs.py took 0.179 seconds
[2026-06-15T15:59:47.902+0000] {processor.py:161} INFO - Started process (PID=387) to work on /home/airflow/.local/lib/python3.12/site-packages/airflow/example_dags/example_xcomargs.py
[2026-06-15T15:59:47.905+0000] {processor.py:830} INFO - Processing file /home/airflow/.local/lib/python3.12/site-packages/airflow/example_dags/example_xcomargs.py for tasks to queue
[2026-06-15T15:59:47.909+0000] {logging_mixin.py:188} INFO - [2026-06-15T15:59:47.909+0000] {dagbag.py:545} INFO - Filling up the DagBag from /home/airflow/.local/lib/python3.12/site-packages/airflow/example_dags/example_xcomargs.py
[2026-06-15T15:59:47.923+0000] {processor.py:840} INFO - DAG(s) 'example_xcom_args_with_operators', 'example_xcom_args' retrieved from /home/airflow/.local/lib/python3.12/site-packages/airflow/example_dags/example_xcomargs.py
[2026-06-15T15:59:47.968+0000] {logging_mixin.py:188} INFO - [2026-06-15T15:59:47.968+0000] {dag.py:3096} INFO - Sync 2 DAGs
[2026-06-15T15:59:47.993+0000] {logging_mixin.py:188} INFO - [2026-06-15T15:59:47.993+0000] {dag.py:3954} INFO - Setting next_dagrun for example_xcom_args to None, run_after=None
[2026-06-15T15:59:48.002+0000] {logging_mixin.py:188} INFO - [2026-06-15T15:59:48.001+0000] {dag.py:3954} INFO - Setting next_dagrun for example_xcom_args_with_operators to None, run_after=None
[2026-06-15T15:59:48.037+0000] {processor.py:183} INFO - Processing /home/airflow/.local/lib/python3.12/site-packages/airflow/example_dags/example_xcomargs.py took 0.144 seconds
[2026-06-15T16:00:18.656+0000] {processor.py:161} INFO - Started process (PID=447) to work on /home/airflow/.local/lib/python3.12/site-packages/airflow/example_dags/example_xcomargs.py
[2026-06-15T16:00:18.658+0000] {processor.py:830} INFO - Processing file /home/airflow/.local/lib/python3.12/site-packages/airflow/example_dags/example_xcomargs.py for tasks to queue
[2026-06-15T16:00:18.661+0000] {logging_mixin.py:188} INFO - [2026-06-15T16:00:18.661+0000] {dagbag.py:545} INFO - Filling up the DagBag from /home/airflow/.local/lib/python3.12/site-packages/airflow/example_dags/example_xcomargs.py
[2026-06-15T16:00:18.675+0000] {processor.py:840} INFO - DAG(s) 'example_xcom_args_with_operators', 'example_xcom_args' retrieved from /home/airflow/.local/lib/python3.12/site-packages/airflow/example_dags/example_xcomargs.py
[2026-06-15T16:00:18.723+0000] {logging_mixin.py:188} INFO - [2026-06-15T16:00:18.723+0000] {dag.py:3096} INFO - Sync 2 DAGs
[2026-06-15T16:00:18.752+0000] {logging_mixin.py:188} INFO - [2026-06-15T16:00:18.752+0000] {dag.py:3954} INFO - Setting next_dagrun for example_xcom_args to None, run_after=None
[2026-06-15T16:00:18.763+0000] {logging_mixin.py:188} INFO - [2026-06-15T16:00:18.762+0000] {dag.py:3954} INFO - Setting next_dagrun for example_xcom_args_with_operators to None, run_after=None
[2026-06-15T16:00:18.804+0000] {processor.py:183} INFO - Processing /home/airflow/.local/lib/python3.12/site-packages/airflow/example_dags/example_xcomargs.py took 0.159 seconds
[2026-06-15T16:02:59.310+0000] {processor.py:161} INFO - Started process (PID=88) to work on /home/airflow/.local/lib/python3.12/site-packages/airflow/example_dags/example_xcomargs.py
[2026-06-15T16:02:59.314+0000] {processor.py:830} INFO - Processing file /home/airflow/.local/lib/python3.12/site-packages/airflow/example_dags/example_xcomargs.py for tasks to queue
[2026-06-15T16:02:59.320+0000] {logging_mixin.py:188} INFO - [2026-06-15T16:02:59.319+0000] {dagbag.py:545} INFO - Filling up the DagBag from /home/airflow/.local/lib/python3.12/site-packages/airflow/example_dags/example_xcomargs.py
[2026-06-15T16:02:59.352+0000] {processor.py:840} INFO - DAG(s) 'example_xcom_args', 'example_xcom_args_with_operators' retrieved from /home/airflow/.local/lib/python3.12/site-packages/airflow/example_dags/example_xcomargs.py
[2026-06-15T16:02:59.641+0000] {logging_mixin.py:188} INFO - [2026-06-15T16:02:59.641+0000] {dag.py:3096} INFO - Sync 2 DAGs
[2026-06-15T16:02:59.659+0000] {logging_mixin.py:188} INFO - [2026-06-15T16:02:59.659+0000] {dag.py:3954} INFO - Setting next_dagrun for example_xcom_args to None, run_after=None
[2026-06-15T16:02:59.665+0000] {logging_mixin.py:188} INFO - [2026-06-15T16:02:59.665+0000] {dag.py:3954} INFO - Setting next_dagrun for example_xcom_args_with_operators to None, run_after=None
[2026-06-15T16:02:59.704+0000] {processor.py:183} INFO - Processing /home/airflow/.local/lib/python3.12/site-packages/airflow/example_dags/example_xcomargs.py took 0.413 seconds
[2026-06-15T16:03:29.930+0000] {processor.py:161} INFO - Started process (PID=170) to work on /home/airflow/.local/lib/python3.12/site-packages/airflow/example_dags/example_xcomargs.py
[2026-06-15T16:03:29.932+0000] {processor.py:830} INFO - Processing file /home/airflow/.local/lib/python3.12/site-packages/airflow/example_dags/example_xcomargs.py for tasks to queue
[2026-06-15T16:03:29.936+0000] {logging_mixin.py:188} INFO - [2026-06-15T16:03:29.935+0000] {dagbag.py:545} INFO - Filling up the DagBag from /home/airflow/.local/lib/python3.12/site-packages/airflow/example_dags/example_xcomargs.py
[2026-06-15T16:03:29.948+0000] {processor.py:840} INFO - DAG(s) 'example_xcom_args_with_operators', 'example_xcom_args' retrieved from /home/airflow/.local/lib/python3.12/site-packages/airflow/example_dags/example_xcomargs.py
[2026-06-15T16:03:29.990+0000] {logging_mixin.py:188} INFO - [2026-06-15T16:03:29.989+0000] {dag.py:3096} INFO - Sync 2 DAGs
[2026-06-15T16:03:30.010+0000] {logging_mixin.py:188} INFO - [2026-06-15T16:03:30.009+0000] {dag.py:3954} INFO - Setting next_dagrun for example_xcom_args to None, run_after=None
[2026-06-15T16:03:30.018+0000] {logging_mixin.py:188} INFO - [2026-06-15T16:03:30.017+0000] {dag.py:3954} INFO - Setting next_dagrun for example_xcom_args_with_operators to None, run_after=None
[2026-06-15T16:03:30.053+0000] {processor.py:183} INFO - Processing /home/airflow/.local/lib/python3.12/site-packages/airflow/example_dags/example_xcomargs.py took 0.131 seconds
[2026-06-15T16:04:00.539+0000] {processor.py:161} INFO - Started process (PID=285) to work on /home/airflow/.local/lib/python3.12/site-packages/airflow/example_dags/example_xcomargs.py
[2026-06-15T16:04:00.541+0000] {processor.py:830} INFO - Processing file /home/airflow/.local/lib/python3.12/site-packages/airflow/example_dags/example_xcomargs.py for tasks to queue
[2026-06-15T16:04:00.545+0000] {logging_mixin.py:188} INFO - [2026-06-15T16:04:00.544+0000] {dagbag.py:545} INFO - Filling up the DagBag from /home/airflow/.local/lib/python3.12/site-packages/airflow/example_dags/example_xcomargs.py
[2026-06-15T16:04:00.562+0000] {processor.py:840} INFO - DAG(s) 'example_xcom_args_with_operators', 'example_xcom_args' retrieved from /home/airflow/.local/lib/python3.12/site-packages/airflow/example_dags/example_xcomargs.py
[2026-06-15T16:04:00.605+0000] {logging_mixin.py:188} INFO - [2026-06-15T16:04:00.604+0000] {dag.py:3096} INFO - Sync 2 DAGs
[2026-06-15T16:04:00.626+0000] {logging_mixin.py:188} INFO - [2026-06-15T16:04:00.625+0000] {dag.py:3954} INFO - Setting next_dagrun for example_xcom_args to None, run_after=None
[2026-06-15T16:04:00.634+0000] {logging_mixin.py:188} INFO - [2026-06-15T16:04:00.633+0000] {dag.py:3954} INFO - Setting next_dagrun for example_xcom_args_with_operators to None, run_after=None
[2026-06-15T16:04:00.667+0000] {processor.py:183} INFO - Processing /home/airflow/.local/lib/python3.12/site-packages/airflow/example_dags/example_xcomargs.py took 0.136 seconds
[2026-06-15T16:04:31.220+0000] {processor.py:161} INFO - Started process (PID=344) to work on /home/airflow/.local/lib/python3.12/site-packages/airflow/example_dags/example_xcomargs.py
[2026-06-15T16:04:31.222+0000] {processor.py:830} INFO - Processing file /home/airflow/.local/lib/python3.12/site-packages/airflow/example_dags/example_xcomargs.py for tasks to queue
[2026-06-15T16:04:31.225+0000] {logging_mixin.py:188} INFO - [2026-06-15T16:04:31.225+0000] {dagbag.py:545} INFO - Filling up the DagBag from /home/airflow/.local/lib/python3.12/site-packages/airflow/example_dags/example_xcomargs.py
[2026-06-15T16:04:31.240+0000] {processor.py:840} INFO - DAG(s) 'example_xcom_args_with_operators', 'example_xcom_args' retrieved from /home/airflow/.local/lib/python3.12/site-packages/airflow/example_dags/example_xcomargs.py
[2026-06-15T16:04:31.281+0000] {logging_mixin.py:188} INFO - [2026-06-15T16:04:31.280+0000] {dag.py:3096} INFO - Sync 2 DAGs
[2026-06-15T16:04:31.304+0000] {logging_mixin.py:188} INFO - [2026-06-15T16:04:31.304+0000] {dag.py:3954} INFO - Setting next_dagrun for example_xcom_args to None, run_after=None
[2026-06-15T16:04:31.314+0000] {logging_mixin.py:188} INFO - [2026-06-15T16:04:31.313+0000] {dag.py:3954} INFO - Setting next_dagrun for example_xcom_args_with_operators to None, run_after=None
[2026-06-15T16:04:31.351+0000] {processor.py:183} INFO - Processing /home/airflow/.local/lib/python3.12/site-packages/airflow/example_dags/example_xcomargs.py took 0.140 seconds
[2026-06-15T16:05:01.517+0000] {processor.py:161} INFO - Started process (PID=403) to work on /home/airflow/.local/lib/python3.12/site-packages/airflow/example_dags/example_xcomargs.py
[2026-06-15T16:05:01.522+0000] {processor.py:830} INFO - Processing file /home/airflow/.local/lib/python3.12/site-packages/airflow/example_dags/example_xcomargs.py for tasks to queue
[2026-06-15T16:05:01.528+0000] {logging_mixin.py:188} INFO - [2026-06-15T16:05:01.527+0000] {dagbag.py:545} INFO - Filling up the DagBag from /home/airflow/.local/lib/python3.12/site-packages/airflow/example_dags/example_xcomargs.py
[2026-06-15T16:05:01.564+0000] {processor.py:840} INFO - DAG(s) 'example_xcom_args_with_operators', 'example_xcom_args' retrieved from /home/airflow/.local/lib/python3.12/site-packages/airflow/example_dags/example_xcomargs.py
[2026-06-15T16:05:01.617+0000] {logging_mixin.py:188} INFO - [2026-06-15T16:05:01.617+0000] {dag.py:3096} INFO - Sync 2 DAGs
[2026-06-15T16:05:01.638+0000] {logging_mixin.py:188} INFO - [2026-06-15T16:05:01.638+0000] {dag.py:3954} INFO - Setting next_dagrun for example_xcom_args to None, run_after=None
[2026-06-15T16:05:01.645+0000] {logging_mixin.py:188} INFO - [2026-06-15T16:05:01.645+0000] {dag.py:3954} INFO - Setting next_dagrun for example_xcom_args_with_operators to None, run_after=None
[2026-06-15T16:05:01.676+0000] {processor.py:183} INFO - Processing /home/airflow/.local/lib/python3.12/site-packages/airflow/example_dags/example_xcomargs.py took 0.168 seconds
[2026-06-15T16:05:31.905+0000] {processor.py:161} INFO - Started process (PID=462) to work on /home/airflow/.local/lib/python3.12/site-packages/airflow/example_dags/example_xcomargs.py
[2026-06-15T16:05:31.907+0000] {processor.py:830} INFO - Processing file /home/airflow/.local/lib/python3.12/site-packages/airflow/example_dags/example_xcomargs.py for tasks to queue
[2026-06-15T16:05:31.911+0000] {logging_mixin.py:188} INFO - [2026-06-15T16:05:31.911+0000] {dagbag.py:545} INFO - Filling up the DagBag from /home/airflow/.local/lib/python3.12/site-packages/airflow/example_dags/example_xcomargs.py
[2026-06-15T16:05:31.924+0000] {processor.py:840} INFO - DAG(s) 'example_xcom_args_with_operators', 'example_xcom_args' retrieved from /home/airflow/.local/lib/python3.12/site-packages/airflow/example_dags/example_xcomargs.py
[2026-06-15T16:05:31.992+0000] {logging_mixin.py:188} INFO - [2026-06-15T16:05:31.992+0000] {dag.py:3096} INFO - Sync 2 DAGs
[2026-06-15T16:05:32.012+0000] {logging_mixin.py:188} INFO - [2026-06-15T16:05:32.011+0000] {dag.py:3954} INFO - Setting next_dagrun for example_xcom_args to None, run_after=None
[2026-06-15T16:05:32.019+0000] {logging_mixin.py:188} INFO - [2026-06-15T16:05:32.019+0000] {dag.py:3954} INFO - Setting next_dagrun for example_xcom_args_with_operators to None, run_after=None
[2026-06-15T16:05:32.055+0000] {processor.py:183} INFO - Processing /home/airflow/.local/lib/python3.12/site-packages/airflow/example_dags/example_xcomargs.py took 0.162 seconds
[2026-06-15T16:06:02.221+0000] {processor.py:161} INFO - Started process (PID=521) to work on /home/airflow/.local/lib/python3.12/site-packages/airflow/example_dags/example_xcomargs.py
[2026-06-15T16:06:02.223+0000] {processor.py:830} INFO - Processing file /home/airflow/.local/lib/python3.12/site-packages/airflow/example_dags/example_xcomargs.py for tasks to queue
[2026-06-15T16:06:02.227+0000] {logging_mixin.py:188} INFO - [2026-06-15T16:06:02.226+0000] {dagbag.py:545} INFO - Filling up the DagBag from /home/airflow/.local/lib/python3.12/site-packages/airflow/example_dags/example_xcomargs.py
[2026-06-15T16:06:02.240+0000] {processor.py:840} INFO - DAG(s) 'example_xcom_args_with_operators', 'example_xcom_args' retrieved from /home/airflow/.local/lib/python3.12/site-packages/airflow/example_dags/example_xcomargs.py
[2026-06-15T16:06:02.278+0000] {logging_mixin.py:188} INFO - [2026-06-15T16:06:02.278+0000] {dag.py:3096} INFO - Sync 2 DAGs
[2026-06-15T16:06:02.298+0000] {logging_mixin.py:188} INFO - [2026-06-15T16:06:02.298+0000] {dag.py:3954} INFO - Setting next_dagrun for example_xcom_args to None, run_after=None
[2026-06-15T16:06:02.304+0000] {logging_mixin.py:188} INFO - [2026-06-15T16:06:02.303+0000] {dag.py:3954} INFO - Setting next_dagrun for example_xcom_args_with_operators to None, run_after=None
[2026-06-15T16:06:02.336+0000] {processor.py:183} INFO - Processing /home/airflow/.local/lib/python3.12/site-packages/airflow/example_dags/example_xcomargs.py took 0.123 seconds
[2026-06-15T16:06:32.951+0000] {processor.py:161} INFO - Started process (PID=580) to work on /home/airflow/.local/lib/python3.12/site-packages/airflow/example_dags/example_xcomargs.py
[2026-06-15T16:06:32.953+0000] {processor.py:830} INFO - Processing file /home/airflow/.local/lib/python3.12/site-packages/airflow/example_dags/example_xcomargs.py for tasks to queue
[2026-06-15T16:06:32.957+0000] {logging_mixin.py:188} INFO - [2026-06-15T16:06:32.956+0000] {dagbag.py:545} INFO - Filling up the DagBag from /home/airflow/.local/lib/python3.12/site-packages/airflow/example_dags/example_xcomargs.py
[2026-06-15T16:06:32.975+0000] {processor.py:840} INFO - DAG(s) 'example_xcom_args', 'example_xcom_args_with_operators' retrieved from /home/airflow/.local/lib/python3.12/site-packages/airflow/example_dags/example_xcomargs.py
[2026-06-15T16:06:33.020+0000] {logging_mixin.py:188} INFO - [2026-06-15T16:06:33.020+0000] {dag.py:3096} INFO - Sync 2 DAGs
[2026-06-15T16:06:33.039+0000] {logging_mixin.py:188} INFO - [2026-06-15T16:06:33.039+0000] {dag.py:3954} INFO - Setting next_dagrun for example_xcom_args to None, run_after=None
[2026-06-15T16:06:33.046+0000] {logging_mixin.py:188} INFO - [2026-06-15T16:06:33.046+0000] {dag.py:3954} INFO - Setting next_dagrun for example_xcom_args_with_operators to None, run_after=None
[2026-06-15T16:06:33.083+0000] {processor.py:183} INFO - Processing /home/airflow/.local/lib/python3.12/site-packages/airflow/example_dags/example_xcomargs.py took 0.141 seconds
[2026-06-15T16:07:04.226+0000] {processor.py:161} INFO - Started process (PID=639) to work on /home/airflow/.local/lib/python3.12/site-packages/airflow/example_dags/example_xcomargs.py
[2026-06-15T16:07:04.228+0000] {processor.py:830} INFO - Processing file /home/airflow/.local/lib/python3.12/site-packages/airflow/example_dags/example_xcomargs.py for tasks to queue
[2026-06-15T16:07:04.231+0000] {logging_mixin.py:188} INFO - [2026-06-15T16:07:04.230+0000] {dagbag.py:545} INFO - Filling up the DagBag from /home/airflow/.local/lib/python3.12/site-packages/airflow/example_dags/example_xcomargs.py
[2026-06-15T16:07:04.246+0000] {processor.py:840} INFO - DAG(s) 'example_xcom_args', 'example_xcom_args_with_operators' retrieved from /home/airflow/.local/lib/python3.12/site-packages/airflow/example_dags/example_xcomargs.py
[2026-06-15T16:07:04.288+0000] {logging_mixin.py:188} INFO - [2026-06-15T16:07:04.288+0000] {dag.py:3096} INFO - Sync 2 DAGs
[2026-06-15T16:07:04.310+0000] {logging_mixin.py:188} INFO - [2026-06-15T16:07:04.309+0000] {dag.py:3954} INFO - Setting next_dagrun for example_xcom_args to None, run_after=None
[2026-06-15T16:07:04.317+0000] {logging_mixin.py:188} INFO - [2026-06-15T16:07:04.316+0000] {dag.py:3954} INFO - Setting next_dagrun for example_xcom_args_with_operators to None, run_after=None
[2026-06-15T16:07:04.348+0000] {processor.py:183} INFO - Processing /home/airflow/.local/lib/python3.12/site-packages/airflow/example_dags/example_xcomargs.py took 0.131 seconds
[2026-06-15T16:07:34.943+0000] {processor.py:161} INFO - Started process (PID=699) to work on /home/airflow/.local/lib/python3.12/site-packages/airflow/example_dags/example_xcomargs.py
[2026-06-15T16:07:34.945+0000] {processor.py:830} INFO - Processing file /home/airflow/.local/lib/python3.12/site-packages/airflow/example_dags/example_xcomargs.py for tasks to queue
[2026-06-15T16:07:34.948+0000] {logging_mixin.py:188} INFO - [2026-06-15T16:07:34.947+0000] {dagbag.py:545} INFO - Filling up the DagBag from /home/airflow/.local/lib/python3.12/site-packages/airflow/example_dags/example_xcomargs.py
[2026-06-15T16:07:34.960+0000] {processor.py:840} INFO - DAG(s) 'example_xcom_args_with_operators', 'example_xcom_args' retrieved from /home/airflow/.local/lib/python3.12/site-packages/airflow/example_dags/example_xcomargs.py
[2026-06-15T16:07:34.998+0000] {logging_mixin.py:188} INFO - [2026-06-15T16:07:34.998+0000] {dag.py:3096} INFO - Sync 2 DAGs
[2026-06-15T16:07:35.017+0000] {logging_mixin.py:188} INFO - [2026-06-15T16:07:35.017+0000] {dag.py:3954} INFO - Setting next_dagrun for example_xcom_args to None, run_after=None
[2026-06-15T16:07:35.024+0000] {logging_mixin.py:188} INFO - [2026-06-15T16:07:35.023+0000] {dag.py:3954} INFO - Setting next_dagrun for example_xcom_args_with_operators to None, run_after=None
[2026-06-15T16:07:35.059+0000] {processor.py:183} INFO - Processing /home/airflow/.local/lib/python3.12/site-packages/airflow/example_dags/example_xcomargs.py took 0.124 seconds
[2026-06-15T16:08:05.689+0000] {processor.py:161} INFO - Started process (PID=758) to work on /home/airflow/.local/lib/python3.12/site-packages/airflow/example_dags/example_xcomargs.py
[2026-06-15T16:08:05.691+0000] {processor.py:830} INFO - Processing file /home/airflow/.local/lib/python3.12/site-packages/airflow/example_dags/example_xcomargs.py for tasks to queue
[2026-06-15T16:08:05.694+0000] {logging_mixin.py:188} INFO - [2026-06-15T16:08:05.693+0000] {dagbag.py:545} INFO - Filling up the DagBag from /home/airflow/.local/lib/python3.12/site-packages/airflow/example_dags/example_xcomargs.py
[2026-06-15T16:08:05.708+0000] {processor.py:840} INFO - DAG(s) 'example_xcom_args', 'example_xcom_args_with_operators' retrieved from /home/airflow/.local/lib/python3.12/site-packages/airflow/example_dags/example_xcomargs.py
[2026-06-15T16:08:05.748+0000] {logging_mixin.py:188} INFO - [2026-06-15T16:08:05.748+0000] {dag.py:3096} INFO - Sync 2 DAGs
[2026-06-15T16:08:05.770+0000] {logging_mixin.py:188} INFO - [2026-06-15T16:08:05.769+0000] {dag.py:3954} INFO - Setting next_dagrun for example_xcom_args to None, run_after=None
[2026-06-15T16:08:05.777+0000] {logging_mixin.py:188} INFO - [2026-06-15T16:08:05.776+0000] {dag.py:3954} INFO - Setting next_dagrun for example_xcom_args_with_operators to None, run_after=None
[2026-06-15T16:08:05.811+0000] {processor.py:183} INFO - Processing /home/airflow/.local/lib/python3.12/site-packages/airflow/example_dags/example_xcomargs.py took 0.131 seconds
[2026-06-15T16:08:36.260+0000] {processor.py:161} INFO - Started process (PID=817) to work on /home/airflow/.local/lib/python3.12/site-packages/airflow/example_dags/example_xcomargs.py
[2026-06-15T16:08:36.262+0000] {processor.py:830} INFO - Processing file /home/airflow/.local/lib/python3.12/site-packages/airflow/example_dags/example_xcomargs.py for tasks to queue
[2026-06-15T16:08:36.265+0000] {logging_mixin.py:188} INFO - [2026-06-15T16:08:36.265+0000] {dagbag.py:545} INFO - Filling up the DagBag from /home/airflow/.local/lib/python3.12/site-packages/airflow/example_dags/example_xcomargs.py
[2026-06-15T16:08:36.281+0000] {processor.py:840} INFO - DAG(s) 'example_xcom_args_with_operators', 'example_xcom_args' retrieved from /home/airflow/.local/lib/python3.12/site-packages/airflow/example_dags/example_xcomargs.py
[2026-06-15T16:08:36.332+0000] {logging_mixin.py:188} INFO - [2026-06-15T16:08:36.332+0000] {dag.py:3096} INFO - Sync 2 DAGs
[2026-06-15T16:08:36.360+0000] {logging_mixin.py:188} INFO - [2026-06-15T16:08:36.359+0000] {dag.py:3954} INFO - Setting next_dagrun for example_xcom_args to None, run_after=None
[2026-06-15T16:08:36.368+0000] {logging_mixin.py:188} INFO - [2026-06-15T16:08:36.367+0000] {dag.py:3954} INFO - Setting next_dagrun for example_xcom_args_with_operators to None, run_after=None
[2026-06-15T16:08:36.408+0000] {processor.py:183} INFO - Processing /home/airflow/.local/lib/python3.12/site-packages/airflow/example_dags/example_xcomargs.py took 0.157 seconds
[2026-06-15T16:09:06.487+0000] {processor.py:161} INFO - Started process (PID=876) to work on /home/airflow/.local/lib/python3.12/site-packages/airflow/example_dags/example_xcomargs.py
[2026-06-15T16:09:06.489+0000] {processor.py:830} INFO - Processing file /home/airflow/.local/lib/python3.12/site-packages/airflow/example_dags/example_xcomargs.py for tasks to queue
[2026-06-15T16:09:06.493+0000] {logging_mixin.py:188} INFO - [2026-06-15T16:09:06.493+0000] {dagbag.py:545} INFO - Filling up the DagBag from /home/airflow/.local/lib/python3.12/site-packages/airflow/example_dags/example_xcomargs.py
[2026-06-15T16:09:06.509+0000] {processor.py:840} INFO - DAG(s) 'example_xcom_args_with_operators', 'example_xcom_args' retrieved from /home/airflow/.local/lib/python3.12/site-packages/airflow/example_dags/example_xcomargs.py
[2026-06-15T16:09:06.565+0000] {logging_mixin.py:188} INFO - [2026-06-15T16:09:06.565+0000] {dag.py:3096} INFO - Sync 2 DAGs
[2026-06-15T16:09:06.598+0000] {logging_mixin.py:188} INFO - [2026-06-15T16:09:06.598+0000] {dag.py:3954} INFO - Setting next_dagrun for example_xcom_args to None, run_after=None
[2026-06-15T16:09:06.605+0000] {logging_mixin.py:188} INFO - [2026-06-15T16:09:06.604+0000] {dag.py:3954} INFO - Setting next_dagrun for example_xcom_args_with_operators to None, run_after=None
[2026-06-15T16:09:06.633+0000] {processor.py:183} INFO - Processing /home/airflow/.local/lib/python3.12/site-packages/airflow/example_dags/example_xcomargs.py took 0.156 seconds
[2026-06-15T16:09:36.767+0000] {processor.py:161} INFO - Started process (PID=934) to work on /home/airflow/.local/lib/python3.12/site-packages/airflow/example_dags/example_xcomargs.py
[2026-06-15T16:09:36.770+0000] {processor.py:830} INFO - Processing file /home/airflow/.local/lib/python3.12/site-packages/airflow/example_dags/example_xcomargs.py for tasks to queue
[2026-06-15T16:09:36.774+0000] {logging_mixin.py:188} INFO - [2026-06-15T16:09:36.773+0000] {dagbag.py:545} INFO - Filling up the DagBag from /home/airflow/.local/lib/python3.12/site-packages/airflow/example_dags/example_xcomargs.py
[2026-06-15T16:09:36.787+0000] {processor.py:840} INFO - DAG(s) 'example_xcom_args', 'example_xcom_args_with_operators' retrieved from /home/airflow/.local/lib/python3.12/site-packages/airflow/example_dags/example_xcomargs.py
[2026-06-15T16:09:36.835+0000] {logging_mixin.py:188} INFO - [2026-06-15T16:09:36.835+0000] {dag.py:3096} INFO - Sync 2 DAGs
[2026-06-15T16:09:36.862+0000] {logging_mixin.py:188} INFO - [2026-06-15T16:09:36.861+0000] {dag.py:3954} INFO - Setting next_dagrun for example_xcom_args to None, run_after=None
[2026-06-15T16:09:36.869+0000] {logging_mixin.py:188} INFO - [2026-06-15T16:09:36.869+0000] {dag.py:3954} INFO - Setting next_dagrun for example_xcom_args_with_operators to None, run_after=None
[2026-06-15T16:09:36.899+0000] {processor.py:183} INFO - Processing /home/airflow/.local/lib/python3.12/site-packages/airflow/example_dags/example_xcomargs.py took 0.143 seconds
[2026-06-15T16:10:07.950+0000] {processor.py:161} INFO - Started process (PID=993) to work on /home/airflow/.local/lib/python3.12/site-packages/airflow/example_dags/example_xcomargs.py
[2026-06-15T16:10:07.952+0000] {processor.py:830} INFO - Processing file /home/airflow/.local/lib/python3.12/site-packages/airflow/example_dags/example_xcomargs.py for tasks to queue
[2026-06-15T16:10:07.956+0000] {logging_mixin.py:188} INFO - [2026-06-15T16:10:07.956+0000] {dagbag.py:545} INFO - Filling up the DagBag from /home/airflow/.local/lib/python3.12/site-packages/airflow/example_dags/example_xcomargs.py
[2026-06-15T16:10:07.968+0000] {processor.py:840} INFO - DAG(s) 'example_xcom_args', 'example_xcom_args_with_operators' retrieved from /home/airflow/.local/lib/python3.12/site-packages/airflow/example_dags/example_xcomargs.py
[2026-06-15T16:10:08.007+0000] {logging_mixin.py:188} INFO - [2026-06-15T16:10:08.007+0000] {dag.py:3096} INFO - Sync 2 DAGs
[2026-06-15T16:10:08.025+0000] {logging_mixin.py:188} INFO - [2026-06-15T16:10:08.024+0000] {dag.py:3954} INFO - Setting next_dagrun for example_xcom_args to None, run_after=None
[2026-06-15T16:10:08.030+0000] {logging_mixin.py:188} INFO - [2026-06-15T16:10:08.030+0000] {dag.py:3954} INFO - Setting next_dagrun for example_xcom_args_with_operators to None, run_after=None
[2026-06-15T16:10:08.059+0000] {processor.py:183} INFO - Processing /home/airflow/.local/lib/python3.12/site-packages/airflow/example_dags/example_xcomargs.py took 0.118 seconds
[2026-06-15T16:10:38.305+0000] {processor.py:161} INFO - Started process (PID=1052) to work on /home/airflow/.local/lib/python3.12/site-packages/airflow/example_dags/example_xcomargs.py
[2026-06-15T16:10:38.308+0000] {processor.py:830} INFO - Processing file /home/airflow/.local/lib/python3.12/site-packages/airflow/example_dags/example_xcomargs.py for tasks to queue
[2026-06-15T16:10:38.312+0000] {logging_mixin.py:188} INFO - [2026-06-15T16:10:38.311+0000] {dagbag.py:545} INFO - Filling up the DagBag from /home/airflow/.local/lib/python3.12/site-packages/airflow/example_dags/example_xcomargs.py
[2026-06-15T16:10:38.322+0000] {processor.py:840} INFO - DAG(s) 'example_xcom_args_with_operators', 'example_xcom_args' retrieved from /home/airflow/.local/lib/python3.12/site-packages/airflow/example_dags/example_xcomargs.py
[2026-06-15T16:10:38.359+0000] {logging_mixin.py:188} INFO - [2026-06-15T16:10:38.359+0000] {dag.py:3096} INFO - Sync 2 DAGs
[2026-06-15T16:10:38.378+0000] {logging_mixin.py:188} INFO - [2026-06-15T16:10:38.378+0000] {dag.py:3954} INFO - Setting next_dagrun for example_xcom_args to None, run_after=None
[2026-06-15T16:10:38.384+0000] {logging_mixin.py:188} INFO - [2026-06-15T16:10:38.384+0000] {dag.py:3954} INFO - Setting next_dagrun for example_xcom_args_with_operators to None, run_after=None
[2026-06-15T16:10:38.415+0000] {processor.py:183} INFO - Processing /home/airflow/.local/lib/python3.12/site-packages/airflow/example_dags/example_xcomargs.py took 0.117 seconds
[2026-06-15T16:11:08.936+0000] {processor.py:161} INFO - Started process (PID=1111) to work on /home/airflow/.local/lib/python3.12/site-packages/airflow/example_dags/example_xcomargs.py
[2026-06-15T16:11:08.938+0000] {processor.py:830} INFO - Processing file /home/airflow/.local/lib/python3.12/site-packages/airflow/example_dags/example_xcomargs.py for tasks to queue
[2026-06-15T16:11:08.941+0000] {logging_mixin.py:188} INFO - [2026-06-15T16:11:08.941+0000] {dagbag.py:545} INFO - Filling up the DagBag from /home/airflow/.local/lib/python3.12/site-packages/airflow/example_dags/example_xcomargs.py
[2026-06-15T16:11:08.954+0000] {processor.py:840} INFO - DAG(s) 'example_xcom_args_with_operators', 'example_xcom_args' retrieved from /home/airflow/.local/lib/python3.12/site-packages/airflow/example_dags/example_xcomargs.py
[2026-06-15T16:11:08.996+0000] {logging_mixin.py:188} INFO - [2026-06-15T16:11:08.996+0000] {dag.py:3096} INFO - Sync 2 DAGs
[2026-06-15T16:11:09.016+0000] {logging_mixin.py:188} INFO - [2026-06-15T16:11:09.016+0000] {dag.py:3954} INFO - Setting next_dagrun for example_xcom_args to None, run_after=None
[2026-06-15T16:11:09.024+0000] {logging_mixin.py:188} INFO - [2026-06-15T16:11:09.024+0000] {dag.py:3954} INFO - Setting next_dagrun for example_xcom_args_with_operators to None, run_after=None
[2026-06-15T16:11:09.055+0000] {processor.py:183} INFO - Processing /home/airflow/.local/lib/python3.12/site-packages/airflow/example_dags/example_xcomargs.py took 0.127 seconds
[2026-06-15T16:11:39.826+0000] {processor.py:161} INFO - Started process (PID=1170) to work on /home/airflow/.local/lib/python3.12/site-packages/airflow/example_dags/example_xcomargs.py
[2026-06-15T16:11:39.828+0000] {processor.py:830} INFO - Processing file /home/airflow/.local/lib/python3.12/site-packages/airflow/example_dags/example_xcomargs.py for tasks to queue
[2026-06-15T16:11:39.831+0000] {logging_mixin.py:188} INFO - [2026-06-15T16:11:39.830+0000] {dagbag.py:545} INFO - Filling up the DagBag from /home/airflow/.local/lib/python3.12/site-packages/airflow/example_dags/example_xcomargs.py
[2026-06-15T16:11:39.848+0000] {processor.py:840} INFO - DAG(s) 'example_xcom_args', 'example_xcom_args_with_operators' retrieved from /home/airflow/.local/lib/python3.12/site-packages/airflow/example_dags/example_xcomargs.py
[2026-06-15T16:11:39.894+0000] {logging_mixin.py:188} INFO - [2026-06-15T16:11:39.894+0000] {dag.py:3096} INFO - Sync 2 DAGs
[2026-06-15T16:11:39.915+0000] {logging_mixin.py:188} INFO - [2026-06-15T16:11:39.915+0000] {dag.py:3954} INFO - Setting next_dagrun for example_xcom_args to None, run_after=None
[2026-06-15T16:11:39.923+0000] {logging_mixin.py:188} INFO - [2026-06-15T16:11:39.923+0000] {dag.py:3954} INFO - Setting next_dagrun for example_xcom_args_with_operators to None, run_after=None
[2026-06-15T16:11:39.961+0000] {processor.py:183} INFO - Processing /home/airflow/.local/lib/python3.12/site-packages/airflow/example_dags/example_xcomargs.py took 0.145 seconds
[2026-06-15T16:12:10.181+0000] {processor.py:161} INFO - Started process (PID=1230) to work on /home/airflow/.local/lib/python3.12/site-packages/airflow/example_dags/example_xcomargs.py
[2026-06-15T16:12:10.183+0000] {processor.py:830} INFO - Processing file /home/airflow/.local/lib/python3.12/site-packages/airflow/example_dags/example_xcomargs.py for tasks to queue
[2026-06-15T16:12:10.187+0000] {logging_mixin.py:188} INFO - [2026-06-15T16:12:10.186+0000] {dagbag.py:545} INFO - Filling up the DagBag from /home/airflow/.local/lib/python3.12/site-packages/airflow/example_dags/example_xcomargs.py
[2026-06-15T16:12:10.201+0000] {processor.py:840} INFO - DAG(s) 'example_xcom_args_with_operators', 'example_xcom_args' retrieved from /home/airflow/.local/lib/python3.12/site-packages/airflow/example_dags/example_xcomargs.py
[2026-06-15T16:12:10.243+0000] {logging_mixin.py:188} INFO - [2026-06-15T16:12:10.243+0000] {dag.py:3096} INFO - Sync 2 DAGs
[2026-06-15T16:12:10.264+0000] {logging_mixin.py:188} INFO - [2026-06-15T16:12:10.264+0000] {dag.py:3954} INFO - Setting next_dagrun for example_xcom_args to None, run_after=None
[2026-06-15T16:12:10.271+0000] {logging_mixin.py:188} INFO - [2026-06-15T16:12:10.270+0000] {dag.py:3954} INFO - Setting next_dagrun for example_xcom_args_with_operators to None, run_after=None
[2026-06-15T16:12:10.304+0000] {processor.py:183} INFO - Processing /home/airflow/.local/lib/python3.12/site-packages/airflow/example_dags/example_xcomargs.py took 0.133 seconds
[2026-06-15T16:12:40.628+0000] {processor.py:161} INFO - Started process (PID=1289) to work on /home/airflow/.local/lib/python3.12/site-packages/airflow/example_dags/example_xcomargs.py
[2026-06-15T16:12:40.630+0000] {processor.py:830} INFO - Processing file /home/airflow/.local/lib/python3.12/site-packages/airflow/example_dags/example_xcomargs.py for tasks to queue
[2026-06-15T16:12:40.634+0000] {logging_mixin.py:188} INFO - [2026-06-15T16:12:40.634+0000] {dagbag.py:545} INFO - Filling up the DagBag from /home/airflow/.local/lib/python3.12/site-packages/airflow/example_dags/example_xcomargs.py
[2026-06-15T16:12:40.649+0000] {processor.py:840} INFO - DAG(s) 'example_xcom_args', 'example_xcom_args_with_operators' retrieved from /home/airflow/.local/lib/python3.12/site-packages/airflow/example_dags/example_xcomargs.py
[2026-06-15T16:12:40.694+0000] {logging_mixin.py:188} INFO - [2026-06-15T16:12:40.694+0000] {dag.py:3096} INFO - Sync 2 DAGs
[2026-06-15T16:12:40.716+0000] {logging_mixin.py:188} INFO - [2026-06-15T16:12:40.715+0000] {dag.py:3954} INFO - Setting next_dagrun for example_xcom_args to None, run_after=None
[2026-06-15T16:12:40.722+0000] {logging_mixin.py:188} INFO - [2026-06-15T16:12:40.722+0000] {dag.py:3954} INFO - Setting next_dagrun for example_xcom_args_with_operators to None, run_after=None
[2026-06-15T16:12:40.755+0000] {processor.py:183} INFO - Processing /home/airflow/.local/lib/python3.12/site-packages/airflow/example_dags/example_xcomargs.py took 0.138 seconds
[2026-06-15T16:13:11.033+0000] {processor.py:161} INFO - Started process (PID=1348) to work on /home/airflow/.local/lib/python3.12/site-packages/airflow/example_dags/example_xcomargs.py
[2026-06-15T16:13:11.035+0000] {processor.py:830} INFO - Processing file /home/airflow/.local/lib/python3.12/site-packages/airflow/example_dags/example_xcomargs.py for tasks to queue
[2026-06-15T16:13:11.039+0000] {logging_mixin.py:188} INFO - [2026-06-15T16:13:11.038+0000] {dagbag.py:545} INFO - Filling up the DagBag from /home/airflow/.local/lib/python3.12/site-packages/airflow/example_dags/example_xcomargs.py
[2026-06-15T16:13:11.057+0000] {processor.py:840} INFO - DAG(s) 'example_xcom_args', 'example_xcom_args_with_operators' retrieved from /home/airflow/.local/lib/python3.12/site-packages/airflow/example_dags/example_xcomargs.py
[2026-06-15T16:13:11.097+0000] {logging_mixin.py:188} INFO - [2026-06-15T16:13:11.097+0000] {dag.py:3096} INFO - Sync 2 DAGs
[2026-06-15T16:13:11.116+0000] {logging_mixin.py:188} INFO - [2026-06-15T16:13:11.116+0000] {dag.py:3954} INFO - Setting next_dagrun for example_xcom_args to None, run_after=None
[2026-06-15T16:13:11.125+0000] {logging_mixin.py:188} INFO - [2026-06-15T16:13:11.124+0000] {dag.py:3954} INFO - Setting next_dagrun for example_xcom_args_with_operators to None, run_after=None
[2026-06-15T16:13:11.158+0000] {processor.py:183} INFO - Processing /home/airflow/.local/lib/python3.12/site-packages/airflow/example_dags/example_xcomargs.py took 0.134 seconds
[2026-06-15T16:13:41.316+0000] {processor.py:161} INFO - Started process (PID=1407) to work on /home/airflow/.local/lib/python3.12/site-packages/airflow/example_dags/example_xcomargs.py
[2026-06-15T16:13:41.318+0000] {processor.py:830} INFO - Processing file /home/airflow/.local/lib/python3.12/site-packages/airflow/example_dags/example_xcomargs.py for tasks to queue
[2026-06-15T16:13:41.324+0000] {logging_mixin.py:188} INFO - [2026-06-15T16:13:41.323+0000] {dagbag.py:545} INFO - Filling up the DagBag from /home/airflow/.local/lib/python3.12/site-packages/airflow/example_dags/example_xcomargs.py
[2026-06-15T16:13:41.340+0000] {processor.py:840} INFO - DAG(s) 'example_xcom_args', 'example_xcom_args_with_operators' retrieved from /home/airflow/.local/lib/python3.12/site-packages/airflow/example_dags/example_xcomargs.py
[2026-06-15T16:13:41.391+0000] {logging_mixin.py:188} INFO - [2026-06-15T16:13:41.391+0000] {dag.py:3096} INFO - Sync 2 DAGs
[2026-06-15T16:13:41.417+0000] {logging_mixin.py:188} INFO - [2026-06-15T16:13:41.417+0000] {dag.py:3954} INFO - Setting next_dagrun for example_xcom_args to None, run_after=None
[2026-06-15T16:13:41.423+0000] {logging_mixin.py:188} INFO - [2026-06-15T16:13:41.423+0000] {dag.py:3954} INFO - Setting next_dagrun for example_xcom_args_with_operators to None, run_after=None
[2026-06-15T16:13:41.465+0000] {processor.py:183} INFO - Processing /home/airflow/.local/lib/python3.12/site-packages/airflow/example_dags/example_xcomargs.py took 0.163 seconds
[2026-06-15T16:14:11.859+0000] {processor.py:161} INFO - Started process (PID=1465) to work on /home/airflow/.local/lib/python3.12/site-packages/airflow/example_dags/example_xcomargs.py
[2026-06-15T16:14:11.861+0000] {processor.py:830} INFO - Processing file /home/airflow/.local/lib/python3.12/site-packages/airflow/example_dags/example_xcomargs.py for tasks to queue
[2026-06-15T16:14:11.865+0000] {logging_mixin.py:188} INFO - [2026-06-15T16:14:11.864+0000] {dagbag.py:545} INFO - Filling up the DagBag from /home/airflow/.local/lib/python3.12/site-packages/airflow/example_dags/example_xcomargs.py
[2026-06-15T16:14:11.879+0000] {processor.py:840} INFO - DAG(s) 'example_xcom_args_with_operators', 'example_xcom_args' retrieved from /home/airflow/.local/lib/python3.12/site-packages/airflow/example_dags/example_xcomargs.py
[2026-06-15T16:14:11.920+0000] {logging_mixin.py:188} INFO - [2026-06-15T16:14:11.920+0000] {dag.py:3096} INFO - Sync 2 DAGs
[2026-06-15T16:14:11.942+0000] {logging_mixin.py:188} INFO - [2026-06-15T16:14:11.941+0000] {dag.py:3954} INFO - Setting next_dagrun for example_xcom_args to None, run_after=None
[2026-06-15T16:14:11.950+0000] {logging_mixin.py:188} INFO - [2026-06-15T16:14:11.949+0000] {dag.py:3954} INFO - Setting next_dagrun for example_xcom_args_with_operators to None, run_after=None
[2026-06-15T16:14:11.979+0000] {processor.py:183} INFO - Processing /home/airflow/.local/lib/python3.12/site-packages/airflow/example_dags/example_xcomargs.py took 0.133 seconds
[2026-06-15T16:14:42.657+0000] {processor.py:161} INFO - Started process (PID=1525) to work on /home/airflow/.local/lib/python3.12/site-packages/airflow/example_dags/example_xcomargs.py
[2026-06-15T16:14:42.659+0000] {processor.py:830} INFO - Processing file /home/airflow/.local/lib/python3.12/site-packages/airflow/example_dags/example_xcomargs.py for tasks to queue
[2026-06-15T16:14:42.662+0000] {logging_mixin.py:188} INFO - [2026-06-15T16:14:42.662+0000] {dagbag.py:545} INFO - Filling up the DagBag from /home/airflow/.local/lib/python3.12/site-packages/airflow/example_dags/example_xcomargs.py
[2026-06-15T16:14:42.675+0000] {processor.py:840} INFO - DAG(s) 'example_xcom_args_with_operators', 'example_xcom_args' retrieved from /home/airflow/.local/lib/python3.12/site-packages/airflow/example_dags/example_xcomargs.py
[2026-06-15T16:14:42.715+0000] {logging_mixin.py:188} INFO - [2026-06-15T16:14:42.714+0000] {dag.py:3096} INFO - Sync 2 DAGs
[2026-06-15T16:14:42.735+0000] {logging_mixin.py:188} INFO - [2026-06-15T16:14:42.735+0000] {dag.py:3954} INFO - Setting next_dagrun for example_xcom_args to None, run_after=None
[2026-06-15T16:14:42.742+0000] {logging_mixin.py:188} INFO - [2026-06-15T16:14:42.742+0000] {dag.py:3954} INFO - Setting next_dagrun for example_xcom_args_with_operators to None, run_after=None
[2026-06-15T16:14:42.774+0000] {processor.py:183} INFO - Processing /home/airflow/.local/lib/python3.12/site-packages/airflow/example_dags/example_xcomargs.py took 0.126 seconds
[2026-06-15T16:15:13.407+0000] {processor.py:161} INFO - Started process (PID=1584) to work on /home/airflow/.local/lib/python3.12/site-packages/airflow/example_dags/example_xcomargs.py
[2026-06-15T16:15:13.409+0000] {processor.py:830} INFO - Processing file /home/airflow/.local/lib/python3.12/site-packages/airflow/example_dags/example_xcomargs.py for tasks to queue
[2026-06-15T16:15:13.412+0000] {logging_mixin.py:188} INFO - [2026-06-15T16:15:13.411+0000] {dagbag.py:545} INFO - Filling up the DagBag from /home/airflow/.local/lib/python3.12/site-packages/airflow/example_dags/example_xcomargs.py
[2026-06-15T16:15:13.424+0000] {processor.py:840} INFO - DAG(s) 'example_xcom_args_with_operators', 'example_xcom_args' retrieved from /home/airflow/.local/lib/python3.12/site-packages/airflow/example_dags/example_xcomargs.py
[2026-06-15T16:15:13.464+0000] {logging_mixin.py:188} INFO - [2026-06-15T16:15:13.464+0000] {dag.py:3096} INFO - Sync 2 DAGs
[2026-06-15T16:15:13.657+0000] {logging_mixin.py:188} INFO - [2026-06-15T16:15:13.657+0000] {dag.py:3954} INFO - Setting next_dagrun for example_xcom_args to None, run_after=None
[2026-06-15T16:15:13.665+0000] {logging_mixin.py:188} INFO - [2026-06-15T16:15:13.665+0000] {dag.py:3954} INFO - Setting next_dagrun for example_xcom_args_with_operators to None, run_after=None
[2026-06-15T16:15:13.702+0000] {processor.py:183} INFO - Processing /home/airflow/.local/lib/python3.12/site-packages/airflow/example_dags/example_xcomargs.py took 0.303 seconds
[2026-06-15T16:15:44.101+0000] {processor.py:161} INFO - Started process (PID=1643) to work on /home/airflow/.local/lib/python3.12/site-packages/airflow/example_dags/example_xcomargs.py
[2026-06-15T16:15:44.103+0000] {processor.py:830} INFO - Processing file /home/airflow/.local/lib/python3.12/site-packages/airflow/example_dags/example_xcomargs.py for tasks to queue
[2026-06-15T16:15:44.106+0000] {logging_mixin.py:188} INFO - [2026-06-15T16:15:44.105+0000] {dagbag.py:545} INFO - Filling up the DagBag from /home/airflow/.local/lib/python3.12/site-packages/airflow/example_dags/example_xcomargs.py
[2026-06-15T16:15:44.129+0000] {processor.py:840} INFO - DAG(s) 'example_xcom_args', 'example_xcom_args_with_operators' retrieved from /home/airflow/.local/lib/python3.12/site-packages/airflow/example_dags/example_xcomargs.py
[2026-06-15T16:15:44.178+0000] {logging_mixin.py:188} INFO - [2026-06-15T16:15:44.178+0000] {dag.py:3096} INFO - Sync 2 DAGs
[2026-06-15T16:15:44.203+0000] {logging_mixin.py:188} INFO - [2026-06-15T16:15:44.203+0000] {dag.py:3954} INFO - Setting next_dagrun for example_xcom_args to None, run_after=None
[2026-06-15T16:15:44.210+0000] {logging_mixin.py:188} INFO - [2026-06-15T16:15:44.210+0000] {dag.py:3954} INFO - Setting next_dagrun for example_xcom_args_with_operators to None, run_after=None
[2026-06-15T16:15:44.243+0000] {processor.py:183} INFO - Processing /home/airflow/.local/lib/python3.12/site-packages/airflow/example_dags/example_xcomargs.py took 0.152 seconds
[2026-06-15T16:16:14.682+0000] {processor.py:161} INFO - Started process (PID=1703) to work on /home/airflow/.local/lib/python3.12/site-packages/airflow/example_dags/example_xcomargs.py
[2026-06-15T16:16:14.684+0000] {processor.py:830} INFO - Processing file /home/airflow/.local/lib/python3.12/site-packages/airflow/example_dags/example_xcomargs.py for tasks to queue
[2026-06-15T16:16:14.688+0000] {logging_mixin.py:188} INFO - [2026-06-15T16:16:14.686+0000] {dagbag.py:545} INFO - Filling up the DagBag from /home/airflow/.local/lib/python3.12/site-packages/airflow/example_dags/example_xcomargs.py
[2026-06-15T16:16:14.703+0000] {processor.py:840} INFO - DAG(s) 'example_xcom_args_with_operators', 'example_xcom_args' retrieved from /home/airflow/.local/lib/python3.12/site-packages/airflow/example_dags/example_xcomargs.py
[2026-06-15T16:16:14.750+0000] {logging_mixin.py:188} INFO - [2026-06-15T16:16:14.750+0000] {dag.py:3096} INFO - Sync 2 DAGs
[2026-06-15T16:16:14.771+0000] {logging_mixin.py:188} INFO - [2026-06-15T16:16:14.771+0000] {dag.py:3954} INFO - Setting next_dagrun for example_xcom_args to None, run_after=None
[2026-06-15T16:16:14.778+0000] {logging_mixin.py:188} INFO - [2026-06-15T16:16:14.778+0000] {dag.py:3954} INFO - Setting next_dagrun for example_xcom_args_with_operators to None, run_after=None
[2026-06-15T16:16:14.810+0000] {processor.py:183} INFO - Processing /home/airflow/.local/lib/python3.12/site-packages/airflow/example_dags/example_xcomargs.py took 0.138 seconds
[2026-06-15T16:16:45.200+0000] {processor.py:161} INFO - Started process (PID=1762) to work on /home/airflow/.local/lib/python3.12/site-packages/airflow/example_dags/example_xcomargs.py
[2026-06-15T16:16:45.203+0000] {processor.py:830} INFO - Processing file /home/airflow/.local/lib/python3.12/site-packages/airflow/example_dags/example_xcomargs.py for tasks to queue
[2026-06-15T16:16:45.206+0000] {logging_mixin.py:188} INFO - [2026-06-15T16:16:45.205+0000] {dagbag.py:545} INFO - Filling up the DagBag from /home/airflow/.local/lib/python3.12/site-packages/airflow/example_dags/example_xcomargs.py
[2026-06-15T16:16:45.218+0000] {processor.py:840} INFO - DAG(s) 'example_xcom_args_with_operators', 'example_xcom_args' retrieved from /home/airflow/.local/lib/python3.12/site-packages/airflow/example_dags/example_xcomargs.py
[2026-06-15T16:16:45.261+0000] {logging_mixin.py:188} INFO - [2026-06-15T16:16:45.260+0000] {dag.py:3096} INFO - Sync 2 DAGs
[2026-06-15T16:16:45.281+0000] {logging_mixin.py:188} INFO - [2026-06-15T16:16:45.280+0000] {dag.py:3954} INFO - Setting next_dagrun for example_xcom_args to None, run_after=None
[2026-06-15T16:16:45.287+0000] {logging_mixin.py:188} INFO - [2026-06-15T16:16:45.287+0000] {dag.py:3954} INFO - Setting next_dagrun for example_xcom_args_with_operators to None, run_after=None
[2026-06-15T16:16:45.317+0000] {processor.py:183} INFO - Processing /home/airflow/.local/lib/python3.12/site-packages/airflow/example_dags/example_xcomargs.py took 0.127 seconds
[2026-06-15T16:17:15.907+0000] {processor.py:161} INFO - Started process (PID=1822) to work on /home/airflow/.local/lib/python3.12/site-packages/airflow/example_dags/example_xcomargs.py
[2026-06-15T16:17:15.909+0000] {processor.py:830} INFO - Processing file /home/airflow/.local/lib/python3.12/site-packages/airflow/example_dags/example_xcomargs.py for tasks to queue
[2026-06-15T16:17:15.913+0000] {logging_mixin.py:188} INFO - [2026-06-15T16:17:15.912+0000] {dagbag.py:545} INFO - Filling up the DagBag from /home/airflow/.local/lib/python3.12/site-packages/airflow/example_dags/example_xcomargs.py
[2026-06-15T16:17:15.928+0000] {processor.py:840} INFO - DAG(s) 'example_xcom_args', 'example_xcom_args_with_operators' retrieved from /home/airflow/.local/lib/python3.12/site-packages/airflow/example_dags/example_xcomargs.py
[2026-06-15T16:17:15.968+0000] {logging_mixin.py:188} INFO - [2026-06-15T16:17:15.967+0000] {dag.py:3096} INFO - Sync 2 DAGs
[2026-06-15T16:17:15.987+0000] {logging_mixin.py:188} INFO - [2026-06-15T16:17:15.987+0000] {dag.py:3954} INFO - Setting next_dagrun for example_xcom_args to None, run_after=None
[2026-06-15T16:17:15.994+0000] {logging_mixin.py:188} INFO - [2026-06-15T16:17:15.993+0000] {dag.py:3954} INFO - Setting next_dagrun for example_xcom_args_with_operators to None, run_after=None
[2026-06-15T16:17:16.036+0000] {processor.py:183} INFO - Processing /home/airflow/.local/lib/python3.12/site-packages/airflow/example_dags/example_xcomargs.py took 0.137 seconds
[2026-06-15T16:17:46.548+0000] {processor.py:161} INFO - Started process (PID=1881) to work on /home/airflow/.local/lib/python3.12/site-packages/airflow/example_dags/example_xcomargs.py
[2026-06-15T16:17:46.550+0000] {processor.py:830} INFO - Processing file /home/airflow/.local/lib/python3.12/site-packages/airflow/example_dags/example_xcomargs.py for tasks to queue
[2026-06-15T16:17:46.553+0000] {logging_mixin.py:188} INFO - [2026-06-15T16:17:46.552+0000] {dagbag.py:545} INFO - Filling up the DagBag from /home/airflow/.local/lib/python3.12/site-packages/airflow/example_dags/example_xcomargs.py
[2026-06-15T16:17:46.566+0000] {processor.py:840} INFO - DAG(s) 'example_xcom_args_with_operators', 'example_xcom_args' retrieved from /home/airflow/.local/lib/python3.12/site-packages/airflow/example_dags/example_xcomargs.py
[2026-06-15T16:17:46.611+0000] {logging_mixin.py:188} INFO - [2026-06-15T16:17:46.611+0000] {dag.py:3096} INFO - Sync 2 DAGs
[2026-06-15T16:17:46.632+0000] {logging_mixin.py:188} INFO - [2026-06-15T16:17:46.632+0000] {dag.py:3954} INFO - Setting next_dagrun for example_xcom_args to None, run_after=None
[2026-06-15T16:17:46.641+0000] {logging_mixin.py:188} INFO - [2026-06-15T16:17:46.640+0000] {dag.py:3954} INFO - Setting next_dagrun for example_xcom_args_with_operators to None, run_after=None
[2026-06-15T16:17:46.672+0000] {processor.py:183} INFO - Processing /home/airflow/.local/lib/python3.12/site-packages/airflow/example_dags/example_xcomargs.py took 0.133 seconds
[2026-06-15T16:18:17.183+0000] {processor.py:161} INFO - Started process (PID=1940) to work on /home/airflow/.local/lib/python3.12/site-packages/airflow/example_dags/example_xcomargs.py
[2026-06-15T16:18:17.185+0000] {processor.py:830} INFO - Processing file /home/airflow/.local/lib/python3.12/site-packages/airflow/example_dags/example_xcomargs.py for tasks to queue
[2026-06-15T16:18:17.189+0000] {logging_mixin.py:188} INFO - [2026-06-15T16:18:17.188+0000] {dagbag.py:545} INFO - Filling up the DagBag from /home/airflow/.local/lib/python3.12/site-packages/airflow/example_dags/example_xcomargs.py
[2026-06-15T16:18:17.209+0000] {processor.py:840} INFO - DAG(s) 'example_xcom_args_with_operators', 'example_xcom_args' retrieved from /home/airflow/.local/lib/python3.12/site-packages/airflow/example_dags/example_xcomargs.py
[2026-06-15T16:18:17.269+0000] {logging_mixin.py:188} INFO - [2026-06-15T16:18:17.268+0000] {dag.py:3096} INFO - Sync 2 DAGs
[2026-06-15T16:18:17.291+0000] {logging_mixin.py:188} INFO - [2026-06-15T16:18:17.290+0000] {dag.py:3954} INFO - Setting next_dagrun for example_xcom_args to None, run_after=None
[2026-06-15T16:18:17.298+0000] {logging_mixin.py:188} INFO - [2026-06-15T16:18:17.298+0000] {dag.py:3954} INFO - Setting next_dagrun for example_xcom_args_with_operators to None, run_after=None
[2026-06-15T16:18:17.331+0000] {processor.py:183} INFO - Processing /home/airflow/.local/lib/python3.12/site-packages/airflow/example_dags/example_xcomargs.py took 0.163 seconds
[2026-06-15T16:18:47.951+0000] {processor.py:161} INFO - Started process (PID=1999) to work on /home/airflow/.local/lib/python3.12/site-packages/airflow/example_dags/example_xcomargs.py
[2026-06-15T16:18:47.953+0000] {processor.py:830} INFO - Processing file /home/airflow/.local/lib/python3.12/site-packages/airflow/example_dags/example_xcomargs.py for tasks to queue
[2026-06-15T16:18:47.958+0000] {logging_mixin.py:188} INFO - [2026-06-15T16:18:47.957+0000] {dagbag.py:545} INFO - Filling up the DagBag from /home/airflow/.local/lib/python3.12/site-packages/airflow/example_dags/example_xcomargs.py
[2026-06-15T16:18:47.975+0000] {processor.py:840} INFO - DAG(s) 'example_xcom_args_with_operators', 'example_xcom_args' retrieved from /home/airflow/.local/lib/python3.12/site-packages/airflow/example_dags/example_xcomargs.py
[2026-06-15T16:18:48.020+0000] {logging_mixin.py:188} INFO - [2026-06-15T16:18:48.020+0000] {dag.py:3096} INFO - Sync 2 DAGs
[2026-06-15T16:18:48.043+0000] {logging_mixin.py:188} INFO - [2026-06-15T16:18:48.042+0000] {dag.py:3954} INFO - Setting next_dagrun for example_xcom_args to None, run_after=None
[2026-06-15T16:18:48.053+0000] {logging_mixin.py:188} INFO - [2026-06-15T16:18:48.052+0000] {dag.py:3954} INFO - Setting next_dagrun for example_xcom_args_with_operators to None, run_after=None
[2026-06-15T16:18:48.087+0000] {processor.py:183} INFO - Processing /home/airflow/.local/lib/python3.12/site-packages/airflow/example_dags/example_xcomargs.py took 0.155 seconds
[2026-06-15T16:19:18.230+0000] {processor.py:161} INFO - Started process (PID=2056) to work on /home/airflow/.local/lib/python3.12/site-packages/airflow/example_dags/example_xcomargs.py
[2026-06-15T16:19:18.232+0000] {processor.py:830} INFO - Processing file /home/airflow/.local/lib/python3.12/site-packages/airflow/example_dags/example_xcomargs.py for tasks to queue
[2026-06-15T16:19:18.235+0000] {logging_mixin.py:188} INFO - [2026-06-15T16:19:18.235+0000] {dagbag.py:545} INFO - Filling up the DagBag from /home/airflow/.local/lib/python3.12/site-packages/airflow/example_dags/example_xcomargs.py
[2026-06-15T16:19:18.249+0000] {processor.py:840} INFO - DAG(s) 'example_xcom_args_with_operators', 'example_xcom_args' retrieved from /home/airflow/.local/lib/python3.12/site-packages/airflow/example_dags/example_xcomargs.py
[2026-06-15T16:19:18.293+0000] {logging_mixin.py:188} INFO - [2026-06-15T16:19:18.292+0000] {dag.py:3096} INFO - Sync 2 DAGs
[2026-06-15T16:19:18.313+0000] {logging_mixin.py:188} INFO - [2026-06-15T16:19:18.312+0000] {dag.py:3954} INFO - Setting next_dagrun for example_xcom_args to None, run_after=None
[2026-06-15T16:19:18.318+0000] {logging_mixin.py:188} INFO - [2026-06-15T16:19:18.318+0000] {dag.py:3954} INFO - Setting next_dagrun for example_xcom_args_with_operators to None, run_after=None
[2026-06-15T16:19:18.348+0000] {processor.py:183} INFO - Processing /home/airflow/.local/lib/python3.12/site-packages/airflow/example_dags/example_xcomargs.py took 0.127 seconds
[2026-06-15T16:19:48.972+0000] {processor.py:161} INFO - Started process (PID=2115) to work on /home/airflow/.local/lib/python3.12/site-packages/airflow/example_dags/example_xcomargs.py
[2026-06-15T16:19:48.974+0000] {processor.py:830} INFO - Processing file /home/airflow/.local/lib/python3.12/site-packages/airflow/example_dags/example_xcomargs.py for tasks to queue
[2026-06-15T16:19:48.979+0000] {logging_mixin.py:188} INFO - [2026-06-15T16:19:48.978+0000] {dagbag.py:545} INFO - Filling up the DagBag from /home/airflow/.local/lib/python3.12/site-packages/airflow/example_dags/example_xcomargs.py
[2026-06-15T16:19:48.989+0000] {processor.py:840} INFO - DAG(s) 'example_xcom_args', 'example_xcom_args_with_operators' retrieved from /home/airflow/.local/lib/python3.12/site-packages/airflow/example_dags/example_xcomargs.py
[2026-06-15T16:19:49.030+0000] {logging_mixin.py:188} INFO - [2026-06-15T16:19:49.029+0000] {dag.py:3096} INFO - Sync 2 DAGs
[2026-06-15T16:19:49.049+0000] {logging_mixin.py:188} INFO - [2026-06-15T16:19:49.048+0000] {dag.py:3954} INFO - Setting next_dagrun for example_xcom_args to None, run_after=None
[2026-06-15T16:19:49.055+0000] {logging_mixin.py:188} INFO - [2026-06-15T16:19:49.054+0000] {dag.py:3954} INFO - Setting next_dagrun for example_xcom_args_with_operators to None, run_after=None
[2026-06-15T16:19:49.084+0000] {processor.py:183} INFO - Processing /home/airflow/.local/lib/python3.12/site-packages/airflow/example_dags/example_xcomargs.py took 0.121 seconds
[2026-06-15T16:20:19.466+0000] {processor.py:161} INFO - Started process (PID=2174) to work on /home/airflow/.local/lib/python3.12/site-packages/airflow/example_dags/example_xcomargs.py
[2026-06-15T16:20:19.468+0000] {processor.py:830} INFO - Processing file /home/airflow/.local/lib/python3.12/site-packages/airflow/example_dags/example_xcomargs.py for tasks to queue
[2026-06-15T16:20:19.471+0000] {logging_mixin.py:188} INFO - [2026-06-15T16:20:19.471+0000] {dagbag.py:545} INFO - Filling up the DagBag from /home/airflow/.local/lib/python3.12/site-packages/airflow/example_dags/example_xcomargs.py
[2026-06-15T16:20:19.484+0000] {processor.py:840} INFO - DAG(s) 'example_xcom_args_with_operators', 'example_xcom_args' retrieved from /home/airflow/.local/lib/python3.12/site-packages/airflow/example_dags/example_xcomargs.py
[2026-06-15T16:20:19.528+0000] {logging_mixin.py:188} INFO - [2026-06-15T16:20:19.528+0000] {dag.py:3096} INFO - Sync 2 DAGs
[2026-06-15T16:20:19.552+0000] {logging_mixin.py:188} INFO - [2026-06-15T16:20:19.552+0000] {dag.py:3954} INFO - Setting next_dagrun for example_xcom_args to None, run_after=None
[2026-06-15T16:20:19.559+0000] {logging_mixin.py:188} INFO - [2026-06-15T16:20:19.559+0000] {dag.py:3954} INFO - Setting next_dagrun for example_xcom_args_with_operators to None, run_after=None
[2026-06-15T16:20:19.590+0000] {processor.py:183} INFO - Processing /home/airflow/.local/lib/python3.12/site-packages/airflow/example_dags/example_xcomargs.py took 0.133 seconds
[2026-06-15T16:45:25.524+0000] {processor.py:161} INFO - Started process (PID=2235) to work on /home/airflow/.local/lib/python3.12/site-packages/airflow/example_dags/example_xcomargs.py
[2026-06-15T16:45:25.527+0000] {processor.py:830} INFO - Processing file /home/airflow/.local/lib/python3.12/site-packages/airflow/example_dags/example_xcomargs.py for tasks to queue
[2026-06-15T16:45:25.532+0000] {logging_mixin.py:188} INFO - [2026-06-15T16:45:25.531+0000] {dagbag.py:545} INFO - Filling up the DagBag from /home/airflow/.local/lib/python3.12/site-packages/airflow/example_dags/example_xcomargs.py
[2026-06-15T16:45:25.556+0000] {processor.py:840} INFO - DAG(s) 'example_xcom_args_with_operators', 'example_xcom_args' retrieved from /home/airflow/.local/lib/python3.12/site-packages/airflow/example_dags/example_xcomargs.py
[2026-06-15T16:45:25.640+0000] {logging_mixin.py:188} INFO - [2026-06-15T16:45:25.639+0000] {dag.py:3096} INFO - Sync 2 DAGs
[2026-06-15T16:45:25.688+0000] {logging_mixin.py:188} INFO - [2026-06-15T16:45:25.687+0000] {dag.py:3954} INFO - Setting next_dagrun for example_xcom_args to None, run_after=None
[2026-06-15T16:45:25.709+0000] {logging_mixin.py:188} INFO - [2026-06-15T16:45:25.708+0000] {dag.py:3954} INFO - Setting next_dagrun for example_xcom_args_with_operators to None, run_after=None
[2026-06-15T16:45:25.775+0000] {processor.py:183} INFO - Processing /home/airflow/.local/lib/python3.12/site-packages/airflow/example_dags/example_xcomargs.py took 0.270 seconds
[2026-06-15T16:45:55.944+0000] {processor.py:161} INFO - Started process (PID=2294) to work on /home/airflow/.local/lib/python3.12/site-packages/airflow/example_dags/example_xcomargs.py
[2026-06-15T16:45:55.946+0000] {processor.py:830} INFO - Processing file /home/airflow/.local/lib/python3.12/site-packages/airflow/example_dags/example_xcomargs.py for tasks to queue
[2026-06-15T16:45:55.950+0000] {logging_mixin.py:188} INFO - [2026-06-15T16:45:55.949+0000] {dagbag.py:545} INFO - Filling up the DagBag from /home/airflow/.local/lib/python3.12/site-packages/airflow/example_dags/example_xcomargs.py
[2026-06-15T16:45:55.962+0000] {processor.py:840} INFO - DAG(s) 'example_xcom_args', 'example_xcom_args_with_operators' retrieved from /home/airflow/.local/lib/python3.12/site-packages/airflow/example_dags/example_xcomargs.py
[2026-06-15T16:45:56.006+0000] {logging_mixin.py:188} INFO - [2026-06-15T16:45:56.005+0000] {dag.py:3096} INFO - Sync 2 DAGs
[2026-06-15T16:45:56.030+0000] {logging_mixin.py:188} INFO - [2026-06-15T16:45:56.029+0000] {dag.py:3954} INFO - Setting next_dagrun for example_xcom_args to None, run_after=None
[2026-06-15T16:45:56.036+0000] {logging_mixin.py:188} INFO - [2026-06-15T16:45:56.035+0000] {dag.py:3954} INFO - Setting next_dagrun for example_xcom_args_with_operators to None, run_after=None
[2026-06-15T16:45:56.088+0000] {processor.py:183} INFO - Processing /home/airflow/.local/lib/python3.12/site-packages/airflow/example_dags/example_xcomargs.py took 0.153 seconds
[2026-06-15T16:46:26.576+0000] {processor.py:161} INFO - Started process (PID=2353) to work on /home/airflow/.local/lib/python3.12/site-packages/airflow/example_dags/example_xcomargs.py
[2026-06-15T16:46:26.578+0000] {processor.py:830} INFO - Processing file /home/airflow/.local/lib/python3.12/site-packages/airflow/example_dags/example_xcomargs.py for tasks to queue
[2026-06-15T16:46:26.582+0000] {logging_mixin.py:188} INFO - [2026-06-15T16:46:26.581+0000] {dagbag.py:545} INFO - Filling up the DagBag from /home/airflow/.local/lib/python3.12/site-packages/airflow/example_dags/example_xcomargs.py
[2026-06-15T16:46:26.596+0000] {processor.py:840} INFO - DAG(s) 'example_xcom_args_with_operators', 'example_xcom_args' retrieved from /home/airflow/.local/lib/python3.12/site-packages/airflow/example_dags/example_xcomargs.py
[2026-06-15T16:46:26.645+0000] {logging_mixin.py:188} INFO - [2026-06-15T16:46:26.644+0000] {dag.py:3096} INFO - Sync 2 DAGs
[2026-06-15T16:46:26.681+0000] {logging_mixin.py:188} INFO - [2026-06-15T16:46:26.680+0000] {dag.py:3954} INFO - Setting next_dagrun for example_xcom_args to None, run_after=None
[2026-06-15T16:46:26.690+0000] {logging_mixin.py:188} INFO - [2026-06-15T16:46:26.690+0000] {dag.py:3954} INFO - Setting next_dagrun for example_xcom_args_with_operators to None, run_after=None
[2026-06-15T16:46:26.729+0000] {processor.py:183} INFO - Processing /home/airflow/.local/lib/python3.12/site-packages/airflow/example_dags/example_xcomargs.py took 0.162 seconds
