[2026-06-15T15:53:03.831+0000] {processor.py:161} INFO - Started process (PID=97) to work on /home/airflow/.local/lib/python3.12/site-packages/airflow/example_dags/example_external_task_marker_dag.py
[2026-06-15T15:53:03.834+0000] {processor.py:830} INFO - Processing file /home/airflow/.local/lib/python3.12/site-packages/airflow/example_dags/example_external_task_marker_dag.py for tasks to queue
[2026-06-15T15:53:03.840+0000] {logging_mixin.py:188} INFO - [2026-06-15T15:53:03.839+0000] {dagbag.py:545} INFO - Filling up the DagBag from /home/airflow/.local/lib/python3.12/site-packages/airflow/example_dags/example_external_task_marker_dag.py
[2026-06-15T15:53:03.865+0000] {processor.py:840} INFO - DAG(s) 'example_external_task_marker_child', 'example_external_task_marker_parent' retrieved from /home/airflow/.local/lib/python3.12/site-packages/airflow/example_dags/example_external_task_marker_dag.py
[2026-06-15T15:53:03.925+0000] {logging_mixin.py:188} INFO - [2026-06-15T15:53:03.924+0000] {dag.py:3096} INFO - Sync 2 DAGs
[2026-06-15T15:53:03.982+0000] {logging_mixin.py:188} INFO - [2026-06-15T15:53:03.981+0000] {dag.py:3954} INFO - Setting next_dagrun for example_external_task_marker_child to None, run_after=None
[2026-06-15T15:53:03.994+0000] {logging_mixin.py:188} INFO - [2026-06-15T15:53:03.994+0000] {dag.py:3954} INFO - Setting next_dagrun for example_external_task_marker_parent to None, run_after=None
[2026-06-15T15:53:04.030+0000] {processor.py:183} INFO - Processing /home/airflow/.local/lib/python3.12/site-packages/airflow/example_dags/example_external_task_marker_dag.py took 0.216 seconds
[2026-06-15T15:57:16.388+0000] {processor.py:161} INFO - Started process (PID=91) to work on /home/airflow/.local/lib/python3.12/site-packages/airflow/example_dags/example_external_task_marker_dag.py
[2026-06-15T15:57:16.390+0000] {processor.py:830} INFO - Processing file /home/airflow/.local/lib/python3.12/site-packages/airflow/example_dags/example_external_task_marker_dag.py for tasks to queue
[2026-06-15T15:57:16.394+0000] {logging_mixin.py:188} INFO - [2026-06-15T15:57:16.393+0000] {dagbag.py:545} INFO - Filling up the DagBag from /home/airflow/.local/lib/python3.12/site-packages/airflow/example_dags/example_external_task_marker_dag.py
[2026-06-15T15:57:16.410+0000] {processor.py:840} INFO - DAG(s) 'example_external_task_marker_parent', 'example_external_task_marker_child' retrieved from /home/airflow/.local/lib/python3.12/site-packages/airflow/example_dags/example_external_task_marker_dag.py
[2026-06-15T15:57:16.609+0000] {logging_mixin.py:188} INFO - [2026-06-15T15:57:16.609+0000] {dag.py:3096} INFO - Sync 2 DAGs
[2026-06-15T15:57:16.628+0000] {logging_mixin.py:188} INFO - [2026-06-15T15:57:16.627+0000] {dag.py:3954} INFO - Setting next_dagrun for example_external_task_marker_child to None, run_after=None
[2026-06-15T15:57:16.635+0000] {logging_mixin.py:188} INFO - [2026-06-15T15:57:16.635+0000] {dag.py:3954} INFO - Setting next_dagrun for example_external_task_marker_parent to None, run_after=None
[2026-06-15T15:57:16.670+0000] {processor.py:183} INFO - Processing /home/airflow/.local/lib/python3.12/site-packages/airflow/example_dags/example_external_task_marker_dag.py took 0.292 seconds
[2026-06-15T15:57:47.165+0000] {processor.py:161} INFO - Started process (PID=150) to work on /home/airflow/.local/lib/python3.12/site-packages/airflow/example_dags/example_external_task_marker_dag.py
[2026-06-15T15:57:47.167+0000] {processor.py:830} INFO - Processing file /home/airflow/.local/lib/python3.12/site-packages/airflow/example_dags/example_external_task_marker_dag.py for tasks to queue
[2026-06-15T15:57:47.172+0000] {logging_mixin.py:188} INFO - [2026-06-15T15:57:47.171+0000] {dagbag.py:545} INFO - Filling up the DagBag from /home/airflow/.local/lib/python3.12/site-packages/airflow/example_dags/example_external_task_marker_dag.py
[2026-06-15T15:57:47.181+0000] {processor.py:840} INFO - DAG(s) 'example_external_task_marker_parent', 'example_external_task_marker_child' retrieved from /home/airflow/.local/lib/python3.12/site-packages/airflow/example_dags/example_external_task_marker_dag.py
[2026-06-15T15:57:47.223+0000] {logging_mixin.py:188} INFO - [2026-06-15T15:57:47.222+0000] {dag.py:3096} INFO - Sync 2 DAGs
[2026-06-15T15:57:47.246+0000] {logging_mixin.py:188} INFO - [2026-06-15T15:57:47.245+0000] {dag.py:3954} INFO - Setting next_dagrun for example_external_task_marker_child to None, run_after=None
[2026-06-15T15:57:47.254+0000] {logging_mixin.py:188} INFO - [2026-06-15T15:57:47.254+0000] {dag.py:3954} INFO - Setting next_dagrun for example_external_task_marker_parent to None, run_after=None
[2026-06-15T15:57:47.286+0000] {processor.py:183} INFO - Processing /home/airflow/.local/lib/python3.12/site-packages/airflow/example_dags/example_external_task_marker_dag.py took 0.131 seconds
[2026-06-15T15:58:17.617+0000] {processor.py:161} INFO - Started process (PID=217) to work on /home/airflow/.local/lib/python3.12/site-packages/airflow/example_dags/example_external_task_marker_dag.py
[2026-06-15T15:58:17.619+0000] {processor.py:830} INFO - Processing file /home/airflow/.local/lib/python3.12/site-packages/airflow/example_dags/example_external_task_marker_dag.py for tasks to queue
[2026-06-15T15:58:17.624+0000] {logging_mixin.py:188} INFO - [2026-06-15T15:58:17.623+0000] {dagbag.py:545} INFO - Filling up the DagBag from /home/airflow/.local/lib/python3.12/site-packages/airflow/example_dags/example_external_task_marker_dag.py
[2026-06-15T15:58:17.637+0000] {processor.py:840} INFO - DAG(s) 'example_external_task_marker_parent', 'example_external_task_marker_child' retrieved from /home/airflow/.local/lib/python3.12/site-packages/airflow/example_dags/example_external_task_marker_dag.py
[2026-06-15T15:58:17.697+0000] {logging_mixin.py:188} INFO - [2026-06-15T15:58:17.696+0000] {dag.py:3096} INFO - Sync 2 DAGs
[2026-06-15T15:58:17.723+0000] {logging_mixin.py:188} INFO - [2026-06-15T15:58:17.723+0000] {dag.py:3954} INFO - Setting next_dagrun for example_external_task_marker_child to None, run_after=None
[2026-06-15T15:58:17.736+0000] {logging_mixin.py:188} INFO - [2026-06-15T15:58:17.735+0000] {dag.py:3954} INFO - Setting next_dagrun for example_external_task_marker_parent to None, run_after=None
[2026-06-15T15:58:17.780+0000] {processor.py:183} INFO - Processing /home/airflow/.local/lib/python3.12/site-packages/airflow/example_dags/example_external_task_marker_dag.py took 0.176 seconds
[2026-06-15T15:58:48.584+0000] {processor.py:161} INFO - Started process (PID=277) to work on /home/airflow/.local/lib/python3.12/site-packages/airflow/example_dags/example_external_task_marker_dag.py
[2026-06-15T15:58:48.586+0000] {processor.py:830} INFO - Processing file /home/airflow/.local/lib/python3.12/site-packages/airflow/example_dags/example_external_task_marker_dag.py for tasks to queue
[2026-06-15T15:58:48.590+0000] {logging_mixin.py:188} INFO - [2026-06-15T15:58:48.589+0000] {dagbag.py:545} INFO - Filling up the DagBag from /home/airflow/.local/lib/python3.12/site-packages/airflow/example_dags/example_external_task_marker_dag.py
[2026-06-15T15:58:48.600+0000] {processor.py:840} INFO - DAG(s) 'example_external_task_marker_child', 'example_external_task_marker_parent' retrieved from /home/airflow/.local/lib/python3.12/site-packages/airflow/example_dags/example_external_task_marker_dag.py
[2026-06-15T15:58:48.644+0000] {logging_mixin.py:188} INFO - [2026-06-15T15:58:48.644+0000] {dag.py:3096} INFO - Sync 2 DAGs
[2026-06-15T15:58:48.666+0000] {logging_mixin.py:188} INFO - [2026-06-15T15:58:48.665+0000] {dag.py:3954} INFO - Setting next_dagrun for example_external_task_marker_child to None, run_after=None
[2026-06-15T15:58:48.673+0000] {logging_mixin.py:188} INFO - [2026-06-15T15:58:48.673+0000] {dag.py:3954} INFO - Setting next_dagrun for example_external_task_marker_parent to None, run_after=None
[2026-06-15T15:58:48.714+0000] {processor.py:183} INFO - Processing /home/airflow/.local/lib/python3.12/site-packages/airflow/example_dags/example_external_task_marker_dag.py took 0.139 seconds
[2026-06-15T15:59:19.323+0000] {processor.py:161} INFO - Started process (PID=337) to work on /home/airflow/.local/lib/python3.12/site-packages/airflow/example_dags/example_external_task_marker_dag.py
[2026-06-15T15:59:19.325+0000] {processor.py:830} INFO - Processing file /home/airflow/.local/lib/python3.12/site-packages/airflow/example_dags/example_external_task_marker_dag.py for tasks to queue
[2026-06-15T15:59:19.329+0000] {logging_mixin.py:188} INFO - [2026-06-15T15:59:19.328+0000] {dagbag.py:545} INFO - Filling up the DagBag from /home/airflow/.local/lib/python3.12/site-packages/airflow/example_dags/example_external_task_marker_dag.py
[2026-06-15T15:59:19.341+0000] {processor.py:840} INFO - DAG(s) 'example_external_task_marker_child', 'example_external_task_marker_parent' retrieved from /home/airflow/.local/lib/python3.12/site-packages/airflow/example_dags/example_external_task_marker_dag.py
[2026-06-15T15:59:19.385+0000] {logging_mixin.py:188} INFO - [2026-06-15T15:59:19.384+0000] {dag.py:3096} INFO - Sync 2 DAGs
[2026-06-15T15:59:19.407+0000] {logging_mixin.py:188} INFO - [2026-06-15T15:59:19.406+0000] {dag.py:3954} INFO - Setting next_dagrun for example_external_task_marker_child to None, run_after=None
[2026-06-15T15:59:19.415+0000] {logging_mixin.py:188} INFO - [2026-06-15T15:59:19.414+0000] {dag.py:3954} INFO - Setting next_dagrun for example_external_task_marker_parent to None, run_after=None
[2026-06-15T15:59:19.449+0000] {processor.py:183} INFO - Processing /home/airflow/.local/lib/python3.12/site-packages/airflow/example_dags/example_external_task_marker_dag.py took 0.139 seconds
[2026-06-15T15:59:50.396+0000] {processor.py:161} INFO - Started process (PID=397) to work on /home/airflow/.local/lib/python3.12/site-packages/airflow/example_dags/example_external_task_marker_dag.py
[2026-06-15T15:59:50.399+0000] {processor.py:830} INFO - Processing file /home/airflow/.local/lib/python3.12/site-packages/airflow/example_dags/example_external_task_marker_dag.py for tasks to queue
[2026-06-15T15:59:50.404+0000] {logging_mixin.py:188} INFO - [2026-06-15T15:59:50.403+0000] {dagbag.py:545} INFO - Filling up the DagBag from /home/airflow/.local/lib/python3.12/site-packages/airflow/example_dags/example_external_task_marker_dag.py
[2026-06-15T15:59:50.414+0000] {processor.py:840} INFO - DAG(s) 'example_external_task_marker_child', 'example_external_task_marker_parent' retrieved from /home/airflow/.local/lib/python3.12/site-packages/airflow/example_dags/example_external_task_marker_dag.py
[2026-06-15T15:59:50.464+0000] {logging_mixin.py:188} INFO - [2026-06-15T15:59:50.464+0000] {dag.py:3096} INFO - Sync 2 DAGs
[2026-06-15T15:59:50.489+0000] {logging_mixin.py:188} INFO - [2026-06-15T15:59:50.488+0000] {dag.py:3954} INFO - Setting next_dagrun for example_external_task_marker_child to None, run_after=None
[2026-06-15T15:59:50.496+0000] {logging_mixin.py:188} INFO - [2026-06-15T15:59:50.495+0000] {dag.py:3954} INFO - Setting next_dagrun for example_external_task_marker_parent to None, run_after=None
[2026-06-15T15:59:50.538+0000] {processor.py:183} INFO - Processing /home/airflow/.local/lib/python3.12/site-packages/airflow/example_dags/example_external_task_marker_dag.py took 0.151 seconds
[2026-06-15T16:00:21.228+0000] {processor.py:161} INFO - Started process (PID=457) to work on /home/airflow/.local/lib/python3.12/site-packages/airflow/example_dags/example_external_task_marker_dag.py
[2026-06-15T16:00:21.230+0000] {processor.py:830} INFO - Processing file /home/airflow/.local/lib/python3.12/site-packages/airflow/example_dags/example_external_task_marker_dag.py for tasks to queue
[2026-06-15T16:00:21.236+0000] {logging_mixin.py:188} INFO - [2026-06-15T16:00:21.235+0000] {dagbag.py:545} INFO - Filling up the DagBag from /home/airflow/.local/lib/python3.12/site-packages/airflow/example_dags/example_external_task_marker_dag.py
[2026-06-15T16:00:21.250+0000] {processor.py:840} INFO - DAG(s) 'example_external_task_marker_parent', 'example_external_task_marker_child' retrieved from /home/airflow/.local/lib/python3.12/site-packages/airflow/example_dags/example_external_task_marker_dag.py
[2026-06-15T16:00:21.294+0000] {logging_mixin.py:188} INFO - [2026-06-15T16:00:21.294+0000] {dag.py:3096} INFO - Sync 2 DAGs
[2026-06-15T16:00:21.327+0000] {logging_mixin.py:188} INFO - [2026-06-15T16:00:21.327+0000] {dag.py:3954} INFO - Setting next_dagrun for example_external_task_marker_child to None, run_after=None
[2026-06-15T16:00:21.337+0000] {logging_mixin.py:188} INFO - [2026-06-15T16:00:21.337+0000] {dag.py:3954} INFO - Setting next_dagrun for example_external_task_marker_parent to None, run_after=None
[2026-06-15T16:00:21.380+0000] {processor.py:183} INFO - Processing /home/airflow/.local/lib/python3.12/site-packages/airflow/example_dags/example_external_task_marker_dag.py took 0.164 seconds
[2026-06-15T16:03:01.168+0000] {processor.py:161} INFO - Started process (PID=98) to work on /home/airflow/.local/lib/python3.12/site-packages/airflow/example_dags/example_external_task_marker_dag.py
[2026-06-15T16:03:01.170+0000] {processor.py:830} INFO - Processing file /home/airflow/.local/lib/python3.12/site-packages/airflow/example_dags/example_external_task_marker_dag.py for tasks to queue
[2026-06-15T16:03:01.173+0000] {logging_mixin.py:188} INFO - [2026-06-15T16:03:01.172+0000] {dagbag.py:545} INFO - Filling up the DagBag from /home/airflow/.local/lib/python3.12/site-packages/airflow/example_dags/example_external_task_marker_dag.py
[2026-06-15T16:03:01.186+0000] {processor.py:840} INFO - DAG(s) 'example_external_task_marker_parent', 'example_external_task_marker_child' retrieved from /home/airflow/.local/lib/python3.12/site-packages/airflow/example_dags/example_external_task_marker_dag.py
[2026-06-15T16:03:01.438+0000] {logging_mixin.py:188} INFO - [2026-06-15T16:03:01.437+0000] {dag.py:3096} INFO - Sync 2 DAGs
[2026-06-15T16:03:01.484+0000] {logging_mixin.py:188} INFO - [2026-06-15T16:03:01.483+0000] {dag.py:3954} INFO - Setting next_dagrun for example_external_task_marker_child to None, run_after=None
[2026-06-15T16:03:01.496+0000] {logging_mixin.py:188} INFO - [2026-06-15T16:03:01.495+0000] {dag.py:3954} INFO - Setting next_dagrun for example_external_task_marker_parent to None, run_after=None
[2026-06-15T16:03:01.549+0000] {processor.py:183} INFO - Processing /home/airflow/.local/lib/python3.12/site-packages/airflow/example_dags/example_external_task_marker_dag.py took 0.389 seconds
[2026-06-15T16:03:31.715+0000] {processor.py:161} INFO - Started process (PID=180) to work on /home/airflow/.local/lib/python3.12/site-packages/airflow/example_dags/example_external_task_marker_dag.py
[2026-06-15T16:03:31.717+0000] {processor.py:830} INFO - Processing file /home/airflow/.local/lib/python3.12/site-packages/airflow/example_dags/example_external_task_marker_dag.py for tasks to queue
[2026-06-15T16:03:31.722+0000] {logging_mixin.py:188} INFO - [2026-06-15T16:03:31.721+0000] {dagbag.py:545} INFO - Filling up the DagBag from /home/airflow/.local/lib/python3.12/site-packages/airflow/example_dags/example_external_task_marker_dag.py
[2026-06-15T16:03:31.732+0000] {processor.py:840} INFO - DAG(s) 'example_external_task_marker_child', 'example_external_task_marker_parent' retrieved from /home/airflow/.local/lib/python3.12/site-packages/airflow/example_dags/example_external_task_marker_dag.py
[2026-06-15T16:03:31.773+0000] {logging_mixin.py:188} INFO - [2026-06-15T16:03:31.772+0000] {dag.py:3096} INFO - Sync 2 DAGs
[2026-06-15T16:03:31.795+0000] {logging_mixin.py:188} INFO - [2026-06-15T16:03:31.795+0000] {dag.py:3954} INFO - Setting next_dagrun for example_external_task_marker_child to None, run_after=None
[2026-06-15T16:03:31.800+0000] {logging_mixin.py:188} INFO - [2026-06-15T16:03:31.800+0000] {dag.py:3954} INFO - Setting next_dagrun for example_external_task_marker_parent to None, run_after=None
[2026-06-15T16:03:31.832+0000] {processor.py:183} INFO - Processing /home/airflow/.local/lib/python3.12/site-packages/airflow/example_dags/example_external_task_marker_dag.py took 0.128 seconds
[2026-06-15T16:04:02.002+0000] {processor.py:161} INFO - Started process (PID=295) to work on /home/airflow/.local/lib/python3.12/site-packages/airflow/example_dags/example_external_task_marker_dag.py
[2026-06-15T16:04:02.005+0000] {processor.py:830} INFO - Processing file /home/airflow/.local/lib/python3.12/site-packages/airflow/example_dags/example_external_task_marker_dag.py for tasks to queue
[2026-06-15T16:04:02.009+0000] {logging_mixin.py:188} INFO - [2026-06-15T16:04:02.008+0000] {dagbag.py:545} INFO - Filling up the DagBag from /home/airflow/.local/lib/python3.12/site-packages/airflow/example_dags/example_external_task_marker_dag.py
[2026-06-15T16:04:02.018+0000] {processor.py:840} INFO - DAG(s) 'example_external_task_marker_child', 'example_external_task_marker_parent' retrieved from /home/airflow/.local/lib/python3.12/site-packages/airflow/example_dags/example_external_task_marker_dag.py
[2026-06-15T16:04:02.057+0000] {logging_mixin.py:188} INFO - [2026-06-15T16:04:02.056+0000] {dag.py:3096} INFO - Sync 2 DAGs
[2026-06-15T16:04:02.076+0000] {logging_mixin.py:188} INFO - [2026-06-15T16:04:02.076+0000] {dag.py:3954} INFO - Setting next_dagrun for example_external_task_marker_child to None, run_after=None
[2026-06-15T16:04:02.085+0000] {logging_mixin.py:188} INFO - [2026-06-15T16:04:02.084+0000] {dag.py:3954} INFO - Setting next_dagrun for example_external_task_marker_parent to None, run_after=None
[2026-06-15T16:04:02.121+0000] {processor.py:183} INFO - Processing /home/airflow/.local/lib/python3.12/site-packages/airflow/example_dags/example_external_task_marker_dag.py took 0.127 seconds
[2026-06-15T16:04:32.272+0000] {processor.py:161} INFO - Started process (PID=354) to work on /home/airflow/.local/lib/python3.12/site-packages/airflow/example_dags/example_external_task_marker_dag.py
[2026-06-15T16:04:32.274+0000] {processor.py:830} INFO - Processing file /home/airflow/.local/lib/python3.12/site-packages/airflow/example_dags/example_external_task_marker_dag.py for tasks to queue
[2026-06-15T16:04:32.278+0000] {logging_mixin.py:188} INFO - [2026-06-15T16:04:32.277+0000] {dagbag.py:545} INFO - Filling up the DagBag from /home/airflow/.local/lib/python3.12/site-packages/airflow/example_dags/example_external_task_marker_dag.py
[2026-06-15T16:04:32.288+0000] {processor.py:840} INFO - DAG(s) 'example_external_task_marker_parent', 'example_external_task_marker_child' retrieved from /home/airflow/.local/lib/python3.12/site-packages/airflow/example_dags/example_external_task_marker_dag.py
[2026-06-15T16:04:32.328+0000] {logging_mixin.py:188} INFO - [2026-06-15T16:04:32.327+0000] {dag.py:3096} INFO - Sync 2 DAGs
[2026-06-15T16:04:32.348+0000] {logging_mixin.py:188} INFO - [2026-06-15T16:04:32.347+0000] {dag.py:3954} INFO - Setting next_dagrun for example_external_task_marker_child to None, run_after=None
[2026-06-15T16:04:32.354+0000] {logging_mixin.py:188} INFO - [2026-06-15T16:04:32.354+0000] {dag.py:3954} INFO - Setting next_dagrun for example_external_task_marker_parent to None, run_after=None
[2026-06-15T16:04:32.387+0000] {processor.py:183} INFO - Processing /home/airflow/.local/lib/python3.12/site-packages/airflow/example_dags/example_external_task_marker_dag.py took 0.123 seconds
[2026-06-15T16:05:03.088+0000] {processor.py:161} INFO - Started process (PID=413) to work on /home/airflow/.local/lib/python3.12/site-packages/airflow/example_dags/example_external_task_marker_dag.py
[2026-06-15T16:05:03.090+0000] {processor.py:830} INFO - Processing file /home/airflow/.local/lib/python3.12/site-packages/airflow/example_dags/example_external_task_marker_dag.py for tasks to queue
[2026-06-15T16:05:03.094+0000] {logging_mixin.py:188} INFO - [2026-06-15T16:05:03.093+0000] {dagbag.py:545} INFO - Filling up the DagBag from /home/airflow/.local/lib/python3.12/site-packages/airflow/example_dags/example_external_task_marker_dag.py
[2026-06-15T16:05:03.107+0000] {processor.py:840} INFO - DAG(s) 'example_external_task_marker_parent', 'example_external_task_marker_child' retrieved from /home/airflow/.local/lib/python3.12/site-packages/airflow/example_dags/example_external_task_marker_dag.py
[2026-06-15T16:05:03.151+0000] {logging_mixin.py:188} INFO - [2026-06-15T16:05:03.150+0000] {dag.py:3096} INFO - Sync 2 DAGs
[2026-06-15T16:05:03.175+0000] {logging_mixin.py:188} INFO - [2026-06-15T16:05:03.174+0000] {dag.py:3954} INFO - Setting next_dagrun for example_external_task_marker_child to None, run_after=None
[2026-06-15T16:05:03.181+0000] {logging_mixin.py:188} INFO - [2026-06-15T16:05:03.181+0000] {dag.py:3954} INFO - Setting next_dagrun for example_external_task_marker_parent to None, run_after=None
[2026-06-15T16:05:03.224+0000] {processor.py:183} INFO - Processing /home/airflow/.local/lib/python3.12/site-packages/airflow/example_dags/example_external_task_marker_dag.py took 0.147 seconds
[2026-06-15T16:05:34.170+0000] {processor.py:161} INFO - Started process (PID=472) to work on /home/airflow/.local/lib/python3.12/site-packages/airflow/example_dags/example_external_task_marker_dag.py
[2026-06-15T16:05:34.172+0000] {processor.py:830} INFO - Processing file /home/airflow/.local/lib/python3.12/site-packages/airflow/example_dags/example_external_task_marker_dag.py for tasks to queue
[2026-06-15T16:05:34.176+0000] {logging_mixin.py:188} INFO - [2026-06-15T16:05:34.175+0000] {dagbag.py:545} INFO - Filling up the DagBag from /home/airflow/.local/lib/python3.12/site-packages/airflow/example_dags/example_external_task_marker_dag.py
[2026-06-15T16:05:34.187+0000] {processor.py:840} INFO - DAG(s) 'example_external_task_marker_parent', 'example_external_task_marker_child' retrieved from /home/airflow/.local/lib/python3.12/site-packages/airflow/example_dags/example_external_task_marker_dag.py
[2026-06-15T16:05:34.229+0000] {logging_mixin.py:188} INFO - [2026-06-15T16:05:34.228+0000] {dag.py:3096} INFO - Sync 2 DAGs
[2026-06-15T16:05:34.250+0000] {logging_mixin.py:188} INFO - [2026-06-15T16:05:34.249+0000] {dag.py:3954} INFO - Setting next_dagrun for example_external_task_marker_child to None, run_after=None
[2026-06-15T16:05:34.258+0000] {logging_mixin.py:188} INFO - [2026-06-15T16:05:34.258+0000] {dag.py:3954} INFO - Setting next_dagrun for example_external_task_marker_parent to None, run_after=None
[2026-06-15T16:05:34.297+0000] {processor.py:183} INFO - Processing /home/airflow/.local/lib/python3.12/site-packages/airflow/example_dags/example_external_task_marker_dag.py took 0.134 seconds
[2026-06-15T16:06:04.450+0000] {processor.py:161} INFO - Started process (PID=531) to work on /home/airflow/.local/lib/python3.12/site-packages/airflow/example_dags/example_external_task_marker_dag.py
[2026-06-15T16:06:04.452+0000] {processor.py:830} INFO - Processing file /home/airflow/.local/lib/python3.12/site-packages/airflow/example_dags/example_external_task_marker_dag.py for tasks to queue
[2026-06-15T16:06:04.456+0000] {logging_mixin.py:188} INFO - [2026-06-15T16:06:04.455+0000] {dagbag.py:545} INFO - Filling up the DagBag from /home/airflow/.local/lib/python3.12/site-packages/airflow/example_dags/example_external_task_marker_dag.py
[2026-06-15T16:06:04.467+0000] {processor.py:840} INFO - DAG(s) 'example_external_task_marker_parent', 'example_external_task_marker_child' retrieved from /home/airflow/.local/lib/python3.12/site-packages/airflow/example_dags/example_external_task_marker_dag.py
[2026-06-15T16:06:04.509+0000] {logging_mixin.py:188} INFO - [2026-06-15T16:06:04.509+0000] {dag.py:3096} INFO - Sync 2 DAGs
[2026-06-15T16:06:04.529+0000] {logging_mixin.py:188} INFO - [2026-06-15T16:06:04.529+0000] {dag.py:3954} INFO - Setting next_dagrun for example_external_task_marker_child to None, run_after=None
[2026-06-15T16:06:04.537+0000] {logging_mixin.py:188} INFO - [2026-06-15T16:06:04.536+0000] {dag.py:3954} INFO - Setting next_dagrun for example_external_task_marker_parent to None, run_after=None
[2026-06-15T16:06:04.570+0000] {processor.py:183} INFO - Processing /home/airflow/.local/lib/python3.12/site-packages/airflow/example_dags/example_external_task_marker_dag.py took 0.129 seconds
[2026-06-15T16:06:35.224+0000] {processor.py:161} INFO - Started process (PID=591) to work on /home/airflow/.local/lib/python3.12/site-packages/airflow/example_dags/example_external_task_marker_dag.py
[2026-06-15T16:06:35.226+0000] {processor.py:830} INFO - Processing file /home/airflow/.local/lib/python3.12/site-packages/airflow/example_dags/example_external_task_marker_dag.py for tasks to queue
[2026-06-15T16:06:35.229+0000] {logging_mixin.py:188} INFO - [2026-06-15T16:06:35.229+0000] {dagbag.py:545} INFO - Filling up the DagBag from /home/airflow/.local/lib/python3.12/site-packages/airflow/example_dags/example_external_task_marker_dag.py
[2026-06-15T16:06:35.242+0000] {processor.py:840} INFO - DAG(s) 'example_external_task_marker_child', 'example_external_task_marker_parent' retrieved from /home/airflow/.local/lib/python3.12/site-packages/airflow/example_dags/example_external_task_marker_dag.py
[2026-06-15T16:06:35.286+0000] {logging_mixin.py:188} INFO - [2026-06-15T16:06:35.286+0000] {dag.py:3096} INFO - Sync 2 DAGs
[2026-06-15T16:06:35.313+0000] {logging_mixin.py:188} INFO - [2026-06-15T16:06:35.313+0000] {dag.py:3954} INFO - Setting next_dagrun for example_external_task_marker_child to None, run_after=None
[2026-06-15T16:06:35.323+0000] {logging_mixin.py:188} INFO - [2026-06-15T16:06:35.322+0000] {dag.py:3954} INFO - Setting next_dagrun for example_external_task_marker_parent to None, run_after=None
[2026-06-15T16:06:35.355+0000] {processor.py:183} INFO - Processing /home/airflow/.local/lib/python3.12/site-packages/airflow/example_dags/example_external_task_marker_dag.py took 0.140 seconds
[2026-06-15T16:07:05.458+0000] {processor.py:161} INFO - Started process (PID=649) to work on /home/airflow/.local/lib/python3.12/site-packages/airflow/example_dags/example_external_task_marker_dag.py
[2026-06-15T16:07:05.460+0000] {processor.py:830} INFO - Processing file /home/airflow/.local/lib/python3.12/site-packages/airflow/example_dags/example_external_task_marker_dag.py for tasks to queue
[2026-06-15T16:07:05.463+0000] {logging_mixin.py:188} INFO - [2026-06-15T16:07:05.463+0000] {dagbag.py:545} INFO - Filling up the DagBag from /home/airflow/.local/lib/python3.12/site-packages/airflow/example_dags/example_external_task_marker_dag.py
[2026-06-15T16:07:05.472+0000] {processor.py:840} INFO - DAG(s) 'example_external_task_marker_child', 'example_external_task_marker_parent' retrieved from /home/airflow/.local/lib/python3.12/site-packages/airflow/example_dags/example_external_task_marker_dag.py
[2026-06-15T16:07:05.512+0000] {logging_mixin.py:188} INFO - [2026-06-15T16:07:05.511+0000] {dag.py:3096} INFO - Sync 2 DAGs
[2026-06-15T16:07:05.529+0000] {logging_mixin.py:188} INFO - [2026-06-15T16:07:05.529+0000] {dag.py:3954} INFO - Setting next_dagrun for example_external_task_marker_child to None, run_after=None
[2026-06-15T16:07:05.535+0000] {logging_mixin.py:188} INFO - [2026-06-15T16:07:05.534+0000] {dag.py:3954} INFO - Setting next_dagrun for example_external_task_marker_parent to None, run_after=None
[2026-06-15T16:07:05.566+0000] {processor.py:183} INFO - Processing /home/airflow/.local/lib/python3.12/site-packages/airflow/example_dags/example_external_task_marker_dag.py took 0.115 seconds
[2026-06-15T16:07:36.124+0000] {processor.py:161} INFO - Started process (PID=709) to work on /home/airflow/.local/lib/python3.12/site-packages/airflow/example_dags/example_external_task_marker_dag.py
[2026-06-15T16:07:36.126+0000] {processor.py:830} INFO - Processing file /home/airflow/.local/lib/python3.12/site-packages/airflow/example_dags/example_external_task_marker_dag.py for tasks to queue
[2026-06-15T16:07:36.130+0000] {logging_mixin.py:188} INFO - [2026-06-15T16:07:36.129+0000] {dagbag.py:545} INFO - Filling up the DagBag from /home/airflow/.local/lib/python3.12/site-packages/airflow/example_dags/example_external_task_marker_dag.py
[2026-06-15T16:07:36.141+0000] {processor.py:840} INFO - DAG(s) 'example_external_task_marker_parent', 'example_external_task_marker_child' retrieved from /home/airflow/.local/lib/python3.12/site-packages/airflow/example_dags/example_external_task_marker_dag.py
[2026-06-15T16:07:36.178+0000] {logging_mixin.py:188} INFO - [2026-06-15T16:07:36.178+0000] {dag.py:3096} INFO - Sync 2 DAGs
[2026-06-15T16:07:36.198+0000] {logging_mixin.py:188} INFO - [2026-06-15T16:07:36.197+0000] {dag.py:3954} INFO - Setting next_dagrun for example_external_task_marker_child to None, run_after=None
[2026-06-15T16:07:36.208+0000] {logging_mixin.py:188} INFO - [2026-06-15T16:07:36.208+0000] {dag.py:3954} INFO - Setting next_dagrun for example_external_task_marker_parent to None, run_after=None
[2026-06-15T16:07:36.241+0000] {processor.py:183} INFO - Processing /home/airflow/.local/lib/python3.12/site-packages/airflow/example_dags/example_external_task_marker_dag.py took 0.126 seconds
[2026-06-15T16:08:07.343+0000] {processor.py:161} INFO - Started process (PID=768) to work on /home/airflow/.local/lib/python3.12/site-packages/airflow/example_dags/example_external_task_marker_dag.py
[2026-06-15T16:08:07.345+0000] {processor.py:830} INFO - Processing file /home/airflow/.local/lib/python3.12/site-packages/airflow/example_dags/example_external_task_marker_dag.py for tasks to queue
[2026-06-15T16:08:07.349+0000] {logging_mixin.py:188} INFO - [2026-06-15T16:08:07.348+0000] {dagbag.py:545} INFO - Filling up the DagBag from /home/airflow/.local/lib/python3.12/site-packages/airflow/example_dags/example_external_task_marker_dag.py
[2026-06-15T16:08:07.359+0000] {processor.py:840} INFO - DAG(s) 'example_external_task_marker_parent', 'example_external_task_marker_child' retrieved from /home/airflow/.local/lib/python3.12/site-packages/airflow/example_dags/example_external_task_marker_dag.py
[2026-06-15T16:08:07.400+0000] {logging_mixin.py:188} INFO - [2026-06-15T16:08:07.399+0000] {dag.py:3096} INFO - Sync 2 DAGs
[2026-06-15T16:08:07.423+0000] {logging_mixin.py:188} INFO - [2026-06-15T16:08:07.423+0000] {dag.py:3954} INFO - Setting next_dagrun for example_external_task_marker_child to None, run_after=None
[2026-06-15T16:08:07.430+0000] {logging_mixin.py:188} INFO - [2026-06-15T16:08:07.430+0000] {dag.py:3954} INFO - Setting next_dagrun for example_external_task_marker_parent to None, run_after=None
[2026-06-15T16:08:07.461+0000] {processor.py:183} INFO - Processing /home/airflow/.local/lib/python3.12/site-packages/airflow/example_dags/example_external_task_marker_dag.py took 0.128 seconds
[2026-06-15T16:08:38.237+0000] {processor.py:161} INFO - Started process (PID=827) to work on /home/airflow/.local/lib/python3.12/site-packages/airflow/example_dags/example_external_task_marker_dag.py
[2026-06-15T16:08:38.238+0000] {processor.py:830} INFO - Processing file /home/airflow/.local/lib/python3.12/site-packages/airflow/example_dags/example_external_task_marker_dag.py for tasks to queue
[2026-06-15T16:08:38.242+0000] {logging_mixin.py:188} INFO - [2026-06-15T16:08:38.242+0000] {dagbag.py:545} INFO - Filling up the DagBag from /home/airflow/.local/lib/python3.12/site-packages/airflow/example_dags/example_external_task_marker_dag.py
[2026-06-15T16:08:38.251+0000] {processor.py:840} INFO - DAG(s) 'example_external_task_marker_child', 'example_external_task_marker_parent' retrieved from /home/airflow/.local/lib/python3.12/site-packages/airflow/example_dags/example_external_task_marker_dag.py
[2026-06-15T16:08:38.297+0000] {logging_mixin.py:188} INFO - [2026-06-15T16:08:38.297+0000] {dag.py:3096} INFO - Sync 2 DAGs
[2026-06-15T16:08:38.325+0000] {logging_mixin.py:188} INFO - [2026-06-15T16:08:38.325+0000] {dag.py:3954} INFO - Setting next_dagrun for example_external_task_marker_child to None, run_after=None
[2026-06-15T16:08:38.332+0000] {logging_mixin.py:188} INFO - [2026-06-15T16:08:38.332+0000] {dag.py:3954} INFO - Setting next_dagrun for example_external_task_marker_parent to None, run_after=None
[2026-06-15T16:08:38.375+0000] {processor.py:183} INFO - Processing /home/airflow/.local/lib/python3.12/site-packages/airflow/example_dags/example_external_task_marker_dag.py took 0.145 seconds
[2026-06-15T16:09:08.764+0000] {processor.py:161} INFO - Started process (PID=886) to work on /home/airflow/.local/lib/python3.12/site-packages/airflow/example_dags/example_external_task_marker_dag.py
[2026-06-15T16:09:08.766+0000] {processor.py:830} INFO - Processing file /home/airflow/.local/lib/python3.12/site-packages/airflow/example_dags/example_external_task_marker_dag.py for tasks to queue
[2026-06-15T16:09:08.770+0000] {logging_mixin.py:188} INFO - [2026-06-15T16:09:08.770+0000] {dagbag.py:545} INFO - Filling up the DagBag from /home/airflow/.local/lib/python3.12/site-packages/airflow/example_dags/example_external_task_marker_dag.py
[2026-06-15T16:09:08.783+0000] {processor.py:840} INFO - DAG(s) 'example_external_task_marker_child', 'example_external_task_marker_parent' retrieved from /home/airflow/.local/lib/python3.12/site-packages/airflow/example_dags/example_external_task_marker_dag.py
[2026-06-15T16:09:08.828+0000] {logging_mixin.py:188} INFO - [2026-06-15T16:09:08.828+0000] {dag.py:3096} INFO - Sync 2 DAGs
[2026-06-15T16:09:08.852+0000] {logging_mixin.py:188} INFO - [2026-06-15T16:09:08.852+0000] {dag.py:3954} INFO - Setting next_dagrun for example_external_task_marker_child to None, run_after=None
[2026-06-15T16:09:08.860+0000] {logging_mixin.py:188} INFO - [2026-06-15T16:09:08.860+0000] {dag.py:3954} INFO - Setting next_dagrun for example_external_task_marker_parent to None, run_after=None
[2026-06-15T16:09:08.894+0000] {processor.py:183} INFO - Processing /home/airflow/.local/lib/python3.12/site-packages/airflow/example_dags/example_external_task_marker_dag.py took 0.145 seconds
[2026-06-15T16:09:39.357+0000] {processor.py:161} INFO - Started process (PID=945) to work on /home/airflow/.local/lib/python3.12/site-packages/airflow/example_dags/example_external_task_marker_dag.py
[2026-06-15T16:09:39.359+0000] {processor.py:830} INFO - Processing file /home/airflow/.local/lib/python3.12/site-packages/airflow/example_dags/example_external_task_marker_dag.py for tasks to queue
[2026-06-15T16:09:39.363+0000] {logging_mixin.py:188} INFO - [2026-06-15T16:09:39.362+0000] {dagbag.py:545} INFO - Filling up the DagBag from /home/airflow/.local/lib/python3.12/site-packages/airflow/example_dags/example_external_task_marker_dag.py
[2026-06-15T16:09:39.370+0000] {processor.py:840} INFO - DAG(s) 'example_external_task_marker_parent', 'example_external_task_marker_child' retrieved from /home/airflow/.local/lib/python3.12/site-packages/airflow/example_dags/example_external_task_marker_dag.py
[2026-06-15T16:09:39.408+0000] {logging_mixin.py:188} INFO - [2026-06-15T16:09:39.408+0000] {dag.py:3096} INFO - Sync 2 DAGs
[2026-06-15T16:09:39.452+0000] {logging_mixin.py:188} INFO - [2026-06-15T16:09:39.451+0000] {dag.py:3954} INFO - Setting next_dagrun for example_external_task_marker_child to None, run_after=None
[2026-06-15T16:09:39.473+0000] {logging_mixin.py:188} INFO - [2026-06-15T16:09:39.472+0000] {dag.py:3954} INFO - Setting next_dagrun for example_external_task_marker_parent to None, run_after=None
[2026-06-15T16:09:39.527+0000] {processor.py:183} INFO - Processing /home/airflow/.local/lib/python3.12/site-packages/airflow/example_dags/example_external_task_marker_dag.py took 0.177 seconds
[2026-06-15T16:10:10.606+0000] {processor.py:161} INFO - Started process (PID=1004) to work on /home/airflow/.local/lib/python3.12/site-packages/airflow/example_dags/example_external_task_marker_dag.py
[2026-06-15T16:10:10.608+0000] {processor.py:830} INFO - Processing file /home/airflow/.local/lib/python3.12/site-packages/airflow/example_dags/example_external_task_marker_dag.py for tasks to queue
[2026-06-15T16:10:10.611+0000] {logging_mixin.py:188} INFO - [2026-06-15T16:10:10.611+0000] {dagbag.py:545} INFO - Filling up the DagBag from /home/airflow/.local/lib/python3.12/site-packages/airflow/example_dags/example_external_task_marker_dag.py
[2026-06-15T16:10:10.621+0000] {processor.py:840} INFO - DAG(s) 'example_external_task_marker_parent', 'example_external_task_marker_child' retrieved from /home/airflow/.local/lib/python3.12/site-packages/airflow/example_dags/example_external_task_marker_dag.py
[2026-06-15T16:10:10.659+0000] {logging_mixin.py:188} INFO - [2026-06-15T16:10:10.658+0000] {dag.py:3096} INFO - Sync 2 DAGs
[2026-06-15T16:10:10.677+0000] {logging_mixin.py:188} INFO - [2026-06-15T16:10:10.677+0000] {dag.py:3954} INFO - Setting next_dagrun for example_external_task_marker_child to None, run_after=None
[2026-06-15T16:10:10.684+0000] {logging_mixin.py:188} INFO - [2026-06-15T16:10:10.684+0000] {dag.py:3954} INFO - Setting next_dagrun for example_external_task_marker_parent to None, run_after=None
[2026-06-15T16:10:10.717+0000] {processor.py:183} INFO - Processing /home/airflow/.local/lib/python3.12/site-packages/airflow/example_dags/example_external_task_marker_dag.py took 0.120 seconds
[2026-06-15T16:10:40.960+0000] {processor.py:161} INFO - Started process (PID=1063) to work on /home/airflow/.local/lib/python3.12/site-packages/airflow/example_dags/example_external_task_marker_dag.py
[2026-06-15T16:10:40.962+0000] {processor.py:830} INFO - Processing file /home/airflow/.local/lib/python3.12/site-packages/airflow/example_dags/example_external_task_marker_dag.py for tasks to queue
[2026-06-15T16:10:40.965+0000] {logging_mixin.py:188} INFO - [2026-06-15T16:10:40.965+0000] {dagbag.py:545} INFO - Filling up the DagBag from /home/airflow/.local/lib/python3.12/site-packages/airflow/example_dags/example_external_task_marker_dag.py
[2026-06-15T16:10:40.976+0000] {processor.py:840} INFO - DAG(s) 'example_external_task_marker_child', 'example_external_task_marker_parent' retrieved from /home/airflow/.local/lib/python3.12/site-packages/airflow/example_dags/example_external_task_marker_dag.py
[2026-06-15T16:10:41.013+0000] {logging_mixin.py:188} INFO - [2026-06-15T16:10:41.012+0000] {dag.py:3096} INFO - Sync 2 DAGs
[2026-06-15T16:10:41.031+0000] {logging_mixin.py:188} INFO - [2026-06-15T16:10:41.031+0000] {dag.py:3954} INFO - Setting next_dagrun for example_external_task_marker_child to None, run_after=None
[2026-06-15T16:10:41.038+0000] {logging_mixin.py:188} INFO - [2026-06-15T16:10:41.037+0000] {dag.py:3954} INFO - Setting next_dagrun for example_external_task_marker_parent to None, run_after=None
[2026-06-15T16:10:41.068+0000] {processor.py:183} INFO - Processing /home/airflow/.local/lib/python3.12/site-packages/airflow/example_dags/example_external_task_marker_dag.py took 0.118 seconds
[2026-06-15T16:11:11.529+0000] {processor.py:161} INFO - Started process (PID=1122) to work on /home/airflow/.local/lib/python3.12/site-packages/airflow/example_dags/example_external_task_marker_dag.py
[2026-06-15T16:11:11.531+0000] {processor.py:830} INFO - Processing file /home/airflow/.local/lib/python3.12/site-packages/airflow/example_dags/example_external_task_marker_dag.py for tasks to queue
[2026-06-15T16:11:11.534+0000] {logging_mixin.py:188} INFO - [2026-06-15T16:11:11.533+0000] {dagbag.py:545} INFO - Filling up the DagBag from /home/airflow/.local/lib/python3.12/site-packages/airflow/example_dags/example_external_task_marker_dag.py
[2026-06-15T16:11:11.543+0000] {processor.py:840} INFO - DAG(s) 'example_external_task_marker_parent', 'example_external_task_marker_child' retrieved from /home/airflow/.local/lib/python3.12/site-packages/airflow/example_dags/example_external_task_marker_dag.py
[2026-06-15T16:11:11.580+0000] {logging_mixin.py:188} INFO - [2026-06-15T16:11:11.579+0000] {dag.py:3096} INFO - Sync 2 DAGs
[2026-06-15T16:11:11.598+0000] {logging_mixin.py:188} INFO - [2026-06-15T16:11:11.598+0000] {dag.py:3954} INFO - Setting next_dagrun for example_external_task_marker_child to None, run_after=None
[2026-06-15T16:11:11.605+0000] {logging_mixin.py:188} INFO - [2026-06-15T16:11:11.604+0000] {dag.py:3954} INFO - Setting next_dagrun for example_external_task_marker_parent to None, run_after=None
[2026-06-15T16:11:11.639+0000] {processor.py:183} INFO - Processing /home/airflow/.local/lib/python3.12/site-packages/airflow/example_dags/example_external_task_marker_dag.py took 0.119 seconds
[2026-06-15T16:11:42.399+0000] {processor.py:161} INFO - Started process (PID=1181) to work on /home/airflow/.local/lib/python3.12/site-packages/airflow/example_dags/example_external_task_marker_dag.py
[2026-06-15T16:11:42.401+0000] {processor.py:830} INFO - Processing file /home/airflow/.local/lib/python3.12/site-packages/airflow/example_dags/example_external_task_marker_dag.py for tasks to queue
[2026-06-15T16:11:42.405+0000] {logging_mixin.py:188} INFO - [2026-06-15T16:11:42.404+0000] {dagbag.py:545} INFO - Filling up the DagBag from /home/airflow/.local/lib/python3.12/site-packages/airflow/example_dags/example_external_task_marker_dag.py
[2026-06-15T16:11:42.414+0000] {processor.py:840} INFO - DAG(s) 'example_external_task_marker_child', 'example_external_task_marker_parent' retrieved from /home/airflow/.local/lib/python3.12/site-packages/airflow/example_dags/example_external_task_marker_dag.py
[2026-06-15T16:11:42.459+0000] {logging_mixin.py:188} INFO - [2026-06-15T16:11:42.459+0000] {dag.py:3096} INFO - Sync 2 DAGs
[2026-06-15T16:11:42.483+0000] {logging_mixin.py:188} INFO - [2026-06-15T16:11:42.482+0000] {dag.py:3954} INFO - Setting next_dagrun for example_external_task_marker_child to None, run_after=None
[2026-06-15T16:11:42.490+0000] {logging_mixin.py:188} INFO - [2026-06-15T16:11:42.489+0000] {dag.py:3954} INFO - Setting next_dagrun for example_external_task_marker_parent to None, run_after=None
[2026-06-15T16:11:42.527+0000] {processor.py:183} INFO - Processing /home/airflow/.local/lib/python3.12/site-packages/airflow/example_dags/example_external_task_marker_dag.py took 0.137 seconds
[2026-06-15T16:12:12.704+0000] {processor.py:161} INFO - Started process (PID=1241) to work on /home/airflow/.local/lib/python3.12/site-packages/airflow/example_dags/example_external_task_marker_dag.py
[2026-06-15T16:12:12.707+0000] {processor.py:830} INFO - Processing file /home/airflow/.local/lib/python3.12/site-packages/airflow/example_dags/example_external_task_marker_dag.py for tasks to queue
[2026-06-15T16:12:12.711+0000] {logging_mixin.py:188} INFO - [2026-06-15T16:12:12.710+0000] {dagbag.py:545} INFO - Filling up the DagBag from /home/airflow/.local/lib/python3.12/site-packages/airflow/example_dags/example_external_task_marker_dag.py
[2026-06-15T16:12:12.720+0000] {processor.py:840} INFO - DAG(s) 'example_external_task_marker_parent', 'example_external_task_marker_child' retrieved from /home/airflow/.local/lib/python3.12/site-packages/airflow/example_dags/example_external_task_marker_dag.py
[2026-06-15T16:12:12.765+0000] {logging_mixin.py:188} INFO - [2026-06-15T16:12:12.764+0000] {dag.py:3096} INFO - Sync 2 DAGs
[2026-06-15T16:12:12.789+0000] {logging_mixin.py:188} INFO - [2026-06-15T16:12:12.789+0000] {dag.py:3954} INFO - Setting next_dagrun for example_external_task_marker_child to None, run_after=None
[2026-06-15T16:12:12.797+0000] {logging_mixin.py:188} INFO - [2026-06-15T16:12:12.797+0000] {dag.py:3954} INFO - Setting next_dagrun for example_external_task_marker_parent to None, run_after=None
[2026-06-15T16:12:12.839+0000] {processor.py:183} INFO - Processing /home/airflow/.local/lib/python3.12/site-packages/airflow/example_dags/example_external_task_marker_dag.py took 0.144 seconds
[2026-06-15T16:12:43.070+0000] {processor.py:161} INFO - Started process (PID=1299) to work on /home/airflow/.local/lib/python3.12/site-packages/airflow/example_dags/example_external_task_marker_dag.py
[2026-06-15T16:12:43.071+0000] {processor.py:830} INFO - Processing file /home/airflow/.local/lib/python3.12/site-packages/airflow/example_dags/example_external_task_marker_dag.py for tasks to queue
[2026-06-15T16:12:43.075+0000] {logging_mixin.py:188} INFO - [2026-06-15T16:12:43.074+0000] {dagbag.py:545} INFO - Filling up the DagBag from /home/airflow/.local/lib/python3.12/site-packages/airflow/example_dags/example_external_task_marker_dag.py
[2026-06-15T16:12:43.084+0000] {processor.py:840} INFO - DAG(s) 'example_external_task_marker_child', 'example_external_task_marker_parent' retrieved from /home/airflow/.local/lib/python3.12/site-packages/airflow/example_dags/example_external_task_marker_dag.py
[2026-06-15T16:12:43.125+0000] {logging_mixin.py:188} INFO - [2026-06-15T16:12:43.124+0000] {dag.py:3096} INFO - Sync 2 DAGs
[2026-06-15T16:12:43.144+0000] {logging_mixin.py:188} INFO - [2026-06-15T16:12:43.144+0000] {dag.py:3954} INFO - Setting next_dagrun for example_external_task_marker_child to None, run_after=None
[2026-06-15T16:12:43.151+0000] {logging_mixin.py:188} INFO - [2026-06-15T16:12:43.151+0000] {dag.py:3954} INFO - Setting next_dagrun for example_external_task_marker_parent to None, run_after=None
[2026-06-15T16:12:43.188+0000] {processor.py:183} INFO - Processing /home/airflow/.local/lib/python3.12/site-packages/airflow/example_dags/example_external_task_marker_dag.py took 0.129 seconds
[2026-06-15T16:13:13.862+0000] {processor.py:161} INFO - Started process (PID=1358) to work on /home/airflow/.local/lib/python3.12/site-packages/airflow/example_dags/example_external_task_marker_dag.py
[2026-06-15T16:13:13.864+0000] {processor.py:830} INFO - Processing file /home/airflow/.local/lib/python3.12/site-packages/airflow/example_dags/example_external_task_marker_dag.py for tasks to queue
[2026-06-15T16:13:13.867+0000] {logging_mixin.py:188} INFO - [2026-06-15T16:13:13.867+0000] {dagbag.py:545} INFO - Filling up the DagBag from /home/airflow/.local/lib/python3.12/site-packages/airflow/example_dags/example_external_task_marker_dag.py
[2026-06-15T16:13:13.877+0000] {processor.py:840} INFO - DAG(s) 'example_external_task_marker_parent', 'example_external_task_marker_child' retrieved from /home/airflow/.local/lib/python3.12/site-packages/airflow/example_dags/example_external_task_marker_dag.py
[2026-06-15T16:13:13.918+0000] {logging_mixin.py:188} INFO - [2026-06-15T16:13:13.917+0000] {dag.py:3096} INFO - Sync 2 DAGs
[2026-06-15T16:13:13.942+0000] {logging_mixin.py:188} INFO - [2026-06-15T16:13:13.942+0000] {dag.py:3954} INFO - Setting next_dagrun for example_external_task_marker_child to None, run_after=None
[2026-06-15T16:13:13.948+0000] {logging_mixin.py:188} INFO - [2026-06-15T16:13:13.948+0000] {dag.py:3954} INFO - Setting next_dagrun for example_external_task_marker_parent to None, run_after=None
[2026-06-15T16:13:13.977+0000] {processor.py:183} INFO - Processing /home/airflow/.local/lib/python3.12/site-packages/airflow/example_dags/example_external_task_marker_dag.py took 0.126 seconds
[2026-06-15T16:13:44.391+0000] {processor.py:161} INFO - Started process (PID=1417) to work on /home/airflow/.local/lib/python3.12/site-packages/airflow/example_dags/example_external_task_marker_dag.py
[2026-06-15T16:13:44.393+0000] {processor.py:830} INFO - Processing file /home/airflow/.local/lib/python3.12/site-packages/airflow/example_dags/example_external_task_marker_dag.py for tasks to queue
[2026-06-15T16:13:44.397+0000] {logging_mixin.py:188} INFO - [2026-06-15T16:13:44.397+0000] {dagbag.py:545} INFO - Filling up the DagBag from /home/airflow/.local/lib/python3.12/site-packages/airflow/example_dags/example_external_task_marker_dag.py
[2026-06-15T16:13:44.411+0000] {processor.py:840} INFO - DAG(s) 'example_external_task_marker_child', 'example_external_task_marker_parent' retrieved from /home/airflow/.local/lib/python3.12/site-packages/airflow/example_dags/example_external_task_marker_dag.py
[2026-06-15T16:13:44.467+0000] {logging_mixin.py:188} INFO - [2026-06-15T16:13:44.467+0000] {dag.py:3096} INFO - Sync 2 DAGs
[2026-06-15T16:13:44.499+0000] {logging_mixin.py:188} INFO - [2026-06-15T16:13:44.498+0000] {dag.py:3954} INFO - Setting next_dagrun for example_external_task_marker_child to None, run_after=None
[2026-06-15T16:13:44.506+0000] {logging_mixin.py:188} INFO - [2026-06-15T16:13:44.505+0000] {dag.py:3954} INFO - Setting next_dagrun for example_external_task_marker_parent to None, run_after=None
[2026-06-15T16:13:44.546+0000] {processor.py:183} INFO - Processing /home/airflow/.local/lib/python3.12/site-packages/airflow/example_dags/example_external_task_marker_dag.py took 0.167 seconds
[2026-06-15T16:14:15.123+0000] {processor.py:161} INFO - Started process (PID=1476) to work on /home/airflow/.local/lib/python3.12/site-packages/airflow/example_dags/example_external_task_marker_dag.py
[2026-06-15T16:14:15.125+0000] {processor.py:830} INFO - Processing file /home/airflow/.local/lib/python3.12/site-packages/airflow/example_dags/example_external_task_marker_dag.py for tasks to queue
[2026-06-15T16:14:15.129+0000] {logging_mixin.py:188} INFO - [2026-06-15T16:14:15.128+0000] {dagbag.py:545} INFO - Filling up the DagBag from /home/airflow/.local/lib/python3.12/site-packages/airflow/example_dags/example_external_task_marker_dag.py
[2026-06-15T16:14:15.138+0000] {processor.py:840} INFO - DAG(s) 'example_external_task_marker_parent', 'example_external_task_marker_child' retrieved from /home/airflow/.local/lib/python3.12/site-packages/airflow/example_dags/example_external_task_marker_dag.py
[2026-06-15T16:14:15.180+0000] {logging_mixin.py:188} INFO - [2026-06-15T16:14:15.179+0000] {dag.py:3096} INFO - Sync 2 DAGs
[2026-06-15T16:14:15.204+0000] {logging_mixin.py:188} INFO - [2026-06-15T16:14:15.203+0000] {dag.py:3954} INFO - Setting next_dagrun for example_external_task_marker_child to None, run_after=None
[2026-06-15T16:14:15.209+0000] {logging_mixin.py:188} INFO - [2026-06-15T16:14:15.209+0000] {dag.py:3954} INFO - Setting next_dagrun for example_external_task_marker_parent to None, run_after=None
[2026-06-15T16:14:15.250+0000] {processor.py:183} INFO - Processing /home/airflow/.local/lib/python3.12/site-packages/airflow/example_dags/example_external_task_marker_dag.py took 0.137 seconds
[2026-06-15T16:14:45.512+0000] {processor.py:161} INFO - Started process (PID=1535) to work on /home/airflow/.local/lib/python3.12/site-packages/airflow/example_dags/example_external_task_marker_dag.py
[2026-06-15T16:14:45.515+0000] {processor.py:830} INFO - Processing file /home/airflow/.local/lib/python3.12/site-packages/airflow/example_dags/example_external_task_marker_dag.py for tasks to queue
[2026-06-15T16:14:45.520+0000] {logging_mixin.py:188} INFO - [2026-06-15T16:14:45.519+0000] {dagbag.py:545} INFO - Filling up the DagBag from /home/airflow/.local/lib/python3.12/site-packages/airflow/example_dags/example_external_task_marker_dag.py
[2026-06-15T16:14:45.529+0000] {processor.py:840} INFO - DAG(s) 'example_external_task_marker_child', 'example_external_task_marker_parent' retrieved from /home/airflow/.local/lib/python3.12/site-packages/airflow/example_dags/example_external_task_marker_dag.py
[2026-06-15T16:14:45.596+0000] {logging_mixin.py:188} INFO - [2026-06-15T16:14:45.595+0000] {dag.py:3096} INFO - Sync 2 DAGs
[2026-06-15T16:14:45.622+0000] {logging_mixin.py:188} INFO - [2026-06-15T16:14:45.622+0000] {dag.py:3954} INFO - Setting next_dagrun for example_external_task_marker_child to None, run_after=None
[2026-06-15T16:14:45.629+0000] {logging_mixin.py:188} INFO - [2026-06-15T16:14:45.629+0000] {dag.py:3954} INFO - Setting next_dagrun for example_external_task_marker_parent to None, run_after=None
[2026-06-15T16:14:45.660+0000] {processor.py:183} INFO - Processing /home/airflow/.local/lib/python3.12/site-packages/airflow/example_dags/example_external_task_marker_dag.py took 0.159 seconds
[2026-06-15T16:15:15.765+0000] {processor.py:161} INFO - Started process (PID=1593) to work on /home/airflow/.local/lib/python3.12/site-packages/airflow/example_dags/example_external_task_marker_dag.py
[2026-06-15T16:15:15.767+0000] {processor.py:830} INFO - Processing file /home/airflow/.local/lib/python3.12/site-packages/airflow/example_dags/example_external_task_marker_dag.py for tasks to queue
[2026-06-15T16:15:15.770+0000] {logging_mixin.py:188} INFO - [2026-06-15T16:15:15.769+0000] {dagbag.py:545} INFO - Filling up the DagBag from /home/airflow/.local/lib/python3.12/site-packages/airflow/example_dags/example_external_task_marker_dag.py
[2026-06-15T16:15:15.779+0000] {processor.py:840} INFO - DAG(s) 'example_external_task_marker_child', 'example_external_task_marker_parent' retrieved from /home/airflow/.local/lib/python3.12/site-packages/airflow/example_dags/example_external_task_marker_dag.py
[2026-06-15T16:15:15.817+0000] {logging_mixin.py:188} INFO - [2026-06-15T16:15:15.817+0000] {dag.py:3096} INFO - Sync 2 DAGs
[2026-06-15T16:15:15.835+0000] {logging_mixin.py:188} INFO - [2026-06-15T16:15:15.835+0000] {dag.py:3954} INFO - Setting next_dagrun for example_external_task_marker_child to None, run_after=None
[2026-06-15T16:15:15.841+0000] {logging_mixin.py:188} INFO - [2026-06-15T16:15:15.841+0000] {dag.py:3954} INFO - Setting next_dagrun for example_external_task_marker_parent to None, run_after=None
[2026-06-15T16:15:15.871+0000] {processor.py:183} INFO - Processing /home/airflow/.local/lib/python3.12/site-packages/airflow/example_dags/example_external_task_marker_dag.py took 0.114 seconds
[2026-06-15T16:15:46.969+0000] {processor.py:161} INFO - Started process (PID=1653) to work on /home/airflow/.local/lib/python3.12/site-packages/airflow/example_dags/example_external_task_marker_dag.py
[2026-06-15T16:15:46.971+0000] {processor.py:830} INFO - Processing file /home/airflow/.local/lib/python3.12/site-packages/airflow/example_dags/example_external_task_marker_dag.py for tasks to queue
[2026-06-15T16:15:46.975+0000] {logging_mixin.py:188} INFO - [2026-06-15T16:15:46.974+0000] {dagbag.py:545} INFO - Filling up the DagBag from /home/airflow/.local/lib/python3.12/site-packages/airflow/example_dags/example_external_task_marker_dag.py
[2026-06-15T16:15:46.986+0000] {processor.py:840} INFO - DAG(s) 'example_external_task_marker_parent', 'example_external_task_marker_child' retrieved from /home/airflow/.local/lib/python3.12/site-packages/airflow/example_dags/example_external_task_marker_dag.py
[2026-06-15T16:15:47.027+0000] {logging_mixin.py:188} INFO - [2026-06-15T16:15:47.026+0000] {dag.py:3096} INFO - Sync 2 DAGs
[2026-06-15T16:15:47.242+0000] {logging_mixin.py:188} INFO - [2026-06-15T16:15:47.242+0000] {dag.py:3954} INFO - Setting next_dagrun for example_external_task_marker_child to None, run_after=None
[2026-06-15T16:15:47.249+0000] {logging_mixin.py:188} INFO - [2026-06-15T16:15:47.249+0000] {dag.py:3954} INFO - Setting next_dagrun for example_external_task_marker_parent to None, run_after=None
[2026-06-15T16:15:47.281+0000] {processor.py:183} INFO - Processing /home/airflow/.local/lib/python3.12/site-packages/airflow/example_dags/example_external_task_marker_dag.py took 0.321 seconds
[2026-06-15T16:16:18.031+0000] {processor.py:161} INFO - Started process (PID=1713) to work on /home/airflow/.local/lib/python3.12/site-packages/airflow/example_dags/example_external_task_marker_dag.py
[2026-06-15T16:16:18.034+0000] {processor.py:830} INFO - Processing file /home/airflow/.local/lib/python3.12/site-packages/airflow/example_dags/example_external_task_marker_dag.py for tasks to queue
[2026-06-15T16:16:18.038+0000] {logging_mixin.py:188} INFO - [2026-06-15T16:16:18.037+0000] {dagbag.py:545} INFO - Filling up the DagBag from /home/airflow/.local/lib/python3.12/site-packages/airflow/example_dags/example_external_task_marker_dag.py
[2026-06-15T16:16:18.048+0000] {processor.py:840} INFO - DAG(s) 'example_external_task_marker_parent', 'example_external_task_marker_child' retrieved from /home/airflow/.local/lib/python3.12/site-packages/airflow/example_dags/example_external_task_marker_dag.py
[2026-06-15T16:16:18.084+0000] {logging_mixin.py:188} INFO - [2026-06-15T16:16:18.084+0000] {dag.py:3096} INFO - Sync 2 DAGs
[2026-06-15T16:16:18.105+0000] {logging_mixin.py:188} INFO - [2026-06-15T16:16:18.105+0000] {dag.py:3954} INFO - Setting next_dagrun for example_external_task_marker_child to None, run_after=None
[2026-06-15T16:16:18.112+0000] {logging_mixin.py:188} INFO - [2026-06-15T16:16:18.111+0000] {dag.py:3954} INFO - Setting next_dagrun for example_external_task_marker_parent to None, run_after=None
[2026-06-15T16:16:18.150+0000] {processor.py:183} INFO - Processing /home/airflow/.local/lib/python3.12/site-packages/airflow/example_dags/example_external_task_marker_dag.py took 0.127 seconds
[2026-06-15T16:16:48.449+0000] {processor.py:161} INFO - Started process (PID=1772) to work on /home/airflow/.local/lib/python3.12/site-packages/airflow/example_dags/example_external_task_marker_dag.py
[2026-06-15T16:16:48.451+0000] {processor.py:830} INFO - Processing file /home/airflow/.local/lib/python3.12/site-packages/airflow/example_dags/example_external_task_marker_dag.py for tasks to queue
[2026-06-15T16:16:48.455+0000] {logging_mixin.py:188} INFO - [2026-06-15T16:16:48.454+0000] {dagbag.py:545} INFO - Filling up the DagBag from /home/airflow/.local/lib/python3.12/site-packages/airflow/example_dags/example_external_task_marker_dag.py
[2026-06-15T16:16:48.464+0000] {processor.py:840} INFO - DAG(s) 'example_external_task_marker_parent', 'example_external_task_marker_child' retrieved from /home/airflow/.local/lib/python3.12/site-packages/airflow/example_dags/example_external_task_marker_dag.py
[2026-06-15T16:16:48.505+0000] {logging_mixin.py:188} INFO - [2026-06-15T16:16:48.505+0000] {dag.py:3096} INFO - Sync 2 DAGs
[2026-06-15T16:16:48.527+0000] {logging_mixin.py:188} INFO - [2026-06-15T16:16:48.526+0000] {dag.py:3954} INFO - Setting next_dagrun for example_external_task_marker_child to None, run_after=None
[2026-06-15T16:16:48.534+0000] {logging_mixin.py:188} INFO - [2026-06-15T16:16:48.533+0000] {dag.py:3954} INFO - Setting next_dagrun for example_external_task_marker_parent to None, run_after=None
[2026-06-15T16:16:48.567+0000] {processor.py:183} INFO - Processing /home/airflow/.local/lib/python3.12/site-packages/airflow/example_dags/example_external_task_marker_dag.py took 0.127 seconds
[2026-06-15T16:17:19.061+0000] {processor.py:161} INFO - Started process (PID=1832) to work on /home/airflow/.local/lib/python3.12/site-packages/airflow/example_dags/example_external_task_marker_dag.py
[2026-06-15T16:17:19.063+0000] {processor.py:830} INFO - Processing file /home/airflow/.local/lib/python3.12/site-packages/airflow/example_dags/example_external_task_marker_dag.py for tasks to queue
[2026-06-15T16:17:19.067+0000] {logging_mixin.py:188} INFO - [2026-06-15T16:17:19.066+0000] {dagbag.py:545} INFO - Filling up the DagBag from /home/airflow/.local/lib/python3.12/site-packages/airflow/example_dags/example_external_task_marker_dag.py
[2026-06-15T16:17:19.075+0000] {processor.py:840} INFO - DAG(s) 'example_external_task_marker_parent', 'example_external_task_marker_child' retrieved from /home/airflow/.local/lib/python3.12/site-packages/airflow/example_dags/example_external_task_marker_dag.py
[2026-06-15T16:17:19.114+0000] {logging_mixin.py:188} INFO - [2026-06-15T16:17:19.114+0000] {dag.py:3096} INFO - Sync 2 DAGs
[2026-06-15T16:17:19.134+0000] {logging_mixin.py:188} INFO - [2026-06-15T16:17:19.134+0000] {dag.py:3954} INFO - Setting next_dagrun for example_external_task_marker_child to None, run_after=None
[2026-06-15T16:17:19.139+0000] {logging_mixin.py:188} INFO - [2026-06-15T16:17:19.139+0000] {dag.py:3954} INFO - Setting next_dagrun for example_external_task_marker_parent to None, run_after=None
[2026-06-15T16:17:19.169+0000] {processor.py:183} INFO - Processing /home/airflow/.local/lib/python3.12/site-packages/airflow/example_dags/example_external_task_marker_dag.py took 0.117 seconds
[2026-06-15T16:17:49.675+0000] {processor.py:161} INFO - Started process (PID=1891) to work on /home/airflow/.local/lib/python3.12/site-packages/airflow/example_dags/example_external_task_marker_dag.py
[2026-06-15T16:17:49.677+0000] {processor.py:830} INFO - Processing file /home/airflow/.local/lib/python3.12/site-packages/airflow/example_dags/example_external_task_marker_dag.py for tasks to queue
[2026-06-15T16:17:49.681+0000] {logging_mixin.py:188} INFO - [2026-06-15T16:17:49.680+0000] {dagbag.py:545} INFO - Filling up the DagBag from /home/airflow/.local/lib/python3.12/site-packages/airflow/example_dags/example_external_task_marker_dag.py
[2026-06-15T16:17:49.692+0000] {processor.py:840} INFO - DAG(s) 'example_external_task_marker_child', 'example_external_task_marker_parent' retrieved from /home/airflow/.local/lib/python3.12/site-packages/airflow/example_dags/example_external_task_marker_dag.py
[2026-06-15T16:17:49.730+0000] {logging_mixin.py:188} INFO - [2026-06-15T16:17:49.729+0000] {dag.py:3096} INFO - Sync 2 DAGs
[2026-06-15T16:17:49.750+0000] {logging_mixin.py:188} INFO - [2026-06-15T16:17:49.749+0000] {dag.py:3954} INFO - Setting next_dagrun for example_external_task_marker_child to None, run_after=None
[2026-06-15T16:17:49.757+0000] {logging_mixin.py:188} INFO - [2026-06-15T16:17:49.757+0000] {dag.py:3954} INFO - Setting next_dagrun for example_external_task_marker_parent to None, run_after=None
[2026-06-15T16:17:49.794+0000] {processor.py:183} INFO - Processing /home/airflow/.local/lib/python3.12/site-packages/airflow/example_dags/example_external_task_marker_dag.py took 0.127 seconds
[2026-06-15T16:18:20.327+0000] {processor.py:161} INFO - Started process (PID=1950) to work on /home/airflow/.local/lib/python3.12/site-packages/airflow/example_dags/example_external_task_marker_dag.py
[2026-06-15T16:18:20.329+0000] {processor.py:830} INFO - Processing file /home/airflow/.local/lib/python3.12/site-packages/airflow/example_dags/example_external_task_marker_dag.py for tasks to queue
[2026-06-15T16:18:20.333+0000] {logging_mixin.py:188} INFO - [2026-06-15T16:18:20.332+0000] {dagbag.py:545} INFO - Filling up the DagBag from /home/airflow/.local/lib/python3.12/site-packages/airflow/example_dags/example_external_task_marker_dag.py
[2026-06-15T16:18:20.343+0000] {processor.py:840} INFO - DAG(s) 'example_external_task_marker_parent', 'example_external_task_marker_child' retrieved from /home/airflow/.local/lib/python3.12/site-packages/airflow/example_dags/example_external_task_marker_dag.py
[2026-06-15T16:18:20.382+0000] {logging_mixin.py:188} INFO - [2026-06-15T16:18:20.382+0000] {dag.py:3096} INFO - Sync 2 DAGs
[2026-06-15T16:18:20.400+0000] {logging_mixin.py:188} INFO - [2026-06-15T16:18:20.399+0000] {dag.py:3954} INFO - Setting next_dagrun for example_external_task_marker_child to None, run_after=None
[2026-06-15T16:18:20.406+0000] {logging_mixin.py:188} INFO - [2026-06-15T16:18:20.405+0000] {dag.py:3954} INFO - Setting next_dagrun for example_external_task_marker_parent to None, run_after=None
[2026-06-15T16:18:20.434+0000] {processor.py:183} INFO - Processing /home/airflow/.local/lib/python3.12/site-packages/airflow/example_dags/example_external_task_marker_dag.py took 0.117 seconds
[2026-06-15T16:18:51.123+0000] {processor.py:161} INFO - Started process (PID=2009) to work on /home/airflow/.local/lib/python3.12/site-packages/airflow/example_dags/example_external_task_marker_dag.py
[2026-06-15T16:18:51.125+0000] {processor.py:830} INFO - Processing file /home/airflow/.local/lib/python3.12/site-packages/airflow/example_dags/example_external_task_marker_dag.py for tasks to queue
[2026-06-15T16:18:51.129+0000] {logging_mixin.py:188} INFO - [2026-06-15T16:18:51.128+0000] {dagbag.py:545} INFO - Filling up the DagBag from /home/airflow/.local/lib/python3.12/site-packages/airflow/example_dags/example_external_task_marker_dag.py
[2026-06-15T16:18:51.141+0000] {processor.py:840} INFO - DAG(s) 'example_external_task_marker_parent', 'example_external_task_marker_child' retrieved from /home/airflow/.local/lib/python3.12/site-packages/airflow/example_dags/example_external_task_marker_dag.py
[2026-06-15T16:18:51.185+0000] {logging_mixin.py:188} INFO - [2026-06-15T16:18:51.184+0000] {dag.py:3096} INFO - Sync 2 DAGs
[2026-06-15T16:18:51.205+0000] {logging_mixin.py:188} INFO - [2026-06-15T16:18:51.204+0000] {dag.py:3954} INFO - Setting next_dagrun for example_external_task_marker_child to None, run_after=None
[2026-06-15T16:18:51.211+0000] {logging_mixin.py:188} INFO - [2026-06-15T16:18:51.210+0000] {dag.py:3954} INFO - Setting next_dagrun for example_external_task_marker_parent to None, run_after=None
[2026-06-15T16:18:51.251+0000] {processor.py:183} INFO - Processing /home/airflow/.local/lib/python3.12/site-packages/airflow/example_dags/example_external_task_marker_dag.py took 0.139 seconds
[2026-06-15T16:19:21.545+0000] {processor.py:161} INFO - Started process (PID=2068) to work on /home/airflow/.local/lib/python3.12/site-packages/airflow/example_dags/example_external_task_marker_dag.py
[2026-06-15T16:19:21.547+0000] {processor.py:830} INFO - Processing file /home/airflow/.local/lib/python3.12/site-packages/airflow/example_dags/example_external_task_marker_dag.py for tasks to queue
[2026-06-15T16:19:21.551+0000] {logging_mixin.py:188} INFO - [2026-06-15T16:19:21.550+0000] {dagbag.py:545} INFO - Filling up the DagBag from /home/airflow/.local/lib/python3.12/site-packages/airflow/example_dags/example_external_task_marker_dag.py
[2026-06-15T16:19:21.560+0000] {processor.py:840} INFO - DAG(s) 'example_external_task_marker_parent', 'example_external_task_marker_child' retrieved from /home/airflow/.local/lib/python3.12/site-packages/airflow/example_dags/example_external_task_marker_dag.py
[2026-06-15T16:19:21.599+0000] {logging_mixin.py:188} INFO - [2026-06-15T16:19:21.599+0000] {dag.py:3096} INFO - Sync 2 DAGs
[2026-06-15T16:19:21.616+0000] {logging_mixin.py:188} INFO - [2026-06-15T16:19:21.616+0000] {dag.py:3954} INFO - Setting next_dagrun for example_external_task_marker_child to None, run_after=None
[2026-06-15T16:19:21.623+0000] {logging_mixin.py:188} INFO - [2026-06-15T16:19:21.623+0000] {dag.py:3954} INFO - Setting next_dagrun for example_external_task_marker_parent to None, run_after=None
[2026-06-15T16:19:21.655+0000] {processor.py:183} INFO - Processing /home/airflow/.local/lib/python3.12/site-packages/airflow/example_dags/example_external_task_marker_dag.py took 0.118 seconds
[2026-06-15T16:19:52.061+0000] {processor.py:161} INFO - Started process (PID=2127) to work on /home/airflow/.local/lib/python3.12/site-packages/airflow/example_dags/example_external_task_marker_dag.py
[2026-06-15T16:19:52.064+0000] {processor.py:830} INFO - Processing file /home/airflow/.local/lib/python3.12/site-packages/airflow/example_dags/example_external_task_marker_dag.py for tasks to queue
[2026-06-15T16:19:52.067+0000] {logging_mixin.py:188} INFO - [2026-06-15T16:19:52.067+0000] {dagbag.py:545} INFO - Filling up the DagBag from /home/airflow/.local/lib/python3.12/site-packages/airflow/example_dags/example_external_task_marker_dag.py
[2026-06-15T16:19:52.080+0000] {processor.py:840} INFO - DAG(s) 'example_external_task_marker_parent', 'example_external_task_marker_child' retrieved from /home/airflow/.local/lib/python3.12/site-packages/airflow/example_dags/example_external_task_marker_dag.py
[2026-06-15T16:19:52.120+0000] {logging_mixin.py:188} INFO - [2026-06-15T16:19:52.119+0000] {dag.py:3096} INFO - Sync 2 DAGs
[2026-06-15T16:19:52.139+0000] {logging_mixin.py:188} INFO - [2026-06-15T16:19:52.139+0000] {dag.py:3954} INFO - Setting next_dagrun for example_external_task_marker_child to None, run_after=None
[2026-06-15T16:19:52.145+0000] {logging_mixin.py:188} INFO - [2026-06-15T16:19:52.145+0000] {dag.py:3954} INFO - Setting next_dagrun for example_external_task_marker_parent to None, run_after=None
[2026-06-15T16:19:52.176+0000] {processor.py:183} INFO - Processing /home/airflow/.local/lib/python3.12/site-packages/airflow/example_dags/example_external_task_marker_dag.py took 0.125 seconds
[2026-06-15T16:20:22.710+0000] {processor.py:161} INFO - Started process (PID=2186) to work on /home/airflow/.local/lib/python3.12/site-packages/airflow/example_dags/example_external_task_marker_dag.py
[2026-06-15T16:20:22.712+0000] {processor.py:830} INFO - Processing file /home/airflow/.local/lib/python3.12/site-packages/airflow/example_dags/example_external_task_marker_dag.py for tasks to queue
[2026-06-15T16:20:22.716+0000] {logging_mixin.py:188} INFO - [2026-06-15T16:20:22.715+0000] {dagbag.py:545} INFO - Filling up the DagBag from /home/airflow/.local/lib/python3.12/site-packages/airflow/example_dags/example_external_task_marker_dag.py
[2026-06-15T16:20:22.726+0000] {processor.py:840} INFO - DAG(s) 'example_external_task_marker_child', 'example_external_task_marker_parent' retrieved from /home/airflow/.local/lib/python3.12/site-packages/airflow/example_dags/example_external_task_marker_dag.py
[2026-06-15T16:20:22.767+0000] {logging_mixin.py:188} INFO - [2026-06-15T16:20:22.767+0000] {dag.py:3096} INFO - Sync 2 DAGs
[2026-06-15T16:20:22.788+0000] {logging_mixin.py:188} INFO - [2026-06-15T16:20:22.788+0000] {dag.py:3954} INFO - Setting next_dagrun for example_external_task_marker_child to None, run_after=None
[2026-06-15T16:20:22.794+0000] {logging_mixin.py:188} INFO - [2026-06-15T16:20:22.794+0000] {dag.py:3954} INFO - Setting next_dagrun for example_external_task_marker_parent to None, run_after=None
[2026-06-15T16:20:22.823+0000] {processor.py:183} INFO - Processing /home/airflow/.local/lib/python3.12/site-packages/airflow/example_dags/example_external_task_marker_dag.py took 0.125 seconds
[2026-06-15T16:45:27.314+0000] {processor.py:161} INFO - Started process (PID=2245) to work on /home/airflow/.local/lib/python3.12/site-packages/airflow/example_dags/example_external_task_marker_dag.py
[2026-06-15T16:45:27.317+0000] {processor.py:830} INFO - Processing file /home/airflow/.local/lib/python3.12/site-packages/airflow/example_dags/example_external_task_marker_dag.py for tasks to queue
[2026-06-15T16:45:27.322+0000] {logging_mixin.py:188} INFO - [2026-06-15T16:45:27.321+0000] {dagbag.py:545} INFO - Filling up the DagBag from /home/airflow/.local/lib/python3.12/site-packages/airflow/example_dags/example_external_task_marker_dag.py
[2026-06-15T16:45:27.335+0000] {processor.py:840} INFO - DAG(s) 'example_external_task_marker_parent', 'example_external_task_marker_child' retrieved from /home/airflow/.local/lib/python3.12/site-packages/airflow/example_dags/example_external_task_marker_dag.py
[2026-06-15T16:45:27.391+0000] {logging_mixin.py:188} INFO - [2026-06-15T16:45:27.390+0000] {dag.py:3096} INFO - Sync 2 DAGs
[2026-06-15T16:45:27.415+0000] {logging_mixin.py:188} INFO - [2026-06-15T16:45:27.415+0000] {dag.py:3954} INFO - Setting next_dagrun for example_external_task_marker_child to None, run_after=None
[2026-06-15T16:45:27.424+0000] {logging_mixin.py:188} INFO - [2026-06-15T16:45:27.424+0000] {dag.py:3954} INFO - Setting next_dagrun for example_external_task_marker_parent to None, run_after=None
[2026-06-15T16:45:27.466+0000] {processor.py:183} INFO - Processing /home/airflow/.local/lib/python3.12/site-packages/airflow/example_dags/example_external_task_marker_dag.py took 0.166 seconds
[2026-06-15T16:45:57.784+0000] {processor.py:161} INFO - Started process (PID=2304) to work on /home/airflow/.local/lib/python3.12/site-packages/airflow/example_dags/example_external_task_marker_dag.py
[2026-06-15T16:45:57.786+0000] {processor.py:830} INFO - Processing file /home/airflow/.local/lib/python3.12/site-packages/airflow/example_dags/example_external_task_marker_dag.py for tasks to queue
[2026-06-15T16:45:57.791+0000] {logging_mixin.py:188} INFO - [2026-06-15T16:45:57.790+0000] {dagbag.py:545} INFO - Filling up the DagBag from /home/airflow/.local/lib/python3.12/site-packages/airflow/example_dags/example_external_task_marker_dag.py
[2026-06-15T16:45:57.804+0000] {processor.py:840} INFO - DAG(s) 'example_external_task_marker_child', 'example_external_task_marker_parent' retrieved from /home/airflow/.local/lib/python3.12/site-packages/airflow/example_dags/example_external_task_marker_dag.py
[2026-06-15T16:45:57.852+0000] {logging_mixin.py:188} INFO - [2026-06-15T16:45:57.852+0000] {dag.py:3096} INFO - Sync 2 DAGs
[2026-06-15T16:45:57.879+0000] {logging_mixin.py:188} INFO - [2026-06-15T16:45:57.878+0000] {dag.py:3954} INFO - Setting next_dagrun for example_external_task_marker_child to None, run_after=None
[2026-06-15T16:45:57.885+0000] {logging_mixin.py:188} INFO - [2026-06-15T16:45:57.884+0000] {dag.py:3954} INFO - Setting next_dagrun for example_external_task_marker_parent to None, run_after=None
[2026-06-15T16:45:57.919+0000] {processor.py:183} INFO - Processing /home/airflow/.local/lib/python3.12/site-packages/airflow/example_dags/example_external_task_marker_dag.py took 0.150 seconds
[2026-06-15T16:46:28.060+0000] {processor.py:161} INFO - Started process (PID=2363) to work on /home/airflow/.local/lib/python3.12/site-packages/airflow/example_dags/example_external_task_marker_dag.py
[2026-06-15T16:46:28.063+0000] {processor.py:830} INFO - Processing file /home/airflow/.local/lib/python3.12/site-packages/airflow/example_dags/example_external_task_marker_dag.py for tasks to queue
[2026-06-15T16:46:28.067+0000] {logging_mixin.py:188} INFO - [2026-06-15T16:46:28.066+0000] {dagbag.py:545} INFO - Filling up the DagBag from /home/airflow/.local/lib/python3.12/site-packages/airflow/example_dags/example_external_task_marker_dag.py
[2026-06-15T16:46:28.078+0000] {processor.py:840} INFO - DAG(s) 'example_external_task_marker_parent', 'example_external_task_marker_child' retrieved from /home/airflow/.local/lib/python3.12/site-packages/airflow/example_dags/example_external_task_marker_dag.py
[2026-06-15T16:46:28.126+0000] {logging_mixin.py:188} INFO - [2026-06-15T16:46:28.125+0000] {dag.py:3096} INFO - Sync 2 DAGs
[2026-06-15T16:46:28.152+0000] {logging_mixin.py:188} INFO - [2026-06-15T16:46:28.151+0000] {dag.py:3954} INFO - Setting next_dagrun for example_external_task_marker_child to None, run_after=None
[2026-06-15T16:46:28.158+0000] {logging_mixin.py:188} INFO - [2026-06-15T16:46:28.157+0000] {dag.py:3954} INFO - Setting next_dagrun for example_external_task_marker_parent to None, run_after=None
[2026-06-15T16:46:28.200+0000] {processor.py:183} INFO - Processing /home/airflow/.local/lib/python3.12/site-packages/airflow/example_dags/example_external_task_marker_dag.py took 0.152 seconds
