[2026-06-15T15:53:06.712+0000] {processor.py:161} INFO - Started process (PID=114) to work on /home/airflow/.local/lib/python3.12/site-packages/airflow/example_dags/example_branch_operator.py
[2026-06-15T15:53:06.713+0000] {processor.py:830} INFO - Processing file /home/airflow/.local/lib/python3.12/site-packages/airflow/example_dags/example_branch_operator.py for tasks to queue
[2026-06-15T15:53:06.717+0000] {logging_mixin.py:188} INFO - [2026-06-15T15:53:06.716+0000] {dagbag.py:545} INFO - Filling up the DagBag from /home/airflow/.local/lib/python3.12/site-packages/airflow/example_dags/example_branch_operator.py
[2026-06-15T15:53:06.752+0000] {processor.py:840} INFO - DAG(s) 'example_branch_operator' retrieved from /home/airflow/.local/lib/python3.12/site-packages/airflow/example_dags/example_branch_operator.py
[2026-06-15T15:53:07.022+0000] {logging_mixin.py:188} INFO - [2026-06-15T15:53:07.021+0000] {dag.py:3096} INFO - Sync 1 DAGs
[2026-06-15T15:53:07.077+0000] {logging_mixin.py:188} INFO - [2026-06-15T15:53:07.076+0000] {dag.py:3954} INFO - Setting next_dagrun for example_branch_operator to 2026-06-14 00:00:00+00:00, run_after=2026-06-15 00:00:00+00:00
[2026-06-15T15:53:07.130+0000] {processor.py:183} INFO - Processing /home/airflow/.local/lib/python3.12/site-packages/airflow/example_dags/example_branch_operator.py took 0.426 seconds
[2026-06-15T15:57:19.820+0000] {processor.py:161} INFO - Started process (PID=108) to work on /home/airflow/.local/lib/python3.12/site-packages/airflow/example_dags/example_branch_operator.py
[2026-06-15T15:57:19.822+0000] {processor.py:830} INFO - Processing file /home/airflow/.local/lib/python3.12/site-packages/airflow/example_dags/example_branch_operator.py for tasks to queue
[2026-06-15T15:57:19.825+0000] {logging_mixin.py:188} INFO - [2026-06-15T15:57:19.825+0000] {dagbag.py:545} INFO - Filling up the DagBag from /home/airflow/.local/lib/python3.12/site-packages/airflow/example_dags/example_branch_operator.py
[2026-06-15T15:57:19.857+0000] {processor.py:840} INFO - DAG(s) 'example_branch_operator' retrieved from /home/airflow/.local/lib/python3.12/site-packages/airflow/example_dags/example_branch_operator.py
[2026-06-15T15:57:20.049+0000] {logging_mixin.py:188} INFO - [2026-06-15T15:57:20.048+0000] {dag.py:3096} INFO - Sync 1 DAGs
[2026-06-15T15:57:20.079+0000] {logging_mixin.py:188} INFO - [2026-06-15T15:57:20.079+0000] {dag.py:3954} INFO - Setting next_dagrun for example_branch_operator to 2026-06-14 00:00:00+00:00, run_after=2026-06-15 00:00:00+00:00
[2026-06-15T15:57:20.115+0000] {processor.py:183} INFO - Processing /home/airflow/.local/lib/python3.12/site-packages/airflow/example_dags/example_branch_operator.py took 0.303 seconds
[2026-06-15T15:57:50.468+0000] {processor.py:161} INFO - Started process (PID=167) to work on /home/airflow/.local/lib/python3.12/site-packages/airflow/example_dags/example_branch_operator.py
[2026-06-15T15:57:50.470+0000] {processor.py:830} INFO - Processing file /home/airflow/.local/lib/python3.12/site-packages/airflow/example_dags/example_branch_operator.py for tasks to queue
[2026-06-15T15:57:50.474+0000] {logging_mixin.py:188} INFO - [2026-06-15T15:57:50.473+0000] {dagbag.py:545} INFO - Filling up the DagBag from /home/airflow/.local/lib/python3.12/site-packages/airflow/example_dags/example_branch_operator.py
[2026-06-15T15:57:50.506+0000] {processor.py:840} INFO - DAG(s) 'example_branch_operator' retrieved from /home/airflow/.local/lib/python3.12/site-packages/airflow/example_dags/example_branch_operator.py
[2026-06-15T15:57:50.564+0000] {logging_mixin.py:188} INFO - [2026-06-15T15:57:50.564+0000] {dag.py:3096} INFO - Sync 1 DAGs
[2026-06-15T15:57:50.617+0000] {logging_mixin.py:188} INFO - [2026-06-15T15:57:50.616+0000] {dag.py:3954} INFO - Setting next_dagrun for example_branch_operator to 2026-06-14 00:00:00+00:00, run_after=2026-06-15 00:00:00+00:00
[2026-06-15T15:57:50.658+0000] {processor.py:183} INFO - Processing /home/airflow/.local/lib/python3.12/site-packages/airflow/example_dags/example_branch_operator.py took 0.201 seconds
[2026-06-15T15:58:21.089+0000] {processor.py:161} INFO - Started process (PID=234) to work on /home/airflow/.local/lib/python3.12/site-packages/airflow/example_dags/example_branch_operator.py
[2026-06-15T15:58:21.091+0000] {processor.py:830} INFO - Processing file /home/airflow/.local/lib/python3.12/site-packages/airflow/example_dags/example_branch_operator.py for tasks to queue
[2026-06-15T15:58:21.095+0000] {logging_mixin.py:188} INFO - [2026-06-15T15:58:21.094+0000] {dagbag.py:545} INFO - Filling up the DagBag from /home/airflow/.local/lib/python3.12/site-packages/airflow/example_dags/example_branch_operator.py
[2026-06-15T15:58:21.125+0000] {processor.py:840} INFO - DAG(s) 'example_branch_operator' retrieved from /home/airflow/.local/lib/python3.12/site-packages/airflow/example_dags/example_branch_operator.py
[2026-06-15T15:58:21.185+0000] {logging_mixin.py:188} INFO - [2026-06-15T15:58:21.184+0000] {dag.py:3096} INFO - Sync 1 DAGs
[2026-06-15T15:58:21.232+0000] {logging_mixin.py:188} INFO - [2026-06-15T15:58:21.232+0000] {dag.py:3954} INFO - Setting next_dagrun for example_branch_operator to 2026-06-14 00:00:00+00:00, run_after=2026-06-15 00:00:00+00:00
[2026-06-15T15:58:21.274+0000] {processor.py:183} INFO - Processing /home/airflow/.local/lib/python3.12/site-packages/airflow/example_dags/example_branch_operator.py took 0.194 seconds
[2026-06-15T15:58:52.085+0000] {processor.py:161} INFO - Started process (PID=294) to work on /home/airflow/.local/lib/python3.12/site-packages/airflow/example_dags/example_branch_operator.py
[2026-06-15T15:58:52.087+0000] {processor.py:830} INFO - Processing file /home/airflow/.local/lib/python3.12/site-packages/airflow/example_dags/example_branch_operator.py for tasks to queue
[2026-06-15T15:58:52.091+0000] {logging_mixin.py:188} INFO - [2026-06-15T15:58:52.090+0000] {dagbag.py:545} INFO - Filling up the DagBag from /home/airflow/.local/lib/python3.12/site-packages/airflow/example_dags/example_branch_operator.py
[2026-06-15T15:58:52.124+0000] {processor.py:840} INFO - DAG(s) 'example_branch_operator' retrieved from /home/airflow/.local/lib/python3.12/site-packages/airflow/example_dags/example_branch_operator.py
[2026-06-15T15:58:52.193+0000] {logging_mixin.py:188} INFO - [2026-06-15T15:58:52.193+0000] {dag.py:3096} INFO - Sync 1 DAGs
[2026-06-15T15:58:52.247+0000] {logging_mixin.py:188} INFO - [2026-06-15T15:58:52.247+0000] {dag.py:3954} INFO - Setting next_dagrun for example_branch_operator to 2026-06-14 00:00:00+00:00, run_after=2026-06-15 00:00:00+00:00
[2026-06-15T15:58:52.295+0000] {processor.py:183} INFO - Processing /home/airflow/.local/lib/python3.12/site-packages/airflow/example_dags/example_branch_operator.py took 0.222 seconds
[2026-06-15T15:59:22.513+0000] {processor.py:161} INFO - Started process (PID=354) to work on /home/airflow/.local/lib/python3.12/site-packages/airflow/example_dags/example_branch_operator.py
[2026-06-15T15:59:22.515+0000] {processor.py:830} INFO - Processing file /home/airflow/.local/lib/python3.12/site-packages/airflow/example_dags/example_branch_operator.py for tasks to queue
[2026-06-15T15:59:22.520+0000] {logging_mixin.py:188} INFO - [2026-06-15T15:59:22.519+0000] {dagbag.py:545} INFO - Filling up the DagBag from /home/airflow/.local/lib/python3.12/site-packages/airflow/example_dags/example_branch_operator.py
[2026-06-15T15:59:22.552+0000] {processor.py:840} INFO - DAG(s) 'example_branch_operator' retrieved from /home/airflow/.local/lib/python3.12/site-packages/airflow/example_dags/example_branch_operator.py
[2026-06-15T15:59:22.602+0000] {logging_mixin.py:188} INFO - [2026-06-15T15:59:22.602+0000] {dag.py:3096} INFO - Sync 1 DAGs
[2026-06-15T15:59:22.643+0000] {logging_mixin.py:188} INFO - [2026-06-15T15:59:22.643+0000] {dag.py:3954} INFO - Setting next_dagrun for example_branch_operator to 2026-06-14 00:00:00+00:00, run_after=2026-06-15 00:00:00+00:00
[2026-06-15T15:59:22.689+0000] {processor.py:183} INFO - Processing /home/airflow/.local/lib/python3.12/site-packages/airflow/example_dags/example_branch_operator.py took 0.185 seconds
[2026-06-15T15:59:52.927+0000] {processor.py:161} INFO - Started process (PID=414) to work on /home/airflow/.local/lib/python3.12/site-packages/airflow/example_dags/example_branch_operator.py
[2026-06-15T15:59:52.930+0000] {processor.py:830} INFO - Processing file /home/airflow/.local/lib/python3.12/site-packages/airflow/example_dags/example_branch_operator.py for tasks to queue
[2026-06-15T15:59:52.935+0000] {logging_mixin.py:188} INFO - [2026-06-15T15:59:52.934+0000] {dagbag.py:545} INFO - Filling up the DagBag from /home/airflow/.local/lib/python3.12/site-packages/airflow/example_dags/example_branch_operator.py
[2026-06-15T15:59:52.964+0000] {processor.py:840} INFO - DAG(s) 'example_branch_operator' retrieved from /home/airflow/.local/lib/python3.12/site-packages/airflow/example_dags/example_branch_operator.py
[2026-06-15T15:59:53.017+0000] {logging_mixin.py:188} INFO - [2026-06-15T15:59:53.017+0000] {dag.py:3096} INFO - Sync 1 DAGs
[2026-06-15T15:59:53.059+0000] {logging_mixin.py:188} INFO - [2026-06-15T15:59:53.058+0000] {dag.py:3954} INFO - Setting next_dagrun for example_branch_operator to 2026-06-14 00:00:00+00:00, run_after=2026-06-15 00:00:00+00:00
[2026-06-15T15:59:53.099+0000] {processor.py:183} INFO - Processing /home/airflow/.local/lib/python3.12/site-packages/airflow/example_dags/example_branch_operator.py took 0.181 seconds
[2026-06-15T16:00:23.333+0000] {processor.py:161} INFO - Started process (PID=474) to work on /home/airflow/.local/lib/python3.12/site-packages/airflow/example_dags/example_branch_operator.py
[2026-06-15T16:00:23.336+0000] {processor.py:830} INFO - Processing file /home/airflow/.local/lib/python3.12/site-packages/airflow/example_dags/example_branch_operator.py for tasks to queue
[2026-06-15T16:00:23.339+0000] {logging_mixin.py:188} INFO - [2026-06-15T16:00:23.339+0000] {dagbag.py:545} INFO - Filling up the DagBag from /home/airflow/.local/lib/python3.12/site-packages/airflow/example_dags/example_branch_operator.py
[2026-06-15T16:00:23.365+0000] {processor.py:840} INFO - DAG(s) 'example_branch_operator' retrieved from /home/airflow/.local/lib/python3.12/site-packages/airflow/example_dags/example_branch_operator.py
[2026-06-15T16:00:23.418+0000] {logging_mixin.py:188} INFO - [2026-06-15T16:00:23.418+0000] {dag.py:3096} INFO - Sync 1 DAGs
[2026-06-15T16:00:23.464+0000] {logging_mixin.py:188} INFO - [2026-06-15T16:00:23.463+0000] {dag.py:3954} INFO - Setting next_dagrun for example_branch_operator to 2026-06-14 00:00:00+00:00, run_after=2026-06-15 00:00:00+00:00
[2026-06-15T16:00:23.518+0000] {processor.py:183} INFO - Processing /home/airflow/.local/lib/python3.12/site-packages/airflow/example_dags/example_branch_operator.py took 0.194 seconds
[2026-06-15T16:03:05.083+0000] {processor.py:161} INFO - Started process (PID=115) to work on /home/airflow/.local/lib/python3.12/site-packages/airflow/example_dags/example_branch_operator.py
[2026-06-15T16:03:05.085+0000] {processor.py:830} INFO - Processing file /home/airflow/.local/lib/python3.12/site-packages/airflow/example_dags/example_branch_operator.py for tasks to queue
[2026-06-15T16:03:05.089+0000] {logging_mixin.py:188} INFO - [2026-06-15T16:03:05.089+0000] {dagbag.py:545} INFO - Filling up the DagBag from /home/airflow/.local/lib/python3.12/site-packages/airflow/example_dags/example_branch_operator.py
[2026-06-15T16:03:05.125+0000] {processor.py:840} INFO - DAG(s) 'example_branch_operator' retrieved from /home/airflow/.local/lib/python3.12/site-packages/airflow/example_dags/example_branch_operator.py
[2026-06-15T16:03:05.353+0000] {logging_mixin.py:188} INFO - [2026-06-15T16:03:05.352+0000] {dag.py:3096} INFO - Sync 1 DAGs
[2026-06-15T16:03:05.396+0000] {logging_mixin.py:188} INFO - [2026-06-15T16:03:05.396+0000] {dag.py:3954} INFO - Setting next_dagrun for example_branch_operator to 2026-06-14 00:00:00+00:00, run_after=2026-06-15 00:00:00+00:00
[2026-06-15T16:03:05.445+0000] {processor.py:183} INFO - Processing /home/airflow/.local/lib/python3.12/site-packages/airflow/example_dags/example_branch_operator.py took 0.375 seconds
[2026-06-15T16:03:35.565+0000] {processor.py:161} INFO - Started process (PID=197) to work on /home/airflow/.local/lib/python3.12/site-packages/airflow/example_dags/example_branch_operator.py
[2026-06-15T16:03:35.567+0000] {processor.py:830} INFO - Processing file /home/airflow/.local/lib/python3.12/site-packages/airflow/example_dags/example_branch_operator.py for tasks to queue
[2026-06-15T16:03:35.571+0000] {logging_mixin.py:188} INFO - [2026-06-15T16:03:35.570+0000] {dagbag.py:545} INFO - Filling up the DagBag from /home/airflow/.local/lib/python3.12/site-packages/airflow/example_dags/example_branch_operator.py
[2026-06-15T16:03:35.593+0000] {processor.py:840} INFO - DAG(s) 'example_branch_operator' retrieved from /home/airflow/.local/lib/python3.12/site-packages/airflow/example_dags/example_branch_operator.py
[2026-06-15T16:03:35.641+0000] {logging_mixin.py:188} INFO - [2026-06-15T16:03:35.640+0000] {dag.py:3096} INFO - Sync 1 DAGs
[2026-06-15T16:03:35.684+0000] {logging_mixin.py:188} INFO - [2026-06-15T16:03:35.684+0000] {dag.py:3954} INFO - Setting next_dagrun for example_branch_operator to 2026-06-14 00:00:00+00:00, run_after=2026-06-15 00:00:00+00:00
[2026-06-15T16:03:35.722+0000] {processor.py:183} INFO - Processing /home/airflow/.local/lib/python3.12/site-packages/airflow/example_dags/example_branch_operator.py took 0.165 seconds
[2026-06-15T16:04:05.883+0000] {processor.py:161} INFO - Started process (PID=312) to work on /home/airflow/.local/lib/python3.12/site-packages/airflow/example_dags/example_branch_operator.py
[2026-06-15T16:04:05.885+0000] {processor.py:830} INFO - Processing file /home/airflow/.local/lib/python3.12/site-packages/airflow/example_dags/example_branch_operator.py for tasks to queue
[2026-06-15T16:04:05.888+0000] {logging_mixin.py:188} INFO - [2026-06-15T16:04:05.888+0000] {dagbag.py:545} INFO - Filling up the DagBag from /home/airflow/.local/lib/python3.12/site-packages/airflow/example_dags/example_branch_operator.py
[2026-06-15T16:04:05.921+0000] {processor.py:840} INFO - DAG(s) 'example_branch_operator' retrieved from /home/airflow/.local/lib/python3.12/site-packages/airflow/example_dags/example_branch_operator.py
[2026-06-15T16:04:05.969+0000] {logging_mixin.py:188} INFO - [2026-06-15T16:04:05.968+0000] {dag.py:3096} INFO - Sync 1 DAGs
[2026-06-15T16:04:06.005+0000] {logging_mixin.py:188} INFO - [2026-06-15T16:04:06.004+0000] {dag.py:3954} INFO - Setting next_dagrun for example_branch_operator to 2026-06-14 00:00:00+00:00, run_after=2026-06-15 00:00:00+00:00
[2026-06-15T16:04:06.052+0000] {processor.py:183} INFO - Processing /home/airflow/.local/lib/python3.12/site-packages/airflow/example_dags/example_branch_operator.py took 0.179 seconds
[2026-06-15T16:04:36.678+0000] {processor.py:161} INFO - Started process (PID=371) to work on /home/airflow/.local/lib/python3.12/site-packages/airflow/example_dags/example_branch_operator.py
[2026-06-15T16:04:36.680+0000] {processor.py:830} INFO - Processing file /home/airflow/.local/lib/python3.12/site-packages/airflow/example_dags/example_branch_operator.py for tasks to queue
[2026-06-15T16:04:36.683+0000] {logging_mixin.py:188} INFO - [2026-06-15T16:04:36.683+0000] {dagbag.py:545} INFO - Filling up the DagBag from /home/airflow/.local/lib/python3.12/site-packages/airflow/example_dags/example_branch_operator.py
[2026-06-15T16:04:36.712+0000] {processor.py:840} INFO - DAG(s) 'example_branch_operator' retrieved from /home/airflow/.local/lib/python3.12/site-packages/airflow/example_dags/example_branch_operator.py
[2026-06-15T16:04:36.759+0000] {logging_mixin.py:188} INFO - [2026-06-15T16:04:36.758+0000] {dag.py:3096} INFO - Sync 1 DAGs
[2026-06-15T16:04:36.793+0000] {logging_mixin.py:188} INFO - [2026-06-15T16:04:36.792+0000] {dag.py:3954} INFO - Setting next_dagrun for example_branch_operator to 2026-06-14 00:00:00+00:00, run_after=2026-06-15 00:00:00+00:00
[2026-06-15T16:04:36.829+0000] {processor.py:183} INFO - Processing /home/airflow/.local/lib/python3.12/site-packages/airflow/example_dags/example_branch_operator.py took 0.163 seconds
[2026-06-15T16:05:07.048+0000] {processor.py:161} INFO - Started process (PID=430) to work on /home/airflow/.local/lib/python3.12/site-packages/airflow/example_dags/example_branch_operator.py
[2026-06-15T16:05:07.050+0000] {processor.py:830} INFO - Processing file /home/airflow/.local/lib/python3.12/site-packages/airflow/example_dags/example_branch_operator.py for tasks to queue
[2026-06-15T16:05:07.053+0000] {logging_mixin.py:188} INFO - [2026-06-15T16:05:07.053+0000] {dagbag.py:545} INFO - Filling up the DagBag from /home/airflow/.local/lib/python3.12/site-packages/airflow/example_dags/example_branch_operator.py
[2026-06-15T16:05:07.080+0000] {processor.py:840} INFO - DAG(s) 'example_branch_operator' retrieved from /home/airflow/.local/lib/python3.12/site-packages/airflow/example_dags/example_branch_operator.py
[2026-06-15T16:05:07.137+0000] {logging_mixin.py:188} INFO - [2026-06-15T16:05:07.137+0000] {dag.py:3096} INFO - Sync 1 DAGs
[2026-06-15T16:05:07.168+0000] {logging_mixin.py:188} INFO - [2026-06-15T16:05:07.168+0000] {dag.py:3954} INFO - Setting next_dagrun for example_branch_operator to 2026-06-14 00:00:00+00:00, run_after=2026-06-15 00:00:00+00:00
[2026-06-15T16:05:07.205+0000] {processor.py:183} INFO - Processing /home/airflow/.local/lib/python3.12/site-packages/airflow/example_dags/example_branch_operator.py took 0.167 seconds
[2026-06-15T16:05:37.809+0000] {processor.py:161} INFO - Started process (PID=489) to work on /home/airflow/.local/lib/python3.12/site-packages/airflow/example_dags/example_branch_operator.py
[2026-06-15T16:05:37.811+0000] {processor.py:830} INFO - Processing file /home/airflow/.local/lib/python3.12/site-packages/airflow/example_dags/example_branch_operator.py for tasks to queue
[2026-06-15T16:05:37.814+0000] {logging_mixin.py:188} INFO - [2026-06-15T16:05:37.813+0000] {dagbag.py:545} INFO - Filling up the DagBag from /home/airflow/.local/lib/python3.12/site-packages/airflow/example_dags/example_branch_operator.py
[2026-06-15T16:05:37.847+0000] {processor.py:840} INFO - DAG(s) 'example_branch_operator' retrieved from /home/airflow/.local/lib/python3.12/site-packages/airflow/example_dags/example_branch_operator.py
[2026-06-15T16:05:37.905+0000] {logging_mixin.py:188} INFO - [2026-06-15T16:05:37.905+0000] {dag.py:3096} INFO - Sync 1 DAGs
[2026-06-15T16:05:37.942+0000] {logging_mixin.py:188} INFO - [2026-06-15T16:05:37.941+0000] {dag.py:3954} INFO - Setting next_dagrun for example_branch_operator to 2026-06-14 00:00:00+00:00, run_after=2026-06-15 00:00:00+00:00
[2026-06-15T16:05:37.978+0000] {processor.py:183} INFO - Processing /home/airflow/.local/lib/python3.12/site-packages/airflow/example_dags/example_branch_operator.py took 0.178 seconds
[2026-06-15T16:06:08.122+0000] {processor.py:161} INFO - Started process (PID=548) to work on /home/airflow/.local/lib/python3.12/site-packages/airflow/example_dags/example_branch_operator.py
[2026-06-15T16:06:08.124+0000] {processor.py:830} INFO - Processing file /home/airflow/.local/lib/python3.12/site-packages/airflow/example_dags/example_branch_operator.py for tasks to queue
[2026-06-15T16:06:08.129+0000] {logging_mixin.py:188} INFO - [2026-06-15T16:06:08.128+0000] {dagbag.py:545} INFO - Filling up the DagBag from /home/airflow/.local/lib/python3.12/site-packages/airflow/example_dags/example_branch_operator.py
[2026-06-15T16:06:08.161+0000] {processor.py:840} INFO - DAG(s) 'example_branch_operator' retrieved from /home/airflow/.local/lib/python3.12/site-packages/airflow/example_dags/example_branch_operator.py
[2026-06-15T16:06:08.211+0000] {logging_mixin.py:188} INFO - [2026-06-15T16:06:08.211+0000] {dag.py:3096} INFO - Sync 1 DAGs
[2026-06-15T16:06:08.258+0000] {logging_mixin.py:188} INFO - [2026-06-15T16:06:08.257+0000] {dag.py:3954} INFO - Setting next_dagrun for example_branch_operator to 2026-06-14 00:00:00+00:00, run_after=2026-06-15 00:00:00+00:00
[2026-06-15T16:06:08.306+0000] {processor.py:183} INFO - Processing /home/airflow/.local/lib/python3.12/site-packages/airflow/example_dags/example_branch_operator.py took 0.194 seconds
[2026-06-15T16:06:38.647+0000] {processor.py:161} INFO - Started process (PID=607) to work on /home/airflow/.local/lib/python3.12/site-packages/airflow/example_dags/example_branch_operator.py
[2026-06-15T16:06:38.649+0000] {processor.py:830} INFO - Processing file /home/airflow/.local/lib/python3.12/site-packages/airflow/example_dags/example_branch_operator.py for tasks to queue
[2026-06-15T16:06:38.653+0000] {logging_mixin.py:188} INFO - [2026-06-15T16:06:38.652+0000] {dagbag.py:545} INFO - Filling up the DagBag from /home/airflow/.local/lib/python3.12/site-packages/airflow/example_dags/example_branch_operator.py
[2026-06-15T16:06:38.679+0000] {processor.py:840} INFO - DAG(s) 'example_branch_operator' retrieved from /home/airflow/.local/lib/python3.12/site-packages/airflow/example_dags/example_branch_operator.py
[2026-06-15T16:06:38.728+0000] {logging_mixin.py:188} INFO - [2026-06-15T16:06:38.727+0000] {dag.py:3096} INFO - Sync 1 DAGs
[2026-06-15T16:06:38.763+0000] {logging_mixin.py:188} INFO - [2026-06-15T16:06:38.763+0000] {dag.py:3954} INFO - Setting next_dagrun for example_branch_operator to 2026-06-14 00:00:00+00:00, run_after=2026-06-15 00:00:00+00:00
[2026-06-15T16:06:38.794+0000] {processor.py:183} INFO - Processing /home/airflow/.local/lib/python3.12/site-packages/airflow/example_dags/example_branch_operator.py took 0.156 seconds
[2026-06-15T16:07:09.183+0000] {processor.py:161} INFO - Started process (PID=666) to work on /home/airflow/.local/lib/python3.12/site-packages/airflow/example_dags/example_branch_operator.py
[2026-06-15T16:07:09.185+0000] {processor.py:830} INFO - Processing file /home/airflow/.local/lib/python3.12/site-packages/airflow/example_dags/example_branch_operator.py for tasks to queue
[2026-06-15T16:07:09.190+0000] {logging_mixin.py:188} INFO - [2026-06-15T16:07:09.189+0000] {dagbag.py:545} INFO - Filling up the DagBag from /home/airflow/.local/lib/python3.12/site-packages/airflow/example_dags/example_branch_operator.py
[2026-06-15T16:07:09.218+0000] {processor.py:840} INFO - DAG(s) 'example_branch_operator' retrieved from /home/airflow/.local/lib/python3.12/site-packages/airflow/example_dags/example_branch_operator.py
[2026-06-15T16:07:09.278+0000] {logging_mixin.py:188} INFO - [2026-06-15T16:07:09.277+0000] {dag.py:3096} INFO - Sync 1 DAGs
[2026-06-15T16:07:09.325+0000] {logging_mixin.py:188} INFO - [2026-06-15T16:07:09.324+0000] {dag.py:3954} INFO - Setting next_dagrun for example_branch_operator to 2026-06-14 00:00:00+00:00, run_after=2026-06-15 00:00:00+00:00
[2026-06-15T16:07:09.377+0000] {processor.py:183} INFO - Processing /home/airflow/.local/lib/python3.12/site-packages/airflow/example_dags/example_branch_operator.py took 0.203 seconds
[2026-06-15T16:07:39.960+0000] {processor.py:161} INFO - Started process (PID=726) to work on /home/airflow/.local/lib/python3.12/site-packages/airflow/example_dags/example_branch_operator.py
[2026-06-15T16:07:39.962+0000] {processor.py:830} INFO - Processing file /home/airflow/.local/lib/python3.12/site-packages/airflow/example_dags/example_branch_operator.py for tasks to queue
[2026-06-15T16:07:39.967+0000] {logging_mixin.py:188} INFO - [2026-06-15T16:07:39.966+0000] {dagbag.py:545} INFO - Filling up the DagBag from /home/airflow/.local/lib/python3.12/site-packages/airflow/example_dags/example_branch_operator.py
[2026-06-15T16:07:40.007+0000] {processor.py:840} INFO - DAG(s) 'example_branch_operator' retrieved from /home/airflow/.local/lib/python3.12/site-packages/airflow/example_dags/example_branch_operator.py
[2026-06-15T16:07:40.066+0000] {logging_mixin.py:188} INFO - [2026-06-15T16:07:40.066+0000] {dag.py:3096} INFO - Sync 1 DAGs
[2026-06-15T16:07:40.104+0000] {logging_mixin.py:188} INFO - [2026-06-15T16:07:40.103+0000] {dag.py:3954} INFO - Setting next_dagrun for example_branch_operator to 2026-06-14 00:00:00+00:00, run_after=2026-06-15 00:00:00+00:00
[2026-06-15T16:07:40.138+0000] {processor.py:183} INFO - Processing /home/airflow/.local/lib/python3.12/site-packages/airflow/example_dags/example_branch_operator.py took 0.190 seconds
[2026-06-15T16:08:10.367+0000] {processor.py:161} INFO - Started process (PID=785) to work on /home/airflow/.local/lib/python3.12/site-packages/airflow/example_dags/example_branch_operator.py
[2026-06-15T16:08:10.369+0000] {processor.py:830} INFO - Processing file /home/airflow/.local/lib/python3.12/site-packages/airflow/example_dags/example_branch_operator.py for tasks to queue
[2026-06-15T16:08:10.372+0000] {logging_mixin.py:188} INFO - [2026-06-15T16:08:10.372+0000] {dagbag.py:545} INFO - Filling up the DagBag from /home/airflow/.local/lib/python3.12/site-packages/airflow/example_dags/example_branch_operator.py
[2026-06-15T16:08:10.402+0000] {processor.py:840} INFO - DAG(s) 'example_branch_operator' retrieved from /home/airflow/.local/lib/python3.12/site-packages/airflow/example_dags/example_branch_operator.py
[2026-06-15T16:08:10.455+0000] {logging_mixin.py:188} INFO - [2026-06-15T16:08:10.455+0000] {dag.py:3096} INFO - Sync 1 DAGs
[2026-06-15T16:08:10.490+0000] {logging_mixin.py:188} INFO - [2026-06-15T16:08:10.489+0000] {dag.py:3954} INFO - Setting next_dagrun for example_branch_operator to 2026-06-14 00:00:00+00:00, run_after=2026-06-15 00:00:00+00:00
[2026-06-15T16:08:10.524+0000] {processor.py:183} INFO - Processing /home/airflow/.local/lib/python3.12/site-packages/airflow/example_dags/example_branch_operator.py took 0.171 seconds
[2026-06-15T16:08:41.200+0000] {processor.py:161} INFO - Started process (PID=844) to work on /home/airflow/.local/lib/python3.12/site-packages/airflow/example_dags/example_branch_operator.py
[2026-06-15T16:08:41.202+0000] {processor.py:830} INFO - Processing file /home/airflow/.local/lib/python3.12/site-packages/airflow/example_dags/example_branch_operator.py for tasks to queue
[2026-06-15T16:08:41.207+0000] {logging_mixin.py:188} INFO - [2026-06-15T16:08:41.206+0000] {dagbag.py:545} INFO - Filling up the DagBag from /home/airflow/.local/lib/python3.12/site-packages/airflow/example_dags/example_branch_operator.py
[2026-06-15T16:08:41.232+0000] {processor.py:840} INFO - DAG(s) 'example_branch_operator' retrieved from /home/airflow/.local/lib/python3.12/site-packages/airflow/example_dags/example_branch_operator.py
[2026-06-15T16:08:41.278+0000] {logging_mixin.py:188} INFO - [2026-06-15T16:08:41.277+0000] {dag.py:3096} INFO - Sync 1 DAGs
[2026-06-15T16:08:41.320+0000] {logging_mixin.py:188} INFO - [2026-06-15T16:08:41.319+0000] {dag.py:3954} INFO - Setting next_dagrun for example_branch_operator to 2026-06-14 00:00:00+00:00, run_after=2026-06-15 00:00:00+00:00
[2026-06-15T16:08:41.354+0000] {processor.py:183} INFO - Processing /home/airflow/.local/lib/python3.12/site-packages/airflow/example_dags/example_branch_operator.py took 0.165 seconds
[2026-06-15T16:09:12.800+0000] {processor.py:161} INFO - Started process (PID=903) to work on /home/airflow/.local/lib/python3.12/site-packages/airflow/example_dags/example_branch_operator.py
[2026-06-15T16:09:12.802+0000] {processor.py:830} INFO - Processing file /home/airflow/.local/lib/python3.12/site-packages/airflow/example_dags/example_branch_operator.py for tasks to queue
[2026-06-15T16:09:12.807+0000] {logging_mixin.py:188} INFO - [2026-06-15T16:09:12.807+0000] {dagbag.py:545} INFO - Filling up the DagBag from /home/airflow/.local/lib/python3.12/site-packages/airflow/example_dags/example_branch_operator.py
[2026-06-15T16:09:12.847+0000] {processor.py:840} INFO - DAG(s) 'example_branch_operator' retrieved from /home/airflow/.local/lib/python3.12/site-packages/airflow/example_dags/example_branch_operator.py
[2026-06-15T16:09:12.918+0000] {logging_mixin.py:188} INFO - [2026-06-15T16:09:12.918+0000] {dag.py:3096} INFO - Sync 1 DAGs
[2026-06-15T16:09:12.959+0000] {logging_mixin.py:188} INFO - [2026-06-15T16:09:12.959+0000] {dag.py:3954} INFO - Setting next_dagrun for example_branch_operator to 2026-06-14 00:00:00+00:00, run_after=2026-06-15 00:00:00+00:00
[2026-06-15T16:09:13.001+0000] {processor.py:183} INFO - Processing /home/airflow/.local/lib/python3.12/site-packages/airflow/example_dags/example_branch_operator.py took 0.215 seconds
[2026-06-15T16:09:43.278+0000] {processor.py:161} INFO - Started process (PID=962) to work on /home/airflow/.local/lib/python3.12/site-packages/airflow/example_dags/example_branch_operator.py
[2026-06-15T16:09:43.280+0000] {processor.py:830} INFO - Processing file /home/airflow/.local/lib/python3.12/site-packages/airflow/example_dags/example_branch_operator.py for tasks to queue
[2026-06-15T16:09:43.283+0000] {logging_mixin.py:188} INFO - [2026-06-15T16:09:43.283+0000] {dagbag.py:545} INFO - Filling up the DagBag from /home/airflow/.local/lib/python3.12/site-packages/airflow/example_dags/example_branch_operator.py
[2026-06-15T16:09:43.304+0000] {processor.py:840} INFO - DAG(s) 'example_branch_operator' retrieved from /home/airflow/.local/lib/python3.12/site-packages/airflow/example_dags/example_branch_operator.py
[2026-06-15T16:09:43.355+0000] {logging_mixin.py:188} INFO - [2026-06-15T16:09:43.355+0000] {dag.py:3096} INFO - Sync 1 DAGs
[2026-06-15T16:09:43.396+0000] {logging_mixin.py:188} INFO - [2026-06-15T16:09:43.396+0000] {dag.py:3954} INFO - Setting next_dagrun for example_branch_operator to 2026-06-14 00:00:00+00:00, run_after=2026-06-15 00:00:00+00:00
[2026-06-15T16:09:43.435+0000] {processor.py:183} INFO - Processing /home/airflow/.local/lib/python3.12/site-packages/airflow/example_dags/example_branch_operator.py took 0.164 seconds
[2026-06-15T16:10:13.767+0000] {processor.py:161} INFO - Started process (PID=1021) to work on /home/airflow/.local/lib/python3.12/site-packages/airflow/example_dags/example_branch_operator.py
[2026-06-15T16:10:13.770+0000] {processor.py:830} INFO - Processing file /home/airflow/.local/lib/python3.12/site-packages/airflow/example_dags/example_branch_operator.py for tasks to queue
[2026-06-15T16:10:13.775+0000] {logging_mixin.py:188} INFO - [2026-06-15T16:10:13.774+0000] {dagbag.py:545} INFO - Filling up the DagBag from /home/airflow/.local/lib/python3.12/site-packages/airflow/example_dags/example_branch_operator.py
[2026-06-15T16:10:13.805+0000] {processor.py:840} INFO - DAG(s) 'example_branch_operator' retrieved from /home/airflow/.local/lib/python3.12/site-packages/airflow/example_dags/example_branch_operator.py
[2026-06-15T16:10:13.852+0000] {logging_mixin.py:188} INFO - [2026-06-15T16:10:13.851+0000] {dag.py:3096} INFO - Sync 1 DAGs
[2026-06-15T16:10:13.888+0000] {logging_mixin.py:188} INFO - [2026-06-15T16:10:13.888+0000] {dag.py:3954} INFO - Setting next_dagrun for example_branch_operator to 2026-06-14 00:00:00+00:00, run_after=2026-06-15 00:00:00+00:00
[2026-06-15T16:10:13.928+0000] {processor.py:183} INFO - Processing /home/airflow/.local/lib/python3.12/site-packages/airflow/example_dags/example_branch_operator.py took 0.173 seconds
[2026-06-15T16:10:44.783+0000] {processor.py:161} INFO - Started process (PID=1080) to work on /home/airflow/.local/lib/python3.12/site-packages/airflow/example_dags/example_branch_operator.py
[2026-06-15T16:10:44.785+0000] {processor.py:830} INFO - Processing file /home/airflow/.local/lib/python3.12/site-packages/airflow/example_dags/example_branch_operator.py for tasks to queue
[2026-06-15T16:10:44.790+0000] {logging_mixin.py:188} INFO - [2026-06-15T16:10:44.789+0000] {dagbag.py:545} INFO - Filling up the DagBag from /home/airflow/.local/lib/python3.12/site-packages/airflow/example_dags/example_branch_operator.py
[2026-06-15T16:10:44.823+0000] {processor.py:840} INFO - DAG(s) 'example_branch_operator' retrieved from /home/airflow/.local/lib/python3.12/site-packages/airflow/example_dags/example_branch_operator.py
[2026-06-15T16:10:44.880+0000] {logging_mixin.py:188} INFO - [2026-06-15T16:10:44.879+0000] {dag.py:3096} INFO - Sync 1 DAGs
[2026-06-15T16:10:44.923+0000] {logging_mixin.py:188} INFO - [2026-06-15T16:10:44.922+0000] {dag.py:3954} INFO - Setting next_dagrun for example_branch_operator to 2026-06-14 00:00:00+00:00, run_after=2026-06-15 00:00:00+00:00
[2026-06-15T16:10:44.957+0000] {processor.py:183} INFO - Processing /home/airflow/.local/lib/python3.12/site-packages/airflow/example_dags/example_branch_operator.py took 0.187 seconds
[2026-06-15T16:11:15.217+0000] {processor.py:161} INFO - Started process (PID=1139) to work on /home/airflow/.local/lib/python3.12/site-packages/airflow/example_dags/example_branch_operator.py
[2026-06-15T16:11:15.219+0000] {processor.py:830} INFO - Processing file /home/airflow/.local/lib/python3.12/site-packages/airflow/example_dags/example_branch_operator.py for tasks to queue
[2026-06-15T16:11:15.222+0000] {logging_mixin.py:188} INFO - [2026-06-15T16:11:15.221+0000] {dagbag.py:545} INFO - Filling up the DagBag from /home/airflow/.local/lib/python3.12/site-packages/airflow/example_dags/example_branch_operator.py
[2026-06-15T16:11:15.244+0000] {processor.py:840} INFO - DAG(s) 'example_branch_operator' retrieved from /home/airflow/.local/lib/python3.12/site-packages/airflow/example_dags/example_branch_operator.py
[2026-06-15T16:11:15.286+0000] {logging_mixin.py:188} INFO - [2026-06-15T16:11:15.286+0000] {dag.py:3096} INFO - Sync 1 DAGs
[2026-06-15T16:11:15.328+0000] {logging_mixin.py:188} INFO - [2026-06-15T16:11:15.327+0000] {dag.py:3954} INFO - Setting next_dagrun for example_branch_operator to 2026-06-14 00:00:00+00:00, run_after=2026-06-15 00:00:00+00:00
[2026-06-15T16:11:15.363+0000] {processor.py:183} INFO - Processing /home/airflow/.local/lib/python3.12/site-packages/airflow/example_dags/example_branch_operator.py took 0.155 seconds
[2026-06-15T16:11:45.534+0000] {processor.py:161} INFO - Started process (PID=1198) to work on /home/airflow/.local/lib/python3.12/site-packages/airflow/example_dags/example_branch_operator.py
[2026-06-15T16:11:45.536+0000] {processor.py:830} INFO - Processing file /home/airflow/.local/lib/python3.12/site-packages/airflow/example_dags/example_branch_operator.py for tasks to queue
[2026-06-15T16:11:45.539+0000] {logging_mixin.py:188} INFO - [2026-06-15T16:11:45.539+0000] {dagbag.py:545} INFO - Filling up the DagBag from /home/airflow/.local/lib/python3.12/site-packages/airflow/example_dags/example_branch_operator.py
[2026-06-15T16:11:45.561+0000] {processor.py:840} INFO - DAG(s) 'example_branch_operator' retrieved from /home/airflow/.local/lib/python3.12/site-packages/airflow/example_dags/example_branch_operator.py
[2026-06-15T16:11:45.605+0000] {logging_mixin.py:188} INFO - [2026-06-15T16:11:45.605+0000] {dag.py:3096} INFO - Sync 1 DAGs
[2026-06-15T16:11:45.642+0000] {logging_mixin.py:188} INFO - [2026-06-15T16:11:45.641+0000] {dag.py:3954} INFO - Setting next_dagrun for example_branch_operator to 2026-06-14 00:00:00+00:00, run_after=2026-06-15 00:00:00+00:00
[2026-06-15T16:11:45.685+0000] {processor.py:183} INFO - Processing /home/airflow/.local/lib/python3.12/site-packages/airflow/example_dags/example_branch_operator.py took 0.159 seconds
[2026-06-15T16:12:15.767+0000] {processor.py:161} INFO - Started process (PID=1258) to work on /home/airflow/.local/lib/python3.12/site-packages/airflow/example_dags/example_branch_operator.py
[2026-06-15T16:12:15.769+0000] {processor.py:830} INFO - Processing file /home/airflow/.local/lib/python3.12/site-packages/airflow/example_dags/example_branch_operator.py for tasks to queue
[2026-06-15T16:12:15.773+0000] {logging_mixin.py:188} INFO - [2026-06-15T16:12:15.772+0000] {dagbag.py:545} INFO - Filling up the DagBag from /home/airflow/.local/lib/python3.12/site-packages/airflow/example_dags/example_branch_operator.py
[2026-06-15T16:12:15.801+0000] {processor.py:840} INFO - DAG(s) 'example_branch_operator' retrieved from /home/airflow/.local/lib/python3.12/site-packages/airflow/example_dags/example_branch_operator.py
[2026-06-15T16:12:15.850+0000] {logging_mixin.py:188} INFO - [2026-06-15T16:12:15.850+0000] {dag.py:3096} INFO - Sync 1 DAGs
[2026-06-15T16:12:15.886+0000] {logging_mixin.py:188} INFO - [2026-06-15T16:12:15.886+0000] {dag.py:3954} INFO - Setting next_dagrun for example_branch_operator to 2026-06-14 00:00:00+00:00, run_after=2026-06-15 00:00:00+00:00
[2026-06-15T16:12:15.932+0000] {processor.py:183} INFO - Processing /home/airflow/.local/lib/python3.12/site-packages/airflow/example_dags/example_branch_operator.py took 0.174 seconds
[2026-06-15T16:12:46.067+0000] {processor.py:161} INFO - Started process (PID=1317) to work on /home/airflow/.local/lib/python3.12/site-packages/airflow/example_dags/example_branch_operator.py
[2026-06-15T16:12:46.069+0000] {processor.py:830} INFO - Processing file /home/airflow/.local/lib/python3.12/site-packages/airflow/example_dags/example_branch_operator.py for tasks to queue
[2026-06-15T16:12:46.072+0000] {logging_mixin.py:188} INFO - [2026-06-15T16:12:46.072+0000] {dagbag.py:545} INFO - Filling up the DagBag from /home/airflow/.local/lib/python3.12/site-packages/airflow/example_dags/example_branch_operator.py
[2026-06-15T16:12:46.097+0000] {processor.py:840} INFO - DAG(s) 'example_branch_operator' retrieved from /home/airflow/.local/lib/python3.12/site-packages/airflow/example_dags/example_branch_operator.py
[2026-06-15T16:12:46.142+0000] {logging_mixin.py:188} INFO - [2026-06-15T16:12:46.142+0000] {dag.py:3096} INFO - Sync 1 DAGs
[2026-06-15T16:12:46.173+0000] {logging_mixin.py:188} INFO - [2026-06-15T16:12:46.172+0000] {dag.py:3954} INFO - Setting next_dagrun for example_branch_operator to 2026-06-14 00:00:00+00:00, run_after=2026-06-15 00:00:00+00:00
[2026-06-15T16:12:46.207+0000] {processor.py:183} INFO - Processing /home/airflow/.local/lib/python3.12/site-packages/airflow/example_dags/example_branch_operator.py took 0.150 seconds
[2026-06-15T16:13:16.903+0000] {processor.py:161} INFO - Started process (PID=1376) to work on /home/airflow/.local/lib/python3.12/site-packages/airflow/example_dags/example_branch_operator.py
[2026-06-15T16:13:16.904+0000] {processor.py:830} INFO - Processing file /home/airflow/.local/lib/python3.12/site-packages/airflow/example_dags/example_branch_operator.py for tasks to queue
[2026-06-15T16:13:16.908+0000] {logging_mixin.py:188} INFO - [2026-06-15T16:13:16.907+0000] {dagbag.py:545} INFO - Filling up the DagBag from /home/airflow/.local/lib/python3.12/site-packages/airflow/example_dags/example_branch_operator.py
[2026-06-15T16:13:16.932+0000] {processor.py:840} INFO - DAG(s) 'example_branch_operator' retrieved from /home/airflow/.local/lib/python3.12/site-packages/airflow/example_dags/example_branch_operator.py
[2026-06-15T16:13:16.984+0000] {logging_mixin.py:188} INFO - [2026-06-15T16:13:16.983+0000] {dag.py:3096} INFO - Sync 1 DAGs
[2026-06-15T16:13:17.017+0000] {logging_mixin.py:188} INFO - [2026-06-15T16:13:17.016+0000] {dag.py:3954} INFO - Setting next_dagrun for example_branch_operator to 2026-06-14 00:00:00+00:00, run_after=2026-06-15 00:00:00+00:00
[2026-06-15T16:13:17.054+0000] {processor.py:183} INFO - Processing /home/airflow/.local/lib/python3.12/site-packages/airflow/example_dags/example_branch_operator.py took 0.160 seconds
[2026-06-15T16:13:48.415+0000] {processor.py:161} INFO - Started process (PID=1435) to work on /home/airflow/.local/lib/python3.12/site-packages/airflow/example_dags/example_branch_operator.py
[2026-06-15T16:13:48.418+0000] {processor.py:830} INFO - Processing file /home/airflow/.local/lib/python3.12/site-packages/airflow/example_dags/example_branch_operator.py for tasks to queue
[2026-06-15T16:13:48.422+0000] {logging_mixin.py:188} INFO - [2026-06-15T16:13:48.421+0000] {dagbag.py:545} INFO - Filling up the DagBag from /home/airflow/.local/lib/python3.12/site-packages/airflow/example_dags/example_branch_operator.py
[2026-06-15T16:13:48.445+0000] {processor.py:840} INFO - DAG(s) 'example_branch_operator' retrieved from /home/airflow/.local/lib/python3.12/site-packages/airflow/example_dags/example_branch_operator.py
[2026-06-15T16:13:48.488+0000] {logging_mixin.py:188} INFO - [2026-06-15T16:13:48.488+0000] {dag.py:3096} INFO - Sync 1 DAGs
[2026-06-15T16:13:48.522+0000] {logging_mixin.py:188} INFO - [2026-06-15T16:13:48.521+0000] {dag.py:3954} INFO - Setting next_dagrun for example_branch_operator to 2026-06-14 00:00:00+00:00, run_after=2026-06-15 00:00:00+00:00
[2026-06-15T16:13:48.560+0000] {processor.py:183} INFO - Processing /home/airflow/.local/lib/python3.12/site-packages/airflow/example_dags/example_branch_operator.py took 0.152 seconds
[2026-06-15T16:14:18.843+0000] {processor.py:161} INFO - Started process (PID=1494) to work on /home/airflow/.local/lib/python3.12/site-packages/airflow/example_dags/example_branch_operator.py
[2026-06-15T16:14:18.845+0000] {processor.py:830} INFO - Processing file /home/airflow/.local/lib/python3.12/site-packages/airflow/example_dags/example_branch_operator.py for tasks to queue
[2026-06-15T16:14:18.849+0000] {logging_mixin.py:188} INFO - [2026-06-15T16:14:18.848+0000] {dagbag.py:545} INFO - Filling up the DagBag from /home/airflow/.local/lib/python3.12/site-packages/airflow/example_dags/example_branch_operator.py
[2026-06-15T16:14:18.875+0000] {processor.py:840} INFO - DAG(s) 'example_branch_operator' retrieved from /home/airflow/.local/lib/python3.12/site-packages/airflow/example_dags/example_branch_operator.py
[2026-06-15T16:14:18.933+0000] {logging_mixin.py:188} INFO - [2026-06-15T16:14:18.932+0000] {dag.py:3096} INFO - Sync 1 DAGs
[2026-06-15T16:14:18.970+0000] {logging_mixin.py:188} INFO - [2026-06-15T16:14:18.970+0000] {dag.py:3954} INFO - Setting next_dagrun for example_branch_operator to 2026-06-14 00:00:00+00:00, run_after=2026-06-15 00:00:00+00:00
[2026-06-15T16:14:19.202+0000] {processor.py:183} INFO - Processing /home/airflow/.local/lib/python3.12/site-packages/airflow/example_dags/example_branch_operator.py took 0.368 seconds
[2026-06-15T16:14:49.344+0000] {processor.py:161} INFO - Started process (PID=1553) to work on /home/airflow/.local/lib/python3.12/site-packages/airflow/example_dags/example_branch_operator.py
[2026-06-15T16:14:49.345+0000] {processor.py:830} INFO - Processing file /home/airflow/.local/lib/python3.12/site-packages/airflow/example_dags/example_branch_operator.py for tasks to queue
[2026-06-15T16:14:49.349+0000] {logging_mixin.py:188} INFO - [2026-06-15T16:14:49.348+0000] {dagbag.py:545} INFO - Filling up the DagBag from /home/airflow/.local/lib/python3.12/site-packages/airflow/example_dags/example_branch_operator.py
[2026-06-15T16:14:49.374+0000] {processor.py:840} INFO - DAG(s) 'example_branch_operator' retrieved from /home/airflow/.local/lib/python3.12/site-packages/airflow/example_dags/example_branch_operator.py
[2026-06-15T16:14:49.418+0000] {logging_mixin.py:188} INFO - [2026-06-15T16:14:49.418+0000] {dag.py:3096} INFO - Sync 1 DAGs
[2026-06-15T16:14:49.455+0000] {logging_mixin.py:188} INFO - [2026-06-15T16:14:49.455+0000] {dag.py:3954} INFO - Setting next_dagrun for example_branch_operator to 2026-06-14 00:00:00+00:00, run_after=2026-06-15 00:00:00+00:00
[2026-06-15T16:14:49.491+0000] {processor.py:183} INFO - Processing /home/airflow/.local/lib/python3.12/site-packages/airflow/example_dags/example_branch_operator.py took 0.156 seconds
[2026-06-15T16:15:20.173+0000] {processor.py:161} INFO - Started process (PID=1612) to work on /home/airflow/.local/lib/python3.12/site-packages/airflow/example_dags/example_branch_operator.py
[2026-06-15T16:15:20.175+0000] {processor.py:830} INFO - Processing file /home/airflow/.local/lib/python3.12/site-packages/airflow/example_dags/example_branch_operator.py for tasks to queue
[2026-06-15T16:15:20.178+0000] {logging_mixin.py:188} INFO - [2026-06-15T16:15:20.178+0000] {dagbag.py:545} INFO - Filling up the DagBag from /home/airflow/.local/lib/python3.12/site-packages/airflow/example_dags/example_branch_operator.py
[2026-06-15T16:15:20.205+0000] {processor.py:840} INFO - DAG(s) 'example_branch_operator' retrieved from /home/airflow/.local/lib/python3.12/site-packages/airflow/example_dags/example_branch_operator.py
[2026-06-15T16:15:20.253+0000] {logging_mixin.py:188} INFO - [2026-06-15T16:15:20.253+0000] {dag.py:3096} INFO - Sync 1 DAGs
[2026-06-15T16:15:20.289+0000] {logging_mixin.py:188} INFO - [2026-06-15T16:15:20.289+0000] {dag.py:3954} INFO - Setting next_dagrun for example_branch_operator to 2026-06-14 00:00:00+00:00, run_after=2026-06-15 00:00:00+00:00
[2026-06-15T16:15:20.334+0000] {processor.py:183} INFO - Processing /home/airflow/.local/lib/python3.12/site-packages/airflow/example_dags/example_branch_operator.py took 0.170 seconds
[2026-06-15T16:15:50.756+0000] {processor.py:161} INFO - Started process (PID=1671) to work on /home/airflow/.local/lib/python3.12/site-packages/airflow/example_dags/example_branch_operator.py
[2026-06-15T16:15:50.758+0000] {processor.py:830} INFO - Processing file /home/airflow/.local/lib/python3.12/site-packages/airflow/example_dags/example_branch_operator.py for tasks to queue
[2026-06-15T16:15:50.761+0000] {logging_mixin.py:188} INFO - [2026-06-15T16:15:50.761+0000] {dagbag.py:545} INFO - Filling up the DagBag from /home/airflow/.local/lib/python3.12/site-packages/airflow/example_dags/example_branch_operator.py
[2026-06-15T16:15:50.941+0000] {processor.py:840} INFO - DAG(s) 'example_branch_operator' retrieved from /home/airflow/.local/lib/python3.12/site-packages/airflow/example_dags/example_branch_operator.py
[2026-06-15T16:15:50.988+0000] {logging_mixin.py:188} INFO - [2026-06-15T16:15:50.987+0000] {dag.py:3096} INFO - Sync 1 DAGs
[2026-06-15T16:15:51.022+0000] {logging_mixin.py:188} INFO - [2026-06-15T16:15:51.021+0000] {dag.py:3954} INFO - Setting next_dagrun for example_branch_operator to 2026-06-14 00:00:00+00:00, run_after=2026-06-15 00:00:00+00:00
[2026-06-15T16:15:51.055+0000] {processor.py:183} INFO - Processing /home/airflow/.local/lib/python3.12/site-packages/airflow/example_dags/example_branch_operator.py took 0.308 seconds
[2026-06-15T16:16:21.340+0000] {processor.py:161} INFO - Started process (PID=1731) to work on /home/airflow/.local/lib/python3.12/site-packages/airflow/example_dags/example_branch_operator.py
[2026-06-15T16:16:21.342+0000] {processor.py:830} INFO - Processing file /home/airflow/.local/lib/python3.12/site-packages/airflow/example_dags/example_branch_operator.py for tasks to queue
[2026-06-15T16:16:21.345+0000] {logging_mixin.py:188} INFO - [2026-06-15T16:16:21.345+0000] {dagbag.py:545} INFO - Filling up the DagBag from /home/airflow/.local/lib/python3.12/site-packages/airflow/example_dags/example_branch_operator.py
[2026-06-15T16:16:21.370+0000] {processor.py:840} INFO - DAG(s) 'example_branch_operator' retrieved from /home/airflow/.local/lib/python3.12/site-packages/airflow/example_dags/example_branch_operator.py
[2026-06-15T16:16:21.421+0000] {logging_mixin.py:188} INFO - [2026-06-15T16:16:21.420+0000] {dag.py:3096} INFO - Sync 1 DAGs
[2026-06-15T16:16:21.456+0000] {logging_mixin.py:188} INFO - [2026-06-15T16:16:21.456+0000] {dag.py:3954} INFO - Setting next_dagrun for example_branch_operator to 2026-06-14 00:00:00+00:00, run_after=2026-06-15 00:00:00+00:00
[2026-06-15T16:16:21.497+0000] {processor.py:183} INFO - Processing /home/airflow/.local/lib/python3.12/site-packages/airflow/example_dags/example_branch_operator.py took 0.167 seconds
[2026-06-15T16:16:52.426+0000] {processor.py:161} INFO - Started process (PID=1790) to work on /home/airflow/.local/lib/python3.12/site-packages/airflow/example_dags/example_branch_operator.py
[2026-06-15T16:16:52.429+0000] {processor.py:830} INFO - Processing file /home/airflow/.local/lib/python3.12/site-packages/airflow/example_dags/example_branch_operator.py for tasks to queue
[2026-06-15T16:16:52.432+0000] {logging_mixin.py:188} INFO - [2026-06-15T16:16:52.431+0000] {dagbag.py:545} INFO - Filling up the DagBag from /home/airflow/.local/lib/python3.12/site-packages/airflow/example_dags/example_branch_operator.py
[2026-06-15T16:16:52.460+0000] {processor.py:840} INFO - DAG(s) 'example_branch_operator' retrieved from /home/airflow/.local/lib/python3.12/site-packages/airflow/example_dags/example_branch_operator.py
[2026-06-15T16:16:52.507+0000] {logging_mixin.py:188} INFO - [2026-06-15T16:16:52.507+0000] {dag.py:3096} INFO - Sync 1 DAGs
[2026-06-15T16:16:52.549+0000] {logging_mixin.py:188} INFO - [2026-06-15T16:16:52.549+0000] {dag.py:3954} INFO - Setting next_dagrun for example_branch_operator to 2026-06-14 00:00:00+00:00, run_after=2026-06-15 00:00:00+00:00
[2026-06-15T16:16:52.592+0000] {processor.py:183} INFO - Processing /home/airflow/.local/lib/python3.12/site-packages/airflow/example_dags/example_branch_operator.py took 0.176 seconds
[2026-06-15T16:17:23.275+0000] {processor.py:161} INFO - Started process (PID=1850) to work on /home/airflow/.local/lib/python3.12/site-packages/airflow/example_dags/example_branch_operator.py
[2026-06-15T16:17:23.278+0000] {processor.py:830} INFO - Processing file /home/airflow/.local/lib/python3.12/site-packages/airflow/example_dags/example_branch_operator.py for tasks to queue
[2026-06-15T16:17:23.281+0000] {logging_mixin.py:188} INFO - [2026-06-15T16:17:23.281+0000] {dagbag.py:545} INFO - Filling up the DagBag from /home/airflow/.local/lib/python3.12/site-packages/airflow/example_dags/example_branch_operator.py
[2026-06-15T16:17:23.313+0000] {processor.py:840} INFO - DAG(s) 'example_branch_operator' retrieved from /home/airflow/.local/lib/python3.12/site-packages/airflow/example_dags/example_branch_operator.py
[2026-06-15T16:17:23.362+0000] {logging_mixin.py:188} INFO - [2026-06-15T16:17:23.362+0000] {dag.py:3096} INFO - Sync 1 DAGs
[2026-06-15T16:17:23.403+0000] {logging_mixin.py:188} INFO - [2026-06-15T16:17:23.403+0000] {dag.py:3954} INFO - Setting next_dagrun for example_branch_operator to 2026-06-14 00:00:00+00:00, run_after=2026-06-15 00:00:00+00:00
[2026-06-15T16:17:23.446+0000] {processor.py:183} INFO - Processing /home/airflow/.local/lib/python3.12/site-packages/airflow/example_dags/example_branch_operator.py took 0.181 seconds
[2026-06-15T16:17:53.753+0000] {processor.py:161} INFO - Started process (PID=1909) to work on /home/airflow/.local/lib/python3.12/site-packages/airflow/example_dags/example_branch_operator.py
[2026-06-15T16:17:53.755+0000] {processor.py:830} INFO - Processing file /home/airflow/.local/lib/python3.12/site-packages/airflow/example_dags/example_branch_operator.py for tasks to queue
[2026-06-15T16:17:53.758+0000] {logging_mixin.py:188} INFO - [2026-06-15T16:17:53.758+0000] {dagbag.py:545} INFO - Filling up the DagBag from /home/airflow/.local/lib/python3.12/site-packages/airflow/example_dags/example_branch_operator.py
[2026-06-15T16:17:53.789+0000] {processor.py:840} INFO - DAG(s) 'example_branch_operator' retrieved from /home/airflow/.local/lib/python3.12/site-packages/airflow/example_dags/example_branch_operator.py
[2026-06-15T16:17:53.838+0000] {logging_mixin.py:188} INFO - [2026-06-15T16:17:53.838+0000] {dag.py:3096} INFO - Sync 1 DAGs
[2026-06-15T16:17:53.876+0000] {logging_mixin.py:188} INFO - [2026-06-15T16:17:53.876+0000] {dag.py:3954} INFO - Setting next_dagrun for example_branch_operator to 2026-06-14 00:00:00+00:00, run_after=2026-06-15 00:00:00+00:00
[2026-06-15T16:17:53.920+0000] {processor.py:183} INFO - Processing /home/airflow/.local/lib/python3.12/site-packages/airflow/example_dags/example_branch_operator.py took 0.177 seconds
[2026-06-15T16:18:24.184+0000] {processor.py:161} INFO - Started process (PID=1968) to work on /home/airflow/.local/lib/python3.12/site-packages/airflow/example_dags/example_branch_operator.py
[2026-06-15T16:18:24.186+0000] {processor.py:830} INFO - Processing file /home/airflow/.local/lib/python3.12/site-packages/airflow/example_dags/example_branch_operator.py for tasks to queue
[2026-06-15T16:18:24.191+0000] {logging_mixin.py:188} INFO - [2026-06-15T16:18:24.190+0000] {dagbag.py:545} INFO - Filling up the DagBag from /home/airflow/.local/lib/python3.12/site-packages/airflow/example_dags/example_branch_operator.py
[2026-06-15T16:18:24.219+0000] {processor.py:840} INFO - DAG(s) 'example_branch_operator' retrieved from /home/airflow/.local/lib/python3.12/site-packages/airflow/example_dags/example_branch_operator.py
[2026-06-15T16:18:24.266+0000] {logging_mixin.py:188} INFO - [2026-06-15T16:18:24.266+0000] {dag.py:3096} INFO - Sync 1 DAGs
[2026-06-15T16:18:24.298+0000] {logging_mixin.py:188} INFO - [2026-06-15T16:18:24.298+0000] {dag.py:3954} INFO - Setting next_dagrun for example_branch_operator to 2026-06-14 00:00:00+00:00, run_after=2026-06-15 00:00:00+00:00
[2026-06-15T16:18:24.331+0000] {processor.py:183} INFO - Processing /home/airflow/.local/lib/python3.12/site-packages/airflow/example_dags/example_branch_operator.py took 0.158 seconds
[2026-06-15T16:18:55.016+0000] {processor.py:161} INFO - Started process (PID=2027) to work on /home/airflow/.local/lib/python3.12/site-packages/airflow/example_dags/example_branch_operator.py
[2026-06-15T16:18:55.018+0000] {processor.py:830} INFO - Processing file /home/airflow/.local/lib/python3.12/site-packages/airflow/example_dags/example_branch_operator.py for tasks to queue
[2026-06-15T16:18:55.021+0000] {logging_mixin.py:188} INFO - [2026-06-15T16:18:55.021+0000] {dagbag.py:545} INFO - Filling up the DagBag from /home/airflow/.local/lib/python3.12/site-packages/airflow/example_dags/example_branch_operator.py
[2026-06-15T16:18:55.054+0000] {processor.py:840} INFO - DAG(s) 'example_branch_operator' retrieved from /home/airflow/.local/lib/python3.12/site-packages/airflow/example_dags/example_branch_operator.py
[2026-06-15T16:18:55.111+0000] {logging_mixin.py:188} INFO - [2026-06-15T16:18:55.110+0000] {dag.py:3096} INFO - Sync 1 DAGs
[2026-06-15T16:18:55.153+0000] {logging_mixin.py:188} INFO - [2026-06-15T16:18:55.153+0000] {dag.py:3954} INFO - Setting next_dagrun for example_branch_operator to 2026-06-14 00:00:00+00:00, run_after=2026-06-15 00:00:00+00:00
[2026-06-15T16:18:55.190+0000] {processor.py:183} INFO - Processing /home/airflow/.local/lib/python3.12/site-packages/airflow/example_dags/example_branch_operator.py took 0.184 seconds
[2026-06-15T16:19:25.757+0000] {processor.py:161} INFO - Started process (PID=2086) to work on /home/airflow/.local/lib/python3.12/site-packages/airflow/example_dags/example_branch_operator.py
[2026-06-15T16:19:25.759+0000] {processor.py:830} INFO - Processing file /home/airflow/.local/lib/python3.12/site-packages/airflow/example_dags/example_branch_operator.py for tasks to queue
[2026-06-15T16:19:25.763+0000] {logging_mixin.py:188} INFO - [2026-06-15T16:19:25.762+0000] {dagbag.py:545} INFO - Filling up the DagBag from /home/airflow/.local/lib/python3.12/site-packages/airflow/example_dags/example_branch_operator.py
[2026-06-15T16:19:25.791+0000] {processor.py:840} INFO - DAG(s) 'example_branch_operator' retrieved from /home/airflow/.local/lib/python3.12/site-packages/airflow/example_dags/example_branch_operator.py
[2026-06-15T16:19:25.868+0000] {logging_mixin.py:188} INFO - [2026-06-15T16:19:25.867+0000] {dag.py:3096} INFO - Sync 1 DAGs
[2026-06-15T16:19:25.914+0000] {logging_mixin.py:188} INFO - [2026-06-15T16:19:25.914+0000] {dag.py:3954} INFO - Setting next_dagrun for example_branch_operator to 2026-06-14 00:00:00+00:00, run_after=2026-06-15 00:00:00+00:00
[2026-06-15T16:19:25.962+0000] {processor.py:183} INFO - Processing /home/airflow/.local/lib/python3.12/site-packages/airflow/example_dags/example_branch_operator.py took 0.214 seconds
[2026-06-15T16:19:56.281+0000] {processor.py:161} INFO - Started process (PID=2146) to work on /home/airflow/.local/lib/python3.12/site-packages/airflow/example_dags/example_branch_operator.py
[2026-06-15T16:19:56.283+0000] {processor.py:830} INFO - Processing file /home/airflow/.local/lib/python3.12/site-packages/airflow/example_dags/example_branch_operator.py for tasks to queue
[2026-06-15T16:19:56.287+0000] {logging_mixin.py:188} INFO - [2026-06-15T16:19:56.286+0000] {dagbag.py:545} INFO - Filling up the DagBag from /home/airflow/.local/lib/python3.12/site-packages/airflow/example_dags/example_branch_operator.py
[2026-06-15T16:19:56.326+0000] {processor.py:840} INFO - DAG(s) 'example_branch_operator' retrieved from /home/airflow/.local/lib/python3.12/site-packages/airflow/example_dags/example_branch_operator.py
[2026-06-15T16:19:56.384+0000] {logging_mixin.py:188} INFO - [2026-06-15T16:19:56.384+0000] {dag.py:3096} INFO - Sync 1 DAGs
[2026-06-15T16:19:56.421+0000] {logging_mixin.py:188} INFO - [2026-06-15T16:19:56.420+0000] {dag.py:3954} INFO - Setting next_dagrun for example_branch_operator to 2026-06-14 00:00:00+00:00, run_after=2026-06-15 00:00:00+00:00
[2026-06-15T16:19:56.457+0000] {processor.py:183} INFO - Processing /home/airflow/.local/lib/python3.12/site-packages/airflow/example_dags/example_branch_operator.py took 0.188 seconds
[2026-06-15T16:20:26.851+0000] {processor.py:161} INFO - Started process (PID=2205) to work on /home/airflow/.local/lib/python3.12/site-packages/airflow/example_dags/example_branch_operator.py
[2026-06-15T16:20:26.852+0000] {processor.py:830} INFO - Processing file /home/airflow/.local/lib/python3.12/site-packages/airflow/example_dags/example_branch_operator.py for tasks to queue
[2026-06-15T16:20:26.856+0000] {logging_mixin.py:188} INFO - [2026-06-15T16:20:26.855+0000] {dagbag.py:545} INFO - Filling up the DagBag from /home/airflow/.local/lib/python3.12/site-packages/airflow/example_dags/example_branch_operator.py
[2026-06-15T16:20:26.876+0000] {processor.py:840} INFO - DAG(s) 'example_branch_operator' retrieved from /home/airflow/.local/lib/python3.12/site-packages/airflow/example_dags/example_branch_operator.py
[2026-06-15T16:20:26.922+0000] {logging_mixin.py:188} INFO - [2026-06-15T16:20:26.922+0000] {dag.py:3096} INFO - Sync 1 DAGs
[2026-06-15T16:20:26.977+0000] {logging_mixin.py:188} INFO - [2026-06-15T16:20:26.977+0000] {dag.py:3954} INFO - Setting next_dagrun for example_branch_operator to 2026-06-14 00:00:00+00:00, run_after=2026-06-15 00:00:00+00:00
[2026-06-15T16:20:27.015+0000] {processor.py:183} INFO - Processing /home/airflow/.local/lib/python3.12/site-packages/airflow/example_dags/example_branch_operator.py took 0.172 seconds
[2026-06-15T16:45:29.335+0000] {processor.py:161} INFO - Started process (PID=2262) to work on /home/airflow/.local/lib/python3.12/site-packages/airflow/example_dags/example_branch_operator.py
[2026-06-15T16:45:29.337+0000] {processor.py:830} INFO - Processing file /home/airflow/.local/lib/python3.12/site-packages/airflow/example_dags/example_branch_operator.py for tasks to queue
[2026-06-15T16:45:29.341+0000] {logging_mixin.py:188} INFO - [2026-06-15T16:45:29.340+0000] {dagbag.py:545} INFO - Filling up the DagBag from /home/airflow/.local/lib/python3.12/site-packages/airflow/example_dags/example_branch_operator.py
[2026-06-15T16:45:29.368+0000] {processor.py:840} INFO - DAG(s) 'example_branch_operator' retrieved from /home/airflow/.local/lib/python3.12/site-packages/airflow/example_dags/example_branch_operator.py
[2026-06-15T16:45:29.427+0000] {logging_mixin.py:188} INFO - [2026-06-15T16:45:29.427+0000] {dag.py:3096} INFO - Sync 1 DAGs
[2026-06-15T16:45:29.478+0000] {logging_mixin.py:188} INFO - [2026-06-15T16:45:29.478+0000] {dag.py:3954} INFO - Setting next_dagrun for example_branch_operator to 2026-06-14 00:00:00+00:00, run_after=2026-06-15 00:00:00+00:00
[2026-06-15T16:45:29.519+0000] {processor.py:183} INFO - Processing /home/airflow/.local/lib/python3.12/site-packages/airflow/example_dags/example_branch_operator.py took 0.194 seconds
[2026-06-15T16:45:59.966+0000] {processor.py:161} INFO - Started process (PID=2321) to work on /home/airflow/.local/lib/python3.12/site-packages/airflow/example_dags/example_branch_operator.py
[2026-06-15T16:45:59.968+0000] {processor.py:830} INFO - Processing file /home/airflow/.local/lib/python3.12/site-packages/airflow/example_dags/example_branch_operator.py for tasks to queue
[2026-06-15T16:45:59.972+0000] {logging_mixin.py:188} INFO - [2026-06-15T16:45:59.972+0000] {dagbag.py:545} INFO - Filling up the DagBag from /home/airflow/.local/lib/python3.12/site-packages/airflow/example_dags/example_branch_operator.py
[2026-06-15T16:45:59.996+0000] {processor.py:840} INFO - DAG(s) 'example_branch_operator' retrieved from /home/airflow/.local/lib/python3.12/site-packages/airflow/example_dags/example_branch_operator.py
[2026-06-15T16:46:00.061+0000] {logging_mixin.py:188} INFO - [2026-06-15T16:46:00.061+0000] {dag.py:3096} INFO - Sync 1 DAGs
[2026-06-15T16:46:00.095+0000] {logging_mixin.py:188} INFO - [2026-06-15T16:46:00.094+0000] {dag.py:3954} INFO - Setting next_dagrun for example_branch_operator to 2026-06-14 00:00:00+00:00, run_after=2026-06-15 00:00:00+00:00
[2026-06-15T16:46:00.133+0000] {processor.py:183} INFO - Processing /home/airflow/.local/lib/python3.12/site-packages/airflow/example_dags/example_branch_operator.py took 0.177 seconds
[2026-06-15T16:46:30.471+0000] {processor.py:161} INFO - Started process (PID=2380) to work on /home/airflow/.local/lib/python3.12/site-packages/airflow/example_dags/example_branch_operator.py
[2026-06-15T16:46:30.473+0000] {processor.py:830} INFO - Processing file /home/airflow/.local/lib/python3.12/site-packages/airflow/example_dags/example_branch_operator.py for tasks to queue
[2026-06-15T16:46:30.477+0000] {logging_mixin.py:188} INFO - [2026-06-15T16:46:30.477+0000] {dagbag.py:545} INFO - Filling up the DagBag from /home/airflow/.local/lib/python3.12/site-packages/airflow/example_dags/example_branch_operator.py
[2026-06-15T16:46:30.500+0000] {processor.py:840} INFO - DAG(s) 'example_branch_operator' retrieved from /home/airflow/.local/lib/python3.12/site-packages/airflow/example_dags/example_branch_operator.py
[2026-06-15T16:46:30.542+0000] {logging_mixin.py:188} INFO - [2026-06-15T16:46:30.542+0000] {dag.py:3096} INFO - Sync 1 DAGs
[2026-06-15T16:46:30.575+0000] {logging_mixin.py:188} INFO - [2026-06-15T16:46:30.574+0000] {dag.py:3954} INFO - Setting next_dagrun for example_branch_operator to 2026-06-14 00:00:00+00:00, run_after=2026-06-15 00:00:00+00:00
[2026-06-15T16:46:30.607+0000] {processor.py:183} INFO - Processing /home/airflow/.local/lib/python3.12/site-packages/airflow/example_dags/example_branch_operator.py took 0.145 seconds
