[2026-06-15T15:53:03.544+0000] {processor.py:161} INFO - Started process (PID=95) to work on /home/airflow/.local/lib/python3.12/site-packages/airflow/example_dags/example_task_group_decorator.py
[2026-06-15T15:53:03.547+0000] {processor.py:830} INFO - Processing file /home/airflow/.local/lib/python3.12/site-packages/airflow/example_dags/example_task_group_decorator.py for tasks to queue
[2026-06-15T15:53:03.550+0000] {logging_mixin.py:188} INFO - [2026-06-15T15:53:03.549+0000] {dagbag.py:545} INFO - Filling up the DagBag from /home/airflow/.local/lib/python3.12/site-packages/airflow/example_dags/example_task_group_decorator.py
[2026-06-15T15:53:03.586+0000] {processor.py:840} INFO - DAG(s) 'example_task_group_decorator' retrieved from /home/airflow/.local/lib/python3.12/site-packages/airflow/example_dags/example_task_group_decorator.py
[2026-06-15T15:53:03.642+0000] {logging_mixin.py:188} INFO - [2026-06-15T15:53:03.642+0000] {dag.py:3096} INFO - Sync 1 DAGs
[2026-06-15T15:53:03.697+0000] {logging_mixin.py:188} INFO - [2026-06-15T15:53:03.697+0000] {dag.py:3954} INFO - Setting next_dagrun for example_task_group_decorator to 2026-06-14 00:00:00+00:00, run_after=2026-06-15 00:00:00+00:00
[2026-06-15T15:53:03.743+0000] {processor.py:183} INFO - Processing /home/airflow/.local/lib/python3.12/site-packages/airflow/example_dags/example_task_group_decorator.py took 0.208 seconds
[2026-06-15T15:57:15.965+0000] {processor.py:161} INFO - Started process (PID=89) to work on /home/airflow/.local/lib/python3.12/site-packages/airflow/example_dags/example_task_group_decorator.py
[2026-06-15T15:57:15.967+0000] {processor.py:830} INFO - Processing file /home/airflow/.local/lib/python3.12/site-packages/airflow/example_dags/example_task_group_decorator.py for tasks to queue
[2026-06-15T15:57:15.971+0000] {logging_mixin.py:188} INFO - [2026-06-15T15:57:15.970+0000] {dagbag.py:545} INFO - Filling up the DagBag from /home/airflow/.local/lib/python3.12/site-packages/airflow/example_dags/example_task_group_decorator.py
[2026-06-15T15:57:16.002+0000] {processor.py:840} INFO - DAG(s) 'example_task_group_decorator' retrieved from /home/airflow/.local/lib/python3.12/site-packages/airflow/example_dags/example_task_group_decorator.py
[2026-06-15T15:57:16.213+0000] {logging_mixin.py:188} INFO - [2026-06-15T15:57:16.213+0000] {dag.py:3096} INFO - Sync 1 DAGs
[2026-06-15T15:57:16.265+0000] {logging_mixin.py:188} INFO - [2026-06-15T15:57:16.265+0000] {dag.py:3954} INFO - Setting next_dagrun for example_task_group_decorator to 2026-06-14 00:00:00+00:00, run_after=2026-06-15 00:00:00+00:00
[2026-06-15T15:57:16.312+0000] {processor.py:183} INFO - Processing /home/airflow/.local/lib/python3.12/site-packages/airflow/example_dags/example_task_group_decorator.py took 0.355 seconds
[2026-06-15T15:57:46.932+0000] {processor.py:161} INFO - Started process (PID=148) to work on /home/airflow/.local/lib/python3.12/site-packages/airflow/example_dags/example_task_group_decorator.py
[2026-06-15T15:57:46.933+0000] {processor.py:830} INFO - Processing file /home/airflow/.local/lib/python3.12/site-packages/airflow/example_dags/example_task_group_decorator.py for tasks to queue
[2026-06-15T15:57:46.938+0000] {logging_mixin.py:188} INFO - [2026-06-15T15:57:46.937+0000] {dagbag.py:545} INFO - Filling up the DagBag from /home/airflow/.local/lib/python3.12/site-packages/airflow/example_dags/example_task_group_decorator.py
[2026-06-15T15:57:46.959+0000] {processor.py:840} INFO - DAG(s) 'example_task_group_decorator' retrieved from /home/airflow/.local/lib/python3.12/site-packages/airflow/example_dags/example_task_group_decorator.py
[2026-06-15T15:57:47.004+0000] {logging_mixin.py:188} INFO - [2026-06-15T15:57:47.004+0000] {dag.py:3096} INFO - Sync 1 DAGs
[2026-06-15T15:57:47.042+0000] {logging_mixin.py:188} INFO - [2026-06-15T15:57:47.042+0000] {dag.py:3954} INFO - Setting next_dagrun for example_task_group_decorator to 2026-06-14 00:00:00+00:00, run_after=2026-06-15 00:00:00+00:00
[2026-06-15T15:57:47.084+0000] {processor.py:183} INFO - Processing /home/airflow/.local/lib/python3.12/site-packages/airflow/example_dags/example_task_group_decorator.py took 0.162 seconds
[2026-06-15T15:58:17.316+0000] {processor.py:161} INFO - Started process (PID=215) to work on /home/airflow/.local/lib/python3.12/site-packages/airflow/example_dags/example_task_group_decorator.py
[2026-06-15T15:58:17.318+0000] {processor.py:830} INFO - Processing file /home/airflow/.local/lib/python3.12/site-packages/airflow/example_dags/example_task_group_decorator.py for tasks to queue
[2026-06-15T15:58:17.323+0000] {logging_mixin.py:188} INFO - [2026-06-15T15:58:17.322+0000] {dagbag.py:545} INFO - Filling up the DagBag from /home/airflow/.local/lib/python3.12/site-packages/airflow/example_dags/example_task_group_decorator.py
[2026-06-15T15:58:17.349+0000] {processor.py:840} INFO - DAG(s) 'example_task_group_decorator' retrieved from /home/airflow/.local/lib/python3.12/site-packages/airflow/example_dags/example_task_group_decorator.py
[2026-06-15T15:58:17.400+0000] {logging_mixin.py:188} INFO - [2026-06-15T15:58:17.400+0000] {dag.py:3096} INFO - Sync 1 DAGs
[2026-06-15T15:58:17.450+0000] {logging_mixin.py:188} INFO - [2026-06-15T15:58:17.450+0000] {dag.py:3954} INFO - Setting next_dagrun for example_task_group_decorator to 2026-06-14 00:00:00+00:00, run_after=2026-06-15 00:00:00+00:00
[2026-06-15T15:58:17.503+0000] {processor.py:183} INFO - Processing /home/airflow/.local/lib/python3.12/site-packages/airflow/example_dags/example_task_group_decorator.py took 0.197 seconds
[2026-06-15T15:58:48.301+0000] {processor.py:161} INFO - Started process (PID=275) to work on /home/airflow/.local/lib/python3.12/site-packages/airflow/example_dags/example_task_group_decorator.py
[2026-06-15T15:58:48.304+0000] {processor.py:830} INFO - Processing file /home/airflow/.local/lib/python3.12/site-packages/airflow/example_dags/example_task_group_decorator.py for tasks to queue
[2026-06-15T15:58:48.311+0000] {logging_mixin.py:188} INFO - [2026-06-15T15:58:48.309+0000] {dagbag.py:545} INFO - Filling up the DagBag from /home/airflow/.local/lib/python3.12/site-packages/airflow/example_dags/example_task_group_decorator.py
[2026-06-15T15:58:48.338+0000] {processor.py:840} INFO - DAG(s) 'example_task_group_decorator' retrieved from /home/airflow/.local/lib/python3.12/site-packages/airflow/example_dags/example_task_group_decorator.py
[2026-06-15T15:58:48.403+0000] {logging_mixin.py:188} INFO - [2026-06-15T15:58:48.403+0000] {dag.py:3096} INFO - Sync 1 DAGs
[2026-06-15T15:58:48.452+0000] {logging_mixin.py:188} INFO - [2026-06-15T15:58:48.452+0000] {dag.py:3954} INFO - Setting next_dagrun for example_task_group_decorator to 2026-06-14 00:00:00+00:00, run_after=2026-06-15 00:00:00+00:00
[2026-06-15T15:58:48.503+0000] {processor.py:183} INFO - Processing /home/airflow/.local/lib/python3.12/site-packages/airflow/example_dags/example_task_group_decorator.py took 0.215 seconds
[2026-06-15T15:59:18.984+0000] {processor.py:161} INFO - Started process (PID=335) to work on /home/airflow/.local/lib/python3.12/site-packages/airflow/example_dags/example_task_group_decorator.py
[2026-06-15T15:59:18.987+0000] {processor.py:830} INFO - Processing file /home/airflow/.local/lib/python3.12/site-packages/airflow/example_dags/example_task_group_decorator.py for tasks to queue
[2026-06-15T15:59:18.992+0000] {logging_mixin.py:188} INFO - [2026-06-15T15:59:18.991+0000] {dagbag.py:545} INFO - Filling up the DagBag from /home/airflow/.local/lib/python3.12/site-packages/airflow/example_dags/example_task_group_decorator.py
[2026-06-15T15:59:19.029+0000] {processor.py:840} INFO - DAG(s) 'example_task_group_decorator' retrieved from /home/airflow/.local/lib/python3.12/site-packages/airflow/example_dags/example_task_group_decorator.py
[2026-06-15T15:59:19.103+0000] {logging_mixin.py:188} INFO - [2026-06-15T15:59:19.103+0000] {dag.py:3096} INFO - Sync 1 DAGs
[2026-06-15T15:59:19.168+0000] {logging_mixin.py:188} INFO - [2026-06-15T15:59:19.168+0000] {dag.py:3954} INFO - Setting next_dagrun for example_task_group_decorator to 2026-06-14 00:00:00+00:00, run_after=2026-06-15 00:00:00+00:00
[2026-06-15T15:59:19.220+0000] {processor.py:183} INFO - Processing /home/airflow/.local/lib/python3.12/site-packages/airflow/example_dags/example_task_group_decorator.py took 0.249 seconds
[2026-06-15T15:59:50.138+0000] {processor.py:161} INFO - Started process (PID=395) to work on /home/airflow/.local/lib/python3.12/site-packages/airflow/example_dags/example_task_group_decorator.py
[2026-06-15T15:59:50.140+0000] {processor.py:830} INFO - Processing file /home/airflow/.local/lib/python3.12/site-packages/airflow/example_dags/example_task_group_decorator.py for tasks to queue
[2026-06-15T15:59:50.144+0000] {logging_mixin.py:188} INFO - [2026-06-15T15:59:50.143+0000] {dagbag.py:545} INFO - Filling up the DagBag from /home/airflow/.local/lib/python3.12/site-packages/airflow/example_dags/example_task_group_decorator.py
[2026-06-15T15:59:50.178+0000] {processor.py:840} INFO - DAG(s) 'example_task_group_decorator' retrieved from /home/airflow/.local/lib/python3.12/site-packages/airflow/example_dags/example_task_group_decorator.py
[2026-06-15T15:59:50.233+0000] {logging_mixin.py:188} INFO - [2026-06-15T15:59:50.232+0000] {dag.py:3096} INFO - Sync 1 DAGs
[2026-06-15T15:59:50.273+0000] {logging_mixin.py:188} INFO - [2026-06-15T15:59:50.272+0000] {dag.py:3954} INFO - Setting next_dagrun for example_task_group_decorator to 2026-06-14 00:00:00+00:00, run_after=2026-06-15 00:00:00+00:00
[2026-06-15T15:59:50.313+0000] {processor.py:183} INFO - Processing /home/airflow/.local/lib/python3.12/site-packages/airflow/example_dags/example_task_group_decorator.py took 0.185 seconds
[2026-06-15T16:00:20.978+0000] {processor.py:161} INFO - Started process (PID=455) to work on /home/airflow/.local/lib/python3.12/site-packages/airflow/example_dags/example_task_group_decorator.py
[2026-06-15T16:00:20.981+0000] {processor.py:830} INFO - Processing file /home/airflow/.local/lib/python3.12/site-packages/airflow/example_dags/example_task_group_decorator.py for tasks to queue
[2026-06-15T16:00:20.986+0000] {logging_mixin.py:188} INFO - [2026-06-15T16:00:20.985+0000] {dagbag.py:545} INFO - Filling up the DagBag from /home/airflow/.local/lib/python3.12/site-packages/airflow/example_dags/example_task_group_decorator.py
[2026-06-15T16:00:21.012+0000] {processor.py:840} INFO - DAG(s) 'example_task_group_decorator' retrieved from /home/airflow/.local/lib/python3.12/site-packages/airflow/example_dags/example_task_group_decorator.py
[2026-06-15T16:00:21.060+0000] {logging_mixin.py:188} INFO - [2026-06-15T16:00:21.059+0000] {dag.py:3096} INFO - Sync 1 DAGs
[2026-06-15T16:00:21.098+0000] {logging_mixin.py:188} INFO - [2026-06-15T16:00:21.098+0000] {dag.py:3954} INFO - Setting next_dagrun for example_task_group_decorator to 2026-06-14 00:00:00+00:00, run_after=2026-06-15 00:00:00+00:00
[2026-06-15T16:00:21.142+0000] {processor.py:183} INFO - Processing /home/airflow/.local/lib/python3.12/site-packages/airflow/example_dags/example_task_group_decorator.py took 0.177 seconds
[2026-06-15T16:03:00.805+0000] {processor.py:161} INFO - Started process (PID=96) to work on /home/airflow/.local/lib/python3.12/site-packages/airflow/example_dags/example_task_group_decorator.py
[2026-06-15T16:03:00.807+0000] {processor.py:830} INFO - Processing file /home/airflow/.local/lib/python3.12/site-packages/airflow/example_dags/example_task_group_decorator.py for tasks to queue
[2026-06-15T16:03:00.810+0000] {logging_mixin.py:188} INFO - [2026-06-15T16:03:00.809+0000] {dagbag.py:545} INFO - Filling up the DagBag from /home/airflow/.local/lib/python3.12/site-packages/airflow/example_dags/example_task_group_decorator.py
[2026-06-15T16:03:00.835+0000] {processor.py:840} INFO - DAG(s) 'example_task_group_decorator' retrieved from /home/airflow/.local/lib/python3.12/site-packages/airflow/example_dags/example_task_group_decorator.py
[2026-06-15T16:03:01.032+0000] {logging_mixin.py:188} INFO - [2026-06-15T16:03:01.032+0000] {dag.py:3096} INFO - Sync 1 DAGs
[2026-06-15T16:03:01.068+0000] {logging_mixin.py:188} INFO - [2026-06-15T16:03:01.067+0000] {dag.py:3954} INFO - Setting next_dagrun for example_task_group_decorator to 2026-06-14 00:00:00+00:00, run_after=2026-06-15 00:00:00+00:00
[2026-06-15T16:03:01.109+0000] {processor.py:183} INFO - Processing /home/airflow/.local/lib/python3.12/site-packages/airflow/example_dags/example_task_group_decorator.py took 0.312 seconds
[2026-06-15T16:03:31.208+0000] {processor.py:161} INFO - Started process (PID=178) to work on /home/airflow/.local/lib/python3.12/site-packages/airflow/example_dags/example_task_group_decorator.py
[2026-06-15T16:03:31.210+0000] {processor.py:830} INFO - Processing file /home/airflow/.local/lib/python3.12/site-packages/airflow/example_dags/example_task_group_decorator.py for tasks to queue
[2026-06-15T16:03:31.214+0000] {logging_mixin.py:188} INFO - [2026-06-15T16:03:31.214+0000] {dagbag.py:545} INFO - Filling up the DagBag from /home/airflow/.local/lib/python3.12/site-packages/airflow/example_dags/example_task_group_decorator.py
[2026-06-15T16:03:31.246+0000] {processor.py:840} INFO - DAG(s) 'example_task_group_decorator' retrieved from /home/airflow/.local/lib/python3.12/site-packages/airflow/example_dags/example_task_group_decorator.py
[2026-06-15T16:03:31.296+0000] {logging_mixin.py:188} INFO - [2026-06-15T16:03:31.296+0000] {dag.py:3096} INFO - Sync 1 DAGs
[2026-06-15T16:03:31.338+0000] {logging_mixin.py:188} INFO - [2026-06-15T16:03:31.337+0000] {dag.py:3954} INFO - Setting next_dagrun for example_task_group_decorator to 2026-06-14 00:00:00+00:00, run_after=2026-06-15 00:00:00+00:00
[2026-06-15T16:03:31.379+0000] {processor.py:183} INFO - Processing /home/airflow/.local/lib/python3.12/site-packages/airflow/example_dags/example_task_group_decorator.py took 0.181 seconds
[2026-06-15T16:04:01.541+0000] {processor.py:161} INFO - Started process (PID=293) to work on /home/airflow/.local/lib/python3.12/site-packages/airflow/example_dags/example_task_group_decorator.py
[2026-06-15T16:04:01.544+0000] {processor.py:830} INFO - Processing file /home/airflow/.local/lib/python3.12/site-packages/airflow/example_dags/example_task_group_decorator.py for tasks to queue
[2026-06-15T16:04:01.548+0000] {logging_mixin.py:188} INFO - [2026-06-15T16:04:01.547+0000] {dagbag.py:545} INFO - Filling up the DagBag from /home/airflow/.local/lib/python3.12/site-packages/airflow/example_dags/example_task_group_decorator.py
[2026-06-15T16:04:01.570+0000] {processor.py:840} INFO - DAG(s) 'example_task_group_decorator' retrieved from /home/airflow/.local/lib/python3.12/site-packages/airflow/example_dags/example_task_group_decorator.py
[2026-06-15T16:04:01.611+0000] {logging_mixin.py:188} INFO - [2026-06-15T16:04:01.610+0000] {dag.py:3096} INFO - Sync 1 DAGs
[2026-06-15T16:04:01.646+0000] {logging_mixin.py:188} INFO - [2026-06-15T16:04:01.646+0000] {dag.py:3954} INFO - Setting next_dagrun for example_task_group_decorator to 2026-06-14 00:00:00+00:00, run_after=2026-06-15 00:00:00+00:00
[2026-06-15T16:04:01.681+0000] {processor.py:183} INFO - Processing /home/airflow/.local/lib/python3.12/site-packages/airflow/example_dags/example_task_group_decorator.py took 0.155 seconds
[2026-06-15T16:04:32.083+0000] {processor.py:161} INFO - Started process (PID=352) to work on /home/airflow/.local/lib/python3.12/site-packages/airflow/example_dags/example_task_group_decorator.py
[2026-06-15T16:04:32.086+0000] {processor.py:830} INFO - Processing file /home/airflow/.local/lib/python3.12/site-packages/airflow/example_dags/example_task_group_decorator.py for tasks to queue
[2026-06-15T16:04:32.091+0000] {logging_mixin.py:188} INFO - [2026-06-15T16:04:32.090+0000] {dagbag.py:545} INFO - Filling up the DagBag from /home/airflow/.local/lib/python3.12/site-packages/airflow/example_dags/example_task_group_decorator.py
[2026-06-15T16:04:32.111+0000] {processor.py:840} INFO - DAG(s) 'example_task_group_decorator' retrieved from /home/airflow/.local/lib/python3.12/site-packages/airflow/example_dags/example_task_group_decorator.py
[2026-06-15T16:04:32.153+0000] {logging_mixin.py:188} INFO - [2026-06-15T16:04:32.152+0000] {dag.py:3096} INFO - Sync 1 DAGs
[2026-06-15T16:04:32.183+0000] {logging_mixin.py:188} INFO - [2026-06-15T16:04:32.183+0000] {dag.py:3954} INFO - Setting next_dagrun for example_task_group_decorator to 2026-06-14 00:00:00+00:00, run_after=2026-06-15 00:00:00+00:00
[2026-06-15T16:04:32.215+0000] {processor.py:183} INFO - Processing /home/airflow/.local/lib/python3.12/site-packages/airflow/example_dags/example_task_group_decorator.py took 0.147 seconds
[2026-06-15T16:05:02.862+0000] {processor.py:161} INFO - Started process (PID=411) to work on /home/airflow/.local/lib/python3.12/site-packages/airflow/example_dags/example_task_group_decorator.py
[2026-06-15T16:05:02.864+0000] {processor.py:830} INFO - Processing file /home/airflow/.local/lib/python3.12/site-packages/airflow/example_dags/example_task_group_decorator.py for tasks to queue
[2026-06-15T16:05:02.868+0000] {logging_mixin.py:188} INFO - [2026-06-15T16:05:02.867+0000] {dagbag.py:545} INFO - Filling up the DagBag from /home/airflow/.local/lib/python3.12/site-packages/airflow/example_dags/example_task_group_decorator.py
[2026-06-15T16:05:02.897+0000] {processor.py:840} INFO - DAG(s) 'example_task_group_decorator' retrieved from /home/airflow/.local/lib/python3.12/site-packages/airflow/example_dags/example_task_group_decorator.py
[2026-06-15T16:05:02.944+0000] {logging_mixin.py:188} INFO - [2026-06-15T16:05:02.944+0000] {dag.py:3096} INFO - Sync 1 DAGs
[2026-06-15T16:05:02.979+0000] {logging_mixin.py:188} INFO - [2026-06-15T16:05:02.978+0000] {dag.py:3954} INFO - Setting next_dagrun for example_task_group_decorator to 2026-06-14 00:00:00+00:00, run_after=2026-06-15 00:00:00+00:00
[2026-06-15T16:05:03.014+0000] {processor.py:183} INFO - Processing /home/airflow/.local/lib/python3.12/site-packages/airflow/example_dags/example_task_group_decorator.py took 0.160 seconds
[2026-06-15T16:05:33.720+0000] {processor.py:161} INFO - Started process (PID=470) to work on /home/airflow/.local/lib/python3.12/site-packages/airflow/example_dags/example_task_group_decorator.py
[2026-06-15T16:05:33.722+0000] {processor.py:830} INFO - Processing file /home/airflow/.local/lib/python3.12/site-packages/airflow/example_dags/example_task_group_decorator.py for tasks to queue
[2026-06-15T16:05:33.725+0000] {logging_mixin.py:188} INFO - [2026-06-15T16:05:33.724+0000] {dagbag.py:545} INFO - Filling up the DagBag from /home/airflow/.local/lib/python3.12/site-packages/airflow/example_dags/example_task_group_decorator.py
[2026-06-15T16:05:33.746+0000] {processor.py:840} INFO - DAG(s) 'example_task_group_decorator' retrieved from /home/airflow/.local/lib/python3.12/site-packages/airflow/example_dags/example_task_group_decorator.py
[2026-06-15T16:05:33.787+0000] {logging_mixin.py:188} INFO - [2026-06-15T16:05:33.786+0000] {dag.py:3096} INFO - Sync 1 DAGs
[2026-06-15T16:05:33.821+0000] {logging_mixin.py:188} INFO - [2026-06-15T16:05:33.820+0000] {dag.py:3954} INFO - Setting next_dagrun for example_task_group_decorator to 2026-06-14 00:00:00+00:00, run_after=2026-06-15 00:00:00+00:00
[2026-06-15T16:05:33.859+0000] {processor.py:183} INFO - Processing /home/airflow/.local/lib/python3.12/site-packages/airflow/example_dags/example_task_group_decorator.py took 0.147 seconds
[2026-06-15T16:06:04.012+0000] {processor.py:161} INFO - Started process (PID=529) to work on /home/airflow/.local/lib/python3.12/site-packages/airflow/example_dags/example_task_group_decorator.py
[2026-06-15T16:06:04.014+0000] {processor.py:830} INFO - Processing file /home/airflow/.local/lib/python3.12/site-packages/airflow/example_dags/example_task_group_decorator.py for tasks to queue
[2026-06-15T16:06:04.018+0000] {logging_mixin.py:188} INFO - [2026-06-15T16:06:04.017+0000] {dagbag.py:545} INFO - Filling up the DagBag from /home/airflow/.local/lib/python3.12/site-packages/airflow/example_dags/example_task_group_decorator.py
[2026-06-15T16:06:04.039+0000] {processor.py:840} INFO - DAG(s) 'example_task_group_decorator' retrieved from /home/airflow/.local/lib/python3.12/site-packages/airflow/example_dags/example_task_group_decorator.py
[2026-06-15T16:06:04.091+0000] {logging_mixin.py:188} INFO - [2026-06-15T16:06:04.090+0000] {dag.py:3096} INFO - Sync 1 DAGs
[2026-06-15T16:06:04.132+0000] {logging_mixin.py:188} INFO - [2026-06-15T16:06:04.132+0000] {dag.py:3954} INFO - Setting next_dagrun for example_task_group_decorator to 2026-06-14 00:00:00+00:00, run_after=2026-06-15 00:00:00+00:00
[2026-06-15T16:06:04.168+0000] {processor.py:183} INFO - Processing /home/airflow/.local/lib/python3.12/site-packages/airflow/example_dags/example_task_group_decorator.py took 0.164 seconds
[2026-06-15T16:06:34.799+0000] {processor.py:161} INFO - Started process (PID=588) to work on /home/airflow/.local/lib/python3.12/site-packages/airflow/example_dags/example_task_group_decorator.py
[2026-06-15T16:06:34.801+0000] {processor.py:830} INFO - Processing file /home/airflow/.local/lib/python3.12/site-packages/airflow/example_dags/example_task_group_decorator.py for tasks to queue
[2026-06-15T16:06:34.804+0000] {logging_mixin.py:188} INFO - [2026-06-15T16:06:34.803+0000] {dagbag.py:545} INFO - Filling up the DagBag from /home/airflow/.local/lib/python3.12/site-packages/airflow/example_dags/example_task_group_decorator.py
[2026-06-15T16:06:34.825+0000] {processor.py:840} INFO - DAG(s) 'example_task_group_decorator' retrieved from /home/airflow/.local/lib/python3.12/site-packages/airflow/example_dags/example_task_group_decorator.py
[2026-06-15T16:06:34.869+0000] {logging_mixin.py:188} INFO - [2026-06-15T16:06:34.868+0000] {dag.py:3096} INFO - Sync 1 DAGs
[2026-06-15T16:06:34.903+0000] {logging_mixin.py:188} INFO - [2026-06-15T16:06:34.903+0000] {dag.py:3954} INFO - Setting next_dagrun for example_task_group_decorator to 2026-06-14 00:00:00+00:00, run_after=2026-06-15 00:00:00+00:00
[2026-06-15T16:06:34.938+0000] {processor.py:183} INFO - Processing /home/airflow/.local/lib/python3.12/site-packages/airflow/example_dags/example_task_group_decorator.py took 0.147 seconds
[2026-06-15T16:07:05.259+0000] {processor.py:161} INFO - Started process (PID=647) to work on /home/airflow/.local/lib/python3.12/site-packages/airflow/example_dags/example_task_group_decorator.py
[2026-06-15T16:07:05.261+0000] {processor.py:830} INFO - Processing file /home/airflow/.local/lib/python3.12/site-packages/airflow/example_dags/example_task_group_decorator.py for tasks to queue
[2026-06-15T16:07:05.264+0000] {logging_mixin.py:188} INFO - [2026-06-15T16:07:05.263+0000] {dagbag.py:545} INFO - Filling up the DagBag from /home/airflow/.local/lib/python3.12/site-packages/airflow/example_dags/example_task_group_decorator.py
[2026-06-15T16:07:05.284+0000] {processor.py:840} INFO - DAG(s) 'example_task_group_decorator' retrieved from /home/airflow/.local/lib/python3.12/site-packages/airflow/example_dags/example_task_group_decorator.py
[2026-06-15T16:07:05.324+0000] {logging_mixin.py:188} INFO - [2026-06-15T16:07:05.323+0000] {dag.py:3096} INFO - Sync 1 DAGs
[2026-06-15T16:07:05.356+0000] {logging_mixin.py:188} INFO - [2026-06-15T16:07:05.356+0000] {dag.py:3954} INFO - Setting next_dagrun for example_task_group_decorator to 2026-06-14 00:00:00+00:00, run_after=2026-06-15 00:00:00+00:00
[2026-06-15T16:07:05.391+0000] {processor.py:183} INFO - Processing /home/airflow/.local/lib/python3.12/site-packages/airflow/example_dags/example_task_group_decorator.py took 0.141 seconds
[2026-06-15T16:07:35.916+0000] {processor.py:161} INFO - Started process (PID=707) to work on /home/airflow/.local/lib/python3.12/site-packages/airflow/example_dags/example_task_group_decorator.py
[2026-06-15T16:07:35.919+0000] {processor.py:830} INFO - Processing file /home/airflow/.local/lib/python3.12/site-packages/airflow/example_dags/example_task_group_decorator.py for tasks to queue
[2026-06-15T16:07:35.923+0000] {logging_mixin.py:188} INFO - [2026-06-15T16:07:35.922+0000] {dagbag.py:545} INFO - Filling up the DagBag from /home/airflow/.local/lib/python3.12/site-packages/airflow/example_dags/example_task_group_decorator.py
[2026-06-15T16:07:35.947+0000] {processor.py:840} INFO - DAG(s) 'example_task_group_decorator' retrieved from /home/airflow/.local/lib/python3.12/site-packages/airflow/example_dags/example_task_group_decorator.py
[2026-06-15T16:07:35.993+0000] {logging_mixin.py:188} INFO - [2026-06-15T16:07:35.993+0000] {dag.py:3096} INFO - Sync 1 DAGs
[2026-06-15T16:07:36.031+0000] {logging_mixin.py:188} INFO - [2026-06-15T16:07:36.031+0000] {dag.py:3954} INFO - Setting next_dagrun for example_task_group_decorator to 2026-06-14 00:00:00+00:00, run_after=2026-06-15 00:00:00+00:00
[2026-06-15T16:07:36.067+0000] {processor.py:183} INFO - Processing /home/airflow/.local/lib/python3.12/site-packages/airflow/example_dags/example_task_group_decorator.py took 0.160 seconds
[2026-06-15T16:08:06.927+0000] {processor.py:161} INFO - Started process (PID=766) to work on /home/airflow/.local/lib/python3.12/site-packages/airflow/example_dags/example_task_group_decorator.py
[2026-06-15T16:08:06.929+0000] {processor.py:830} INFO - Processing file /home/airflow/.local/lib/python3.12/site-packages/airflow/example_dags/example_task_group_decorator.py for tasks to queue
[2026-06-15T16:08:06.932+0000] {logging_mixin.py:188} INFO - [2026-06-15T16:08:06.932+0000] {dagbag.py:545} INFO - Filling up the DagBag from /home/airflow/.local/lib/python3.12/site-packages/airflow/example_dags/example_task_group_decorator.py
[2026-06-15T16:08:06.951+0000] {processor.py:840} INFO - DAG(s) 'example_task_group_decorator' retrieved from /home/airflow/.local/lib/python3.12/site-packages/airflow/example_dags/example_task_group_decorator.py
[2026-06-15T16:08:06.991+0000] {logging_mixin.py:188} INFO - [2026-06-15T16:08:06.991+0000] {dag.py:3096} INFO - Sync 1 DAGs
[2026-06-15T16:08:07.021+0000] {logging_mixin.py:188} INFO - [2026-06-15T16:08:07.021+0000] {dag.py:3954} INFO - Setting next_dagrun for example_task_group_decorator to 2026-06-14 00:00:00+00:00, run_after=2026-06-15 00:00:00+00:00
[2026-06-15T16:08:07.057+0000] {processor.py:183} INFO - Processing /home/airflow/.local/lib/python3.12/site-packages/airflow/example_dags/example_task_group_decorator.py took 0.138 seconds
[2026-06-15T16:08:37.113+0000] {processor.py:161} INFO - Started process (PID=825) to work on /home/airflow/.local/lib/python3.12/site-packages/airflow/example_dags/example_task_group_decorator.py
[2026-06-15T16:08:37.115+0000] {processor.py:830} INFO - Processing file /home/airflow/.local/lib/python3.12/site-packages/airflow/example_dags/example_task_group_decorator.py for tasks to queue
[2026-06-15T16:08:37.118+0000] {logging_mixin.py:188} INFO - [2026-06-15T16:08:37.118+0000] {dagbag.py:545} INFO - Filling up the DagBag from /home/airflow/.local/lib/python3.12/site-packages/airflow/example_dags/example_task_group_decorator.py
[2026-06-15T16:08:37.138+0000] {processor.py:840} INFO - DAG(s) 'example_task_group_decorator' retrieved from /home/airflow/.local/lib/python3.12/site-packages/airflow/example_dags/example_task_group_decorator.py
[2026-06-15T16:08:37.181+0000] {logging_mixin.py:188} INFO - [2026-06-15T16:08:37.180+0000] {dag.py:3096} INFO - Sync 1 DAGs
[2026-06-15T16:08:37.209+0000] {logging_mixin.py:188} INFO - [2026-06-15T16:08:37.209+0000] {dag.py:3954} INFO - Setting next_dagrun for example_task_group_decorator to 2026-06-14 00:00:00+00:00, run_after=2026-06-15 00:00:00+00:00
[2026-06-15T16:08:37.241+0000] {processor.py:183} INFO - Processing /home/airflow/.local/lib/python3.12/site-packages/airflow/example_dags/example_task_group_decorator.py took 0.137 seconds
[2026-06-15T16:09:07.558+0000] {processor.py:161} INFO - Started process (PID=884) to work on /home/airflow/.local/lib/python3.12/site-packages/airflow/example_dags/example_task_group_decorator.py
[2026-06-15T16:09:07.560+0000] {processor.py:830} INFO - Processing file /home/airflow/.local/lib/python3.12/site-packages/airflow/example_dags/example_task_group_decorator.py for tasks to queue
[2026-06-15T16:09:07.563+0000] {logging_mixin.py:188} INFO - [2026-06-15T16:09:07.562+0000] {dagbag.py:545} INFO - Filling up the DagBag from /home/airflow/.local/lib/python3.12/site-packages/airflow/example_dags/example_task_group_decorator.py
[2026-06-15T16:09:07.591+0000] {processor.py:840} INFO - DAG(s) 'example_task_group_decorator' retrieved from /home/airflow/.local/lib/python3.12/site-packages/airflow/example_dags/example_task_group_decorator.py
[2026-06-15T16:09:07.642+0000] {logging_mixin.py:188} INFO - [2026-06-15T16:09:07.642+0000] {dag.py:3096} INFO - Sync 1 DAGs
[2026-06-15T16:09:07.686+0000] {logging_mixin.py:188} INFO - [2026-06-15T16:09:07.685+0000] {dag.py:3954} INFO - Setting next_dagrun for example_task_group_decorator to 2026-06-14 00:00:00+00:00, run_after=2026-06-15 00:00:00+00:00
[2026-06-15T16:09:07.725+0000] {processor.py:183} INFO - Processing /home/airflow/.local/lib/python3.12/site-packages/airflow/example_dags/example_task_group_decorator.py took 0.177 seconds
[2026-06-15T16:09:39.162+0000] {processor.py:161} INFO - Started process (PID=943) to work on /home/airflow/.local/lib/python3.12/site-packages/airflow/example_dags/example_task_group_decorator.py
[2026-06-15T16:09:39.164+0000] {processor.py:830} INFO - Processing file /home/airflow/.local/lib/python3.12/site-packages/airflow/example_dags/example_task_group_decorator.py for tasks to queue
[2026-06-15T16:09:39.167+0000] {logging_mixin.py:188} INFO - [2026-06-15T16:09:39.167+0000] {dagbag.py:545} INFO - Filling up the DagBag from /home/airflow/.local/lib/python3.12/site-packages/airflow/example_dags/example_task_group_decorator.py
[2026-06-15T16:09:39.186+0000] {processor.py:840} INFO - DAG(s) 'example_task_group_decorator' retrieved from /home/airflow/.local/lib/python3.12/site-packages/airflow/example_dags/example_task_group_decorator.py
[2026-06-15T16:09:39.224+0000] {logging_mixin.py:188} INFO - [2026-06-15T16:09:39.224+0000] {dag.py:3096} INFO - Sync 1 DAGs
[2026-06-15T16:09:39.257+0000] {logging_mixin.py:188} INFO - [2026-06-15T16:09:39.256+0000] {dag.py:3954} INFO - Setting next_dagrun for example_task_group_decorator to 2026-06-14 00:00:00+00:00, run_after=2026-06-15 00:00:00+00:00
[2026-06-15T16:09:39.290+0000] {processor.py:183} INFO - Processing /home/airflow/.local/lib/python3.12/site-packages/airflow/example_dags/example_task_group_decorator.py took 0.137 seconds
[2026-06-15T16:10:10.392+0000] {processor.py:161} INFO - Started process (PID=1002) to work on /home/airflow/.local/lib/python3.12/site-packages/airflow/example_dags/example_task_group_decorator.py
[2026-06-15T16:10:10.394+0000] {processor.py:830} INFO - Processing file /home/airflow/.local/lib/python3.12/site-packages/airflow/example_dags/example_task_group_decorator.py for tasks to queue
[2026-06-15T16:10:10.397+0000] {logging_mixin.py:188} INFO - [2026-06-15T16:10:10.397+0000] {dagbag.py:545} INFO - Filling up the DagBag from /home/airflow/.local/lib/python3.12/site-packages/airflow/example_dags/example_task_group_decorator.py
[2026-06-15T16:10:10.414+0000] {processor.py:840} INFO - DAG(s) 'example_task_group_decorator' retrieved from /home/airflow/.local/lib/python3.12/site-packages/airflow/example_dags/example_task_group_decorator.py
[2026-06-15T16:10:10.456+0000] {logging_mixin.py:188} INFO - [2026-06-15T16:10:10.455+0000] {dag.py:3096} INFO - Sync 1 DAGs
[2026-06-15T16:10:10.491+0000] {logging_mixin.py:188} INFO - [2026-06-15T16:10:10.491+0000] {dag.py:3954} INFO - Setting next_dagrun for example_task_group_decorator to 2026-06-14 00:00:00+00:00, run_after=2026-06-15 00:00:00+00:00
[2026-06-15T16:10:10.530+0000] {processor.py:183} INFO - Processing /home/airflow/.local/lib/python3.12/site-packages/airflow/example_dags/example_task_group_decorator.py took 0.145 seconds
[2026-06-15T16:10:40.766+0000] {processor.py:161} INFO - Started process (PID=1061) to work on /home/airflow/.local/lib/python3.12/site-packages/airflow/example_dags/example_task_group_decorator.py
[2026-06-15T16:10:40.768+0000] {processor.py:830} INFO - Processing file /home/airflow/.local/lib/python3.12/site-packages/airflow/example_dags/example_task_group_decorator.py for tasks to queue
[2026-06-15T16:10:40.771+0000] {logging_mixin.py:188} INFO - [2026-06-15T16:10:40.770+0000] {dagbag.py:545} INFO - Filling up the DagBag from /home/airflow/.local/lib/python3.12/site-packages/airflow/example_dags/example_task_group_decorator.py
[2026-06-15T16:10:40.794+0000] {processor.py:840} INFO - DAG(s) 'example_task_group_decorator' retrieved from /home/airflow/.local/lib/python3.12/site-packages/airflow/example_dags/example_task_group_decorator.py
[2026-06-15T16:10:40.835+0000] {logging_mixin.py:188} INFO - [2026-06-15T16:10:40.835+0000] {dag.py:3096} INFO - Sync 1 DAGs
[2026-06-15T16:10:40.869+0000] {logging_mixin.py:188} INFO - [2026-06-15T16:10:40.868+0000] {dag.py:3954} INFO - Setting next_dagrun for example_task_group_decorator to 2026-06-14 00:00:00+00:00, run_after=2026-06-15 00:00:00+00:00
[2026-06-15T16:10:40.902+0000] {processor.py:183} INFO - Processing /home/airflow/.local/lib/python3.12/site-packages/airflow/example_dags/example_task_group_decorator.py took 0.145 seconds
[2026-06-15T16:11:11.097+0000] {processor.py:161} INFO - Started process (PID=1120) to work on /home/airflow/.local/lib/python3.12/site-packages/airflow/example_dags/example_task_group_decorator.py
[2026-06-15T16:11:11.099+0000] {processor.py:830} INFO - Processing file /home/airflow/.local/lib/python3.12/site-packages/airflow/example_dags/example_task_group_decorator.py for tasks to queue
[2026-06-15T16:11:11.102+0000] {logging_mixin.py:188} INFO - [2026-06-15T16:11:11.102+0000] {dagbag.py:545} INFO - Filling up the DagBag from /home/airflow/.local/lib/python3.12/site-packages/airflow/example_dags/example_task_group_decorator.py
[2026-06-15T16:11:11.122+0000] {processor.py:840} INFO - DAG(s) 'example_task_group_decorator' retrieved from /home/airflow/.local/lib/python3.12/site-packages/airflow/example_dags/example_task_group_decorator.py
[2026-06-15T16:11:11.160+0000] {logging_mixin.py:188} INFO - [2026-06-15T16:11:11.160+0000] {dag.py:3096} INFO - Sync 1 DAGs
[2026-06-15T16:11:11.195+0000] {logging_mixin.py:188} INFO - [2026-06-15T16:11:11.195+0000] {dag.py:3954} INFO - Setting next_dagrun for example_task_group_decorator to 2026-06-14 00:00:00+00:00, run_after=2026-06-15 00:00:00+00:00
[2026-06-15T16:11:11.231+0000] {processor.py:183} INFO - Processing /home/airflow/.local/lib/python3.12/site-packages/airflow/example_dags/example_task_group_decorator.py took 0.142 seconds
[2026-06-15T16:11:41.956+0000] {processor.py:161} INFO - Started process (PID=1179) to work on /home/airflow/.local/lib/python3.12/site-packages/airflow/example_dags/example_task_group_decorator.py
[2026-06-15T16:11:41.959+0000] {processor.py:830} INFO - Processing file /home/airflow/.local/lib/python3.12/site-packages/airflow/example_dags/example_task_group_decorator.py for tasks to queue
[2026-06-15T16:11:41.964+0000] {logging_mixin.py:188} INFO - [2026-06-15T16:11:41.963+0000] {dagbag.py:545} INFO - Filling up the DagBag from /home/airflow/.local/lib/python3.12/site-packages/airflow/example_dags/example_task_group_decorator.py
[2026-06-15T16:11:41.996+0000] {processor.py:840} INFO - DAG(s) 'example_task_group_decorator' retrieved from /home/airflow/.local/lib/python3.12/site-packages/airflow/example_dags/example_task_group_decorator.py
[2026-06-15T16:11:42.039+0000] {logging_mixin.py:188} INFO - [2026-06-15T16:11:42.038+0000] {dag.py:3096} INFO - Sync 1 DAGs
[2026-06-15T16:11:42.073+0000] {logging_mixin.py:188} INFO - [2026-06-15T16:11:42.073+0000] {dag.py:3954} INFO - Setting next_dagrun for example_task_group_decorator to 2026-06-14 00:00:00+00:00, run_after=2026-06-15 00:00:00+00:00
[2026-06-15T16:11:42.114+0000] {processor.py:183} INFO - Processing /home/airflow/.local/lib/python3.12/site-packages/airflow/example_dags/example_task_group_decorator.py took 0.172 seconds
[2026-06-15T16:12:12.238+0000] {processor.py:161} INFO - Started process (PID=1238) to work on /home/airflow/.local/lib/python3.12/site-packages/airflow/example_dags/example_task_group_decorator.py
[2026-06-15T16:12:12.240+0000] {processor.py:830} INFO - Processing file /home/airflow/.local/lib/python3.12/site-packages/airflow/example_dags/example_task_group_decorator.py for tasks to queue
[2026-06-15T16:12:12.243+0000] {logging_mixin.py:188} INFO - [2026-06-15T16:12:12.243+0000] {dagbag.py:545} INFO - Filling up the DagBag from /home/airflow/.local/lib/python3.12/site-packages/airflow/example_dags/example_task_group_decorator.py
[2026-06-15T16:12:12.266+0000] {processor.py:840} INFO - DAG(s) 'example_task_group_decorator' retrieved from /home/airflow/.local/lib/python3.12/site-packages/airflow/example_dags/example_task_group_decorator.py
[2026-06-15T16:12:12.314+0000] {logging_mixin.py:188} INFO - [2026-06-15T16:12:12.313+0000] {dag.py:3096} INFO - Sync 1 DAGs
[2026-06-15T16:12:12.347+0000] {logging_mixin.py:188} INFO - [2026-06-15T16:12:12.346+0000] {dag.py:3954} INFO - Setting next_dagrun for example_task_group_decorator to 2026-06-14 00:00:00+00:00, run_after=2026-06-15 00:00:00+00:00
[2026-06-15T16:12:12.386+0000] {processor.py:183} INFO - Processing /home/airflow/.local/lib/python3.12/site-packages/airflow/example_dags/example_task_group_decorator.py took 0.157 seconds
[2026-06-15T16:12:42.610+0000] {processor.py:161} INFO - Started process (PID=1297) to work on /home/airflow/.local/lib/python3.12/site-packages/airflow/example_dags/example_task_group_decorator.py
[2026-06-15T16:12:42.612+0000] {processor.py:830} INFO - Processing file /home/airflow/.local/lib/python3.12/site-packages/airflow/example_dags/example_task_group_decorator.py for tasks to queue
[2026-06-15T16:12:42.616+0000] {logging_mixin.py:188} INFO - [2026-06-15T16:12:42.615+0000] {dagbag.py:545} INFO - Filling up the DagBag from /home/airflow/.local/lib/python3.12/site-packages/airflow/example_dags/example_task_group_decorator.py
[2026-06-15T16:12:42.635+0000] {processor.py:840} INFO - DAG(s) 'example_task_group_decorator' retrieved from /home/airflow/.local/lib/python3.12/site-packages/airflow/example_dags/example_task_group_decorator.py
[2026-06-15T16:12:42.675+0000] {logging_mixin.py:188} INFO - [2026-06-15T16:12:42.675+0000] {dag.py:3096} INFO - Sync 1 DAGs
[2026-06-15T16:12:42.714+0000] {logging_mixin.py:188} INFO - [2026-06-15T16:12:42.714+0000] {dag.py:3954} INFO - Setting next_dagrun for example_task_group_decorator to 2026-06-14 00:00:00+00:00, run_after=2026-06-15 00:00:00+00:00
[2026-06-15T16:12:42.754+0000] {processor.py:183} INFO - Processing /home/airflow/.local/lib/python3.12/site-packages/airflow/example_dags/example_task_group_decorator.py took 0.152 seconds
[2026-06-15T16:13:12.834+0000] {processor.py:161} INFO - Started process (PID=1356) to work on /home/airflow/.local/lib/python3.12/site-packages/airflow/example_dags/example_task_group_decorator.py
[2026-06-15T16:13:12.836+0000] {processor.py:830} INFO - Processing file /home/airflow/.local/lib/python3.12/site-packages/airflow/example_dags/example_task_group_decorator.py for tasks to queue
[2026-06-15T16:13:12.840+0000] {logging_mixin.py:188} INFO - [2026-06-15T16:13:12.839+0000] {dagbag.py:545} INFO - Filling up the DagBag from /home/airflow/.local/lib/python3.12/site-packages/airflow/example_dags/example_task_group_decorator.py
[2026-06-15T16:13:12.859+0000] {processor.py:840} INFO - DAG(s) 'example_task_group_decorator' retrieved from /home/airflow/.local/lib/python3.12/site-packages/airflow/example_dags/example_task_group_decorator.py
[2026-06-15T16:13:12.896+0000] {logging_mixin.py:188} INFO - [2026-06-15T16:13:12.896+0000] {dag.py:3096} INFO - Sync 1 DAGs
[2026-06-15T16:13:12.932+0000] {logging_mixin.py:188} INFO - [2026-06-15T16:13:12.932+0000] {dag.py:3954} INFO - Setting next_dagrun for example_task_group_decorator to 2026-06-14 00:00:00+00:00, run_after=2026-06-15 00:00:00+00:00
[2026-06-15T16:13:12.968+0000] {processor.py:183} INFO - Processing /home/airflow/.local/lib/python3.12/site-packages/airflow/example_dags/example_task_group_decorator.py took 0.141 seconds
[2026-06-15T16:13:43.352+0000] {processor.py:161} INFO - Started process (PID=1415) to work on /home/airflow/.local/lib/python3.12/site-packages/airflow/example_dags/example_task_group_decorator.py
[2026-06-15T16:13:43.354+0000] {processor.py:830} INFO - Processing file /home/airflow/.local/lib/python3.12/site-packages/airflow/example_dags/example_task_group_decorator.py for tasks to queue
[2026-06-15T16:13:43.359+0000] {logging_mixin.py:188} INFO - [2026-06-15T16:13:43.358+0000] {dagbag.py:545} INFO - Filling up the DagBag from /home/airflow/.local/lib/python3.12/site-packages/airflow/example_dags/example_task_group_decorator.py
[2026-06-15T16:13:43.381+0000] {processor.py:840} INFO - DAG(s) 'example_task_group_decorator' retrieved from /home/airflow/.local/lib/python3.12/site-packages/airflow/example_dags/example_task_group_decorator.py
[2026-06-15T16:13:43.427+0000] {logging_mixin.py:188} INFO - [2026-06-15T16:13:43.426+0000] {dag.py:3096} INFO - Sync 1 DAGs
[2026-06-15T16:13:43.466+0000] {logging_mixin.py:188} INFO - [2026-06-15T16:13:43.466+0000] {dag.py:3954} INFO - Setting next_dagrun for example_task_group_decorator to 2026-06-14 00:00:00+00:00, run_after=2026-06-15 00:00:00+00:00
[2026-06-15T16:13:43.500+0000] {processor.py:183} INFO - Processing /home/airflow/.local/lib/python3.12/site-packages/airflow/example_dags/example_task_group_decorator.py took 0.156 seconds
[2026-06-15T16:14:13.925+0000] {processor.py:161} INFO - Started process (PID=1474) to work on /home/airflow/.local/lib/python3.12/site-packages/airflow/example_dags/example_task_group_decorator.py
[2026-06-15T16:14:13.927+0000] {processor.py:830} INFO - Processing file /home/airflow/.local/lib/python3.12/site-packages/airflow/example_dags/example_task_group_decorator.py for tasks to queue
[2026-06-15T16:14:13.931+0000] {logging_mixin.py:188} INFO - [2026-06-15T16:14:13.930+0000] {dagbag.py:545} INFO - Filling up the DagBag from /home/airflow/.local/lib/python3.12/site-packages/airflow/example_dags/example_task_group_decorator.py
[2026-06-15T16:14:13.954+0000] {processor.py:840} INFO - DAG(s) 'example_task_group_decorator' retrieved from /home/airflow/.local/lib/python3.12/site-packages/airflow/example_dags/example_task_group_decorator.py
[2026-06-15T16:14:14.001+0000] {logging_mixin.py:188} INFO - [2026-06-15T16:14:14.001+0000] {dag.py:3096} INFO - Sync 1 DAGs
[2026-06-15T16:14:14.036+0000] {logging_mixin.py:188} INFO - [2026-06-15T16:14:14.035+0000] {dag.py:3954} INFO - Setting next_dagrun for example_task_group_decorator to 2026-06-14 00:00:00+00:00, run_after=2026-06-15 00:00:00+00:00
[2026-06-15T16:14:14.071+0000] {processor.py:183} INFO - Processing /home/airflow/.local/lib/python3.12/site-packages/airflow/example_dags/example_task_group_decorator.py took 0.155 seconds
[2026-06-15T16:14:44.439+0000] {processor.py:161} INFO - Started process (PID=1533) to work on /home/airflow/.local/lib/python3.12/site-packages/airflow/example_dags/example_task_group_decorator.py
[2026-06-15T16:14:44.441+0000] {processor.py:830} INFO - Processing file /home/airflow/.local/lib/python3.12/site-packages/airflow/example_dags/example_task_group_decorator.py for tasks to queue
[2026-06-15T16:14:44.445+0000] {logging_mixin.py:188} INFO - [2026-06-15T16:14:44.444+0000] {dagbag.py:545} INFO - Filling up the DagBag from /home/airflow/.local/lib/python3.12/site-packages/airflow/example_dags/example_task_group_decorator.py
[2026-06-15T16:14:44.471+0000] {processor.py:840} INFO - DAG(s) 'example_task_group_decorator' retrieved from /home/airflow/.local/lib/python3.12/site-packages/airflow/example_dags/example_task_group_decorator.py
[2026-06-15T16:14:44.507+0000] {logging_mixin.py:188} INFO - [2026-06-15T16:14:44.507+0000] {dag.py:3096} INFO - Sync 1 DAGs
[2026-06-15T16:14:44.538+0000] {logging_mixin.py:188} INFO - [2026-06-15T16:14:44.537+0000] {dag.py:3954} INFO - Setting next_dagrun for example_task_group_decorator to 2026-06-14 00:00:00+00:00, run_after=2026-06-15 00:00:00+00:00
[2026-06-15T16:14:44.571+0000] {processor.py:183} INFO - Processing /home/airflow/.local/lib/python3.12/site-packages/airflow/example_dags/example_task_group_decorator.py took 0.141 seconds
[2026-06-15T16:15:15.556+0000] {processor.py:161} INFO - Started process (PID=1592) to work on /home/airflow/.local/lib/python3.12/site-packages/airflow/example_dags/example_task_group_decorator.py
[2026-06-15T16:15:15.559+0000] {processor.py:830} INFO - Processing file /home/airflow/.local/lib/python3.12/site-packages/airflow/example_dags/example_task_group_decorator.py for tasks to queue
[2026-06-15T16:15:15.562+0000] {logging_mixin.py:188} INFO - [2026-06-15T16:15:15.562+0000] {dagbag.py:545} INFO - Filling up the DagBag from /home/airflow/.local/lib/python3.12/site-packages/airflow/example_dags/example_task_group_decorator.py
[2026-06-15T16:15:15.586+0000] {processor.py:840} INFO - DAG(s) 'example_task_group_decorator' retrieved from /home/airflow/.local/lib/python3.12/site-packages/airflow/example_dags/example_task_group_decorator.py
[2026-06-15T16:15:15.629+0000] {logging_mixin.py:188} INFO - [2026-06-15T16:15:15.629+0000] {dag.py:3096} INFO - Sync 1 DAGs
[2026-06-15T16:15:15.665+0000] {logging_mixin.py:188} INFO - [2026-06-15T16:15:15.665+0000] {dag.py:3954} INFO - Setting next_dagrun for example_task_group_decorator to 2026-06-14 00:00:00+00:00, run_after=2026-06-15 00:00:00+00:00
[2026-06-15T16:15:15.701+0000] {processor.py:183} INFO - Processing /home/airflow/.local/lib/python3.12/site-packages/airflow/example_dags/example_task_group_decorator.py took 0.152 seconds
[2026-06-15T16:15:46.558+0000] {processor.py:161} INFO - Started process (PID=1651) to work on /home/airflow/.local/lib/python3.12/site-packages/airflow/example_dags/example_task_group_decorator.py
[2026-06-15T16:15:46.560+0000] {processor.py:830} INFO - Processing file /home/airflow/.local/lib/python3.12/site-packages/airflow/example_dags/example_task_group_decorator.py for tasks to queue
[2026-06-15T16:15:46.564+0000] {logging_mixin.py:188} INFO - [2026-06-15T16:15:46.564+0000] {dagbag.py:545} INFO - Filling up the DagBag from /home/airflow/.local/lib/python3.12/site-packages/airflow/example_dags/example_task_group_decorator.py
[2026-06-15T16:15:46.588+0000] {processor.py:840} INFO - DAG(s) 'example_task_group_decorator' retrieved from /home/airflow/.local/lib/python3.12/site-packages/airflow/example_dags/example_task_group_decorator.py
[2026-06-15T16:15:46.635+0000] {logging_mixin.py:188} INFO - [2026-06-15T16:15:46.634+0000] {dag.py:3096} INFO - Sync 1 DAGs
[2026-06-15T16:15:46.858+0000] {logging_mixin.py:188} INFO - [2026-06-15T16:15:46.858+0000] {dag.py:3954} INFO - Setting next_dagrun for example_task_group_decorator to 2026-06-14 00:00:00+00:00, run_after=2026-06-15 00:00:00+00:00
[2026-06-15T16:15:46.894+0000] {processor.py:183} INFO - Processing /home/airflow/.local/lib/python3.12/site-packages/airflow/example_dags/example_task_group_decorator.py took 0.346 seconds
[2026-06-15T16:16:17.830+0000] {processor.py:161} INFO - Started process (PID=1711) to work on /home/airflow/.local/lib/python3.12/site-packages/airflow/example_dags/example_task_group_decorator.py
[2026-06-15T16:16:17.832+0000] {processor.py:830} INFO - Processing file /home/airflow/.local/lib/python3.12/site-packages/airflow/example_dags/example_task_group_decorator.py for tasks to queue
[2026-06-15T16:16:17.836+0000] {logging_mixin.py:188} INFO - [2026-06-15T16:16:17.836+0000] {dagbag.py:545} INFO - Filling up the DagBag from /home/airflow/.local/lib/python3.12/site-packages/airflow/example_dags/example_task_group_decorator.py
[2026-06-15T16:16:17.855+0000] {processor.py:840} INFO - DAG(s) 'example_task_group_decorator' retrieved from /home/airflow/.local/lib/python3.12/site-packages/airflow/example_dags/example_task_group_decorator.py
[2026-06-15T16:16:17.894+0000] {logging_mixin.py:188} INFO - [2026-06-15T16:16:17.894+0000] {dag.py:3096} INFO - Sync 1 DAGs
[2026-06-15T16:16:17.928+0000] {logging_mixin.py:188} INFO - [2026-06-15T16:16:17.928+0000] {dag.py:3954} INFO - Setting next_dagrun for example_task_group_decorator to 2026-06-14 00:00:00+00:00, run_after=2026-06-15 00:00:00+00:00
[2026-06-15T16:16:17.966+0000] {processor.py:183} INFO - Processing /home/airflow/.local/lib/python3.12/site-packages/airflow/example_dags/example_task_group_decorator.py took 0.146 seconds
[2026-06-15T16:16:48.033+0000] {processor.py:161} INFO - Started process (PID=1770) to work on /home/airflow/.local/lib/python3.12/site-packages/airflow/example_dags/example_task_group_decorator.py
[2026-06-15T16:16:48.035+0000] {processor.py:830} INFO - Processing file /home/airflow/.local/lib/python3.12/site-packages/airflow/example_dags/example_task_group_decorator.py for tasks to queue
[2026-06-15T16:16:48.039+0000] {logging_mixin.py:188} INFO - [2026-06-15T16:16:48.039+0000] {dagbag.py:545} INFO - Filling up the DagBag from /home/airflow/.local/lib/python3.12/site-packages/airflow/example_dags/example_task_group_decorator.py
[2026-06-15T16:16:48.062+0000] {processor.py:840} INFO - DAG(s) 'example_task_group_decorator' retrieved from /home/airflow/.local/lib/python3.12/site-packages/airflow/example_dags/example_task_group_decorator.py
[2026-06-15T16:16:48.102+0000] {logging_mixin.py:188} INFO - [2026-06-15T16:16:48.101+0000] {dag.py:3096} INFO - Sync 1 DAGs
[2026-06-15T16:16:48.137+0000] {logging_mixin.py:188} INFO - [2026-06-15T16:16:48.137+0000] {dag.py:3954} INFO - Setting next_dagrun for example_task_group_decorator to 2026-06-14 00:00:00+00:00, run_after=2026-06-15 00:00:00+00:00
[2026-06-15T16:16:48.170+0000] {processor.py:183} INFO - Processing /home/airflow/.local/lib/python3.12/site-packages/airflow/example_dags/example_task_group_decorator.py took 0.146 seconds
[2026-06-15T16:17:18.860+0000] {processor.py:161} INFO - Started process (PID=1830) to work on /home/airflow/.local/lib/python3.12/site-packages/airflow/example_dags/example_task_group_decorator.py
[2026-06-15T16:17:18.862+0000] {processor.py:830} INFO - Processing file /home/airflow/.local/lib/python3.12/site-packages/airflow/example_dags/example_task_group_decorator.py for tasks to queue
[2026-06-15T16:17:18.866+0000] {logging_mixin.py:188} INFO - [2026-06-15T16:17:18.865+0000] {dagbag.py:545} INFO - Filling up the DagBag from /home/airflow/.local/lib/python3.12/site-packages/airflow/example_dags/example_task_group_decorator.py
[2026-06-15T16:17:18.886+0000] {processor.py:840} INFO - DAG(s) 'example_task_group_decorator' retrieved from /home/airflow/.local/lib/python3.12/site-packages/airflow/example_dags/example_task_group_decorator.py
[2026-06-15T16:17:18.927+0000] {logging_mixin.py:188} INFO - [2026-06-15T16:17:18.926+0000] {dag.py:3096} INFO - Sync 1 DAGs
[2026-06-15T16:17:18.959+0000] {logging_mixin.py:188} INFO - [2026-06-15T16:17:18.959+0000] {dag.py:3954} INFO - Setting next_dagrun for example_task_group_decorator to 2026-06-14 00:00:00+00:00, run_after=2026-06-15 00:00:00+00:00
[2026-06-15T16:17:18.993+0000] {processor.py:183} INFO - Processing /home/airflow/.local/lib/python3.12/site-packages/airflow/example_dags/example_task_group_decorator.py took 0.145 seconds
[2026-06-15T16:17:49.439+0000] {processor.py:161} INFO - Started process (PID=1889) to work on /home/airflow/.local/lib/python3.12/site-packages/airflow/example_dags/example_task_group_decorator.py
[2026-06-15T16:17:49.441+0000] {processor.py:830} INFO - Processing file /home/airflow/.local/lib/python3.12/site-packages/airflow/example_dags/example_task_group_decorator.py for tasks to queue
[2026-06-15T16:17:49.445+0000] {logging_mixin.py:188} INFO - [2026-06-15T16:17:49.444+0000] {dagbag.py:545} INFO - Filling up the DagBag from /home/airflow/.local/lib/python3.12/site-packages/airflow/example_dags/example_task_group_decorator.py
[2026-06-15T16:17:49.471+0000] {processor.py:840} INFO - DAG(s) 'example_task_group_decorator' retrieved from /home/airflow/.local/lib/python3.12/site-packages/airflow/example_dags/example_task_group_decorator.py
[2026-06-15T16:17:49.519+0000] {logging_mixin.py:188} INFO - [2026-06-15T16:17:49.518+0000] {dag.py:3096} INFO - Sync 1 DAGs
[2026-06-15T16:17:49.563+0000] {logging_mixin.py:188} INFO - [2026-06-15T16:17:49.562+0000] {dag.py:3954} INFO - Setting next_dagrun for example_task_group_decorator to 2026-06-14 00:00:00+00:00, run_after=2026-06-15 00:00:00+00:00
[2026-06-15T16:17:49.613+0000] {processor.py:183} INFO - Processing /home/airflow/.local/lib/python3.12/site-packages/airflow/example_dags/example_task_group_decorator.py took 0.185 seconds
[2026-06-15T16:18:20.097+0000] {processor.py:161} INFO - Started process (PID=1948) to work on /home/airflow/.local/lib/python3.12/site-packages/airflow/example_dags/example_task_group_decorator.py
[2026-06-15T16:18:20.099+0000] {processor.py:830} INFO - Processing file /home/airflow/.local/lib/python3.12/site-packages/airflow/example_dags/example_task_group_decorator.py for tasks to queue
[2026-06-15T16:18:20.103+0000] {logging_mixin.py:188} INFO - [2026-06-15T16:18:20.102+0000] {dagbag.py:545} INFO - Filling up the DagBag from /home/airflow/.local/lib/python3.12/site-packages/airflow/example_dags/example_task_group_decorator.py
[2026-06-15T16:18:20.131+0000] {processor.py:840} INFO - DAG(s) 'example_task_group_decorator' retrieved from /home/airflow/.local/lib/python3.12/site-packages/airflow/example_dags/example_task_group_decorator.py
[2026-06-15T16:18:20.175+0000] {logging_mixin.py:188} INFO - [2026-06-15T16:18:20.175+0000] {dag.py:3096} INFO - Sync 1 DAGs
[2026-06-15T16:18:20.219+0000] {logging_mixin.py:188} INFO - [2026-06-15T16:18:20.218+0000] {dag.py:3954} INFO - Setting next_dagrun for example_task_group_decorator to 2026-06-14 00:00:00+00:00, run_after=2026-06-15 00:00:00+00:00
[2026-06-15T16:18:20.258+0000] {processor.py:183} INFO - Processing /home/airflow/.local/lib/python3.12/site-packages/airflow/example_dags/example_task_group_decorator.py took 0.171 seconds
[2026-06-15T16:18:50.817+0000] {processor.py:161} INFO - Started process (PID=2007) to work on /home/airflow/.local/lib/python3.12/site-packages/airflow/example_dags/example_task_group_decorator.py
[2026-06-15T16:18:50.820+0000] {processor.py:830} INFO - Processing file /home/airflow/.local/lib/python3.12/site-packages/airflow/example_dags/example_task_group_decorator.py for tasks to queue
[2026-06-15T16:18:50.824+0000] {logging_mixin.py:188} INFO - [2026-06-15T16:18:50.823+0000] {dagbag.py:545} INFO - Filling up the DagBag from /home/airflow/.local/lib/python3.12/site-packages/airflow/example_dags/example_task_group_decorator.py
[2026-06-15T16:18:50.861+0000] {processor.py:840} INFO - DAG(s) 'example_task_group_decorator' retrieved from /home/airflow/.local/lib/python3.12/site-packages/airflow/example_dags/example_task_group_decorator.py
[2026-06-15T16:18:50.921+0000] {logging_mixin.py:188} INFO - [2026-06-15T16:18:50.921+0000] {dag.py:3096} INFO - Sync 1 DAGs
[2026-06-15T16:18:50.981+0000] {logging_mixin.py:188} INFO - [2026-06-15T16:18:50.980+0000] {dag.py:3954} INFO - Setting next_dagrun for example_task_group_decorator to 2026-06-14 00:00:00+00:00, run_after=2026-06-15 00:00:00+00:00
[2026-06-15T16:18:51.033+0000] {processor.py:183} INFO - Processing /home/airflow/.local/lib/python3.12/site-packages/airflow/example_dags/example_task_group_decorator.py took 0.230 seconds
[2026-06-15T16:19:21.321+0000] {processor.py:161} INFO - Started process (PID=2066) to work on /home/airflow/.local/lib/python3.12/site-packages/airflow/example_dags/example_task_group_decorator.py
[2026-06-15T16:19:21.324+0000] {processor.py:830} INFO - Processing file /home/airflow/.local/lib/python3.12/site-packages/airflow/example_dags/example_task_group_decorator.py for tasks to queue
[2026-06-15T16:19:21.329+0000] {logging_mixin.py:188} INFO - [2026-06-15T16:19:21.329+0000] {dagbag.py:545} INFO - Filling up the DagBag from /home/airflow/.local/lib/python3.12/site-packages/airflow/example_dags/example_task_group_decorator.py
[2026-06-15T16:19:21.356+0000] {processor.py:840} INFO - DAG(s) 'example_task_group_decorator' retrieved from /home/airflow/.local/lib/python3.12/site-packages/airflow/example_dags/example_task_group_decorator.py
[2026-06-15T16:19:21.399+0000] {logging_mixin.py:188} INFO - [2026-06-15T16:19:21.399+0000] {dag.py:3096} INFO - Sync 1 DAGs
[2026-06-15T16:19:21.431+0000] {logging_mixin.py:188} INFO - [2026-06-15T16:19:21.431+0000] {dag.py:3954} INFO - Setting next_dagrun for example_task_group_decorator to 2026-06-14 00:00:00+00:00, run_after=2026-06-15 00:00:00+00:00
[2026-06-15T16:19:21.470+0000] {processor.py:183} INFO - Processing /home/airflow/.local/lib/python3.12/site-packages/airflow/example_dags/example_task_group_decorator.py took 0.161 seconds
[2026-06-15T16:19:51.849+0000] {processor.py:161} INFO - Started process (PID=2125) to work on /home/airflow/.local/lib/python3.12/site-packages/airflow/example_dags/example_task_group_decorator.py
[2026-06-15T16:19:51.850+0000] {processor.py:830} INFO - Processing file /home/airflow/.local/lib/python3.12/site-packages/airflow/example_dags/example_task_group_decorator.py for tasks to queue
[2026-06-15T16:19:51.853+0000] {logging_mixin.py:188} INFO - [2026-06-15T16:19:51.853+0000] {dagbag.py:545} INFO - Filling up the DagBag from /home/airflow/.local/lib/python3.12/site-packages/airflow/example_dags/example_task_group_decorator.py
[2026-06-15T16:19:51.873+0000] {processor.py:840} INFO - DAG(s) 'example_task_group_decorator' retrieved from /home/airflow/.local/lib/python3.12/site-packages/airflow/example_dags/example_task_group_decorator.py
[2026-06-15T16:19:51.913+0000] {logging_mixin.py:188} INFO - [2026-06-15T16:19:51.913+0000] {dag.py:3096} INFO - Sync 1 DAGs
[2026-06-15T16:19:51.946+0000] {logging_mixin.py:188} INFO - [2026-06-15T16:19:51.946+0000] {dag.py:3954} INFO - Setting next_dagrun for example_task_group_decorator to 2026-06-14 00:00:00+00:00, run_after=2026-06-15 00:00:00+00:00
[2026-06-15T16:19:51.979+0000] {processor.py:183} INFO - Processing /home/airflow/.local/lib/python3.12/site-packages/airflow/example_dags/example_task_group_decorator.py took 0.139 seconds
[2026-06-15T16:20:22.485+0000] {processor.py:161} INFO - Started process (PID=2184) to work on /home/airflow/.local/lib/python3.12/site-packages/airflow/example_dags/example_task_group_decorator.py
[2026-06-15T16:20:22.486+0000] {processor.py:830} INFO - Processing file /home/airflow/.local/lib/python3.12/site-packages/airflow/example_dags/example_task_group_decorator.py for tasks to queue
[2026-06-15T16:20:22.491+0000] {logging_mixin.py:188} INFO - [2026-06-15T16:20:22.490+0000] {dagbag.py:545} INFO - Filling up the DagBag from /home/airflow/.local/lib/python3.12/site-packages/airflow/example_dags/example_task_group_decorator.py
[2026-06-15T16:20:22.518+0000] {processor.py:840} INFO - DAG(s) 'example_task_group_decorator' retrieved from /home/airflow/.local/lib/python3.12/site-packages/airflow/example_dags/example_task_group_decorator.py
[2026-06-15T16:20:22.564+0000] {logging_mixin.py:188} INFO - [2026-06-15T16:20:22.564+0000] {dag.py:3096} INFO - Sync 1 DAGs
[2026-06-15T16:20:22.603+0000] {logging_mixin.py:188} INFO - [2026-06-15T16:20:22.603+0000] {dag.py:3954} INFO - Setting next_dagrun for example_task_group_decorator to 2026-06-14 00:00:00+00:00, run_after=2026-06-15 00:00:00+00:00
[2026-06-15T16:20:22.643+0000] {processor.py:183} INFO - Processing /home/airflow/.local/lib/python3.12/site-packages/airflow/example_dags/example_task_group_decorator.py took 0.169 seconds
[2026-06-15T16:45:26.973+0000] {processor.py:161} INFO - Started process (PID=2243) to work on /home/airflow/.local/lib/python3.12/site-packages/airflow/example_dags/example_task_group_decorator.py
[2026-06-15T16:45:26.976+0000] {processor.py:830} INFO - Processing file /home/airflow/.local/lib/python3.12/site-packages/airflow/example_dags/example_task_group_decorator.py for tasks to queue
[2026-06-15T16:45:26.984+0000] {logging_mixin.py:188} INFO - [2026-06-15T16:45:26.983+0000] {dagbag.py:545} INFO - Filling up the DagBag from /home/airflow/.local/lib/python3.12/site-packages/airflow/example_dags/example_task_group_decorator.py
[2026-06-15T16:45:27.039+0000] {processor.py:840} INFO - DAG(s) 'example_task_group_decorator' retrieved from /home/airflow/.local/lib/python3.12/site-packages/airflow/example_dags/example_task_group_decorator.py
[2026-06-15T16:45:27.125+0000] {logging_mixin.py:188} INFO - [2026-06-15T16:45:27.125+0000] {dag.py:3096} INFO - Sync 1 DAGs
[2026-06-15T16:45:27.188+0000] {logging_mixin.py:188} INFO - [2026-06-15T16:45:27.187+0000] {dag.py:3954} INFO - Setting next_dagrun for example_task_group_decorator to 2026-06-14 00:00:00+00:00, run_after=2026-06-15 00:00:00+00:00
[2026-06-15T16:45:27.233+0000] {processor.py:183} INFO - Processing /home/airflow/.local/lib/python3.12/site-packages/airflow/example_dags/example_task_group_decorator.py took 0.280 seconds
[2026-06-15T16:45:57.316+0000] {processor.py:161} INFO - Started process (PID=2302) to work on /home/airflow/.local/lib/python3.12/site-packages/airflow/example_dags/example_task_group_decorator.py
[2026-06-15T16:45:57.318+0000] {processor.py:830} INFO - Processing file /home/airflow/.local/lib/python3.12/site-packages/airflow/example_dags/example_task_group_decorator.py for tasks to queue
[2026-06-15T16:45:57.322+0000] {logging_mixin.py:188} INFO - [2026-06-15T16:45:57.322+0000] {dagbag.py:545} INFO - Filling up the DagBag from /home/airflow/.local/lib/python3.12/site-packages/airflow/example_dags/example_task_group_decorator.py
[2026-06-15T16:45:57.351+0000] {processor.py:840} INFO - DAG(s) 'example_task_group_decorator' retrieved from /home/airflow/.local/lib/python3.12/site-packages/airflow/example_dags/example_task_group_decorator.py
[2026-06-15T16:45:57.390+0000] {logging_mixin.py:188} INFO - [2026-06-15T16:45:57.389+0000] {dag.py:3096} INFO - Sync 1 DAGs
[2026-06-15T16:45:57.422+0000] {logging_mixin.py:188} INFO - [2026-06-15T16:45:57.422+0000] {dag.py:3954} INFO - Setting next_dagrun for example_task_group_decorator to 2026-06-14 00:00:00+00:00, run_after=2026-06-15 00:00:00+00:00
[2026-06-15T16:45:57.461+0000] {processor.py:183} INFO - Processing /home/airflow/.local/lib/python3.12/site-packages/airflow/example_dags/example_task_group_decorator.py took 0.155 seconds
[2026-06-15T16:46:27.722+0000] {processor.py:161} INFO - Started process (PID=2361) to work on /home/airflow/.local/lib/python3.12/site-packages/airflow/example_dags/example_task_group_decorator.py
[2026-06-15T16:46:27.725+0000] {processor.py:830} INFO - Processing file /home/airflow/.local/lib/python3.12/site-packages/airflow/example_dags/example_task_group_decorator.py for tasks to queue
[2026-06-15T16:46:27.729+0000] {logging_mixin.py:188} INFO - [2026-06-15T16:46:27.728+0000] {dagbag.py:545} INFO - Filling up the DagBag from /home/airflow/.local/lib/python3.12/site-packages/airflow/example_dags/example_task_group_decorator.py
[2026-06-15T16:46:27.760+0000] {processor.py:840} INFO - DAG(s) 'example_task_group_decorator' retrieved from /home/airflow/.local/lib/python3.12/site-packages/airflow/example_dags/example_task_group_decorator.py
[2026-06-15T16:46:27.818+0000] {logging_mixin.py:188} INFO - [2026-06-15T16:46:27.817+0000] {dag.py:3096} INFO - Sync 1 DAGs
[2026-06-15T16:46:27.864+0000] {logging_mixin.py:188} INFO - [2026-06-15T16:46:27.864+0000] {dag.py:3954} INFO - Setting next_dagrun for example_task_group_decorator to 2026-06-14 00:00:00+00:00, run_after=2026-06-15 00:00:00+00:00
[2026-06-15T16:46:27.901+0000] {processor.py:183} INFO - Processing /home/airflow/.local/lib/python3.12/site-packages/airflow/example_dags/example_task_group_decorator.py took 0.196 seconds
