[2026-06-15T15:53:08.138+0000] {processor.py:161} INFO - Started process (PID=119) to work on /home/airflow/.local/lib/python3.12/site-packages/airflow/example_dags/example_latest_only_with_trigger.py
[2026-06-15T15:53:08.141+0000] {processor.py:830} INFO - Processing file /home/airflow/.local/lib/python3.12/site-packages/airflow/example_dags/example_latest_only_with_trigger.py for tasks to queue
[2026-06-15T15:53:08.147+0000] {logging_mixin.py:188} INFO - [2026-06-15T15:53:08.146+0000] {dagbag.py:545} INFO - Filling up the DagBag from /home/airflow/.local/lib/python3.12/site-packages/airflow/example_dags/example_latest_only_with_trigger.py
[2026-06-15T15:53:08.167+0000] {processor.py:840} INFO - DAG(s) 'latest_only_with_trigger' retrieved from /home/airflow/.local/lib/python3.12/site-packages/airflow/example_dags/example_latest_only_with_trigger.py
[2026-06-15T15:53:08.226+0000] {logging_mixin.py:188} INFO - [2026-06-15T15:53:08.225+0000] {dag.py:3096} INFO - Sync 1 DAGs
[2026-06-15T15:53:08.318+0000] {logging_mixin.py:188} INFO - [2026-06-15T15:53:08.313+0000] {dag.py:3954} INFO - Setting next_dagrun for latest_only_with_trigger to 2026-06-15 08:00:00+00:00, run_after=2026-06-15 12:00:00+00:00
[2026-06-15T15:53:08.437+0000] {processor.py:183} INFO - Processing /home/airflow/.local/lib/python3.12/site-packages/airflow/example_dags/example_latest_only_with_trigger.py took 0.319 seconds
[2026-06-15T15:57:20.854+0000] {processor.py:161} INFO - Started process (PID=113) to work on /home/airflow/.local/lib/python3.12/site-packages/airflow/example_dags/example_latest_only_with_trigger.py
[2026-06-15T15:57:20.856+0000] {processor.py:830} INFO - Processing file /home/airflow/.local/lib/python3.12/site-packages/airflow/example_dags/example_latest_only_with_trigger.py for tasks to queue
[2026-06-15T15:57:20.859+0000] {logging_mixin.py:188} INFO - [2026-06-15T15:57:20.859+0000] {dagbag.py:545} INFO - Filling up the DagBag from /home/airflow/.local/lib/python3.12/site-packages/airflow/example_dags/example_latest_only_with_trigger.py
[2026-06-15T15:57:20.871+0000] {processor.py:840} INFO - DAG(s) 'latest_only_with_trigger' retrieved from /home/airflow/.local/lib/python3.12/site-packages/airflow/example_dags/example_latest_only_with_trigger.py
[2026-06-15T15:57:21.013+0000] {logging_mixin.py:188} INFO - [2026-06-15T15:57:21.012+0000] {dag.py:3096} INFO - Sync 1 DAGs
[2026-06-15T15:57:21.040+0000] {logging_mixin.py:188} INFO - [2026-06-15T15:57:21.039+0000] {dag.py:3954} INFO - Setting next_dagrun for latest_only_with_trigger to 2026-06-15 08:00:00+00:00, run_after=2026-06-15 12:00:00+00:00
[2026-06-15T15:57:21.072+0000] {processor.py:183} INFO - Processing /home/airflow/.local/lib/python3.12/site-packages/airflow/example_dags/example_latest_only_with_trigger.py took 0.229 seconds
[2026-06-15T15:57:51.165+0000] {processor.py:161} INFO - Started process (PID=172) to work on /home/airflow/.local/lib/python3.12/site-packages/airflow/example_dags/example_latest_only_with_trigger.py
[2026-06-15T15:57:51.168+0000] {processor.py:830} INFO - Processing file /home/airflow/.local/lib/python3.12/site-packages/airflow/example_dags/example_latest_only_with_trigger.py for tasks to queue
[2026-06-15T15:57:51.173+0000] {logging_mixin.py:188} INFO - [2026-06-15T15:57:51.172+0000] {dagbag.py:545} INFO - Filling up the DagBag from /home/airflow/.local/lib/python3.12/site-packages/airflow/example_dags/example_latest_only_with_trigger.py
[2026-06-15T15:57:51.186+0000] {processor.py:840} INFO - DAG(s) 'latest_only_with_trigger' retrieved from /home/airflow/.local/lib/python3.12/site-packages/airflow/example_dags/example_latest_only_with_trigger.py
[2026-06-15T15:57:51.225+0000] {logging_mixin.py:188} INFO - [2026-06-15T15:57:51.224+0000] {dag.py:3096} INFO - Sync 1 DAGs
[2026-06-15T15:57:51.304+0000] {logging_mixin.py:188} INFO - [2026-06-15T15:57:51.303+0000] {dag.py:3954} INFO - Setting next_dagrun for latest_only_with_trigger to 2026-06-15 08:00:00+00:00, run_after=2026-06-15 12:00:00+00:00
[2026-06-15T15:57:51.355+0000] {processor.py:183} INFO - Processing /home/airflow/.local/lib/python3.12/site-packages/airflow/example_dags/example_latest_only_with_trigger.py took 0.204 seconds
[2026-06-15T15:58:21.786+0000] {processor.py:161} INFO - Started process (PID=239) to work on /home/airflow/.local/lib/python3.12/site-packages/airflow/example_dags/example_latest_only_with_trigger.py
[2026-06-15T15:58:21.788+0000] {processor.py:830} INFO - Processing file /home/airflow/.local/lib/python3.12/site-packages/airflow/example_dags/example_latest_only_with_trigger.py for tasks to queue
[2026-06-15T15:58:21.791+0000] {logging_mixin.py:188} INFO - [2026-06-15T15:58:21.790+0000] {dagbag.py:545} INFO - Filling up the DagBag from /home/airflow/.local/lib/python3.12/site-packages/airflow/example_dags/example_latest_only_with_trigger.py
[2026-06-15T15:58:21.800+0000] {processor.py:840} INFO - DAG(s) 'latest_only_with_trigger' retrieved from /home/airflow/.local/lib/python3.12/site-packages/airflow/example_dags/example_latest_only_with_trigger.py
[2026-06-15T15:58:21.838+0000] {logging_mixin.py:188} INFO - [2026-06-15T15:58:21.838+0000] {dag.py:3096} INFO - Sync 1 DAGs
[2026-06-15T15:58:21.870+0000] {logging_mixin.py:188} INFO - [2026-06-15T15:58:21.870+0000] {dag.py:3954} INFO - Setting next_dagrun for latest_only_with_trigger to 2026-06-15 08:00:00+00:00, run_after=2026-06-15 12:00:00+00:00
[2026-06-15T15:58:21.915+0000] {processor.py:183} INFO - Processing /home/airflow/.local/lib/python3.12/site-packages/airflow/example_dags/example_latest_only_with_trigger.py took 0.137 seconds
[2026-06-15T15:58:52.863+0000] {processor.py:161} INFO - Started process (PID=299) to work on /home/airflow/.local/lib/python3.12/site-packages/airflow/example_dags/example_latest_only_with_trigger.py
[2026-06-15T15:58:52.865+0000] {processor.py:830} INFO - Processing file /home/airflow/.local/lib/python3.12/site-packages/airflow/example_dags/example_latest_only_with_trigger.py for tasks to queue
[2026-06-15T15:58:52.869+0000] {logging_mixin.py:188} INFO - [2026-06-15T15:58:52.868+0000] {dagbag.py:545} INFO - Filling up the DagBag from /home/airflow/.local/lib/python3.12/site-packages/airflow/example_dags/example_latest_only_with_trigger.py
[2026-06-15T15:58:52.878+0000] {processor.py:840} INFO - DAG(s) 'latest_only_with_trigger' retrieved from /home/airflow/.local/lib/python3.12/site-packages/airflow/example_dags/example_latest_only_with_trigger.py
[2026-06-15T15:58:52.918+0000] {logging_mixin.py:188} INFO - [2026-06-15T15:58:52.918+0000] {dag.py:3096} INFO - Sync 1 DAGs
[2026-06-15T15:58:52.957+0000] {logging_mixin.py:188} INFO - [2026-06-15T15:58:52.957+0000] {dag.py:3954} INFO - Setting next_dagrun for latest_only_with_trigger to 2026-06-15 08:00:00+00:00, run_after=2026-06-15 12:00:00+00:00
[2026-06-15T15:58:52.993+0000] {processor.py:183} INFO - Processing /home/airflow/.local/lib/python3.12/site-packages/airflow/example_dags/example_latest_only_with_trigger.py took 0.140 seconds
[2026-06-15T15:59:23.235+0000] {processor.py:161} INFO - Started process (PID=359) to work on /home/airflow/.local/lib/python3.12/site-packages/airflow/example_dags/example_latest_only_with_trigger.py
[2026-06-15T15:59:23.237+0000] {processor.py:830} INFO - Processing file /home/airflow/.local/lib/python3.12/site-packages/airflow/example_dags/example_latest_only_with_trigger.py for tasks to queue
[2026-06-15T15:59:23.240+0000] {logging_mixin.py:188} INFO - [2026-06-15T15:59:23.240+0000] {dagbag.py:545} INFO - Filling up the DagBag from /home/airflow/.local/lib/python3.12/site-packages/airflow/example_dags/example_latest_only_with_trigger.py
[2026-06-15T15:59:23.248+0000] {processor.py:840} INFO - DAG(s) 'latest_only_with_trigger' retrieved from /home/airflow/.local/lib/python3.12/site-packages/airflow/example_dags/example_latest_only_with_trigger.py
[2026-06-15T15:59:23.278+0000] {logging_mixin.py:188} INFO - [2026-06-15T15:59:23.278+0000] {dag.py:3096} INFO - Sync 1 DAGs
[2026-06-15T15:59:23.309+0000] {logging_mixin.py:188} INFO - [2026-06-15T15:59:23.309+0000] {dag.py:3954} INFO - Setting next_dagrun for latest_only_with_trigger to 2026-06-15 08:00:00+00:00, run_after=2026-06-15 12:00:00+00:00
[2026-06-15T15:59:23.339+0000] {processor.py:183} INFO - Processing /home/airflow/.local/lib/python3.12/site-packages/airflow/example_dags/example_latest_only_with_trigger.py took 0.112 seconds
[2026-06-15T15:59:53.651+0000] {processor.py:161} INFO - Started process (PID=419) to work on /home/airflow/.local/lib/python3.12/site-packages/airflow/example_dags/example_latest_only_with_trigger.py
[2026-06-15T15:59:53.654+0000] {processor.py:830} INFO - Processing file /home/airflow/.local/lib/python3.12/site-packages/airflow/example_dags/example_latest_only_with_trigger.py for tasks to queue
[2026-06-15T15:59:53.657+0000] {logging_mixin.py:188} INFO - [2026-06-15T15:59:53.657+0000] {dagbag.py:545} INFO - Filling up the DagBag from /home/airflow/.local/lib/python3.12/site-packages/airflow/example_dags/example_latest_only_with_trigger.py
[2026-06-15T15:59:53.668+0000] {processor.py:840} INFO - DAG(s) 'latest_only_with_trigger' retrieved from /home/airflow/.local/lib/python3.12/site-packages/airflow/example_dags/example_latest_only_with_trigger.py
[2026-06-15T15:59:53.709+0000] {logging_mixin.py:188} INFO - [2026-06-15T15:59:53.708+0000] {dag.py:3096} INFO - Sync 1 DAGs
[2026-06-15T15:59:53.747+0000] {logging_mixin.py:188} INFO - [2026-06-15T15:59:53.747+0000] {dag.py:3954} INFO - Setting next_dagrun for latest_only_with_trigger to 2026-06-15 08:00:00+00:00, run_after=2026-06-15 12:00:00+00:00
[2026-06-15T15:59:53.787+0000] {processor.py:183} INFO - Processing /home/airflow/.local/lib/python3.12/site-packages/airflow/example_dags/example_latest_only_with_trigger.py took 0.145 seconds
[2026-06-15T16:00:23.941+0000] {processor.py:161} INFO - Started process (PID=479) to work on /home/airflow/.local/lib/python3.12/site-packages/airflow/example_dags/example_latest_only_with_trigger.py
[2026-06-15T16:00:23.943+0000] {processor.py:830} INFO - Processing file /home/airflow/.local/lib/python3.12/site-packages/airflow/example_dags/example_latest_only_with_trigger.py for tasks to queue
[2026-06-15T16:00:23.948+0000] {logging_mixin.py:188} INFO - [2026-06-15T16:00:23.947+0000] {dagbag.py:545} INFO - Filling up the DagBag from /home/airflow/.local/lib/python3.12/site-packages/airflow/example_dags/example_latest_only_with_trigger.py
[2026-06-15T16:00:23.959+0000] {processor.py:840} INFO - DAG(s) 'latest_only_with_trigger' retrieved from /home/airflow/.local/lib/python3.12/site-packages/airflow/example_dags/example_latest_only_with_trigger.py
[2026-06-15T16:00:24.003+0000] {logging_mixin.py:188} INFO - [2026-06-15T16:00:24.002+0000] {dag.py:3096} INFO - Sync 1 DAGs
[2026-06-15T16:00:24.044+0000] {logging_mixin.py:188} INFO - [2026-06-15T16:00:24.044+0000] {dag.py:3954} INFO - Setting next_dagrun for latest_only_with_trigger to 2026-06-15 12:00:00+00:00, run_after=2026-06-15 16:00:00+00:00
[2026-06-15T16:00:24.091+0000] {processor.py:183} INFO - Processing /home/airflow/.local/lib/python3.12/site-packages/airflow/example_dags/example_latest_only_with_trigger.py took 0.161 seconds
[2026-06-15T16:03:06.524+0000] {processor.py:161} INFO - Started process (PID=120) to work on /home/airflow/.local/lib/python3.12/site-packages/airflow/example_dags/example_latest_only_with_trigger.py
[2026-06-15T16:03:06.527+0000] {processor.py:830} INFO - Processing file /home/airflow/.local/lib/python3.12/site-packages/airflow/example_dags/example_latest_only_with_trigger.py for tasks to queue
[2026-06-15T16:03:06.531+0000] {logging_mixin.py:188} INFO - [2026-06-15T16:03:06.530+0000] {dagbag.py:545} INFO - Filling up the DagBag from /home/airflow/.local/lib/python3.12/site-packages/airflow/example_dags/example_latest_only_with_trigger.py
[2026-06-15T16:03:06.542+0000] {processor.py:840} INFO - DAG(s) 'latest_only_with_trigger' retrieved from /home/airflow/.local/lib/python3.12/site-packages/airflow/example_dags/example_latest_only_with_trigger.py
[2026-06-15T16:03:06.765+0000] {logging_mixin.py:188} INFO - [2026-06-15T16:03:06.765+0000] {dag.py:3096} INFO - Sync 1 DAGs
[2026-06-15T16:03:06.819+0000] {logging_mixin.py:188} INFO - [2026-06-15T16:03:06.818+0000] {dag.py:3954} INFO - Setting next_dagrun for latest_only_with_trigger to 2026-06-15 12:00:00+00:00, run_after=2026-06-15 16:00:00+00:00
[2026-06-15T16:03:06.865+0000] {processor.py:183} INFO - Processing /home/airflow/.local/lib/python3.12/site-packages/airflow/example_dags/example_latest_only_with_trigger.py took 0.353 seconds
[2026-06-15T16:03:37.038+0000] {processor.py:161} INFO - Started process (PID=202) to work on /home/airflow/.local/lib/python3.12/site-packages/airflow/example_dags/example_latest_only_with_trigger.py
[2026-06-15T16:03:37.040+0000] {processor.py:830} INFO - Processing file /home/airflow/.local/lib/python3.12/site-packages/airflow/example_dags/example_latest_only_with_trigger.py for tasks to queue
[2026-06-15T16:03:37.043+0000] {logging_mixin.py:188} INFO - [2026-06-15T16:03:37.043+0000] {dagbag.py:545} INFO - Filling up the DagBag from /home/airflow/.local/lib/python3.12/site-packages/airflow/example_dags/example_latest_only_with_trigger.py
[2026-06-15T16:03:37.052+0000] {processor.py:840} INFO - DAG(s) 'latest_only_with_trigger' retrieved from /home/airflow/.local/lib/python3.12/site-packages/airflow/example_dags/example_latest_only_with_trigger.py
[2026-06-15T16:03:37.084+0000] {logging_mixin.py:188} INFO - [2026-06-15T16:03:37.084+0000] {dag.py:3096} INFO - Sync 1 DAGs
[2026-06-15T16:03:37.119+0000] {logging_mixin.py:188} INFO - [2026-06-15T16:03:37.119+0000] {dag.py:3954} INFO - Setting next_dagrun for latest_only_with_trigger to 2026-06-15 12:00:00+00:00, run_after=2026-06-15 16:00:00+00:00
[2026-06-15T16:03:37.154+0000] {processor.py:183} INFO - Processing /home/airflow/.local/lib/python3.12/site-packages/airflow/example_dags/example_latest_only_with_trigger.py took 0.125 seconds
[2026-06-15T16:04:07.389+0000] {processor.py:161} INFO - Started process (PID=317) to work on /home/airflow/.local/lib/python3.12/site-packages/airflow/example_dags/example_latest_only_with_trigger.py
[2026-06-15T16:04:07.392+0000] {processor.py:830} INFO - Processing file /home/airflow/.local/lib/python3.12/site-packages/airflow/example_dags/example_latest_only_with_trigger.py for tasks to queue
[2026-06-15T16:04:07.396+0000] {logging_mixin.py:188} INFO - [2026-06-15T16:04:07.395+0000] {dagbag.py:545} INFO - Filling up the DagBag from /home/airflow/.local/lib/python3.12/site-packages/airflow/example_dags/example_latest_only_with_trigger.py
[2026-06-15T16:04:07.406+0000] {processor.py:840} INFO - DAG(s) 'latest_only_with_trigger' retrieved from /home/airflow/.local/lib/python3.12/site-packages/airflow/example_dags/example_latest_only_with_trigger.py
[2026-06-15T16:04:07.446+0000] {logging_mixin.py:188} INFO - [2026-06-15T16:04:07.445+0000] {dag.py:3096} INFO - Sync 1 DAGs
[2026-06-15T16:04:07.484+0000] {logging_mixin.py:188} INFO - [2026-06-15T16:04:07.484+0000] {dag.py:3954} INFO - Setting next_dagrun for latest_only_with_trigger to 2026-06-15 12:00:00+00:00, run_after=2026-06-15 16:00:00+00:00
[2026-06-15T16:04:07.540+0000] {processor.py:183} INFO - Processing /home/airflow/.local/lib/python3.12/site-packages/airflow/example_dags/example_latest_only_with_trigger.py took 0.160 seconds
[2026-06-15T16:04:38.262+0000] {processor.py:161} INFO - Started process (PID=376) to work on /home/airflow/.local/lib/python3.12/site-packages/airflow/example_dags/example_latest_only_with_trigger.py
[2026-06-15T16:04:38.264+0000] {processor.py:830} INFO - Processing file /home/airflow/.local/lib/python3.12/site-packages/airflow/example_dags/example_latest_only_with_trigger.py for tasks to queue
[2026-06-15T16:04:38.268+0000] {logging_mixin.py:188} INFO - [2026-06-15T16:04:38.267+0000] {dagbag.py:545} INFO - Filling up the DagBag from /home/airflow/.local/lib/python3.12/site-packages/airflow/example_dags/example_latest_only_with_trigger.py
[2026-06-15T16:04:38.278+0000] {processor.py:840} INFO - DAG(s) 'latest_only_with_trigger' retrieved from /home/airflow/.local/lib/python3.12/site-packages/airflow/example_dags/example_latest_only_with_trigger.py
[2026-06-15T16:04:38.313+0000] {logging_mixin.py:188} INFO - [2026-06-15T16:04:38.312+0000] {dag.py:3096} INFO - Sync 1 DAGs
[2026-06-15T16:04:38.347+0000] {logging_mixin.py:188} INFO - [2026-06-15T16:04:38.346+0000] {dag.py:3954} INFO - Setting next_dagrun for latest_only_with_trigger to 2026-06-15 12:00:00+00:00, run_after=2026-06-15 16:00:00+00:00
[2026-06-15T16:04:38.383+0000] {processor.py:183} INFO - Processing /home/airflow/.local/lib/python3.12/site-packages/airflow/example_dags/example_latest_only_with_trigger.py took 0.134 seconds
[2026-06-15T16:05:08.628+0000] {processor.py:161} INFO - Started process (PID=435) to work on /home/airflow/.local/lib/python3.12/site-packages/airflow/example_dags/example_latest_only_with_trigger.py
[2026-06-15T16:05:08.630+0000] {processor.py:830} INFO - Processing file /home/airflow/.local/lib/python3.12/site-packages/airflow/example_dags/example_latest_only_with_trigger.py for tasks to queue
[2026-06-15T16:05:08.634+0000] {logging_mixin.py:188} INFO - [2026-06-15T16:05:08.634+0000] {dagbag.py:545} INFO - Filling up the DagBag from /home/airflow/.local/lib/python3.12/site-packages/airflow/example_dags/example_latest_only_with_trigger.py
[2026-06-15T16:05:08.643+0000] {processor.py:840} INFO - DAG(s) 'latest_only_with_trigger' retrieved from /home/airflow/.local/lib/python3.12/site-packages/airflow/example_dags/example_latest_only_with_trigger.py
[2026-06-15T16:05:08.679+0000] {logging_mixin.py:188} INFO - [2026-06-15T16:05:08.679+0000] {dag.py:3096} INFO - Sync 1 DAGs
[2026-06-15T16:05:08.719+0000] {logging_mixin.py:188} INFO - [2026-06-15T16:05:08.719+0000] {dag.py:3954} INFO - Setting next_dagrun for latest_only_with_trigger to 2026-06-15 12:00:00+00:00, run_after=2026-06-15 16:00:00+00:00
[2026-06-15T16:05:08.754+0000] {processor.py:183} INFO - Processing /home/airflow/.local/lib/python3.12/site-packages/airflow/example_dags/example_latest_only_with_trigger.py took 0.136 seconds
[2026-06-15T16:05:39.561+0000] {processor.py:161} INFO - Started process (PID=494) to work on /home/airflow/.local/lib/python3.12/site-packages/airflow/example_dags/example_latest_only_with_trigger.py
[2026-06-15T16:05:39.564+0000] {processor.py:830} INFO - Processing file /home/airflow/.local/lib/python3.12/site-packages/airflow/example_dags/example_latest_only_with_trigger.py for tasks to queue
[2026-06-15T16:05:39.571+0000] {logging_mixin.py:188} INFO - [2026-06-15T16:05:39.570+0000] {dagbag.py:545} INFO - Filling up the DagBag from /home/airflow/.local/lib/python3.12/site-packages/airflow/example_dags/example_latest_only_with_trigger.py
[2026-06-15T16:05:39.584+0000] {processor.py:840} INFO - DAG(s) 'latest_only_with_trigger' retrieved from /home/airflow/.local/lib/python3.12/site-packages/airflow/example_dags/example_latest_only_with_trigger.py
[2026-06-15T16:05:39.646+0000] {logging_mixin.py:188} INFO - [2026-06-15T16:05:39.645+0000] {dag.py:3096} INFO - Sync 1 DAGs
[2026-06-15T16:05:39.701+0000] {logging_mixin.py:188} INFO - [2026-06-15T16:05:39.700+0000] {dag.py:3954} INFO - Setting next_dagrun for latest_only_with_trigger to 2026-06-15 12:00:00+00:00, run_after=2026-06-15 16:00:00+00:00
[2026-06-15T16:05:39.742+0000] {processor.py:183} INFO - Processing /home/airflow/.local/lib/python3.12/site-packages/airflow/example_dags/example_latest_only_with_trigger.py took 0.200 seconds
[2026-06-15T16:06:09.968+0000] {processor.py:161} INFO - Started process (PID=553) to work on /home/airflow/.local/lib/python3.12/site-packages/airflow/example_dags/example_latest_only_with_trigger.py
[2026-06-15T16:06:09.970+0000] {processor.py:830} INFO - Processing file /home/airflow/.local/lib/python3.12/site-packages/airflow/example_dags/example_latest_only_with_trigger.py for tasks to queue
[2026-06-15T16:06:09.974+0000] {logging_mixin.py:188} INFO - [2026-06-15T16:06:09.973+0000] {dagbag.py:545} INFO - Filling up the DagBag from /home/airflow/.local/lib/python3.12/site-packages/airflow/example_dags/example_latest_only_with_trigger.py
[2026-06-15T16:06:09.984+0000] {processor.py:840} INFO - DAG(s) 'latest_only_with_trigger' retrieved from /home/airflow/.local/lib/python3.12/site-packages/airflow/example_dags/example_latest_only_with_trigger.py
[2026-06-15T16:06:10.020+0000] {logging_mixin.py:188} INFO - [2026-06-15T16:06:10.020+0000] {dag.py:3096} INFO - Sync 1 DAGs
[2026-06-15T16:06:10.058+0000] {logging_mixin.py:188} INFO - [2026-06-15T16:06:10.057+0000] {dag.py:3954} INFO - Setting next_dagrun for latest_only_with_trigger to 2026-06-15 12:00:00+00:00, run_after=2026-06-15 16:00:00+00:00
[2026-06-15T16:06:10.094+0000] {processor.py:183} INFO - Processing /home/airflow/.local/lib/python3.12/site-packages/airflow/example_dags/example_latest_only_with_trigger.py took 0.134 seconds
[2026-06-15T16:06:40.238+0000] {processor.py:161} INFO - Started process (PID=612) to work on /home/airflow/.local/lib/python3.12/site-packages/airflow/example_dags/example_latest_only_with_trigger.py
[2026-06-15T16:06:40.240+0000] {processor.py:830} INFO - Processing file /home/airflow/.local/lib/python3.12/site-packages/airflow/example_dags/example_latest_only_with_trigger.py for tasks to queue
[2026-06-15T16:06:40.244+0000] {logging_mixin.py:188} INFO - [2026-06-15T16:06:40.244+0000] {dagbag.py:545} INFO - Filling up the DagBag from /home/airflow/.local/lib/python3.12/site-packages/airflow/example_dags/example_latest_only_with_trigger.py
[2026-06-15T16:06:40.254+0000] {processor.py:840} INFO - DAG(s) 'latest_only_with_trigger' retrieved from /home/airflow/.local/lib/python3.12/site-packages/airflow/example_dags/example_latest_only_with_trigger.py
[2026-06-15T16:06:40.291+0000] {logging_mixin.py:188} INFO - [2026-06-15T16:06:40.290+0000] {dag.py:3096} INFO - Sync 1 DAGs
[2026-06-15T16:06:40.329+0000] {logging_mixin.py:188} INFO - [2026-06-15T16:06:40.329+0000] {dag.py:3954} INFO - Setting next_dagrun for latest_only_with_trigger to 2026-06-15 12:00:00+00:00, run_after=2026-06-15 16:00:00+00:00
[2026-06-15T16:06:40.362+0000] {processor.py:183} INFO - Processing /home/airflow/.local/lib/python3.12/site-packages/airflow/example_dags/example_latest_only_with_trigger.py took 0.136 seconds
[2026-06-15T16:07:10.817+0000] {processor.py:161} INFO - Started process (PID=671) to work on /home/airflow/.local/lib/python3.12/site-packages/airflow/example_dags/example_latest_only_with_trigger.py
[2026-06-15T16:07:10.819+0000] {processor.py:830} INFO - Processing file /home/airflow/.local/lib/python3.12/site-packages/airflow/example_dags/example_latest_only_with_trigger.py for tasks to queue
[2026-06-15T16:07:10.823+0000] {logging_mixin.py:188} INFO - [2026-06-15T16:07:10.822+0000] {dagbag.py:545} INFO - Filling up the DagBag from /home/airflow/.local/lib/python3.12/site-packages/airflow/example_dags/example_latest_only_with_trigger.py
[2026-06-15T16:07:10.830+0000] {processor.py:840} INFO - DAG(s) 'latest_only_with_trigger' retrieved from /home/airflow/.local/lib/python3.12/site-packages/airflow/example_dags/example_latest_only_with_trigger.py
[2026-06-15T16:07:10.865+0000] {logging_mixin.py:188} INFO - [2026-06-15T16:07:10.865+0000] {dag.py:3096} INFO - Sync 1 DAGs
[2026-06-15T16:07:10.897+0000] {logging_mixin.py:188} INFO - [2026-06-15T16:07:10.897+0000] {dag.py:3954} INFO - Setting next_dagrun for latest_only_with_trigger to 2026-06-15 12:00:00+00:00, run_after=2026-06-15 16:00:00+00:00
[2026-06-15T16:07:10.931+0000] {processor.py:183} INFO - Processing /home/airflow/.local/lib/python3.12/site-packages/airflow/example_dags/example_latest_only_with_trigger.py took 0.123 seconds
[2026-06-15T16:07:41.671+0000] {processor.py:161} INFO - Started process (PID=731) to work on /home/airflow/.local/lib/python3.12/site-packages/airflow/example_dags/example_latest_only_with_trigger.py
[2026-06-15T16:07:41.674+0000] {processor.py:830} INFO - Processing file /home/airflow/.local/lib/python3.12/site-packages/airflow/example_dags/example_latest_only_with_trigger.py for tasks to queue
[2026-06-15T16:07:41.678+0000] {logging_mixin.py:188} INFO - [2026-06-15T16:07:41.677+0000] {dagbag.py:545} INFO - Filling up the DagBag from /home/airflow/.local/lib/python3.12/site-packages/airflow/example_dags/example_latest_only_with_trigger.py
[2026-06-15T16:07:41.686+0000] {processor.py:840} INFO - DAG(s) 'latest_only_with_trigger' retrieved from /home/airflow/.local/lib/python3.12/site-packages/airflow/example_dags/example_latest_only_with_trigger.py
[2026-06-15T16:07:41.721+0000] {logging_mixin.py:188} INFO - [2026-06-15T16:07:41.721+0000] {dag.py:3096} INFO - Sync 1 DAGs
[2026-06-15T16:07:41.756+0000] {logging_mixin.py:188} INFO - [2026-06-15T16:07:41.756+0000] {dag.py:3954} INFO - Setting next_dagrun for latest_only_with_trigger to 2026-06-15 12:00:00+00:00, run_after=2026-06-15 16:00:00+00:00
[2026-06-15T16:07:41.801+0000] {processor.py:183} INFO - Processing /home/airflow/.local/lib/python3.12/site-packages/airflow/example_dags/example_latest_only_with_trigger.py took 0.138 seconds
[2026-06-15T16:08:12.030+0000] {processor.py:161} INFO - Started process (PID=790) to work on /home/airflow/.local/lib/python3.12/site-packages/airflow/example_dags/example_latest_only_with_trigger.py
[2026-06-15T16:08:12.033+0000] {processor.py:830} INFO - Processing file /home/airflow/.local/lib/python3.12/site-packages/airflow/example_dags/example_latest_only_with_trigger.py for tasks to queue
[2026-06-15T16:08:12.037+0000] {logging_mixin.py:188} INFO - [2026-06-15T16:08:12.036+0000] {dagbag.py:545} INFO - Filling up the DagBag from /home/airflow/.local/lib/python3.12/site-packages/airflow/example_dags/example_latest_only_with_trigger.py
[2026-06-15T16:08:12.046+0000] {processor.py:840} INFO - DAG(s) 'latest_only_with_trigger' retrieved from /home/airflow/.local/lib/python3.12/site-packages/airflow/example_dags/example_latest_only_with_trigger.py
[2026-06-15T16:08:12.082+0000] {logging_mixin.py:188} INFO - [2026-06-15T16:08:12.082+0000] {dag.py:3096} INFO - Sync 1 DAGs
[2026-06-15T16:08:12.120+0000] {logging_mixin.py:188} INFO - [2026-06-15T16:08:12.120+0000] {dag.py:3954} INFO - Setting next_dagrun for latest_only_with_trigger to 2026-06-15 12:00:00+00:00, run_after=2026-06-15 16:00:00+00:00
[2026-06-15T16:08:12.164+0000] {processor.py:183} INFO - Processing /home/airflow/.local/lib/python3.12/site-packages/airflow/example_dags/example_latest_only_with_trigger.py took 0.145 seconds
[2026-06-15T16:08:42.564+0000] {processor.py:161} INFO - Started process (PID=849) to work on /home/airflow/.local/lib/python3.12/site-packages/airflow/example_dags/example_latest_only_with_trigger.py
[2026-06-15T16:08:42.566+0000] {processor.py:830} INFO - Processing file /home/airflow/.local/lib/python3.12/site-packages/airflow/example_dags/example_latest_only_with_trigger.py for tasks to queue
[2026-06-15T16:08:42.570+0000] {logging_mixin.py:188} INFO - [2026-06-15T16:08:42.569+0000] {dagbag.py:545} INFO - Filling up the DagBag from /home/airflow/.local/lib/python3.12/site-packages/airflow/example_dags/example_latest_only_with_trigger.py
[2026-06-15T16:08:42.579+0000] {processor.py:840} INFO - DAG(s) 'latest_only_with_trigger' retrieved from /home/airflow/.local/lib/python3.12/site-packages/airflow/example_dags/example_latest_only_with_trigger.py
[2026-06-15T16:08:42.616+0000] {logging_mixin.py:188} INFO - [2026-06-15T16:08:42.615+0000] {dag.py:3096} INFO - Sync 1 DAGs
[2026-06-15T16:08:42.652+0000] {logging_mixin.py:188} INFO - [2026-06-15T16:08:42.652+0000] {dag.py:3954} INFO - Setting next_dagrun for latest_only_with_trigger to 2026-06-15 12:00:00+00:00, run_after=2026-06-15 16:00:00+00:00
[2026-06-15T16:08:42.691+0000] {processor.py:183} INFO - Processing /home/airflow/.local/lib/python3.12/site-packages/airflow/example_dags/example_latest_only_with_trigger.py took 0.135 seconds
[2026-06-15T16:09:13.364+0000] {processor.py:161} INFO - Started process (PID=908) to work on /home/airflow/.local/lib/python3.12/site-packages/airflow/example_dags/example_latest_only_with_trigger.py
[2026-06-15T16:09:13.367+0000] {processor.py:830} INFO - Processing file /home/airflow/.local/lib/python3.12/site-packages/airflow/example_dags/example_latest_only_with_trigger.py for tasks to queue
[2026-06-15T16:09:13.373+0000] {logging_mixin.py:188} INFO - [2026-06-15T16:09:13.372+0000] {dagbag.py:545} INFO - Filling up the DagBag from /home/airflow/.local/lib/python3.12/site-packages/airflow/example_dags/example_latest_only_with_trigger.py
[2026-06-15T16:09:13.389+0000] {processor.py:840} INFO - DAG(s) 'latest_only_with_trigger' retrieved from /home/airflow/.local/lib/python3.12/site-packages/airflow/example_dags/example_latest_only_with_trigger.py
[2026-06-15T16:09:13.488+0000] {logging_mixin.py:188} INFO - [2026-06-15T16:09:13.488+0000] {dag.py:3096} INFO - Sync 1 DAGs
[2026-06-15T16:09:13.546+0000] {logging_mixin.py:188} INFO - [2026-06-15T16:09:13.545+0000] {dag.py:3954} INFO - Setting next_dagrun for latest_only_with_trigger to 2026-06-15 12:00:00+00:00, run_after=2026-06-15 16:00:00+00:00
[2026-06-15T16:09:13.589+0000] {processor.py:183} INFO - Processing /home/airflow/.local/lib/python3.12/site-packages/airflow/example_dags/example_latest_only_with_trigger.py took 0.239 seconds
[2026-06-15T16:09:43.960+0000] {processor.py:161} INFO - Started process (PID=967) to work on /home/airflow/.local/lib/python3.12/site-packages/airflow/example_dags/example_latest_only_with_trigger.py
[2026-06-15T16:09:43.962+0000] {processor.py:830} INFO - Processing file /home/airflow/.local/lib/python3.12/site-packages/airflow/example_dags/example_latest_only_with_trigger.py for tasks to queue
[2026-06-15T16:09:43.966+0000] {logging_mixin.py:188} INFO - [2026-06-15T16:09:43.966+0000] {dagbag.py:545} INFO - Filling up the DagBag from /home/airflow/.local/lib/python3.12/site-packages/airflow/example_dags/example_latest_only_with_trigger.py
[2026-06-15T16:09:43.975+0000] {processor.py:840} INFO - DAG(s) 'latest_only_with_trigger' retrieved from /home/airflow/.local/lib/python3.12/site-packages/airflow/example_dags/example_latest_only_with_trigger.py
[2026-06-15T16:09:44.009+0000] {logging_mixin.py:188} INFO - [2026-06-15T16:09:44.009+0000] {dag.py:3096} INFO - Sync 1 DAGs
[2026-06-15T16:09:44.047+0000] {logging_mixin.py:188} INFO - [2026-06-15T16:09:44.047+0000] {dag.py:3954} INFO - Setting next_dagrun for latest_only_with_trigger to 2026-06-15 12:00:00+00:00, run_after=2026-06-15 16:00:00+00:00
[2026-06-15T16:09:44.081+0000] {processor.py:183} INFO - Processing /home/airflow/.local/lib/python3.12/site-packages/airflow/example_dags/example_latest_only_with_trigger.py took 0.130 seconds
[2026-06-15T16:10:14.241+0000] {processor.py:161} INFO - Started process (PID=1026) to work on /home/airflow/.local/lib/python3.12/site-packages/airflow/example_dags/example_latest_only_with_trigger.py
[2026-06-15T16:10:14.244+0000] {processor.py:830} INFO - Processing file /home/airflow/.local/lib/python3.12/site-packages/airflow/example_dags/example_latest_only_with_trigger.py for tasks to queue
[2026-06-15T16:10:14.248+0000] {logging_mixin.py:188} INFO - [2026-06-15T16:10:14.247+0000] {dagbag.py:545} INFO - Filling up the DagBag from /home/airflow/.local/lib/python3.12/site-packages/airflow/example_dags/example_latest_only_with_trigger.py
[2026-06-15T16:10:14.257+0000] {processor.py:840} INFO - DAG(s) 'latest_only_with_trigger' retrieved from /home/airflow/.local/lib/python3.12/site-packages/airflow/example_dags/example_latest_only_with_trigger.py
[2026-06-15T16:10:14.300+0000] {logging_mixin.py:188} INFO - [2026-06-15T16:10:14.299+0000] {dag.py:3096} INFO - Sync 1 DAGs
[2026-06-15T16:10:14.338+0000] {logging_mixin.py:188} INFO - [2026-06-15T16:10:14.338+0000] {dag.py:3954} INFO - Setting next_dagrun for latest_only_with_trigger to 2026-06-15 12:00:00+00:00, run_after=2026-06-15 16:00:00+00:00
[2026-06-15T16:10:14.379+0000] {processor.py:183} INFO - Processing /home/airflow/.local/lib/python3.12/site-packages/airflow/example_dags/example_latest_only_with_trigger.py took 0.151 seconds
[2026-06-15T16:10:45.429+0000] {processor.py:161} INFO - Started process (PID=1085) to work on /home/airflow/.local/lib/python3.12/site-packages/airflow/example_dags/example_latest_only_with_trigger.py
[2026-06-15T16:10:45.431+0000] {processor.py:830} INFO - Processing file /home/airflow/.local/lib/python3.12/site-packages/airflow/example_dags/example_latest_only_with_trigger.py for tasks to queue
[2026-06-15T16:10:45.434+0000] {logging_mixin.py:188} INFO - [2026-06-15T16:10:45.434+0000] {dagbag.py:545} INFO - Filling up the DagBag from /home/airflow/.local/lib/python3.12/site-packages/airflow/example_dags/example_latest_only_with_trigger.py
[2026-06-15T16:10:45.443+0000] {processor.py:840} INFO - DAG(s) 'latest_only_with_trigger' retrieved from /home/airflow/.local/lib/python3.12/site-packages/airflow/example_dags/example_latest_only_with_trigger.py
[2026-06-15T16:10:45.481+0000] {logging_mixin.py:188} INFO - [2026-06-15T16:10:45.480+0000] {dag.py:3096} INFO - Sync 1 DAGs
[2026-06-15T16:10:45.518+0000] {logging_mixin.py:188} INFO - [2026-06-15T16:10:45.518+0000] {dag.py:3954} INFO - Setting next_dagrun for latest_only_with_trigger to 2026-06-15 12:00:00+00:00, run_after=2026-06-15 16:00:00+00:00
[2026-06-15T16:10:45.554+0000] {processor.py:183} INFO - Processing /home/airflow/.local/lib/python3.12/site-packages/airflow/example_dags/example_latest_only_with_trigger.py took 0.132 seconds
[2026-06-15T16:11:15.801+0000] {processor.py:161} INFO - Started process (PID=1144) to work on /home/airflow/.local/lib/python3.12/site-packages/airflow/example_dags/example_latest_only_with_trigger.py
[2026-06-15T16:11:15.803+0000] {processor.py:830} INFO - Processing file /home/airflow/.local/lib/python3.12/site-packages/airflow/example_dags/example_latest_only_with_trigger.py for tasks to queue
[2026-06-15T16:11:15.808+0000] {logging_mixin.py:188} INFO - [2026-06-15T16:11:15.807+0000] {dagbag.py:545} INFO - Filling up the DagBag from /home/airflow/.local/lib/python3.12/site-packages/airflow/example_dags/example_latest_only_with_trigger.py
[2026-06-15T16:11:15.817+0000] {processor.py:840} INFO - DAG(s) 'latest_only_with_trigger' retrieved from /home/airflow/.local/lib/python3.12/site-packages/airflow/example_dags/example_latest_only_with_trigger.py
[2026-06-15T16:11:15.850+0000] {logging_mixin.py:188} INFO - [2026-06-15T16:11:15.850+0000] {dag.py:3096} INFO - Sync 1 DAGs
[2026-06-15T16:11:15.886+0000] {logging_mixin.py:188} INFO - [2026-06-15T16:11:15.886+0000] {dag.py:3954} INFO - Setting next_dagrun for latest_only_with_trigger to 2026-06-15 12:00:00+00:00, run_after=2026-06-15 16:00:00+00:00
[2026-06-15T16:11:15.923+0000] {processor.py:183} INFO - Processing /home/airflow/.local/lib/python3.12/site-packages/airflow/example_dags/example_latest_only_with_trigger.py took 0.130 seconds
[2026-06-15T16:11:46.139+0000] {processor.py:161} INFO - Started process (PID=1203) to work on /home/airflow/.local/lib/python3.12/site-packages/airflow/example_dags/example_latest_only_with_trigger.py
[2026-06-15T16:11:46.141+0000] {processor.py:830} INFO - Processing file /home/airflow/.local/lib/python3.12/site-packages/airflow/example_dags/example_latest_only_with_trigger.py for tasks to queue
[2026-06-15T16:11:46.144+0000] {logging_mixin.py:188} INFO - [2026-06-15T16:11:46.144+0000] {dagbag.py:545} INFO - Filling up the DagBag from /home/airflow/.local/lib/python3.12/site-packages/airflow/example_dags/example_latest_only_with_trigger.py
[2026-06-15T16:11:46.155+0000] {processor.py:840} INFO - DAG(s) 'latest_only_with_trigger' retrieved from /home/airflow/.local/lib/python3.12/site-packages/airflow/example_dags/example_latest_only_with_trigger.py
[2026-06-15T16:11:46.190+0000] {logging_mixin.py:188} INFO - [2026-06-15T16:11:46.190+0000] {dag.py:3096} INFO - Sync 1 DAGs
[2026-06-15T16:11:46.222+0000] {logging_mixin.py:188} INFO - [2026-06-15T16:11:46.222+0000] {dag.py:3954} INFO - Setting next_dagrun for latest_only_with_trigger to 2026-06-15 12:00:00+00:00, run_after=2026-06-15 16:00:00+00:00
[2026-06-15T16:11:46.257+0000] {processor.py:183} INFO - Processing /home/airflow/.local/lib/python3.12/site-packages/airflow/example_dags/example_latest_only_with_trigger.py took 0.128 seconds
[2026-06-15T16:12:16.412+0000] {processor.py:161} INFO - Started process (PID=1263) to work on /home/airflow/.local/lib/python3.12/site-packages/airflow/example_dags/example_latest_only_with_trigger.py
[2026-06-15T16:12:16.414+0000] {processor.py:830} INFO - Processing file /home/airflow/.local/lib/python3.12/site-packages/airflow/example_dags/example_latest_only_with_trigger.py for tasks to queue
[2026-06-15T16:12:16.418+0000] {logging_mixin.py:188} INFO - [2026-06-15T16:12:16.418+0000] {dagbag.py:545} INFO - Filling up the DagBag from /home/airflow/.local/lib/python3.12/site-packages/airflow/example_dags/example_latest_only_with_trigger.py
[2026-06-15T16:12:16.429+0000] {processor.py:840} INFO - DAG(s) 'latest_only_with_trigger' retrieved from /home/airflow/.local/lib/python3.12/site-packages/airflow/example_dags/example_latest_only_with_trigger.py
[2026-06-15T16:12:16.464+0000] {logging_mixin.py:188} INFO - [2026-06-15T16:12:16.464+0000] {dag.py:3096} INFO - Sync 1 DAGs
[2026-06-15T16:12:16.499+0000] {logging_mixin.py:188} INFO - [2026-06-15T16:12:16.499+0000] {dag.py:3954} INFO - Setting next_dagrun for latest_only_with_trigger to 2026-06-15 12:00:00+00:00, run_after=2026-06-15 16:00:00+00:00
[2026-06-15T16:12:16.537+0000] {processor.py:183} INFO - Processing /home/airflow/.local/lib/python3.12/site-packages/airflow/example_dags/example_latest_only_with_trigger.py took 0.136 seconds
[2026-06-15T16:12:46.618+0000] {processor.py:161} INFO - Started process (PID=1322) to work on /home/airflow/.local/lib/python3.12/site-packages/airflow/example_dags/example_latest_only_with_trigger.py
[2026-06-15T16:12:46.620+0000] {processor.py:830} INFO - Processing file /home/airflow/.local/lib/python3.12/site-packages/airflow/example_dags/example_latest_only_with_trigger.py for tasks to queue
[2026-06-15T16:12:46.623+0000] {logging_mixin.py:188} INFO - [2026-06-15T16:12:46.623+0000] {dagbag.py:545} INFO - Filling up the DagBag from /home/airflow/.local/lib/python3.12/site-packages/airflow/example_dags/example_latest_only_with_trigger.py
[2026-06-15T16:12:46.633+0000] {processor.py:840} INFO - DAG(s) 'latest_only_with_trigger' retrieved from /home/airflow/.local/lib/python3.12/site-packages/airflow/example_dags/example_latest_only_with_trigger.py
[2026-06-15T16:12:46.668+0000] {logging_mixin.py:188} INFO - [2026-06-15T16:12:46.668+0000] {dag.py:3096} INFO - Sync 1 DAGs
[2026-06-15T16:12:46.700+0000] {logging_mixin.py:188} INFO - [2026-06-15T16:12:46.700+0000] {dag.py:3954} INFO - Setting next_dagrun for latest_only_with_trigger to 2026-06-15 12:00:00+00:00, run_after=2026-06-15 16:00:00+00:00
[2026-06-15T16:12:46.736+0000] {processor.py:183} INFO - Processing /home/airflow/.local/lib/python3.12/site-packages/airflow/example_dags/example_latest_only_with_trigger.py took 0.126 seconds
[2026-06-15T16:13:17.606+0000] {processor.py:161} INFO - Started process (PID=1381) to work on /home/airflow/.local/lib/python3.12/site-packages/airflow/example_dags/example_latest_only_with_trigger.py
[2026-06-15T16:13:17.609+0000] {processor.py:830} INFO - Processing file /home/airflow/.local/lib/python3.12/site-packages/airflow/example_dags/example_latest_only_with_trigger.py for tasks to queue
[2026-06-15T16:13:17.613+0000] {logging_mixin.py:188} INFO - [2026-06-15T16:13:17.612+0000] {dagbag.py:545} INFO - Filling up the DagBag from /home/airflow/.local/lib/python3.12/site-packages/airflow/example_dags/example_latest_only_with_trigger.py
[2026-06-15T16:13:17.629+0000] {processor.py:840} INFO - DAG(s) 'latest_only_with_trigger' retrieved from /home/airflow/.local/lib/python3.12/site-packages/airflow/example_dags/example_latest_only_with_trigger.py
[2026-06-15T16:13:17.693+0000] {logging_mixin.py:188} INFO - [2026-06-15T16:13:17.692+0000] {dag.py:3096} INFO - Sync 1 DAGs
[2026-06-15T16:13:17.730+0000] {logging_mixin.py:188} INFO - [2026-06-15T16:13:17.730+0000] {dag.py:3954} INFO - Setting next_dagrun for latest_only_with_trigger to 2026-06-15 12:00:00+00:00, run_after=2026-06-15 16:00:00+00:00
[2026-06-15T16:13:17.764+0000] {processor.py:183} INFO - Processing /home/airflow/.local/lib/python3.12/site-packages/airflow/example_dags/example_latest_only_with_trigger.py took 0.171 seconds
[2026-06-15T16:13:49.249+0000] {processor.py:161} INFO - Started process (PID=1440) to work on /home/airflow/.local/lib/python3.12/site-packages/airflow/example_dags/example_latest_only_with_trigger.py
[2026-06-15T16:13:49.251+0000] {processor.py:830} INFO - Processing file /home/airflow/.local/lib/python3.12/site-packages/airflow/example_dags/example_latest_only_with_trigger.py for tasks to queue
[2026-06-15T16:13:49.256+0000] {logging_mixin.py:188} INFO - [2026-06-15T16:13:49.255+0000] {dagbag.py:545} INFO - Filling up the DagBag from /home/airflow/.local/lib/python3.12/site-packages/airflow/example_dags/example_latest_only_with_trigger.py
[2026-06-15T16:13:49.264+0000] {processor.py:840} INFO - DAG(s) 'latest_only_with_trigger' retrieved from /home/airflow/.local/lib/python3.12/site-packages/airflow/example_dags/example_latest_only_with_trigger.py
[2026-06-15T16:13:49.298+0000] {logging_mixin.py:188} INFO - [2026-06-15T16:13:49.298+0000] {dag.py:3096} INFO - Sync 1 DAGs
[2026-06-15T16:13:49.333+0000] {logging_mixin.py:188} INFO - [2026-06-15T16:13:49.332+0000] {dag.py:3954} INFO - Setting next_dagrun for latest_only_with_trigger to 2026-06-15 12:00:00+00:00, run_after=2026-06-15 16:00:00+00:00
[2026-06-15T16:13:49.366+0000] {processor.py:183} INFO - Processing /home/airflow/.local/lib/python3.12/site-packages/airflow/example_dags/example_latest_only_with_trigger.py took 0.125 seconds
[2026-06-15T16:14:19.743+0000] {processor.py:161} INFO - Started process (PID=1499) to work on /home/airflow/.local/lib/python3.12/site-packages/airflow/example_dags/example_latest_only_with_trigger.py
[2026-06-15T16:14:19.745+0000] {processor.py:830} INFO - Processing file /home/airflow/.local/lib/python3.12/site-packages/airflow/example_dags/example_latest_only_with_trigger.py for tasks to queue
[2026-06-15T16:14:19.755+0000] {logging_mixin.py:188} INFO - [2026-06-15T16:14:19.753+0000] {dagbag.py:545} INFO - Filling up the DagBag from /home/airflow/.local/lib/python3.12/site-packages/airflow/example_dags/example_latest_only_with_trigger.py
[2026-06-15T16:14:19.780+0000] {processor.py:840} INFO - DAG(s) 'latest_only_with_trigger' retrieved from /home/airflow/.local/lib/python3.12/site-packages/airflow/example_dags/example_latest_only_with_trigger.py
[2026-06-15T16:14:19.831+0000] {logging_mixin.py:188} INFO - [2026-06-15T16:14:19.831+0000] {dag.py:3096} INFO - Sync 1 DAGs
[2026-06-15T16:14:19.879+0000] {logging_mixin.py:188} INFO - [2026-06-15T16:14:19.878+0000] {dag.py:3954} INFO - Setting next_dagrun for latest_only_with_trigger to 2026-06-15 12:00:00+00:00, run_after=2026-06-15 16:00:00+00:00
[2026-06-15T16:14:20.122+0000] {processor.py:183} INFO - Processing /home/airflow/.local/lib/python3.12/site-packages/airflow/example_dags/example_latest_only_with_trigger.py took 0.389 seconds
[2026-06-15T16:14:50.792+0000] {processor.py:161} INFO - Started process (PID=1558) to work on /home/airflow/.local/lib/python3.12/site-packages/airflow/example_dags/example_latest_only_with_trigger.py
[2026-06-15T16:14:50.793+0000] {processor.py:830} INFO - Processing file /home/airflow/.local/lib/python3.12/site-packages/airflow/example_dags/example_latest_only_with_trigger.py for tasks to queue
[2026-06-15T16:14:50.797+0000] {logging_mixin.py:188} INFO - [2026-06-15T16:14:50.796+0000] {dagbag.py:545} INFO - Filling up the DagBag from /home/airflow/.local/lib/python3.12/site-packages/airflow/example_dags/example_latest_only_with_trigger.py
[2026-06-15T16:14:50.805+0000] {processor.py:840} INFO - DAG(s) 'latest_only_with_trigger' retrieved from /home/airflow/.local/lib/python3.12/site-packages/airflow/example_dags/example_latest_only_with_trigger.py
[2026-06-15T16:14:50.840+0000] {logging_mixin.py:188} INFO - [2026-06-15T16:14:50.839+0000] {dag.py:3096} INFO - Sync 1 DAGs
[2026-06-15T16:14:50.870+0000] {logging_mixin.py:188} INFO - [2026-06-15T16:14:50.869+0000] {dag.py:3954} INFO - Setting next_dagrun for latest_only_with_trigger to 2026-06-15 12:00:00+00:00, run_after=2026-06-15 16:00:00+00:00
[2026-06-15T16:14:50.908+0000] {processor.py:183} INFO - Processing /home/airflow/.local/lib/python3.12/site-packages/airflow/example_dags/example_latest_only_with_trigger.py took 0.124 seconds
[2026-06-15T16:15:22.449+0000] {processor.py:161} INFO - Started process (PID=1617) to work on /home/airflow/.local/lib/python3.12/site-packages/airflow/example_dags/example_latest_only_with_trigger.py
[2026-06-15T16:15:22.451+0000] {processor.py:830} INFO - Processing file /home/airflow/.local/lib/python3.12/site-packages/airflow/example_dags/example_latest_only_with_trigger.py for tasks to queue
[2026-06-15T16:15:22.455+0000] {logging_mixin.py:188} INFO - [2026-06-15T16:15:22.454+0000] {dagbag.py:545} INFO - Filling up the DagBag from /home/airflow/.local/lib/python3.12/site-packages/airflow/example_dags/example_latest_only_with_trigger.py
[2026-06-15T16:15:22.465+0000] {processor.py:840} INFO - DAG(s) 'latest_only_with_trigger' retrieved from /home/airflow/.local/lib/python3.12/site-packages/airflow/example_dags/example_latest_only_with_trigger.py
[2026-06-15T16:15:22.510+0000] {logging_mixin.py:188} INFO - [2026-06-15T16:15:22.509+0000] {dag.py:3096} INFO - Sync 1 DAGs
[2026-06-15T16:15:22.546+0000] {logging_mixin.py:188} INFO - [2026-06-15T16:15:22.546+0000] {dag.py:3954} INFO - Setting next_dagrun for latest_only_with_trigger to 2026-06-15 12:00:00+00:00, run_after=2026-06-15 16:00:00+00:00
[2026-06-15T16:15:22.587+0000] {processor.py:183} INFO - Processing /home/airflow/.local/lib/python3.12/site-packages/airflow/example_dags/example_latest_only_with_trigger.py took 0.146 seconds
[2026-06-15T16:15:52.869+0000] {processor.py:161} INFO - Started process (PID=1676) to work on /home/airflow/.local/lib/python3.12/site-packages/airflow/example_dags/example_latest_only_with_trigger.py
[2026-06-15T16:15:52.871+0000] {processor.py:830} INFO - Processing file /home/airflow/.local/lib/python3.12/site-packages/airflow/example_dags/example_latest_only_with_trigger.py for tasks to queue
[2026-06-15T16:15:52.875+0000] {logging_mixin.py:188} INFO - [2026-06-15T16:15:52.874+0000] {dagbag.py:545} INFO - Filling up the DagBag from /home/airflow/.local/lib/python3.12/site-packages/airflow/example_dags/example_latest_only_with_trigger.py
[2026-06-15T16:15:53.052+0000] {processor.py:840} INFO - DAG(s) 'latest_only_with_trigger' retrieved from /home/airflow/.local/lib/python3.12/site-packages/airflow/example_dags/example_latest_only_with_trigger.py
[2026-06-15T16:15:53.087+0000] {logging_mixin.py:188} INFO - [2026-06-15T16:15:53.087+0000] {dag.py:3096} INFO - Sync 1 DAGs
[2026-06-15T16:15:53.121+0000] {logging_mixin.py:188} INFO - [2026-06-15T16:15:53.120+0000] {dag.py:3954} INFO - Setting next_dagrun for latest_only_with_trigger to 2026-06-15 12:00:00+00:00, run_after=2026-06-15 16:00:00+00:00
[2026-06-15T16:15:53.157+0000] {processor.py:183} INFO - Processing /home/airflow/.local/lib/python3.12/site-packages/airflow/example_dags/example_latest_only_with_trigger.py took 0.296 seconds
[2026-06-15T16:16:23.983+0000] {processor.py:161} INFO - Started process (PID=1736) to work on /home/airflow/.local/lib/python3.12/site-packages/airflow/example_dags/example_latest_only_with_trigger.py
[2026-06-15T16:16:23.985+0000] {processor.py:830} INFO - Processing file /home/airflow/.local/lib/python3.12/site-packages/airflow/example_dags/example_latest_only_with_trigger.py for tasks to queue
[2026-06-15T16:16:23.989+0000] {logging_mixin.py:188} INFO - [2026-06-15T16:16:23.988+0000] {dagbag.py:545} INFO - Filling up the DagBag from /home/airflow/.local/lib/python3.12/site-packages/airflow/example_dags/example_latest_only_with_trigger.py
[2026-06-15T16:16:23.998+0000] {processor.py:840} INFO - DAG(s) 'latest_only_with_trigger' retrieved from /home/airflow/.local/lib/python3.12/site-packages/airflow/example_dags/example_latest_only_with_trigger.py
[2026-06-15T16:16:24.031+0000] {logging_mixin.py:188} INFO - [2026-06-15T16:16:24.030+0000] {dag.py:3096} INFO - Sync 1 DAGs
[2026-06-15T16:16:24.065+0000] {logging_mixin.py:188} INFO - [2026-06-15T16:16:24.065+0000] {dag.py:3954} INFO - Setting next_dagrun for latest_only_with_trigger to 2026-06-15 12:00:00+00:00, run_after=2026-06-15 16:00:00+00:00
[2026-06-15T16:16:24.106+0000] {processor.py:183} INFO - Processing /home/airflow/.local/lib/python3.12/site-packages/airflow/example_dags/example_latest_only_with_trigger.py took 0.130 seconds
[2026-06-15T16:16:54.909+0000] {processor.py:161} INFO - Started process (PID=1795) to work on /home/airflow/.local/lib/python3.12/site-packages/airflow/example_dags/example_latest_only_with_trigger.py
[2026-06-15T16:16:54.912+0000] {processor.py:830} INFO - Processing file /home/airflow/.local/lib/python3.12/site-packages/airflow/example_dags/example_latest_only_with_trigger.py for tasks to queue
[2026-06-15T16:16:54.915+0000] {logging_mixin.py:188} INFO - [2026-06-15T16:16:54.914+0000] {dagbag.py:545} INFO - Filling up the DagBag from /home/airflow/.local/lib/python3.12/site-packages/airflow/example_dags/example_latest_only_with_trigger.py
[2026-06-15T16:16:54.925+0000] {processor.py:840} INFO - DAG(s) 'latest_only_with_trigger' retrieved from /home/airflow/.local/lib/python3.12/site-packages/airflow/example_dags/example_latest_only_with_trigger.py
[2026-06-15T16:16:54.963+0000] {logging_mixin.py:188} INFO - [2026-06-15T16:16:54.963+0000] {dag.py:3096} INFO - Sync 1 DAGs
[2026-06-15T16:16:54.998+0000] {logging_mixin.py:188} INFO - [2026-06-15T16:16:54.998+0000] {dag.py:3954} INFO - Setting next_dagrun for latest_only_with_trigger to 2026-06-15 12:00:00+00:00, run_after=2026-06-15 16:00:00+00:00
[2026-06-15T16:16:55.033+0000] {processor.py:183} INFO - Processing /home/airflow/.local/lib/python3.12/site-packages/airflow/example_dags/example_latest_only_with_trigger.py took 0.135 seconds
[2026-06-15T16:17:25.757+0000] {processor.py:161} INFO - Started process (PID=1855) to work on /home/airflow/.local/lib/python3.12/site-packages/airflow/example_dags/example_latest_only_with_trigger.py
[2026-06-15T16:17:25.759+0000] {processor.py:830} INFO - Processing file /home/airflow/.local/lib/python3.12/site-packages/airflow/example_dags/example_latest_only_with_trigger.py for tasks to queue
[2026-06-15T16:17:25.763+0000] {logging_mixin.py:188} INFO - [2026-06-15T16:17:25.762+0000] {dagbag.py:545} INFO - Filling up the DagBag from /home/airflow/.local/lib/python3.12/site-packages/airflow/example_dags/example_latest_only_with_trigger.py
[2026-06-15T16:17:25.771+0000] {processor.py:840} INFO - DAG(s) 'latest_only_with_trigger' retrieved from /home/airflow/.local/lib/python3.12/site-packages/airflow/example_dags/example_latest_only_with_trigger.py
[2026-06-15T16:17:25.806+0000] {logging_mixin.py:188} INFO - [2026-06-15T16:17:25.805+0000] {dag.py:3096} INFO - Sync 1 DAGs
[2026-06-15T16:17:25.840+0000] {logging_mixin.py:188} INFO - [2026-06-15T16:17:25.840+0000] {dag.py:3954} INFO - Setting next_dagrun for latest_only_with_trigger to 2026-06-15 12:00:00+00:00, run_after=2026-06-15 16:00:00+00:00
[2026-06-15T16:17:25.873+0000] {processor.py:183} INFO - Processing /home/airflow/.local/lib/python3.12/site-packages/airflow/example_dags/example_latest_only_with_trigger.py took 0.123 seconds
[2026-06-15T16:17:57.039+0000] {processor.py:161} INFO - Started process (PID=1914) to work on /home/airflow/.local/lib/python3.12/site-packages/airflow/example_dags/example_latest_only_with_trigger.py
[2026-06-15T16:17:57.041+0000] {processor.py:830} INFO - Processing file /home/airflow/.local/lib/python3.12/site-packages/airflow/example_dags/example_latest_only_with_trigger.py for tasks to queue
[2026-06-15T16:17:57.045+0000] {logging_mixin.py:188} INFO - [2026-06-15T16:17:57.044+0000] {dagbag.py:545} INFO - Filling up the DagBag from /home/airflow/.local/lib/python3.12/site-packages/airflow/example_dags/example_latest_only_with_trigger.py
[2026-06-15T16:17:57.056+0000] {processor.py:840} INFO - DAG(s) 'latest_only_with_trigger' retrieved from /home/airflow/.local/lib/python3.12/site-packages/airflow/example_dags/example_latest_only_with_trigger.py
[2026-06-15T16:17:57.091+0000] {logging_mixin.py:188} INFO - [2026-06-15T16:17:57.091+0000] {dag.py:3096} INFO - Sync 1 DAGs
[2026-06-15T16:17:57.133+0000] {logging_mixin.py:188} INFO - [2026-06-15T16:17:57.132+0000] {dag.py:3954} INFO - Setting next_dagrun for latest_only_with_trigger to 2026-06-15 12:00:00+00:00, run_after=2026-06-15 16:00:00+00:00
[2026-06-15T16:17:57.168+0000] {processor.py:183} INFO - Processing /home/airflow/.local/lib/python3.12/site-packages/airflow/example_dags/example_latest_only_with_trigger.py took 0.139 seconds
[2026-06-15T16:18:27.626+0000] {processor.py:161} INFO - Started process (PID=1973) to work on /home/airflow/.local/lib/python3.12/site-packages/airflow/example_dags/example_latest_only_with_trigger.py
[2026-06-15T16:18:27.629+0000] {processor.py:830} INFO - Processing file /home/airflow/.local/lib/python3.12/site-packages/airflow/example_dags/example_latest_only_with_trigger.py for tasks to queue
[2026-06-15T16:18:27.634+0000] {logging_mixin.py:188} INFO - [2026-06-15T16:18:27.633+0000] {dagbag.py:545} INFO - Filling up the DagBag from /home/airflow/.local/lib/python3.12/site-packages/airflow/example_dags/example_latest_only_with_trigger.py
[2026-06-15T16:18:27.647+0000] {processor.py:840} INFO - DAG(s) 'latest_only_with_trigger' retrieved from /home/airflow/.local/lib/python3.12/site-packages/airflow/example_dags/example_latest_only_with_trigger.py
[2026-06-15T16:18:27.708+0000] {logging_mixin.py:188} INFO - [2026-06-15T16:18:27.707+0000] {dag.py:3096} INFO - Sync 1 DAGs
[2026-06-15T16:18:27.790+0000] {logging_mixin.py:188} INFO - [2026-06-15T16:18:27.789+0000] {dag.py:3954} INFO - Setting next_dagrun for latest_only_with_trigger to 2026-06-15 12:00:00+00:00, run_after=2026-06-15 16:00:00+00:00
[2026-06-15T16:18:27.862+0000] {processor.py:183} INFO - Processing /home/airflow/.local/lib/python3.12/site-packages/airflow/example_dags/example_latest_only_with_trigger.py took 0.249 seconds
[2026-06-15T16:18:58.321+0000] {processor.py:161} INFO - Started process (PID=2032) to work on /home/airflow/.local/lib/python3.12/site-packages/airflow/example_dags/example_latest_only_with_trigger.py
[2026-06-15T16:18:58.323+0000] {processor.py:830} INFO - Processing file /home/airflow/.local/lib/python3.12/site-packages/airflow/example_dags/example_latest_only_with_trigger.py for tasks to queue
[2026-06-15T16:18:58.326+0000] {logging_mixin.py:188} INFO - [2026-06-15T16:18:58.326+0000] {dagbag.py:545} INFO - Filling up the DagBag from /home/airflow/.local/lib/python3.12/site-packages/airflow/example_dags/example_latest_only_with_trigger.py
[2026-06-15T16:18:58.334+0000] {processor.py:840} INFO - DAG(s) 'latest_only_with_trigger' retrieved from /home/airflow/.local/lib/python3.12/site-packages/airflow/example_dags/example_latest_only_with_trigger.py
[2026-06-15T16:18:58.368+0000] {logging_mixin.py:188} INFO - [2026-06-15T16:18:58.368+0000] {dag.py:3096} INFO - Sync 1 DAGs
[2026-06-15T16:18:58.400+0000] {logging_mixin.py:188} INFO - [2026-06-15T16:18:58.400+0000] {dag.py:3954} INFO - Setting next_dagrun for latest_only_with_trigger to 2026-06-15 12:00:00+00:00, run_after=2026-06-15 16:00:00+00:00
[2026-06-15T16:18:58.439+0000] {processor.py:183} INFO - Processing /home/airflow/.local/lib/python3.12/site-packages/airflow/example_dags/example_latest_only_with_trigger.py took 0.125 seconds
[2026-06-15T16:19:29.264+0000] {processor.py:161} INFO - Started process (PID=2091) to work on /home/airflow/.local/lib/python3.12/site-packages/airflow/example_dags/example_latest_only_with_trigger.py
[2026-06-15T16:19:29.267+0000] {processor.py:830} INFO - Processing file /home/airflow/.local/lib/python3.12/site-packages/airflow/example_dags/example_latest_only_with_trigger.py for tasks to queue
[2026-06-15T16:19:29.270+0000] {logging_mixin.py:188} INFO - [2026-06-15T16:19:29.269+0000] {dagbag.py:545} INFO - Filling up the DagBag from /home/airflow/.local/lib/python3.12/site-packages/airflow/example_dags/example_latest_only_with_trigger.py
[2026-06-15T16:19:29.279+0000] {processor.py:840} INFO - DAG(s) 'latest_only_with_trigger' retrieved from /home/airflow/.local/lib/python3.12/site-packages/airflow/example_dags/example_latest_only_with_trigger.py
[2026-06-15T16:19:29.315+0000] {logging_mixin.py:188} INFO - [2026-06-15T16:19:29.314+0000] {dag.py:3096} INFO - Sync 1 DAGs
[2026-06-15T16:19:29.359+0000] {logging_mixin.py:188} INFO - [2026-06-15T16:19:29.358+0000] {dag.py:3954} INFO - Setting next_dagrun for latest_only_with_trigger to 2026-06-15 12:00:00+00:00, run_after=2026-06-15 16:00:00+00:00
[2026-06-15T16:19:29.396+0000] {processor.py:183} INFO - Processing /home/airflow/.local/lib/python3.12/site-packages/airflow/example_dags/example_latest_only_with_trigger.py took 0.141 seconds
[2026-06-15T16:19:59.569+0000] {processor.py:161} INFO - Started process (PID=2150) to work on /home/airflow/.local/lib/python3.12/site-packages/airflow/example_dags/example_latest_only_with_trigger.py
[2026-06-15T16:19:59.571+0000] {processor.py:830} INFO - Processing file /home/airflow/.local/lib/python3.12/site-packages/airflow/example_dags/example_latest_only_with_trigger.py for tasks to queue
[2026-06-15T16:19:59.577+0000] {logging_mixin.py:188} INFO - [2026-06-15T16:19:59.576+0000] {dagbag.py:545} INFO - Filling up the DagBag from /home/airflow/.local/lib/python3.12/site-packages/airflow/example_dags/example_latest_only_with_trigger.py
[2026-06-15T16:19:59.590+0000] {processor.py:840} INFO - DAG(s) 'latest_only_with_trigger' retrieved from /home/airflow/.local/lib/python3.12/site-packages/airflow/example_dags/example_latest_only_with_trigger.py
[2026-06-15T16:19:59.639+0000] {logging_mixin.py:188} INFO - [2026-06-15T16:19:59.638+0000] {dag.py:3096} INFO - Sync 1 DAGs
[2026-06-15T16:19:59.685+0000] {logging_mixin.py:188} INFO - [2026-06-15T16:19:59.685+0000] {dag.py:3954} INFO - Setting next_dagrun for latest_only_with_trigger to 2026-06-15 12:00:00+00:00, run_after=2026-06-15 16:00:00+00:00
[2026-06-15T16:19:59.739+0000] {processor.py:183} INFO - Processing /home/airflow/.local/lib/python3.12/site-packages/airflow/example_dags/example_latest_only_with_trigger.py took 0.183 seconds
[2026-06-15T16:20:30.119+0000] {processor.py:161} INFO - Started process (PID=2209) to work on /home/airflow/.local/lib/python3.12/site-packages/airflow/example_dags/example_latest_only_with_trigger.py
[2026-06-15T16:20:30.121+0000] {processor.py:830} INFO - Processing file /home/airflow/.local/lib/python3.12/site-packages/airflow/example_dags/example_latest_only_with_trigger.py for tasks to queue
[2026-06-15T16:20:30.125+0000] {logging_mixin.py:188} INFO - [2026-06-15T16:20:30.124+0000] {dagbag.py:545} INFO - Filling up the DagBag from /home/airflow/.local/lib/python3.12/site-packages/airflow/example_dags/example_latest_only_with_trigger.py
[2026-06-15T16:20:30.134+0000] {processor.py:840} INFO - DAG(s) 'latest_only_with_trigger' retrieved from /home/airflow/.local/lib/python3.12/site-packages/airflow/example_dags/example_latest_only_with_trigger.py
[2026-06-15T16:20:30.166+0000] {logging_mixin.py:188} INFO - [2026-06-15T16:20:30.166+0000] {dag.py:3096} INFO - Sync 1 DAGs
[2026-06-15T16:20:30.198+0000] {logging_mixin.py:188} INFO - [2026-06-15T16:20:30.198+0000] {dag.py:3954} INFO - Setting next_dagrun for latest_only_with_trigger to 2026-06-15 12:00:00+00:00, run_after=2026-06-15 16:00:00+00:00
[2026-06-15T16:20:30.229+0000] {processor.py:183} INFO - Processing /home/airflow/.local/lib/python3.12/site-packages/airflow/example_dags/example_latest_only_with_trigger.py took 0.119 seconds
[2026-06-15T16:45:29.913+0000] {processor.py:161} INFO - Started process (PID=2267) to work on /home/airflow/.local/lib/python3.12/site-packages/airflow/example_dags/example_latest_only_with_trigger.py
[2026-06-15T16:45:29.915+0000] {processor.py:830} INFO - Processing file /home/airflow/.local/lib/python3.12/site-packages/airflow/example_dags/example_latest_only_with_trigger.py for tasks to queue
[2026-06-15T16:45:29.919+0000] {logging_mixin.py:188} INFO - [2026-06-15T16:45:29.919+0000] {dagbag.py:545} INFO - Filling up the DagBag from /home/airflow/.local/lib/python3.12/site-packages/airflow/example_dags/example_latest_only_with_trigger.py
[2026-06-15T16:45:29.932+0000] {processor.py:840} INFO - DAG(s) 'latest_only_with_trigger' retrieved from /home/airflow/.local/lib/python3.12/site-packages/airflow/example_dags/example_latest_only_with_trigger.py
[2026-06-15T16:45:29.976+0000] {logging_mixin.py:188} INFO - [2026-06-15T16:45:29.975+0000] {dag.py:3096} INFO - Sync 1 DAGs
[2026-06-15T16:45:30.027+0000] {logging_mixin.py:188} INFO - [2026-06-15T16:45:30.027+0000] {dag.py:3954} INFO - Setting next_dagrun for latest_only_with_trigger to 2026-06-15 12:00:00+00:00, run_after=2026-06-15 16:00:00+00:00
[2026-06-15T16:45:30.071+0000] {processor.py:183} INFO - Processing /home/airflow/.local/lib/python3.12/site-packages/airflow/example_dags/example_latest_only_with_trigger.py took 0.168 seconds
[2026-06-15T16:46:00.607+0000] {processor.py:161} INFO - Started process (PID=2326) to work on /home/airflow/.local/lib/python3.12/site-packages/airflow/example_dags/example_latest_only_with_trigger.py
[2026-06-15T16:46:00.609+0000] {processor.py:830} INFO - Processing file /home/airflow/.local/lib/python3.12/site-packages/airflow/example_dags/example_latest_only_with_trigger.py for tasks to queue
[2026-06-15T16:46:00.614+0000] {logging_mixin.py:188} INFO - [2026-06-15T16:46:00.612+0000] {dagbag.py:545} INFO - Filling up the DagBag from /home/airflow/.local/lib/python3.12/site-packages/airflow/example_dags/example_latest_only_with_trigger.py
[2026-06-15T16:46:00.627+0000] {processor.py:840} INFO - DAG(s) 'latest_only_with_trigger' retrieved from /home/airflow/.local/lib/python3.12/site-packages/airflow/example_dags/example_latest_only_with_trigger.py
[2026-06-15T16:46:00.664+0000] {logging_mixin.py:188} INFO - [2026-06-15T16:46:00.663+0000] {dag.py:3096} INFO - Sync 1 DAGs
[2026-06-15T16:46:00.704+0000] {logging_mixin.py:188} INFO - [2026-06-15T16:46:00.704+0000] {dag.py:3954} INFO - Setting next_dagrun for latest_only_with_trigger to 2026-06-15 12:00:00+00:00, run_after=2026-06-15 16:00:00+00:00
[2026-06-15T16:46:00.742+0000] {processor.py:183} INFO - Processing /home/airflow/.local/lib/python3.12/site-packages/airflow/example_dags/example_latest_only_with_trigger.py took 0.146 seconds
[2026-06-15T16:46:31.077+0000] {processor.py:161} INFO - Started process (PID=2385) to work on /home/airflow/.local/lib/python3.12/site-packages/airflow/example_dags/example_latest_only_with_trigger.py
[2026-06-15T16:46:31.079+0000] {processor.py:830} INFO - Processing file /home/airflow/.local/lib/python3.12/site-packages/airflow/example_dags/example_latest_only_with_trigger.py for tasks to queue
[2026-06-15T16:46:31.082+0000] {logging_mixin.py:188} INFO - [2026-06-15T16:46:31.082+0000] {dagbag.py:545} INFO - Filling up the DagBag from /home/airflow/.local/lib/python3.12/site-packages/airflow/example_dags/example_latest_only_with_trigger.py
[2026-06-15T16:46:31.092+0000] {processor.py:840} INFO - DAG(s) 'latest_only_with_trigger' retrieved from /home/airflow/.local/lib/python3.12/site-packages/airflow/example_dags/example_latest_only_with_trigger.py
[2026-06-15T16:46:31.123+0000] {logging_mixin.py:188} INFO - [2026-06-15T16:46:31.123+0000] {dag.py:3096} INFO - Sync 1 DAGs
[2026-06-15T16:46:31.155+0000] {logging_mixin.py:188} INFO - [2026-06-15T16:46:31.155+0000] {dag.py:3954} INFO - Setting next_dagrun for latest_only_with_trigger to 2026-06-15 12:00:00+00:00, run_after=2026-06-15 16:00:00+00:00
[2026-06-15T16:46:31.235+0000] {processor.py:183} INFO - Processing /home/airflow/.local/lib/python3.12/site-packages/airflow/example_dags/example_latest_only_with_trigger.py took 0.168 seconds
