[2026-06-15T15:53:02.774+0000] {processor.py:161} INFO - Started process (PID=91) to work on /home/airflow/.local/lib/python3.12/site-packages/airflow/example_dags/example_kubernetes_executor.py
[2026-06-15T15:53:02.777+0000] {processor.py:830} INFO - Processing file /home/airflow/.local/lib/python3.12/site-packages/airflow/example_dags/example_kubernetes_executor.py for tasks to queue
[2026-06-15T15:53:02.781+0000] {logging_mixin.py:188} INFO - [2026-06-15T15:53:02.780+0000] {dagbag.py:545} INFO - Filling up the DagBag from /home/airflow/.local/lib/python3.12/site-packages/airflow/example_dags/example_kubernetes_executor.py
[2026-06-15T15:53:02.824+0000] {processor.py:840} INFO - DAG(s) 'example_kubernetes_executor' retrieved from /home/airflow/.local/lib/python3.12/site-packages/airflow/example_dags/example_kubernetes_executor.py
[2026-06-15T15:53:02.965+0000] {logging_mixin.py:188} INFO - [2026-06-15T15:53:02.964+0000] {dag.py:3096} INFO - Sync 1 DAGs
[2026-06-15T15:53:03.005+0000] {logging_mixin.py:188} INFO - [2026-06-15T15:53:03.005+0000] {dag.py:3954} INFO - Setting next_dagrun for example_kubernetes_executor to None, run_after=None
[2026-06-15T15:53:03.068+0000] {processor.py:183} INFO - Processing /home/airflow/.local/lib/python3.12/site-packages/airflow/example_dags/example_kubernetes_executor.py took 0.306 seconds
[2026-06-15T15:57:15.030+0000] {processor.py:161} INFO - Started process (PID=80) to work on /home/airflow/.local/lib/python3.12/site-packages/airflow/example_dags/example_kubernetes_executor.py
[2026-06-15T15:57:15.034+0000] {processor.py:830} INFO - Processing file /home/airflow/.local/lib/python3.12/site-packages/airflow/example_dags/example_kubernetes_executor.py for tasks to queue
[2026-06-15T15:57:15.043+0000] {logging_mixin.py:188} INFO - [2026-06-15T15:57:15.042+0000] {dagbag.py:545} INFO - Filling up the DagBag from /home/airflow/.local/lib/python3.12/site-packages/airflow/example_dags/example_kubernetes_executor.py
[2026-06-15T15:57:15.085+0000] {processor.py:840} INFO - DAG(s) 'example_kubernetes_executor' retrieved from /home/airflow/.local/lib/python3.12/site-packages/airflow/example_dags/example_kubernetes_executor.py
[2026-06-15T15:57:15.465+0000] {logging_mixin.py:188} INFO - [2026-06-15T15:57:15.464+0000] {dag.py:3096} INFO - Sync 1 DAGs
[2026-06-15T15:57:15.489+0000] {logging_mixin.py:188} INFO - [2026-06-15T15:57:15.489+0000] {dag.py:3954} INFO - Setting next_dagrun for example_kubernetes_executor to None, run_after=None
[2026-06-15T15:57:15.531+0000] {processor.py:183} INFO - Processing /home/airflow/.local/lib/python3.12/site-packages/airflow/example_dags/example_kubernetes_executor.py took 0.525 seconds
[2026-06-15T15:57:46.211+0000] {processor.py:161} INFO - Started process (PID=144) to work on /home/airflow/.local/lib/python3.12/site-packages/airflow/example_dags/example_kubernetes_executor.py
[2026-06-15T15:57:46.213+0000] {processor.py:830} INFO - Processing file /home/airflow/.local/lib/python3.12/site-packages/airflow/example_dags/example_kubernetes_executor.py for tasks to queue
[2026-06-15T15:57:46.217+0000] {logging_mixin.py:188} INFO - [2026-06-15T15:57:46.216+0000] {dagbag.py:545} INFO - Filling up the DagBag from /home/airflow/.local/lib/python3.12/site-packages/airflow/example_dags/example_kubernetes_executor.py
[2026-06-15T15:57:46.246+0000] {processor.py:840} INFO - DAG(s) 'example_kubernetes_executor' retrieved from /home/airflow/.local/lib/python3.12/site-packages/airflow/example_dags/example_kubernetes_executor.py
[2026-06-15T15:57:46.331+0000] {logging_mixin.py:188} INFO - [2026-06-15T15:57:46.330+0000] {dag.py:3096} INFO - Sync 1 DAGs
[2026-06-15T15:57:46.374+0000] {logging_mixin.py:188} INFO - [2026-06-15T15:57:46.374+0000] {dag.py:3954} INFO - Setting next_dagrun for example_kubernetes_executor to None, run_after=None
[2026-06-15T15:57:46.420+0000] {processor.py:183} INFO - Processing /home/airflow/.local/lib/python3.12/site-packages/airflow/example_dags/example_kubernetes_executor.py took 0.219 seconds
[2026-06-15T15:58:16.608+0000] {processor.py:161} INFO - Started process (PID=211) to work on /home/airflow/.local/lib/python3.12/site-packages/airflow/example_dags/example_kubernetes_executor.py
[2026-06-15T15:58:16.611+0000] {processor.py:830} INFO - Processing file /home/airflow/.local/lib/python3.12/site-packages/airflow/example_dags/example_kubernetes_executor.py for tasks to queue
[2026-06-15T15:58:16.616+0000] {logging_mixin.py:188} INFO - [2026-06-15T15:58:16.616+0000] {dagbag.py:545} INFO - Filling up the DagBag from /home/airflow/.local/lib/python3.12/site-packages/airflow/example_dags/example_kubernetes_executor.py
[2026-06-15T15:58:16.643+0000] {processor.py:840} INFO - DAG(s) 'example_kubernetes_executor' retrieved from /home/airflow/.local/lib/python3.12/site-packages/airflow/example_dags/example_kubernetes_executor.py
[2026-06-15T15:58:16.719+0000] {logging_mixin.py:188} INFO - [2026-06-15T15:58:16.719+0000] {dag.py:3096} INFO - Sync 1 DAGs
[2026-06-15T15:58:16.743+0000] {logging_mixin.py:188} INFO - [2026-06-15T15:58:16.743+0000] {dag.py:3954} INFO - Setting next_dagrun for example_kubernetes_executor to None, run_after=None
[2026-06-15T15:58:16.785+0000] {processor.py:183} INFO - Processing /home/airflow/.local/lib/python3.12/site-packages/airflow/example_dags/example_kubernetes_executor.py took 0.192 seconds
[2026-06-15T15:58:47.470+0000] {processor.py:161} INFO - Started process (PID=271) to work on /home/airflow/.local/lib/python3.12/site-packages/airflow/example_dags/example_kubernetes_executor.py
[2026-06-15T15:58:47.472+0000] {processor.py:830} INFO - Processing file /home/airflow/.local/lib/python3.12/site-packages/airflow/example_dags/example_kubernetes_executor.py for tasks to queue
[2026-06-15T15:58:47.479+0000] {logging_mixin.py:188} INFO - [2026-06-15T15:58:47.478+0000] {dagbag.py:545} INFO - Filling up the DagBag from /home/airflow/.local/lib/python3.12/site-packages/airflow/example_dags/example_kubernetes_executor.py
[2026-06-15T15:58:47.509+0000] {processor.py:840} INFO - DAG(s) 'example_kubernetes_executor' retrieved from /home/airflow/.local/lib/python3.12/site-packages/airflow/example_dags/example_kubernetes_executor.py
[2026-06-15T15:58:47.600+0000] {logging_mixin.py:188} INFO - [2026-06-15T15:58:47.600+0000] {dag.py:3096} INFO - Sync 1 DAGs
[2026-06-15T15:58:47.629+0000] {logging_mixin.py:188} INFO - [2026-06-15T15:58:47.628+0000] {dag.py:3954} INFO - Setting next_dagrun for example_kubernetes_executor to None, run_after=None
[2026-06-15T15:58:47.682+0000] {processor.py:183} INFO - Processing /home/airflow/.local/lib/python3.12/site-packages/airflow/example_dags/example_kubernetes_executor.py took 0.224 seconds
[2026-06-15T15:59:18.283+0000] {processor.py:161} INFO - Started process (PID=331) to work on /home/airflow/.local/lib/python3.12/site-packages/airflow/example_dags/example_kubernetes_executor.py
[2026-06-15T15:59:18.285+0000] {processor.py:830} INFO - Processing file /home/airflow/.local/lib/python3.12/site-packages/airflow/example_dags/example_kubernetes_executor.py for tasks to queue
[2026-06-15T15:59:18.290+0000] {logging_mixin.py:188} INFO - [2026-06-15T15:59:18.289+0000] {dagbag.py:545} INFO - Filling up the DagBag from /home/airflow/.local/lib/python3.12/site-packages/airflow/example_dags/example_kubernetes_executor.py
[2026-06-15T15:59:18.315+0000] {processor.py:840} INFO - DAG(s) 'example_kubernetes_executor' retrieved from /home/airflow/.local/lib/python3.12/site-packages/airflow/example_dags/example_kubernetes_executor.py
[2026-06-15T15:59:18.387+0000] {logging_mixin.py:188} INFO - [2026-06-15T15:59:18.386+0000] {dag.py:3096} INFO - Sync 1 DAGs
[2026-06-15T15:59:18.415+0000] {logging_mixin.py:188} INFO - [2026-06-15T15:59:18.414+0000] {dag.py:3954} INFO - Setting next_dagrun for example_kubernetes_executor to None, run_after=None
[2026-06-15T15:59:18.462+0000] {processor.py:183} INFO - Processing /home/airflow/.local/lib/python3.12/site-packages/airflow/example_dags/example_kubernetes_executor.py took 0.190 seconds
[2026-06-15T15:59:49.244+0000] {processor.py:161} INFO - Started process (PID=391) to work on /home/airflow/.local/lib/python3.12/site-packages/airflow/example_dags/example_kubernetes_executor.py
[2026-06-15T15:59:49.249+0000] {processor.py:830} INFO - Processing file /home/airflow/.local/lib/python3.12/site-packages/airflow/example_dags/example_kubernetes_executor.py for tasks to queue
[2026-06-15T15:59:49.259+0000] {logging_mixin.py:188} INFO - [2026-06-15T15:59:49.258+0000] {dagbag.py:545} INFO - Filling up the DagBag from /home/airflow/.local/lib/python3.12/site-packages/airflow/example_dags/example_kubernetes_executor.py
[2026-06-15T15:59:49.326+0000] {processor.py:840} INFO - DAG(s) 'example_kubernetes_executor' retrieved from /home/airflow/.local/lib/python3.12/site-packages/airflow/example_dags/example_kubernetes_executor.py
[2026-06-15T15:59:49.446+0000] {logging_mixin.py:188} INFO - [2026-06-15T15:59:49.445+0000] {dag.py:3096} INFO - Sync 1 DAGs
[2026-06-15T15:59:49.519+0000] {logging_mixin.py:188} INFO - [2026-06-15T15:59:49.519+0000] {dag.py:3954} INFO - Setting next_dagrun for example_kubernetes_executor to None, run_after=None
[2026-06-15T15:59:49.590+0000] {processor.py:183} INFO - Processing /home/airflow/.local/lib/python3.12/site-packages/airflow/example_dags/example_kubernetes_executor.py took 0.371 seconds
[2026-06-15T16:00:20.177+0000] {processor.py:161} INFO - Started process (PID=451) to work on /home/airflow/.local/lib/python3.12/site-packages/airflow/example_dags/example_kubernetes_executor.py
[2026-06-15T16:00:20.180+0000] {processor.py:830} INFO - Processing file /home/airflow/.local/lib/python3.12/site-packages/airflow/example_dags/example_kubernetes_executor.py for tasks to queue
[2026-06-15T16:00:20.186+0000] {logging_mixin.py:188} INFO - [2026-06-15T16:00:20.185+0000] {dagbag.py:545} INFO - Filling up the DagBag from /home/airflow/.local/lib/python3.12/site-packages/airflow/example_dags/example_kubernetes_executor.py
[2026-06-15T16:00:20.209+0000] {processor.py:840} INFO - DAG(s) 'example_kubernetes_executor' retrieved from /home/airflow/.local/lib/python3.12/site-packages/airflow/example_dags/example_kubernetes_executor.py
[2026-06-15T16:00:20.284+0000] {logging_mixin.py:188} INFO - [2026-06-15T16:00:20.284+0000] {dag.py:3096} INFO - Sync 1 DAGs
[2026-06-15T16:00:20.320+0000] {logging_mixin.py:188} INFO - [2026-06-15T16:00:20.319+0000] {dag.py:3954} INFO - Setting next_dagrun for example_kubernetes_executor to None, run_after=None
[2026-06-15T16:00:20.404+0000] {processor.py:183} INFO - Processing /home/airflow/.local/lib/python3.12/site-packages/airflow/example_dags/example_kubernetes_executor.py took 0.243 seconds
[2026-06-15T16:03:00.115+0000] {processor.py:161} INFO - Started process (PID=92) to work on /home/airflow/.local/lib/python3.12/site-packages/airflow/example_dags/example_kubernetes_executor.py
[2026-06-15T16:03:00.116+0000] {processor.py:830} INFO - Processing file /home/airflow/.local/lib/python3.12/site-packages/airflow/example_dags/example_kubernetes_executor.py for tasks to queue
[2026-06-15T16:03:00.120+0000] {logging_mixin.py:188} INFO - [2026-06-15T16:03:00.119+0000] {dagbag.py:545} INFO - Filling up the DagBag from /home/airflow/.local/lib/python3.12/site-packages/airflow/example_dags/example_kubernetes_executor.py
[2026-06-15T16:03:00.141+0000] {processor.py:840} INFO - DAG(s) 'example_kubernetes_executor' retrieved from /home/airflow/.local/lib/python3.12/site-packages/airflow/example_dags/example_kubernetes_executor.py
[2026-06-15T16:03:00.353+0000] {logging_mixin.py:188} INFO - [2026-06-15T16:03:00.353+0000] {dag.py:3096} INFO - Sync 1 DAGs
[2026-06-15T16:03:00.370+0000] {logging_mixin.py:188} INFO - [2026-06-15T16:03:00.370+0000] {dag.py:3954} INFO - Setting next_dagrun for example_kubernetes_executor to None, run_after=None
[2026-06-15T16:03:00.411+0000] {processor.py:183} INFO - Processing /home/airflow/.local/lib/python3.12/site-packages/airflow/example_dags/example_kubernetes_executor.py took 0.304 seconds
[2026-06-15T16:03:30.593+0000] {processor.py:161} INFO - Started process (PID=174) to work on /home/airflow/.local/lib/python3.12/site-packages/airflow/example_dags/example_kubernetes_executor.py
[2026-06-15T16:03:30.595+0000] {processor.py:830} INFO - Processing file /home/airflow/.local/lib/python3.12/site-packages/airflow/example_dags/example_kubernetes_executor.py for tasks to queue
[2026-06-15T16:03:30.598+0000] {logging_mixin.py:188} INFO - [2026-06-15T16:03:30.597+0000] {dagbag.py:545} INFO - Filling up the DagBag from /home/airflow/.local/lib/python3.12/site-packages/airflow/example_dags/example_kubernetes_executor.py
[2026-06-15T16:03:30.616+0000] {processor.py:840} INFO - DAG(s) 'example_kubernetes_executor' retrieved from /home/airflow/.local/lib/python3.12/site-packages/airflow/example_dags/example_kubernetes_executor.py
[2026-06-15T16:03:30.674+0000] {logging_mixin.py:188} INFO - [2026-06-15T16:03:30.673+0000] {dag.py:3096} INFO - Sync 1 DAGs
[2026-06-15T16:03:30.692+0000] {logging_mixin.py:188} INFO - [2026-06-15T16:03:30.692+0000] {dag.py:3954} INFO - Setting next_dagrun for example_kubernetes_executor to None, run_after=None
[2026-06-15T16:03:30.732+0000] {processor.py:183} INFO - Processing /home/airflow/.local/lib/python3.12/site-packages/airflow/example_dags/example_kubernetes_executor.py took 0.151 seconds
[2026-06-15T16:04:00.928+0000] {processor.py:161} INFO - Started process (PID=289) to work on /home/airflow/.local/lib/python3.12/site-packages/airflow/example_dags/example_kubernetes_executor.py
[2026-06-15T16:04:00.930+0000] {processor.py:830} INFO - Processing file /home/airflow/.local/lib/python3.12/site-packages/airflow/example_dags/example_kubernetes_executor.py for tasks to queue
[2026-06-15T16:04:00.933+0000] {logging_mixin.py:188} INFO - [2026-06-15T16:04:00.933+0000] {dagbag.py:545} INFO - Filling up the DagBag from /home/airflow/.local/lib/python3.12/site-packages/airflow/example_dags/example_kubernetes_executor.py
[2026-06-15T16:04:00.952+0000] {processor.py:840} INFO - DAG(s) 'example_kubernetes_executor' retrieved from /home/airflow/.local/lib/python3.12/site-packages/airflow/example_dags/example_kubernetes_executor.py
[2026-06-15T16:04:01.007+0000] {logging_mixin.py:188} INFO - [2026-06-15T16:04:01.006+0000] {dag.py:3096} INFO - Sync 1 DAGs
[2026-06-15T16:04:01.038+0000] {logging_mixin.py:188} INFO - [2026-06-15T16:04:01.038+0000] {dag.py:3954} INFO - Setting next_dagrun for example_kubernetes_executor to None, run_after=None
[2026-06-15T16:04:01.074+0000] {processor.py:183} INFO - Processing /home/airflow/.local/lib/python3.12/site-packages/airflow/example_dags/example_kubernetes_executor.py took 0.154 seconds
[2026-06-15T16:04:31.619+0000] {processor.py:161} INFO - Started process (PID=348) to work on /home/airflow/.local/lib/python3.12/site-packages/airflow/example_dags/example_kubernetes_executor.py
[2026-06-15T16:04:31.621+0000] {processor.py:830} INFO - Processing file /home/airflow/.local/lib/python3.12/site-packages/airflow/example_dags/example_kubernetes_executor.py for tasks to queue
[2026-06-15T16:04:31.624+0000] {logging_mixin.py:188} INFO - [2026-06-15T16:04:31.624+0000] {dagbag.py:545} INFO - Filling up the DagBag from /home/airflow/.local/lib/python3.12/site-packages/airflow/example_dags/example_kubernetes_executor.py
[2026-06-15T16:04:31.651+0000] {processor.py:840} INFO - DAG(s) 'example_kubernetes_executor' retrieved from /home/airflow/.local/lib/python3.12/site-packages/airflow/example_dags/example_kubernetes_executor.py
[2026-06-15T16:04:31.726+0000] {logging_mixin.py:188} INFO - [2026-06-15T16:04:31.725+0000] {dag.py:3096} INFO - Sync 1 DAGs
[2026-06-15T16:04:31.768+0000] {logging_mixin.py:188} INFO - [2026-06-15T16:04:31.767+0000] {dag.py:3954} INFO - Setting next_dagrun for example_kubernetes_executor to None, run_after=None
[2026-06-15T16:04:31.826+0000] {processor.py:183} INFO - Processing /home/airflow/.local/lib/python3.12/site-packages/airflow/example_dags/example_kubernetes_executor.py took 0.217 seconds
[2026-06-15T16:05:02.199+0000] {processor.py:161} INFO - Started process (PID=407) to work on /home/airflow/.local/lib/python3.12/site-packages/airflow/example_dags/example_kubernetes_executor.py
[2026-06-15T16:05:02.201+0000] {processor.py:830} INFO - Processing file /home/airflow/.local/lib/python3.12/site-packages/airflow/example_dags/example_kubernetes_executor.py for tasks to queue
[2026-06-15T16:05:02.206+0000] {logging_mixin.py:188} INFO - [2026-06-15T16:05:02.205+0000] {dagbag.py:545} INFO - Filling up the DagBag from /home/airflow/.local/lib/python3.12/site-packages/airflow/example_dags/example_kubernetes_executor.py
[2026-06-15T16:05:02.224+0000] {processor.py:840} INFO - DAG(s) 'example_kubernetes_executor' retrieved from /home/airflow/.local/lib/python3.12/site-packages/airflow/example_dags/example_kubernetes_executor.py
[2026-06-15T16:05:02.281+0000] {logging_mixin.py:188} INFO - [2026-06-15T16:05:02.280+0000] {dag.py:3096} INFO - Sync 1 DAGs
[2026-06-15T16:05:02.299+0000] {logging_mixin.py:188} INFO - [2026-06-15T16:05:02.299+0000] {dag.py:3954} INFO - Setting next_dagrun for example_kubernetes_executor to None, run_after=None
[2026-06-15T16:05:02.334+0000] {processor.py:183} INFO - Processing /home/airflow/.local/lib/python3.12/site-packages/airflow/example_dags/example_kubernetes_executor.py took 0.144 seconds
[2026-06-15T16:05:33.333+0000] {processor.py:161} INFO - Started process (PID=466) to work on /home/airflow/.local/lib/python3.12/site-packages/airflow/example_dags/example_kubernetes_executor.py
[2026-06-15T16:05:33.334+0000] {processor.py:830} INFO - Processing file /home/airflow/.local/lib/python3.12/site-packages/airflow/example_dags/example_kubernetes_executor.py for tasks to queue
[2026-06-15T16:05:33.337+0000] {logging_mixin.py:188} INFO - [2026-06-15T16:05:33.337+0000] {dagbag.py:545} INFO - Filling up the DagBag from /home/airflow/.local/lib/python3.12/site-packages/airflow/example_dags/example_kubernetes_executor.py
[2026-06-15T16:05:33.355+0000] {processor.py:840} INFO - DAG(s) 'example_kubernetes_executor' retrieved from /home/airflow/.local/lib/python3.12/site-packages/airflow/example_dags/example_kubernetes_executor.py
[2026-06-15T16:05:33.420+0000] {logging_mixin.py:188} INFO - [2026-06-15T16:05:33.420+0000] {dag.py:3096} INFO - Sync 1 DAGs
[2026-06-15T16:05:33.439+0000] {logging_mixin.py:188} INFO - [2026-06-15T16:05:33.438+0000] {dag.py:3954} INFO - Setting next_dagrun for example_kubernetes_executor to None, run_after=None
[2026-06-15T16:05:33.475+0000] {processor.py:183} INFO - Processing /home/airflow/.local/lib/python3.12/site-packages/airflow/example_dags/example_kubernetes_executor.py took 0.149 seconds
[2026-06-15T16:06:03.624+0000] {processor.py:161} INFO - Started process (PID=525) to work on /home/airflow/.local/lib/python3.12/site-packages/airflow/example_dags/example_kubernetes_executor.py
[2026-06-15T16:06:03.625+0000] {processor.py:830} INFO - Processing file /home/airflow/.local/lib/python3.12/site-packages/airflow/example_dags/example_kubernetes_executor.py for tasks to queue
[2026-06-15T16:06:03.629+0000] {logging_mixin.py:188} INFO - [2026-06-15T16:06:03.628+0000] {dagbag.py:545} INFO - Filling up the DagBag from /home/airflow/.local/lib/python3.12/site-packages/airflow/example_dags/example_kubernetes_executor.py
[2026-06-15T16:06:03.650+0000] {processor.py:840} INFO - DAG(s) 'example_kubernetes_executor' retrieved from /home/airflow/.local/lib/python3.12/site-packages/airflow/example_dags/example_kubernetes_executor.py
[2026-06-15T16:06:03.708+0000] {logging_mixin.py:188} INFO - [2026-06-15T16:06:03.707+0000] {dag.py:3096} INFO - Sync 1 DAGs
[2026-06-15T16:06:03.727+0000] {logging_mixin.py:188} INFO - [2026-06-15T16:06:03.727+0000] {dag.py:3954} INFO - Setting next_dagrun for example_kubernetes_executor to None, run_after=None
[2026-06-15T16:06:03.767+0000] {processor.py:183} INFO - Processing /home/airflow/.local/lib/python3.12/site-packages/airflow/example_dags/example_kubernetes_executor.py took 0.153 seconds
[2026-06-15T16:06:34.365+0000] {processor.py:161} INFO - Started process (PID=584) to work on /home/airflow/.local/lib/python3.12/site-packages/airflow/example_dags/example_kubernetes_executor.py
[2026-06-15T16:06:34.368+0000] {processor.py:830} INFO - Processing file /home/airflow/.local/lib/python3.12/site-packages/airflow/example_dags/example_kubernetes_executor.py for tasks to queue
[2026-06-15T16:06:34.372+0000] {logging_mixin.py:188} INFO - [2026-06-15T16:06:34.371+0000] {dagbag.py:545} INFO - Filling up the DagBag from /home/airflow/.local/lib/python3.12/site-packages/airflow/example_dags/example_kubernetes_executor.py
[2026-06-15T16:06:34.393+0000] {processor.py:840} INFO - DAG(s) 'example_kubernetes_executor' retrieved from /home/airflow/.local/lib/python3.12/site-packages/airflow/example_dags/example_kubernetes_executor.py
[2026-06-15T16:06:34.493+0000] {logging_mixin.py:188} INFO - [2026-06-15T16:06:34.493+0000] {dag.py:3096} INFO - Sync 1 DAGs
[2026-06-15T16:06:34.513+0000] {logging_mixin.py:188} INFO - [2026-06-15T16:06:34.512+0000] {dag.py:3954} INFO - Setting next_dagrun for example_kubernetes_executor to None, run_after=None
[2026-06-15T16:06:34.547+0000] {processor.py:183} INFO - Processing /home/airflow/.local/lib/python3.12/site-packages/airflow/example_dags/example_kubernetes_executor.py took 0.190 seconds
[2026-06-15T16:07:04.851+0000] {processor.py:161} INFO - Started process (PID=643) to work on /home/airflow/.local/lib/python3.12/site-packages/airflow/example_dags/example_kubernetes_executor.py
[2026-06-15T16:07:04.853+0000] {processor.py:830} INFO - Processing file /home/airflow/.local/lib/python3.12/site-packages/airflow/example_dags/example_kubernetes_executor.py for tasks to queue
[2026-06-15T16:07:04.857+0000] {logging_mixin.py:188} INFO - [2026-06-15T16:07:04.856+0000] {dagbag.py:545} INFO - Filling up the DagBag from /home/airflow/.local/lib/python3.12/site-packages/airflow/example_dags/example_kubernetes_executor.py
[2026-06-15T16:07:04.879+0000] {processor.py:840} INFO - DAG(s) 'example_kubernetes_executor' retrieved from /home/airflow/.local/lib/python3.12/site-packages/airflow/example_dags/example_kubernetes_executor.py
[2026-06-15T16:07:04.944+0000] {logging_mixin.py:188} INFO - [2026-06-15T16:07:04.943+0000] {dag.py:3096} INFO - Sync 1 DAGs
[2026-06-15T16:07:04.963+0000] {logging_mixin.py:188} INFO - [2026-06-15T16:07:04.962+0000] {dag.py:3954} INFO - Setting next_dagrun for example_kubernetes_executor to None, run_after=None
[2026-06-15T16:07:05.007+0000] {processor.py:183} INFO - Processing /home/airflow/.local/lib/python3.12/site-packages/airflow/example_dags/example_kubernetes_executor.py took 0.164 seconds
[2026-06-15T16:07:35.578+0000] {processor.py:161} INFO - Started process (PID=703) to work on /home/airflow/.local/lib/python3.12/site-packages/airflow/example_dags/example_kubernetes_executor.py
[2026-06-15T16:07:35.580+0000] {processor.py:830} INFO - Processing file /home/airflow/.local/lib/python3.12/site-packages/airflow/example_dags/example_kubernetes_executor.py for tasks to queue
[2026-06-15T16:07:35.584+0000] {logging_mixin.py:188} INFO - [2026-06-15T16:07:35.583+0000] {dagbag.py:545} INFO - Filling up the DagBag from /home/airflow/.local/lib/python3.12/site-packages/airflow/example_dags/example_kubernetes_executor.py
[2026-06-15T16:07:35.603+0000] {processor.py:840} INFO - DAG(s) 'example_kubernetes_executor' retrieved from /home/airflow/.local/lib/python3.12/site-packages/airflow/example_dags/example_kubernetes_executor.py
[2026-06-15T16:07:35.665+0000] {logging_mixin.py:188} INFO - [2026-06-15T16:07:35.665+0000] {dag.py:3096} INFO - Sync 1 DAGs
[2026-06-15T16:07:35.689+0000] {logging_mixin.py:188} INFO - [2026-06-15T16:07:35.689+0000] {dag.py:3954} INFO - Setting next_dagrun for example_kubernetes_executor to None, run_after=None
[2026-06-15T16:07:35.727+0000] {processor.py:183} INFO - Processing /home/airflow/.local/lib/python3.12/site-packages/airflow/example_dags/example_kubernetes_executor.py took 0.157 seconds
[2026-06-15T16:08:06.330+0000] {processor.py:161} INFO - Started process (PID=762) to work on /home/airflow/.local/lib/python3.12/site-packages/airflow/example_dags/example_kubernetes_executor.py
[2026-06-15T16:08:06.332+0000] {processor.py:830} INFO - Processing file /home/airflow/.local/lib/python3.12/site-packages/airflow/example_dags/example_kubernetes_executor.py for tasks to queue
[2026-06-15T16:08:06.337+0000] {logging_mixin.py:188} INFO - [2026-06-15T16:08:06.336+0000] {dagbag.py:545} INFO - Filling up the DagBag from /home/airflow/.local/lib/python3.12/site-packages/airflow/example_dags/example_kubernetes_executor.py
[2026-06-15T16:08:06.360+0000] {processor.py:840} INFO - DAG(s) 'example_kubernetes_executor' retrieved from /home/airflow/.local/lib/python3.12/site-packages/airflow/example_dags/example_kubernetes_executor.py
[2026-06-15T16:08:06.419+0000] {logging_mixin.py:188} INFO - [2026-06-15T16:08:06.418+0000] {dag.py:3096} INFO - Sync 1 DAGs
[2026-06-15T16:08:06.439+0000] {logging_mixin.py:188} INFO - [2026-06-15T16:08:06.439+0000] {dag.py:3954} INFO - Setting next_dagrun for example_kubernetes_executor to None, run_after=None
[2026-06-15T16:08:06.473+0000] {processor.py:183} INFO - Processing /home/airflow/.local/lib/python3.12/site-packages/airflow/example_dags/example_kubernetes_executor.py took 0.156 seconds
[2026-06-15T16:08:36.683+0000] {processor.py:161} INFO - Started process (PID=821) to work on /home/airflow/.local/lib/python3.12/site-packages/airflow/example_dags/example_kubernetes_executor.py
[2026-06-15T16:08:36.685+0000] {processor.py:830} INFO - Processing file /home/airflow/.local/lib/python3.12/site-packages/airflow/example_dags/example_kubernetes_executor.py for tasks to queue
[2026-06-15T16:08:36.689+0000] {logging_mixin.py:188} INFO - [2026-06-15T16:08:36.688+0000] {dagbag.py:545} INFO - Filling up the DagBag from /home/airflow/.local/lib/python3.12/site-packages/airflow/example_dags/example_kubernetes_executor.py
[2026-06-15T16:08:36.715+0000] {processor.py:840} INFO - DAG(s) 'example_kubernetes_executor' retrieved from /home/airflow/.local/lib/python3.12/site-packages/airflow/example_dags/example_kubernetes_executor.py
[2026-06-15T16:08:36.786+0000] {logging_mixin.py:188} INFO - [2026-06-15T16:08:36.785+0000] {dag.py:3096} INFO - Sync 1 DAGs
[2026-06-15T16:08:36.813+0000] {logging_mixin.py:188} INFO - [2026-06-15T16:08:36.812+0000] {dag.py:3954} INFO - Setting next_dagrun for example_kubernetes_executor to None, run_after=None
[2026-06-15T16:08:36.849+0000] {processor.py:183} INFO - Processing /home/airflow/.local/lib/python3.12/site-packages/airflow/example_dags/example_kubernetes_executor.py took 0.176 seconds
[2026-06-15T16:09:07.154+0000] {processor.py:161} INFO - Started process (PID=880) to work on /home/airflow/.local/lib/python3.12/site-packages/airflow/example_dags/example_kubernetes_executor.py
[2026-06-15T16:09:07.157+0000] {processor.py:830} INFO - Processing file /home/airflow/.local/lib/python3.12/site-packages/airflow/example_dags/example_kubernetes_executor.py for tasks to queue
[2026-06-15T16:09:07.160+0000] {logging_mixin.py:188} INFO - [2026-06-15T16:09:07.159+0000] {dagbag.py:545} INFO - Filling up the DagBag from /home/airflow/.local/lib/python3.12/site-packages/airflow/example_dags/example_kubernetes_executor.py
[2026-06-15T16:09:07.185+0000] {processor.py:840} INFO - DAG(s) 'example_kubernetes_executor' retrieved from /home/airflow/.local/lib/python3.12/site-packages/airflow/example_dags/example_kubernetes_executor.py
[2026-06-15T16:09:07.258+0000] {logging_mixin.py:188} INFO - [2026-06-15T16:09:07.258+0000] {dag.py:3096} INFO - Sync 1 DAGs
[2026-06-15T16:09:07.282+0000] {logging_mixin.py:188} INFO - [2026-06-15T16:09:07.282+0000] {dag.py:3954} INFO - Setting next_dagrun for example_kubernetes_executor to None, run_after=None
[2026-06-15T16:09:07.321+0000] {processor.py:183} INFO - Processing /home/airflow/.local/lib/python3.12/site-packages/airflow/example_dags/example_kubernetes_executor.py took 0.178 seconds
[2026-06-15T16:09:38.487+0000] {processor.py:161} INFO - Started process (PID=939) to work on /home/airflow/.local/lib/python3.12/site-packages/airflow/example_dags/example_kubernetes_executor.py
[2026-06-15T16:09:38.490+0000] {processor.py:830} INFO - Processing file /home/airflow/.local/lib/python3.12/site-packages/airflow/example_dags/example_kubernetes_executor.py for tasks to queue
[2026-06-15T16:09:38.499+0000] {logging_mixin.py:188} INFO - [2026-06-15T16:09:38.499+0000] {dagbag.py:545} INFO - Filling up the DagBag from /home/airflow/.local/lib/python3.12/site-packages/airflow/example_dags/example_kubernetes_executor.py
[2026-06-15T16:09:38.542+0000] {processor.py:840} INFO - DAG(s) 'example_kubernetes_executor' retrieved from /home/airflow/.local/lib/python3.12/site-packages/airflow/example_dags/example_kubernetes_executor.py
[2026-06-15T16:09:38.632+0000] {logging_mixin.py:188} INFO - [2026-06-15T16:09:38.631+0000] {dag.py:3096} INFO - Sync 1 DAGs
[2026-06-15T16:09:38.665+0000] {logging_mixin.py:188} INFO - [2026-06-15T16:09:38.664+0000] {dag.py:3954} INFO - Setting next_dagrun for example_kubernetes_executor to None, run_after=None
[2026-06-15T16:09:38.704+0000] {processor.py:183} INFO - Processing /home/airflow/.local/lib/python3.12/site-packages/airflow/example_dags/example_kubernetes_executor.py took 0.237 seconds
[2026-06-15T16:10:09.773+0000] {processor.py:161} INFO - Started process (PID=998) to work on /home/airflow/.local/lib/python3.12/site-packages/airflow/example_dags/example_kubernetes_executor.py
[2026-06-15T16:10:09.775+0000] {processor.py:830} INFO - Processing file /home/airflow/.local/lib/python3.12/site-packages/airflow/example_dags/example_kubernetes_executor.py for tasks to queue
[2026-06-15T16:10:09.779+0000] {logging_mixin.py:188} INFO - [2026-06-15T16:10:09.779+0000] {dagbag.py:545} INFO - Filling up the DagBag from /home/airflow/.local/lib/python3.12/site-packages/airflow/example_dags/example_kubernetes_executor.py
[2026-06-15T16:10:09.801+0000] {processor.py:840} INFO - DAG(s) 'example_kubernetes_executor' retrieved from /home/airflow/.local/lib/python3.12/site-packages/airflow/example_dags/example_kubernetes_executor.py
[2026-06-15T16:10:09.865+0000] {logging_mixin.py:188} INFO - [2026-06-15T16:10:09.864+0000] {dag.py:3096} INFO - Sync 1 DAGs
[2026-06-15T16:10:09.887+0000] {logging_mixin.py:188} INFO - [2026-06-15T16:10:09.886+0000] {dag.py:3954} INFO - Setting next_dagrun for example_kubernetes_executor to None, run_after=None
[2026-06-15T16:10:09.931+0000] {processor.py:183} INFO - Processing /home/airflow/.local/lib/python3.12/site-packages/airflow/example_dags/example_kubernetes_executor.py took 0.169 seconds
[2026-06-15T16:10:40.008+0000] {processor.py:161} INFO - Started process (PID=1056) to work on /home/airflow/.local/lib/python3.12/site-packages/airflow/example_dags/example_kubernetes_executor.py
[2026-06-15T16:10:40.010+0000] {processor.py:830} INFO - Processing file /home/airflow/.local/lib/python3.12/site-packages/airflow/example_dags/example_kubernetes_executor.py for tasks to queue
[2026-06-15T16:10:40.014+0000] {logging_mixin.py:188} INFO - [2026-06-15T16:10:40.013+0000] {dagbag.py:545} INFO - Filling up the DagBag from /home/airflow/.local/lib/python3.12/site-packages/airflow/example_dags/example_kubernetes_executor.py
[2026-06-15T16:10:40.033+0000] {processor.py:840} INFO - DAG(s) 'example_kubernetes_executor' retrieved from /home/airflow/.local/lib/python3.12/site-packages/airflow/example_dags/example_kubernetes_executor.py
[2026-06-15T16:10:40.086+0000] {logging_mixin.py:188} INFO - [2026-06-15T16:10:40.085+0000] {dag.py:3096} INFO - Sync 1 DAGs
[2026-06-15T16:10:40.105+0000] {logging_mixin.py:188} INFO - [2026-06-15T16:10:40.105+0000] {dag.py:3954} INFO - Setting next_dagrun for example_kubernetes_executor to None, run_after=None
[2026-06-15T16:10:40.146+0000] {processor.py:183} INFO - Processing /home/airflow/.local/lib/python3.12/site-packages/airflow/example_dags/example_kubernetes_executor.py took 0.146 seconds
[2026-06-15T16:11:10.330+0000] {processor.py:161} INFO - Started process (PID=1115) to work on /home/airflow/.local/lib/python3.12/site-packages/airflow/example_dags/example_kubernetes_executor.py
[2026-06-15T16:11:10.332+0000] {processor.py:830} INFO - Processing file /home/airflow/.local/lib/python3.12/site-packages/airflow/example_dags/example_kubernetes_executor.py for tasks to queue
[2026-06-15T16:11:10.336+0000] {logging_mixin.py:188} INFO - [2026-06-15T16:11:10.335+0000] {dagbag.py:545} INFO - Filling up the DagBag from /home/airflow/.local/lib/python3.12/site-packages/airflow/example_dags/example_kubernetes_executor.py
[2026-06-15T16:11:10.353+0000] {processor.py:840} INFO - DAG(s) 'example_kubernetes_executor' retrieved from /home/airflow/.local/lib/python3.12/site-packages/airflow/example_dags/example_kubernetes_executor.py
[2026-06-15T16:11:10.407+0000] {logging_mixin.py:188} INFO - [2026-06-15T16:11:10.406+0000] {dag.py:3096} INFO - Sync 1 DAGs
[2026-06-15T16:11:10.427+0000] {logging_mixin.py:188} INFO - [2026-06-15T16:11:10.427+0000] {dag.py:3954} INFO - Setting next_dagrun for example_kubernetes_executor to None, run_after=None
[2026-06-15T16:11:10.462+0000] {processor.py:183} INFO - Processing /home/airflow/.local/lib/python3.12/site-packages/airflow/example_dags/example_kubernetes_executor.py took 0.139 seconds
[2026-06-15T16:11:41.257+0000] {processor.py:161} INFO - Started process (PID=1174) to work on /home/airflow/.local/lib/python3.12/site-packages/airflow/example_dags/example_kubernetes_executor.py
[2026-06-15T16:11:41.259+0000] {processor.py:830} INFO - Processing file /home/airflow/.local/lib/python3.12/site-packages/airflow/example_dags/example_kubernetes_executor.py for tasks to queue
[2026-06-15T16:11:41.263+0000] {logging_mixin.py:188} INFO - [2026-06-15T16:11:41.262+0000] {dagbag.py:545} INFO - Filling up the DagBag from /home/airflow/.local/lib/python3.12/site-packages/airflow/example_dags/example_kubernetes_executor.py
[2026-06-15T16:11:41.287+0000] {processor.py:840} INFO - DAG(s) 'example_kubernetes_executor' retrieved from /home/airflow/.local/lib/python3.12/site-packages/airflow/example_dags/example_kubernetes_executor.py
[2026-06-15T16:11:41.360+0000] {logging_mixin.py:188} INFO - [2026-06-15T16:11:41.359+0000] {dag.py:3096} INFO - Sync 1 DAGs
[2026-06-15T16:11:41.382+0000] {logging_mixin.py:188} INFO - [2026-06-15T16:11:41.382+0000] {dag.py:3954} INFO - Setting next_dagrun for example_kubernetes_executor to None, run_after=None
[2026-06-15T16:11:41.428+0000] {processor.py:183} INFO - Processing /home/airflow/.local/lib/python3.12/site-packages/airflow/example_dags/example_kubernetes_executor.py took 0.180 seconds
[2026-06-15T16:12:11.611+0000] {processor.py:161} INFO - Started process (PID=1234) to work on /home/airflow/.local/lib/python3.12/site-packages/airflow/example_dags/example_kubernetes_executor.py
[2026-06-15T16:12:11.613+0000] {processor.py:830} INFO - Processing file /home/airflow/.local/lib/python3.12/site-packages/airflow/example_dags/example_kubernetes_executor.py for tasks to queue
[2026-06-15T16:12:11.616+0000] {logging_mixin.py:188} INFO - [2026-06-15T16:12:11.615+0000] {dagbag.py:545} INFO - Filling up the DagBag from /home/airflow/.local/lib/python3.12/site-packages/airflow/example_dags/example_kubernetes_executor.py
[2026-06-15T16:12:11.637+0000] {processor.py:840} INFO - DAG(s) 'example_kubernetes_executor' retrieved from /home/airflow/.local/lib/python3.12/site-packages/airflow/example_dags/example_kubernetes_executor.py
[2026-06-15T16:12:11.701+0000] {logging_mixin.py:188} INFO - [2026-06-15T16:12:11.700+0000] {dag.py:3096} INFO - Sync 1 DAGs
[2026-06-15T16:12:11.722+0000] {logging_mixin.py:188} INFO - [2026-06-15T16:12:11.722+0000] {dag.py:3954} INFO - Setting next_dagrun for example_kubernetes_executor to None, run_after=None
[2026-06-15T16:12:11.770+0000] {processor.py:183} INFO - Processing /home/airflow/.local/lib/python3.12/site-packages/airflow/example_dags/example_kubernetes_executor.py took 0.170 seconds
[2026-06-15T16:12:42.036+0000] {processor.py:161} INFO - Started process (PID=1293) to work on /home/airflow/.local/lib/python3.12/site-packages/airflow/example_dags/example_kubernetes_executor.py
[2026-06-15T16:12:42.038+0000] {processor.py:830} INFO - Processing file /home/airflow/.local/lib/python3.12/site-packages/airflow/example_dags/example_kubernetes_executor.py for tasks to queue
[2026-06-15T16:12:42.041+0000] {logging_mixin.py:188} INFO - [2026-06-15T16:12:42.040+0000] {dagbag.py:545} INFO - Filling up the DagBag from /home/airflow/.local/lib/python3.12/site-packages/airflow/example_dags/example_kubernetes_executor.py
[2026-06-15T16:12:42.058+0000] {processor.py:840} INFO - DAG(s) 'example_kubernetes_executor' retrieved from /home/airflow/.local/lib/python3.12/site-packages/airflow/example_dags/example_kubernetes_executor.py
[2026-06-15T16:12:42.115+0000] {logging_mixin.py:188} INFO - [2026-06-15T16:12:42.115+0000] {dag.py:3096} INFO - Sync 1 DAGs
[2026-06-15T16:12:42.134+0000] {logging_mixin.py:188} INFO - [2026-06-15T16:12:42.133+0000] {dag.py:3954} INFO - Setting next_dagrun for example_kubernetes_executor to None, run_after=None
[2026-06-15T16:12:42.172+0000] {processor.py:183} INFO - Processing /home/airflow/.local/lib/python3.12/site-packages/airflow/example_dags/example_kubernetes_executor.py took 0.146 seconds
[2026-06-15T16:13:12.420+0000] {processor.py:161} INFO - Started process (PID=1352) to work on /home/airflow/.local/lib/python3.12/site-packages/airflow/example_dags/example_kubernetes_executor.py
[2026-06-15T16:13:12.422+0000] {processor.py:830} INFO - Processing file /home/airflow/.local/lib/python3.12/site-packages/airflow/example_dags/example_kubernetes_executor.py for tasks to queue
[2026-06-15T16:13:12.427+0000] {logging_mixin.py:188} INFO - [2026-06-15T16:13:12.426+0000] {dagbag.py:545} INFO - Filling up the DagBag from /home/airflow/.local/lib/python3.12/site-packages/airflow/example_dags/example_kubernetes_executor.py
[2026-06-15T16:13:12.447+0000] {processor.py:840} INFO - DAG(s) 'example_kubernetes_executor' retrieved from /home/airflow/.local/lib/python3.12/site-packages/airflow/example_dags/example_kubernetes_executor.py
[2026-06-15T16:13:12.506+0000] {logging_mixin.py:188} INFO - [2026-06-15T16:13:12.506+0000] {dag.py:3096} INFO - Sync 1 DAGs
[2026-06-15T16:13:12.527+0000] {logging_mixin.py:188} INFO - [2026-06-15T16:13:12.526+0000] {dag.py:3954} INFO - Setting next_dagrun for example_kubernetes_executor to None, run_after=None
[2026-06-15T16:13:12.572+0000] {processor.py:183} INFO - Processing /home/airflow/.local/lib/python3.12/site-packages/airflow/example_dags/example_kubernetes_executor.py took 0.164 seconds
[2026-06-15T16:13:42.917+0000] {processor.py:161} INFO - Started process (PID=1411) to work on /home/airflow/.local/lib/python3.12/site-packages/airflow/example_dags/example_kubernetes_executor.py
[2026-06-15T16:13:42.919+0000] {processor.py:830} INFO - Processing file /home/airflow/.local/lib/python3.12/site-packages/airflow/example_dags/example_kubernetes_executor.py for tasks to queue
[2026-06-15T16:13:42.923+0000] {logging_mixin.py:188} INFO - [2026-06-15T16:13:42.923+0000] {dagbag.py:545} INFO - Filling up the DagBag from /home/airflow/.local/lib/python3.12/site-packages/airflow/example_dags/example_kubernetes_executor.py
[2026-06-15T16:13:42.947+0000] {processor.py:840} INFO - DAG(s) 'example_kubernetes_executor' retrieved from /home/airflow/.local/lib/python3.12/site-packages/airflow/example_dags/example_kubernetes_executor.py
[2026-06-15T16:13:43.051+0000] {logging_mixin.py:188} INFO - [2026-06-15T16:13:43.050+0000] {dag.py:3096} INFO - Sync 1 DAGs
[2026-06-15T16:13:43.068+0000] {logging_mixin.py:188} INFO - [2026-06-15T16:13:43.068+0000] {dag.py:3954} INFO - Setting next_dagrun for example_kubernetes_executor to None, run_after=None
[2026-06-15T16:13:43.107+0000] {processor.py:183} INFO - Processing /home/airflow/.local/lib/python3.12/site-packages/airflow/example_dags/example_kubernetes_executor.py took 0.202 seconds
[2026-06-15T16:14:13.469+0000] {processor.py:161} INFO - Started process (PID=1470) to work on /home/airflow/.local/lib/python3.12/site-packages/airflow/example_dags/example_kubernetes_executor.py
[2026-06-15T16:14:13.471+0000] {processor.py:830} INFO - Processing file /home/airflow/.local/lib/python3.12/site-packages/airflow/example_dags/example_kubernetes_executor.py for tasks to queue
[2026-06-15T16:14:13.476+0000] {logging_mixin.py:188} INFO - [2026-06-15T16:14:13.475+0000] {dagbag.py:545} INFO - Filling up the DagBag from /home/airflow/.local/lib/python3.12/site-packages/airflow/example_dags/example_kubernetes_executor.py
[2026-06-15T16:14:13.495+0000] {processor.py:840} INFO - DAG(s) 'example_kubernetes_executor' retrieved from /home/airflow/.local/lib/python3.12/site-packages/airflow/example_dags/example_kubernetes_executor.py
[2026-06-15T16:14:13.558+0000] {logging_mixin.py:188} INFO - [2026-06-15T16:14:13.558+0000] {dag.py:3096} INFO - Sync 1 DAGs
[2026-06-15T16:14:13.588+0000] {logging_mixin.py:188} INFO - [2026-06-15T16:14:13.588+0000] {dag.py:3954} INFO - Setting next_dagrun for example_kubernetes_executor to None, run_after=None
[2026-06-15T16:14:13.647+0000] {processor.py:183} INFO - Processing /home/airflow/.local/lib/python3.12/site-packages/airflow/example_dags/example_kubernetes_executor.py took 0.189 seconds
[2026-06-15T16:14:44.052+0000] {processor.py:161} INFO - Started process (PID=1529) to work on /home/airflow/.local/lib/python3.12/site-packages/airflow/example_dags/example_kubernetes_executor.py
[2026-06-15T16:14:44.054+0000] {processor.py:830} INFO - Processing file /home/airflow/.local/lib/python3.12/site-packages/airflow/example_dags/example_kubernetes_executor.py for tasks to queue
[2026-06-15T16:14:44.058+0000] {logging_mixin.py:188} INFO - [2026-06-15T16:14:44.057+0000] {dagbag.py:545} INFO - Filling up the DagBag from /home/airflow/.local/lib/python3.12/site-packages/airflow/example_dags/example_kubernetes_executor.py
[2026-06-15T16:14:44.079+0000] {processor.py:840} INFO - DAG(s) 'example_kubernetes_executor' retrieved from /home/airflow/.local/lib/python3.12/site-packages/airflow/example_dags/example_kubernetes_executor.py
[2026-06-15T16:14:44.138+0000] {logging_mixin.py:188} INFO - [2026-06-15T16:14:44.137+0000] {dag.py:3096} INFO - Sync 1 DAGs
[2026-06-15T16:14:44.157+0000] {logging_mixin.py:188} INFO - [2026-06-15T16:14:44.157+0000] {dag.py:3954} INFO - Setting next_dagrun for example_kubernetes_executor to None, run_after=None
[2026-06-15T16:14:44.206+0000] {processor.py:183} INFO - Processing /home/airflow/.local/lib/python3.12/site-packages/airflow/example_dags/example_kubernetes_executor.py took 0.163 seconds
[2026-06-15T16:15:15.180+0000] {processor.py:161} INFO - Started process (PID=1588) to work on /home/airflow/.local/lib/python3.12/site-packages/airflow/example_dags/example_kubernetes_executor.py
[2026-06-15T16:15:15.181+0000] {processor.py:830} INFO - Processing file /home/airflow/.local/lib/python3.12/site-packages/airflow/example_dags/example_kubernetes_executor.py for tasks to queue
[2026-06-15T16:15:15.185+0000] {logging_mixin.py:188} INFO - [2026-06-15T16:15:15.184+0000] {dagbag.py:545} INFO - Filling up the DagBag from /home/airflow/.local/lib/python3.12/site-packages/airflow/example_dags/example_kubernetes_executor.py
[2026-06-15T16:15:15.204+0000] {processor.py:840} INFO - DAG(s) 'example_kubernetes_executor' retrieved from /home/airflow/.local/lib/python3.12/site-packages/airflow/example_dags/example_kubernetes_executor.py
[2026-06-15T16:15:15.261+0000] {logging_mixin.py:188} INFO - [2026-06-15T16:15:15.260+0000] {dag.py:3096} INFO - Sync 1 DAGs
[2026-06-15T16:15:15.279+0000] {logging_mixin.py:188} INFO - [2026-06-15T16:15:15.278+0000] {dag.py:3954} INFO - Setting next_dagrun for example_kubernetes_executor to None, run_after=None
[2026-06-15T16:15:15.311+0000] {processor.py:183} INFO - Processing /home/airflow/.local/lib/python3.12/site-packages/airflow/example_dags/example_kubernetes_executor.py took 0.139 seconds
[2026-06-15T16:15:45.753+0000] {processor.py:161} INFO - Started process (PID=1647) to work on /home/airflow/.local/lib/python3.12/site-packages/airflow/example_dags/example_kubernetes_executor.py
[2026-06-15T16:15:45.755+0000] {processor.py:830} INFO - Processing file /home/airflow/.local/lib/python3.12/site-packages/airflow/example_dags/example_kubernetes_executor.py for tasks to queue
[2026-06-15T16:15:45.758+0000] {logging_mixin.py:188} INFO - [2026-06-15T16:15:45.758+0000] {dagbag.py:545} INFO - Filling up the DagBag from /home/airflow/.local/lib/python3.12/site-packages/airflow/example_dags/example_kubernetes_executor.py
[2026-06-15T16:15:45.781+0000] {processor.py:840} INFO - DAG(s) 'example_kubernetes_executor' retrieved from /home/airflow/.local/lib/python3.12/site-packages/airflow/example_dags/example_kubernetes_executor.py
[2026-06-15T16:15:45.843+0000] {logging_mixin.py:188} INFO - [2026-06-15T16:15:45.843+0000] {dag.py:3096} INFO - Sync 1 DAGs
[2026-06-15T16:15:46.072+0000] {logging_mixin.py:188} INFO - [2026-06-15T16:15:46.072+0000] {dag.py:3954} INFO - Setting next_dagrun for example_kubernetes_executor to None, run_after=None
[2026-06-15T16:15:46.102+0000] {processor.py:183} INFO - Processing /home/airflow/.local/lib/python3.12/site-packages/airflow/example_dags/example_kubernetes_executor.py took 0.360 seconds
[2026-06-15T16:16:16.184+0000] {processor.py:161} INFO - Started process (PID=1707) to work on /home/airflow/.local/lib/python3.12/site-packages/airflow/example_dags/example_kubernetes_executor.py
[2026-06-15T16:16:16.186+0000] {processor.py:830} INFO - Processing file /home/airflow/.local/lib/python3.12/site-packages/airflow/example_dags/example_kubernetes_executor.py for tasks to queue
[2026-06-15T16:16:16.190+0000] {logging_mixin.py:188} INFO - [2026-06-15T16:16:16.190+0000] {dagbag.py:545} INFO - Filling up the DagBag from /home/airflow/.local/lib/python3.12/site-packages/airflow/example_dags/example_kubernetes_executor.py
[2026-06-15T16:16:16.216+0000] {processor.py:840} INFO - DAG(s) 'example_kubernetes_executor' retrieved from /home/airflow/.local/lib/python3.12/site-packages/airflow/example_dags/example_kubernetes_executor.py
[2026-06-15T16:16:16.277+0000] {logging_mixin.py:188} INFO - [2026-06-15T16:16:16.277+0000] {dag.py:3096} INFO - Sync 1 DAGs
[2026-06-15T16:16:16.297+0000] {logging_mixin.py:188} INFO - [2026-06-15T16:16:16.296+0000] {dag.py:3954} INFO - Setting next_dagrun for example_kubernetes_executor to None, run_after=None
[2026-06-15T16:16:16.336+0000] {processor.py:183} INFO - Processing /home/airflow/.local/lib/python3.12/site-packages/airflow/example_dags/example_kubernetes_executor.py took 0.161 seconds
[2026-06-15T16:16:46.607+0000] {processor.py:161} INFO - Started process (PID=1766) to work on /home/airflow/.local/lib/python3.12/site-packages/airflow/example_dags/example_kubernetes_executor.py
[2026-06-15T16:16:46.609+0000] {processor.py:830} INFO - Processing file /home/airflow/.local/lib/python3.12/site-packages/airflow/example_dags/example_kubernetes_executor.py for tasks to queue
[2026-06-15T16:16:46.613+0000] {logging_mixin.py:188} INFO - [2026-06-15T16:16:46.612+0000] {dagbag.py:545} INFO - Filling up the DagBag from /home/airflow/.local/lib/python3.12/site-packages/airflow/example_dags/example_kubernetes_executor.py
[2026-06-15T16:16:46.637+0000] {processor.py:840} INFO - DAG(s) 'example_kubernetes_executor' retrieved from /home/airflow/.local/lib/python3.12/site-packages/airflow/example_dags/example_kubernetes_executor.py
[2026-06-15T16:16:46.704+0000] {logging_mixin.py:188} INFO - [2026-06-15T16:16:46.704+0000] {dag.py:3096} INFO - Sync 1 DAGs
[2026-06-15T16:16:46.727+0000] {logging_mixin.py:188} INFO - [2026-06-15T16:16:46.727+0000] {dag.py:3954} INFO - Setting next_dagrun for example_kubernetes_executor to None, run_after=None
[2026-06-15T16:16:46.768+0000] {processor.py:183} INFO - Processing /home/airflow/.local/lib/python3.12/site-packages/airflow/example_dags/example_kubernetes_executor.py took 0.171 seconds
[2026-06-15T16:17:17.317+0000] {processor.py:161} INFO - Started process (PID=1826) to work on /home/airflow/.local/lib/python3.12/site-packages/airflow/example_dags/example_kubernetes_executor.py
[2026-06-15T16:17:17.319+0000] {processor.py:830} INFO - Processing file /home/airflow/.local/lib/python3.12/site-packages/airflow/example_dags/example_kubernetes_executor.py for tasks to queue
[2026-06-15T16:17:17.324+0000] {logging_mixin.py:188} INFO - [2026-06-15T16:17:17.323+0000] {dagbag.py:545} INFO - Filling up the DagBag from /home/airflow/.local/lib/python3.12/site-packages/airflow/example_dags/example_kubernetes_executor.py
[2026-06-15T16:17:17.347+0000] {processor.py:840} INFO - DAG(s) 'example_kubernetes_executor' retrieved from /home/airflow/.local/lib/python3.12/site-packages/airflow/example_dags/example_kubernetes_executor.py
[2026-06-15T16:17:17.406+0000] {logging_mixin.py:188} INFO - [2026-06-15T16:17:17.405+0000] {dag.py:3096} INFO - Sync 1 DAGs
[2026-06-15T16:17:17.428+0000] {logging_mixin.py:188} INFO - [2026-06-15T16:17:17.428+0000] {dag.py:3954} INFO - Setting next_dagrun for example_kubernetes_executor to None, run_after=None
[2026-06-15T16:17:17.470+0000] {processor.py:183} INFO - Processing /home/airflow/.local/lib/python3.12/site-packages/airflow/example_dags/example_kubernetes_executor.py took 0.162 seconds
[2026-06-15T16:17:48.044+0000] {processor.py:161} INFO - Started process (PID=1885) to work on /home/airflow/.local/lib/python3.12/site-packages/airflow/example_dags/example_kubernetes_executor.py
[2026-06-15T16:17:48.046+0000] {processor.py:830} INFO - Processing file /home/airflow/.local/lib/python3.12/site-packages/airflow/example_dags/example_kubernetes_executor.py for tasks to queue
[2026-06-15T16:17:48.049+0000] {logging_mixin.py:188} INFO - [2026-06-15T16:17:48.049+0000] {dagbag.py:545} INFO - Filling up the DagBag from /home/airflow/.local/lib/python3.12/site-packages/airflow/example_dags/example_kubernetes_executor.py
[2026-06-15T16:17:48.067+0000] {processor.py:840} INFO - DAG(s) 'example_kubernetes_executor' retrieved from /home/airflow/.local/lib/python3.12/site-packages/airflow/example_dags/example_kubernetes_executor.py
[2026-06-15T16:17:48.126+0000] {logging_mixin.py:188} INFO - [2026-06-15T16:17:48.126+0000] {dag.py:3096} INFO - Sync 1 DAGs
[2026-06-15T16:17:48.144+0000] {logging_mixin.py:188} INFO - [2026-06-15T16:17:48.143+0000] {dag.py:3954} INFO - Setting next_dagrun for example_kubernetes_executor to None, run_after=None
[2026-06-15T16:17:48.183+0000] {processor.py:183} INFO - Processing /home/airflow/.local/lib/python3.12/site-packages/airflow/example_dags/example_kubernetes_executor.py took 0.147 seconds
[2026-06-15T16:18:18.641+0000] {processor.py:161} INFO - Started process (PID=1944) to work on /home/airflow/.local/lib/python3.12/site-packages/airflow/example_dags/example_kubernetes_executor.py
[2026-06-15T16:18:18.644+0000] {processor.py:830} INFO - Processing file /home/airflow/.local/lib/python3.12/site-packages/airflow/example_dags/example_kubernetes_executor.py for tasks to queue
[2026-06-15T16:18:18.647+0000] {logging_mixin.py:188} INFO - [2026-06-15T16:18:18.647+0000] {dagbag.py:545} INFO - Filling up the DagBag from /home/airflow/.local/lib/python3.12/site-packages/airflow/example_dags/example_kubernetes_executor.py
[2026-06-15T16:18:18.670+0000] {processor.py:840} INFO - DAG(s) 'example_kubernetes_executor' retrieved from /home/airflow/.local/lib/python3.12/site-packages/airflow/example_dags/example_kubernetes_executor.py
[2026-06-15T16:18:18.745+0000] {logging_mixin.py:188} INFO - [2026-06-15T16:18:18.744+0000] {dag.py:3096} INFO - Sync 1 DAGs
[2026-06-15T16:18:18.772+0000] {logging_mixin.py:188} INFO - [2026-06-15T16:18:18.772+0000] {dag.py:3954} INFO - Setting next_dagrun for example_kubernetes_executor to None, run_after=None
[2026-06-15T16:18:18.819+0000] {processor.py:183} INFO - Processing /home/airflow/.local/lib/python3.12/site-packages/airflow/example_dags/example_kubernetes_executor.py took 0.186 seconds
[2026-06-15T16:18:49.370+0000] {processor.py:161} INFO - Started process (PID=2003) to work on /home/airflow/.local/lib/python3.12/site-packages/airflow/example_dags/example_kubernetes_executor.py
[2026-06-15T16:18:49.372+0000] {processor.py:830} INFO - Processing file /home/airflow/.local/lib/python3.12/site-packages/airflow/example_dags/example_kubernetes_executor.py for tasks to queue
[2026-06-15T16:18:49.376+0000] {logging_mixin.py:188} INFO - [2026-06-15T16:18:49.375+0000] {dagbag.py:545} INFO - Filling up the DagBag from /home/airflow/.local/lib/python3.12/site-packages/airflow/example_dags/example_kubernetes_executor.py
[2026-06-15T16:18:49.400+0000] {processor.py:840} INFO - DAG(s) 'example_kubernetes_executor' retrieved from /home/airflow/.local/lib/python3.12/site-packages/airflow/example_dags/example_kubernetes_executor.py
[2026-06-15T16:18:49.470+0000] {logging_mixin.py:188} INFO - [2026-06-15T16:18:49.470+0000] {dag.py:3096} INFO - Sync 1 DAGs
[2026-06-15T16:18:49.492+0000] {logging_mixin.py:188} INFO - [2026-06-15T16:18:49.491+0000] {dag.py:3954} INFO - Setting next_dagrun for example_kubernetes_executor to None, run_after=None
[2026-06-15T16:18:49.535+0000] {processor.py:183} INFO - Processing /home/airflow/.local/lib/python3.12/site-packages/airflow/example_dags/example_kubernetes_executor.py took 0.175 seconds
[2026-06-15T16:19:19.827+0000] {processor.py:161} INFO - Started process (PID=2062) to work on /home/airflow/.local/lib/python3.12/site-packages/airflow/example_dags/example_kubernetes_executor.py
[2026-06-15T16:19:19.829+0000] {processor.py:830} INFO - Processing file /home/airflow/.local/lib/python3.12/site-packages/airflow/example_dags/example_kubernetes_executor.py for tasks to queue
[2026-06-15T16:19:19.833+0000] {logging_mixin.py:188} INFO - [2026-06-15T16:19:19.832+0000] {dagbag.py:545} INFO - Filling up the DagBag from /home/airflow/.local/lib/python3.12/site-packages/airflow/example_dags/example_kubernetes_executor.py
[2026-06-15T16:19:19.857+0000] {processor.py:840} INFO - DAG(s) 'example_kubernetes_executor' retrieved from /home/airflow/.local/lib/python3.12/site-packages/airflow/example_dags/example_kubernetes_executor.py
[2026-06-15T16:19:19.918+0000] {logging_mixin.py:188} INFO - [2026-06-15T16:19:19.918+0000] {dag.py:3096} INFO - Sync 1 DAGs
[2026-06-15T16:19:19.941+0000] {logging_mixin.py:188} INFO - [2026-06-15T16:19:19.940+0000] {dag.py:3954} INFO - Setting next_dagrun for example_kubernetes_executor to None, run_after=None
[2026-06-15T16:19:19.984+0000] {processor.py:183} INFO - Processing /home/airflow/.local/lib/python3.12/site-packages/airflow/example_dags/example_kubernetes_executor.py took 0.166 seconds
[2026-06-15T16:19:50.433+0000] {processor.py:161} INFO - Started process (PID=2121) to work on /home/airflow/.local/lib/python3.12/site-packages/airflow/example_dags/example_kubernetes_executor.py
[2026-06-15T16:19:50.434+0000] {processor.py:830} INFO - Processing file /home/airflow/.local/lib/python3.12/site-packages/airflow/example_dags/example_kubernetes_executor.py for tasks to queue
[2026-06-15T16:19:50.437+0000] {logging_mixin.py:188} INFO - [2026-06-15T16:19:50.437+0000] {dagbag.py:545} INFO - Filling up the DagBag from /home/airflow/.local/lib/python3.12/site-packages/airflow/example_dags/example_kubernetes_executor.py
[2026-06-15T16:19:50.456+0000] {processor.py:840} INFO - DAG(s) 'example_kubernetes_executor' retrieved from /home/airflow/.local/lib/python3.12/site-packages/airflow/example_dags/example_kubernetes_executor.py
[2026-06-15T16:19:50.513+0000] {logging_mixin.py:188} INFO - [2026-06-15T16:19:50.512+0000] {dag.py:3096} INFO - Sync 1 DAGs
[2026-06-15T16:19:50.532+0000] {logging_mixin.py:188} INFO - [2026-06-15T16:19:50.531+0000] {dag.py:3954} INFO - Setting next_dagrun for example_kubernetes_executor to None, run_after=None
[2026-06-15T16:19:50.565+0000] {processor.py:183} INFO - Processing /home/airflow/.local/lib/python3.12/site-packages/airflow/example_dags/example_kubernetes_executor.py took 0.141 seconds
[2026-06-15T16:20:20.973+0000] {processor.py:161} INFO - Started process (PID=2180) to work on /home/airflow/.local/lib/python3.12/site-packages/airflow/example_dags/example_kubernetes_executor.py
[2026-06-15T16:20:20.975+0000] {processor.py:830} INFO - Processing file /home/airflow/.local/lib/python3.12/site-packages/airflow/example_dags/example_kubernetes_executor.py for tasks to queue
[2026-06-15T16:20:20.979+0000] {logging_mixin.py:188} INFO - [2026-06-15T16:20:20.978+0000] {dagbag.py:545} INFO - Filling up the DagBag from /home/airflow/.local/lib/python3.12/site-packages/airflow/example_dags/example_kubernetes_executor.py
[2026-06-15T16:20:21.010+0000] {processor.py:840} INFO - DAG(s) 'example_kubernetes_executor' retrieved from /home/airflow/.local/lib/python3.12/site-packages/airflow/example_dags/example_kubernetes_executor.py
[2026-06-15T16:20:21.087+0000] {logging_mixin.py:188} INFO - [2026-06-15T16:20:21.086+0000] {dag.py:3096} INFO - Sync 1 DAGs
[2026-06-15T16:20:21.118+0000] {logging_mixin.py:188} INFO - [2026-06-15T16:20:21.118+0000] {dag.py:3954} INFO - Setting next_dagrun for example_kubernetes_executor to None, run_after=None
[2026-06-15T16:20:21.160+0000] {processor.py:183} INFO - Processing /home/airflow/.local/lib/python3.12/site-packages/airflow/example_dags/example_kubernetes_executor.py took 0.198 seconds
[2026-06-15T16:45:26.374+0000] {processor.py:161} INFO - Started process (PID=2239) to work on /home/airflow/.local/lib/python3.12/site-packages/airflow/example_dags/example_kubernetes_executor.py
[2026-06-15T16:45:26.376+0000] {processor.py:830} INFO - Processing file /home/airflow/.local/lib/python3.12/site-packages/airflow/example_dags/example_kubernetes_executor.py for tasks to queue
[2026-06-15T16:45:26.381+0000] {logging_mixin.py:188} INFO - [2026-06-15T16:45:26.380+0000] {dagbag.py:545} INFO - Filling up the DagBag from /home/airflow/.local/lib/python3.12/site-packages/airflow/example_dags/example_kubernetes_executor.py
[2026-06-15T16:45:26.418+0000] {processor.py:840} INFO - DAG(s) 'example_kubernetes_executor' retrieved from /home/airflow/.local/lib/python3.12/site-packages/airflow/example_dags/example_kubernetes_executor.py
[2026-06-15T16:45:26.514+0000] {logging_mixin.py:188} INFO - [2026-06-15T16:45:26.514+0000] {dag.py:3096} INFO - Sync 1 DAGs
[2026-06-15T16:45:26.554+0000] {logging_mixin.py:188} INFO - [2026-06-15T16:45:26.553+0000] {dag.py:3954} INFO - Setting next_dagrun for example_kubernetes_executor to None, run_after=None
[2026-06-15T16:45:26.611+0000] {processor.py:183} INFO - Processing /home/airflow/.local/lib/python3.12/site-packages/airflow/example_dags/example_kubernetes_executor.py took 0.250 seconds
[2026-06-15T16:45:56.940+0000] {processor.py:161} INFO - Started process (PID=2298) to work on /home/airflow/.local/lib/python3.12/site-packages/airflow/example_dags/example_kubernetes_executor.py
[2026-06-15T16:45:56.943+0000] {processor.py:830} INFO - Processing file /home/airflow/.local/lib/python3.12/site-packages/airflow/example_dags/example_kubernetes_executor.py for tasks to queue
[2026-06-15T16:45:56.947+0000] {logging_mixin.py:188} INFO - [2026-06-15T16:45:56.947+0000] {dagbag.py:545} INFO - Filling up the DagBag from /home/airflow/.local/lib/python3.12/site-packages/airflow/example_dags/example_kubernetes_executor.py
[2026-06-15T16:45:56.971+0000] {processor.py:840} INFO - DAG(s) 'example_kubernetes_executor' retrieved from /home/airflow/.local/lib/python3.12/site-packages/airflow/example_dags/example_kubernetes_executor.py
[2026-06-15T16:45:57.039+0000] {logging_mixin.py:188} INFO - [2026-06-15T16:45:57.039+0000] {dag.py:3096} INFO - Sync 1 DAGs
[2026-06-15T16:45:57.056+0000] {logging_mixin.py:188} INFO - [2026-06-15T16:45:57.056+0000] {dag.py:3954} INFO - Setting next_dagrun for example_kubernetes_executor to None, run_after=None
[2026-06-15T16:45:57.092+0000] {processor.py:183} INFO - Processing /home/airflow/.local/lib/python3.12/site-packages/airflow/example_dags/example_kubernetes_executor.py took 0.162 seconds
[2026-06-15T16:46:27.311+0000] {processor.py:161} INFO - Started process (PID=2357) to work on /home/airflow/.local/lib/python3.12/site-packages/airflow/example_dags/example_kubernetes_executor.py
[2026-06-15T16:46:27.313+0000] {processor.py:830} INFO - Processing file /home/airflow/.local/lib/python3.12/site-packages/airflow/example_dags/example_kubernetes_executor.py for tasks to queue
[2026-06-15T16:46:27.318+0000] {logging_mixin.py:188} INFO - [2026-06-15T16:46:27.317+0000] {dagbag.py:545} INFO - Filling up the DagBag from /home/airflow/.local/lib/python3.12/site-packages/airflow/example_dags/example_kubernetes_executor.py
[2026-06-15T16:46:27.350+0000] {processor.py:840} INFO - DAG(s) 'example_kubernetes_executor' retrieved from /home/airflow/.local/lib/python3.12/site-packages/airflow/example_dags/example_kubernetes_executor.py
[2026-06-15T16:46:27.428+0000] {logging_mixin.py:188} INFO - [2026-06-15T16:46:27.428+0000] {dag.py:3096} INFO - Sync 1 DAGs
[2026-06-15T16:46:27.455+0000] {logging_mixin.py:188} INFO - [2026-06-15T16:46:27.455+0000] {dag.py:3954} INFO - Setting next_dagrun for example_kubernetes_executor to None, run_after=None
[2026-06-15T16:46:27.501+0000] {processor.py:183} INFO - Processing /home/airflow/.local/lib/python3.12/site-packages/airflow/example_dags/example_kubernetes_executor.py took 0.208 seconds
