[2026-06-15T15:53:05.316+0000] {processor.py:161} INFO - Started process (PID=108) to work on /home/airflow/.local/lib/python3.12/site-packages/airflow/example_dags/example_latest_only.py
[2026-06-15T15:53:05.319+0000] {processor.py:830} INFO - Processing file /home/airflow/.local/lib/python3.12/site-packages/airflow/example_dags/example_latest_only.py for tasks to queue
[2026-06-15T15:53:05.323+0000] {logging_mixin.py:188} INFO - [2026-06-15T15:53:05.323+0000] {dagbag.py:545} INFO - Filling up the DagBag from /home/airflow/.local/lib/python3.12/site-packages/airflow/example_dags/example_latest_only.py
[2026-06-15T15:53:05.345+0000] {processor.py:840} INFO - DAG(s) 'latest_only' retrieved from /home/airflow/.local/lib/python3.12/site-packages/airflow/example_dags/example_latest_only.py
[2026-06-15T15:53:05.402+0000] {logging_mixin.py:188} INFO - [2026-06-15T15:53:05.402+0000] {dag.py:3096} INFO - Sync 1 DAGs
[2026-06-15T15:53:05.465+0000] {logging_mixin.py:188} INFO - [2026-06-15T15:53:05.464+0000] {dag.py:3954} INFO - Setting next_dagrun for latest_only to 2026-06-15 08:00:00+00:00, run_after=2026-06-15 12:00:00+00:00
[2026-06-15T15:53:05.511+0000] {processor.py:183} INFO - Processing /home/airflow/.local/lib/python3.12/site-packages/airflow/example_dags/example_latest_only.py took 0.211 seconds
[2026-06-15T15:57:18.260+0000] {processor.py:161} INFO - Started process (PID=102) to work on /home/airflow/.local/lib/python3.12/site-packages/airflow/example_dags/example_latest_only.py
[2026-06-15T15:57:18.263+0000] {processor.py:830} INFO - Processing file /home/airflow/.local/lib/python3.12/site-packages/airflow/example_dags/example_latest_only.py for tasks to queue
[2026-06-15T15:57:18.266+0000] {logging_mixin.py:188} INFO - [2026-06-15T15:57:18.266+0000] {dagbag.py:545} INFO - Filling up the DagBag from /home/airflow/.local/lib/python3.12/site-packages/airflow/example_dags/example_latest_only.py
[2026-06-15T15:57:18.276+0000] {processor.py:840} INFO - DAG(s) 'latest_only' retrieved from /home/airflow/.local/lib/python3.12/site-packages/airflow/example_dags/example_latest_only.py
[2026-06-15T15:57:18.429+0000] {logging_mixin.py:188} INFO - [2026-06-15T15:57:18.428+0000] {dag.py:3096} INFO - Sync 1 DAGs
[2026-06-15T15:57:18.460+0000] {logging_mixin.py:188} INFO - [2026-06-15T15:57:18.460+0000] {dag.py:3954} INFO - Setting next_dagrun for latest_only to 2026-06-15 08:00:00+00:00, run_after=2026-06-15 12:00:00+00:00
[2026-06-15T15:57:18.497+0000] {processor.py:183} INFO - Processing /home/airflow/.local/lib/python3.12/site-packages/airflow/example_dags/example_latest_only.py took 0.247 seconds
[2026-06-15T15:57:48.683+0000] {processor.py:161} INFO - Started process (PID=161) to work on /home/airflow/.local/lib/python3.12/site-packages/airflow/example_dags/example_latest_only.py
[2026-06-15T15:57:48.685+0000] {processor.py:830} INFO - Processing file /home/airflow/.local/lib/python3.12/site-packages/airflow/example_dags/example_latest_only.py for tasks to queue
[2026-06-15T15:57:48.690+0000] {logging_mixin.py:188} INFO - [2026-06-15T15:57:48.689+0000] {dagbag.py:545} INFO - Filling up the DagBag from /home/airflow/.local/lib/python3.12/site-packages/airflow/example_dags/example_latest_only.py
[2026-06-15T15:57:48.700+0000] {processor.py:840} INFO - DAG(s) 'latest_only' retrieved from /home/airflow/.local/lib/python3.12/site-packages/airflow/example_dags/example_latest_only.py
[2026-06-15T15:57:48.742+0000] {logging_mixin.py:188} INFO - [2026-06-15T15:57:48.741+0000] {dag.py:3096} INFO - Sync 1 DAGs
[2026-06-15T15:57:48.783+0000] {logging_mixin.py:188} INFO - [2026-06-15T15:57:48.783+0000] {dag.py:3954} INFO - Setting next_dagrun for latest_only to 2026-06-15 08:00:00+00:00, run_after=2026-06-15 12:00:00+00:00
[2026-06-15T15:57:48.824+0000] {processor.py:183} INFO - Processing /home/airflow/.local/lib/python3.12/site-packages/airflow/example_dags/example_latest_only.py took 0.151 seconds
[2026-06-15T15:58:19.337+0000] {processor.py:161} INFO - Started process (PID=228) to work on /home/airflow/.local/lib/python3.12/site-packages/airflow/example_dags/example_latest_only.py
[2026-06-15T15:58:19.339+0000] {processor.py:830} INFO - Processing file /home/airflow/.local/lib/python3.12/site-packages/airflow/example_dags/example_latest_only.py for tasks to queue
[2026-06-15T15:58:19.344+0000] {logging_mixin.py:188} INFO - [2026-06-15T15:58:19.343+0000] {dagbag.py:545} INFO - Filling up the DagBag from /home/airflow/.local/lib/python3.12/site-packages/airflow/example_dags/example_latest_only.py
[2026-06-15T15:58:19.352+0000] {processor.py:840} INFO - DAG(s) 'latest_only' retrieved from /home/airflow/.local/lib/python3.12/site-packages/airflow/example_dags/example_latest_only.py
[2026-06-15T15:58:19.386+0000] {logging_mixin.py:188} INFO - [2026-06-15T15:58:19.385+0000] {dag.py:3096} INFO - Sync 1 DAGs
[2026-06-15T15:58:19.419+0000] {logging_mixin.py:188} INFO - [2026-06-15T15:58:19.418+0000] {dag.py:3954} INFO - Setting next_dagrun for latest_only to 2026-06-15 08:00:00+00:00, run_after=2026-06-15 12:00:00+00:00
[2026-06-15T15:58:19.457+0000] {processor.py:183} INFO - Processing /home/airflow/.local/lib/python3.12/site-packages/airflow/example_dags/example_latest_only.py took 0.129 seconds
[2026-06-15T15:58:50.360+0000] {processor.py:161} INFO - Started process (PID=288) to work on /home/airflow/.local/lib/python3.12/site-packages/airflow/example_dags/example_latest_only.py
[2026-06-15T15:58:50.362+0000] {processor.py:830} INFO - Processing file /home/airflow/.local/lib/python3.12/site-packages/airflow/example_dags/example_latest_only.py for tasks to queue
[2026-06-15T15:58:50.366+0000] {logging_mixin.py:188} INFO - [2026-06-15T15:58:50.365+0000] {dagbag.py:545} INFO - Filling up the DagBag from /home/airflow/.local/lib/python3.12/site-packages/airflow/example_dags/example_latest_only.py
[2026-06-15T15:58:50.374+0000] {processor.py:840} INFO - DAG(s) 'latest_only' retrieved from /home/airflow/.local/lib/python3.12/site-packages/airflow/example_dags/example_latest_only.py
[2026-06-15T15:58:50.414+0000] {logging_mixin.py:188} INFO - [2026-06-15T15:58:50.414+0000] {dag.py:3096} INFO - Sync 1 DAGs
[2026-06-15T15:58:50.453+0000] {logging_mixin.py:188} INFO - [2026-06-15T15:58:50.452+0000] {dag.py:3954} INFO - Setting next_dagrun for latest_only to 2026-06-15 08:00:00+00:00, run_after=2026-06-15 12:00:00+00:00
[2026-06-15T15:58:50.491+0000] {processor.py:183} INFO - Processing /home/airflow/.local/lib/python3.12/site-packages/airflow/example_dags/example_latest_only.py took 0.142 seconds
[2026-06-15T15:59:20.586+0000] {processor.py:161} INFO - Started process (PID=348) to work on /home/airflow/.local/lib/python3.12/site-packages/airflow/example_dags/example_latest_only.py
[2026-06-15T15:59:20.588+0000] {processor.py:830} INFO - Processing file /home/airflow/.local/lib/python3.12/site-packages/airflow/example_dags/example_latest_only.py for tasks to queue
[2026-06-15T15:59:20.592+0000] {logging_mixin.py:188} INFO - [2026-06-15T15:59:20.591+0000] {dagbag.py:545} INFO - Filling up the DagBag from /home/airflow/.local/lib/python3.12/site-packages/airflow/example_dags/example_latest_only.py
[2026-06-15T15:59:20.600+0000] {processor.py:840} INFO - DAG(s) 'latest_only' retrieved from /home/airflow/.local/lib/python3.12/site-packages/airflow/example_dags/example_latest_only.py
[2026-06-15T15:59:20.641+0000] {logging_mixin.py:188} INFO - [2026-06-15T15:59:20.641+0000] {dag.py:3096} INFO - Sync 1 DAGs
[2026-06-15T15:59:20.688+0000] {logging_mixin.py:188} INFO - [2026-06-15T15:59:20.688+0000] {dag.py:3954} INFO - Setting next_dagrun for latest_only to 2026-06-15 08:00:00+00:00, run_after=2026-06-15 12:00:00+00:00
[2026-06-15T15:59:20.730+0000] {processor.py:183} INFO - Processing /home/airflow/.local/lib/python3.12/site-packages/airflow/example_dags/example_latest_only.py took 0.154 seconds
[2026-06-15T15:59:52.030+0000] {processor.py:161} INFO - Started process (PID=408) to work on /home/airflow/.local/lib/python3.12/site-packages/airflow/example_dags/example_latest_only.py
[2026-06-15T15:59:52.032+0000] {processor.py:830} INFO - Processing file /home/airflow/.local/lib/python3.12/site-packages/airflow/example_dags/example_latest_only.py for tasks to queue
[2026-06-15T15:59:52.037+0000] {logging_mixin.py:188} INFO - [2026-06-15T15:59:52.037+0000] {dagbag.py:545} INFO - Filling up the DagBag from /home/airflow/.local/lib/python3.12/site-packages/airflow/example_dags/example_latest_only.py
[2026-06-15T15:59:52.046+0000] {processor.py:840} INFO - DAG(s) 'latest_only' retrieved from /home/airflow/.local/lib/python3.12/site-packages/airflow/example_dags/example_latest_only.py
[2026-06-15T15:59:52.092+0000] {logging_mixin.py:188} INFO - [2026-06-15T15:59:52.092+0000] {dag.py:3096} INFO - Sync 1 DAGs
[2026-06-15T15:59:52.138+0000] {logging_mixin.py:188} INFO - [2026-06-15T15:59:52.138+0000] {dag.py:3954} INFO - Setting next_dagrun for latest_only to 2026-06-15 08:00:00+00:00, run_after=2026-06-15 12:00:00+00:00
[2026-06-15T15:59:52.179+0000] {processor.py:183} INFO - Processing /home/airflow/.local/lib/python3.12/site-packages/airflow/example_dags/example_latest_only.py took 0.159 seconds
[2026-06-15T16:00:22.603+0000] {processor.py:161} INFO - Started process (PID=468) to work on /home/airflow/.local/lib/python3.12/site-packages/airflow/example_dags/example_latest_only.py
[2026-06-15T16:00:22.606+0000] {processor.py:830} INFO - Processing file /home/airflow/.local/lib/python3.12/site-packages/airflow/example_dags/example_latest_only.py for tasks to queue
[2026-06-15T16:00:22.610+0000] {logging_mixin.py:188} INFO - [2026-06-15T16:00:22.609+0000] {dagbag.py:545} INFO - Filling up the DagBag from /home/airflow/.local/lib/python3.12/site-packages/airflow/example_dags/example_latest_only.py
[2026-06-15T16:00:22.621+0000] {processor.py:840} INFO - DAG(s) 'latest_only' retrieved from /home/airflow/.local/lib/python3.12/site-packages/airflow/example_dags/example_latest_only.py
[2026-06-15T16:00:22.671+0000] {logging_mixin.py:188} INFO - [2026-06-15T16:00:22.670+0000] {dag.py:3096} INFO - Sync 1 DAGs
[2026-06-15T16:00:22.725+0000] {logging_mixin.py:188} INFO - [2026-06-15T16:00:22.724+0000] {dag.py:3954} INFO - Setting next_dagrun for latest_only to 2026-06-15 12:00:00+00:00, run_after=2026-06-15 16:00:00+00:00
[2026-06-15T16:00:22.789+0000] {processor.py:183} INFO - Processing /home/airflow/.local/lib/python3.12/site-packages/airflow/example_dags/example_latest_only.py took 0.195 seconds
[2026-06-15T16:03:03.304+0000] {processor.py:161} INFO - Started process (PID=109) to work on /home/airflow/.local/lib/python3.12/site-packages/airflow/example_dags/example_latest_only.py
[2026-06-15T16:03:03.306+0000] {processor.py:830} INFO - Processing file /home/airflow/.local/lib/python3.12/site-packages/airflow/example_dags/example_latest_only.py for tasks to queue
[2026-06-15T16:03:03.310+0000] {logging_mixin.py:188} INFO - [2026-06-15T16:03:03.309+0000] {dagbag.py:545} INFO - Filling up the DagBag from /home/airflow/.local/lib/python3.12/site-packages/airflow/example_dags/example_latest_only.py
[2026-06-15T16:03:03.327+0000] {processor.py:840} INFO - DAG(s) 'latest_only' retrieved from /home/airflow/.local/lib/python3.12/site-packages/airflow/example_dags/example_latest_only.py
[2026-06-15T16:03:03.577+0000] {logging_mixin.py:188} INFO - [2026-06-15T16:03:03.576+0000] {dag.py:3096} INFO - Sync 1 DAGs
[2026-06-15T16:03:03.619+0000] {logging_mixin.py:188} INFO - [2026-06-15T16:03:03.619+0000] {dag.py:3954} INFO - Setting next_dagrun for latest_only to 2026-06-15 12:00:00+00:00, run_after=2026-06-15 16:00:00+00:00
[2026-06-15T16:03:03.663+0000] {processor.py:183} INFO - Processing /home/airflow/.local/lib/python3.12/site-packages/airflow/example_dags/example_latest_only.py took 0.368 seconds
[2026-06-15T16:03:33.923+0000] {processor.py:161} INFO - Started process (PID=191) to work on /home/airflow/.local/lib/python3.12/site-packages/airflow/example_dags/example_latest_only.py
[2026-06-15T16:03:33.926+0000] {processor.py:830} INFO - Processing file /home/airflow/.local/lib/python3.12/site-packages/airflow/example_dags/example_latest_only.py for tasks to queue
[2026-06-15T16:03:33.929+0000] {logging_mixin.py:188} INFO - [2026-06-15T16:03:33.928+0000] {dagbag.py:545} INFO - Filling up the DagBag from /home/airflow/.local/lib/python3.12/site-packages/airflow/example_dags/example_latest_only.py
[2026-06-15T16:03:33.942+0000] {processor.py:840} INFO - DAG(s) 'latest_only' retrieved from /home/airflow/.local/lib/python3.12/site-packages/airflow/example_dags/example_latest_only.py
[2026-06-15T16:03:33.977+0000] {logging_mixin.py:188} INFO - [2026-06-15T16:03:33.976+0000] {dag.py:3096} INFO - Sync 1 DAGs
[2026-06-15T16:03:34.017+0000] {logging_mixin.py:188} INFO - [2026-06-15T16:03:34.016+0000] {dag.py:3954} INFO - Setting next_dagrun for latest_only to 2026-06-15 12:00:00+00:00, run_after=2026-06-15 16:00:00+00:00
[2026-06-15T16:03:34.051+0000] {processor.py:183} INFO - Processing /home/airflow/.local/lib/python3.12/site-packages/airflow/example_dags/example_latest_only.py took 0.139 seconds
[2026-06-15T16:04:04.233+0000] {processor.py:161} INFO - Started process (PID=306) to work on /home/airflow/.local/lib/python3.12/site-packages/airflow/example_dags/example_latest_only.py
[2026-06-15T16:04:04.236+0000] {processor.py:830} INFO - Processing file /home/airflow/.local/lib/python3.12/site-packages/airflow/example_dags/example_latest_only.py for tasks to queue
[2026-06-15T16:04:04.240+0000] {logging_mixin.py:188} INFO - [2026-06-15T16:04:04.239+0000] {dagbag.py:545} INFO - Filling up the DagBag from /home/airflow/.local/lib/python3.12/site-packages/airflow/example_dags/example_latest_only.py
[2026-06-15T16:04:04.246+0000] {processor.py:840} INFO - DAG(s) 'latest_only' retrieved from /home/airflow/.local/lib/python3.12/site-packages/airflow/example_dags/example_latest_only.py
[2026-06-15T16:04:04.285+0000] {logging_mixin.py:188} INFO - [2026-06-15T16:04:04.284+0000] {dag.py:3096} INFO - Sync 1 DAGs
[2026-06-15T16:04:04.329+0000] {logging_mixin.py:188} INFO - [2026-06-15T16:04:04.328+0000] {dag.py:3954} INFO - Setting next_dagrun for latest_only to 2026-06-15 12:00:00+00:00, run_after=2026-06-15 16:00:00+00:00
[2026-06-15T16:04:04.370+0000] {processor.py:183} INFO - Processing /home/airflow/.local/lib/python3.12/site-packages/airflow/example_dags/example_latest_only.py took 0.147 seconds
[2026-06-15T16:04:35.027+0000] {processor.py:161} INFO - Started process (PID=365) to work on /home/airflow/.local/lib/python3.12/site-packages/airflow/example_dags/example_latest_only.py
[2026-06-15T16:04:35.029+0000] {processor.py:830} INFO - Processing file /home/airflow/.local/lib/python3.12/site-packages/airflow/example_dags/example_latest_only.py for tasks to queue
[2026-06-15T16:04:35.033+0000] {logging_mixin.py:188} INFO - [2026-06-15T16:04:35.032+0000] {dagbag.py:545} INFO - Filling up the DagBag from /home/airflow/.local/lib/python3.12/site-packages/airflow/example_dags/example_latest_only.py
[2026-06-15T16:04:35.044+0000] {processor.py:840} INFO - DAG(s) 'latest_only' retrieved from /home/airflow/.local/lib/python3.12/site-packages/airflow/example_dags/example_latest_only.py
[2026-06-15T16:04:35.077+0000] {logging_mixin.py:188} INFO - [2026-06-15T16:04:35.077+0000] {dag.py:3096} INFO - Sync 1 DAGs
[2026-06-15T16:04:35.109+0000] {logging_mixin.py:188} INFO - [2026-06-15T16:04:35.109+0000] {dag.py:3954} INFO - Setting next_dagrun for latest_only to 2026-06-15 12:00:00+00:00, run_after=2026-06-15 16:00:00+00:00
[2026-06-15T16:04:35.145+0000] {processor.py:183} INFO - Processing /home/airflow/.local/lib/python3.12/site-packages/airflow/example_dags/example_latest_only.py took 0.135 seconds
[2026-06-15T16:05:05.387+0000] {processor.py:161} INFO - Started process (PID=424) to work on /home/airflow/.local/lib/python3.12/site-packages/airflow/example_dags/example_latest_only.py
[2026-06-15T16:05:05.389+0000] {processor.py:830} INFO - Processing file /home/airflow/.local/lib/python3.12/site-packages/airflow/example_dags/example_latest_only.py for tasks to queue
[2026-06-15T16:05:05.391+0000] {logging_mixin.py:188} INFO - [2026-06-15T16:05:05.391+0000] {dagbag.py:545} INFO - Filling up the DagBag from /home/airflow/.local/lib/python3.12/site-packages/airflow/example_dags/example_latest_only.py
[2026-06-15T16:05:05.398+0000] {processor.py:840} INFO - DAG(s) 'latest_only' retrieved from /home/airflow/.local/lib/python3.12/site-packages/airflow/example_dags/example_latest_only.py
[2026-06-15T16:05:05.428+0000] {logging_mixin.py:188} INFO - [2026-06-15T16:05:05.428+0000] {dag.py:3096} INFO - Sync 1 DAGs
[2026-06-15T16:05:05.459+0000] {logging_mixin.py:188} INFO - [2026-06-15T16:05:05.459+0000] {dag.py:3954} INFO - Setting next_dagrun for latest_only to 2026-06-15 12:00:00+00:00, run_after=2026-06-15 16:00:00+00:00
[2026-06-15T16:05:05.499+0000] {processor.py:183} INFO - Processing /home/airflow/.local/lib/python3.12/site-packages/airflow/example_dags/example_latest_only.py took 0.119 seconds
[2026-06-15T16:05:36.354+0000] {processor.py:161} INFO - Started process (PID=483) to work on /home/airflow/.local/lib/python3.12/site-packages/airflow/example_dags/example_latest_only.py
[2026-06-15T16:05:36.356+0000] {processor.py:830} INFO - Processing file /home/airflow/.local/lib/python3.12/site-packages/airflow/example_dags/example_latest_only.py for tasks to queue
[2026-06-15T16:05:36.359+0000] {logging_mixin.py:188} INFO - [2026-06-15T16:05:36.358+0000] {dagbag.py:545} INFO - Filling up the DagBag from /home/airflow/.local/lib/python3.12/site-packages/airflow/example_dags/example_latest_only.py
[2026-06-15T16:05:36.366+0000] {processor.py:840} INFO - DAG(s) 'latest_only' retrieved from /home/airflow/.local/lib/python3.12/site-packages/airflow/example_dags/example_latest_only.py
[2026-06-15T16:05:36.400+0000] {logging_mixin.py:188} INFO - [2026-06-15T16:05:36.400+0000] {dag.py:3096} INFO - Sync 1 DAGs
[2026-06-15T16:05:36.435+0000] {logging_mixin.py:188} INFO - [2026-06-15T16:05:36.434+0000] {dag.py:3954} INFO - Setting next_dagrun for latest_only to 2026-06-15 12:00:00+00:00, run_after=2026-06-15 16:00:00+00:00
[2026-06-15T16:05:36.469+0000] {processor.py:183} INFO - Processing /home/airflow/.local/lib/python3.12/site-packages/airflow/example_dags/example_latest_only.py took 0.123 seconds
[2026-06-15T16:06:06.689+0000] {processor.py:161} INFO - Started process (PID=542) to work on /home/airflow/.local/lib/python3.12/site-packages/airflow/example_dags/example_latest_only.py
[2026-06-15T16:06:06.691+0000] {processor.py:830} INFO - Processing file /home/airflow/.local/lib/python3.12/site-packages/airflow/example_dags/example_latest_only.py for tasks to queue
[2026-06-15T16:06:06.695+0000] {logging_mixin.py:188} INFO - [2026-06-15T16:06:06.694+0000] {dagbag.py:545} INFO - Filling up the DagBag from /home/airflow/.local/lib/python3.12/site-packages/airflow/example_dags/example_latest_only.py
[2026-06-15T16:06:06.703+0000] {processor.py:840} INFO - DAG(s) 'latest_only' retrieved from /home/airflow/.local/lib/python3.12/site-packages/airflow/example_dags/example_latest_only.py
[2026-06-15T16:06:06.740+0000] {logging_mixin.py:188} INFO - [2026-06-15T16:06:06.739+0000] {dag.py:3096} INFO - Sync 1 DAGs
[2026-06-15T16:06:06.779+0000] {logging_mixin.py:188} INFO - [2026-06-15T16:06:06.778+0000] {dag.py:3954} INFO - Setting next_dagrun for latest_only to 2026-06-15 12:00:00+00:00, run_after=2026-06-15 16:00:00+00:00
[2026-06-15T16:06:06.818+0000] {processor.py:183} INFO - Processing /home/airflow/.local/lib/python3.12/site-packages/airflow/example_dags/example_latest_only.py took 0.137 seconds
[2026-06-15T16:06:37.218+0000] {processor.py:161} INFO - Started process (PID=601) to work on /home/airflow/.local/lib/python3.12/site-packages/airflow/example_dags/example_latest_only.py
[2026-06-15T16:06:37.220+0000] {processor.py:830} INFO - Processing file /home/airflow/.local/lib/python3.12/site-packages/airflow/example_dags/example_latest_only.py for tasks to queue
[2026-06-15T16:06:37.223+0000] {logging_mixin.py:188} INFO - [2026-06-15T16:06:37.223+0000] {dagbag.py:545} INFO - Filling up the DagBag from /home/airflow/.local/lib/python3.12/site-packages/airflow/example_dags/example_latest_only.py
[2026-06-15T16:06:37.231+0000] {processor.py:840} INFO - DAG(s) 'latest_only' retrieved from /home/airflow/.local/lib/python3.12/site-packages/airflow/example_dags/example_latest_only.py
[2026-06-15T16:06:37.267+0000] {logging_mixin.py:188} INFO - [2026-06-15T16:06:37.266+0000] {dag.py:3096} INFO - Sync 1 DAGs
[2026-06-15T16:06:37.304+0000] {logging_mixin.py:188} INFO - [2026-06-15T16:06:37.304+0000] {dag.py:3954} INFO - Setting next_dagrun for latest_only to 2026-06-15 12:00:00+00:00, run_after=2026-06-15 16:00:00+00:00
[2026-06-15T16:06:37.349+0000] {processor.py:183} INFO - Processing /home/airflow/.local/lib/python3.12/site-packages/airflow/example_dags/example_latest_only.py took 0.142 seconds
[2026-06-15T16:07:07.583+0000] {processor.py:161} INFO - Started process (PID=660) to work on /home/airflow/.local/lib/python3.12/site-packages/airflow/example_dags/example_latest_only.py
[2026-06-15T16:07:07.586+0000] {processor.py:830} INFO - Processing file /home/airflow/.local/lib/python3.12/site-packages/airflow/example_dags/example_latest_only.py for tasks to queue
[2026-06-15T16:07:07.591+0000] {logging_mixin.py:188} INFO - [2026-06-15T16:07:07.590+0000] {dagbag.py:545} INFO - Filling up the DagBag from /home/airflow/.local/lib/python3.12/site-packages/airflow/example_dags/example_latest_only.py
[2026-06-15T16:07:07.599+0000] {processor.py:840} INFO - DAG(s) 'latest_only' retrieved from /home/airflow/.local/lib/python3.12/site-packages/airflow/example_dags/example_latest_only.py
[2026-06-15T16:07:07.634+0000] {logging_mixin.py:188} INFO - [2026-06-15T16:07:07.634+0000] {dag.py:3096} INFO - Sync 1 DAGs
[2026-06-15T16:07:07.672+0000] {logging_mixin.py:188} INFO - [2026-06-15T16:07:07.671+0000] {dag.py:3954} INFO - Setting next_dagrun for latest_only to 2026-06-15 12:00:00+00:00, run_after=2026-06-15 16:00:00+00:00
[2026-06-15T16:07:07.705+0000] {processor.py:183} INFO - Processing /home/airflow/.local/lib/python3.12/site-packages/airflow/example_dags/example_latest_only.py took 0.135 seconds
[2026-06-15T16:07:38.311+0000] {processor.py:161} INFO - Started process (PID=720) to work on /home/airflow/.local/lib/python3.12/site-packages/airflow/example_dags/example_latest_only.py
[2026-06-15T16:07:38.312+0000] {processor.py:830} INFO - Processing file /home/airflow/.local/lib/python3.12/site-packages/airflow/example_dags/example_latest_only.py for tasks to queue
[2026-06-15T16:07:38.315+0000] {logging_mixin.py:188} INFO - [2026-06-15T16:07:38.315+0000] {dagbag.py:545} INFO - Filling up the DagBag from /home/airflow/.local/lib/python3.12/site-packages/airflow/example_dags/example_latest_only.py
[2026-06-15T16:07:38.323+0000] {processor.py:840} INFO - DAG(s) 'latest_only' retrieved from /home/airflow/.local/lib/python3.12/site-packages/airflow/example_dags/example_latest_only.py
[2026-06-15T16:07:38.359+0000] {logging_mixin.py:188} INFO - [2026-06-15T16:07:38.358+0000] {dag.py:3096} INFO - Sync 1 DAGs
[2026-06-15T16:07:38.394+0000] {logging_mixin.py:188} INFO - [2026-06-15T16:07:38.393+0000] {dag.py:3954} INFO - Setting next_dagrun for latest_only to 2026-06-15 12:00:00+00:00, run_after=2026-06-15 16:00:00+00:00
[2026-06-15T16:07:38.432+0000] {processor.py:183} INFO - Processing /home/airflow/.local/lib/python3.12/site-packages/airflow/example_dags/example_latest_only.py took 0.129 seconds
[2026-06-15T16:08:09.461+0000] {processor.py:161} INFO - Started process (PID=779) to work on /home/airflow/.local/lib/python3.12/site-packages/airflow/example_dags/example_latest_only.py
[2026-06-15T16:08:09.465+0000] {processor.py:830} INFO - Processing file /home/airflow/.local/lib/python3.12/site-packages/airflow/example_dags/example_latest_only.py for tasks to queue
[2026-06-15T16:08:09.471+0000] {logging_mixin.py:188} INFO - [2026-06-15T16:08:09.470+0000] {dagbag.py:545} INFO - Filling up the DagBag from /home/airflow/.local/lib/python3.12/site-packages/airflow/example_dags/example_latest_only.py
[2026-06-15T16:08:09.489+0000] {processor.py:840} INFO - DAG(s) 'latest_only' retrieved from /home/airflow/.local/lib/python3.12/site-packages/airflow/example_dags/example_latest_only.py
[2026-06-15T16:08:09.558+0000] {logging_mixin.py:188} INFO - [2026-06-15T16:08:09.557+0000] {dag.py:3096} INFO - Sync 1 DAGs
[2026-06-15T16:08:09.630+0000] {logging_mixin.py:188} INFO - [2026-06-15T16:08:09.630+0000] {dag.py:3954} INFO - Setting next_dagrun for latest_only to 2026-06-15 12:00:00+00:00, run_after=2026-06-15 16:00:00+00:00
[2026-06-15T16:08:09.685+0000] {processor.py:183} INFO - Processing /home/airflow/.local/lib/python3.12/site-packages/airflow/example_dags/example_latest_only.py took 0.240 seconds
[2026-06-15T16:08:40.437+0000] {processor.py:161} INFO - Started process (PID=838) to work on /home/airflow/.local/lib/python3.12/site-packages/airflow/example_dags/example_latest_only.py
[2026-06-15T16:08:40.439+0000] {processor.py:830} INFO - Processing file /home/airflow/.local/lib/python3.12/site-packages/airflow/example_dags/example_latest_only.py for tasks to queue
[2026-06-15T16:08:40.443+0000] {logging_mixin.py:188} INFO - [2026-06-15T16:08:40.442+0000] {dagbag.py:545} INFO - Filling up the DagBag from /home/airflow/.local/lib/python3.12/site-packages/airflow/example_dags/example_latest_only.py
[2026-06-15T16:08:40.451+0000] {processor.py:840} INFO - DAG(s) 'latest_only' retrieved from /home/airflow/.local/lib/python3.12/site-packages/airflow/example_dags/example_latest_only.py
[2026-06-15T16:08:40.485+0000] {logging_mixin.py:188} INFO - [2026-06-15T16:08:40.484+0000] {dag.py:3096} INFO - Sync 1 DAGs
[2026-06-15T16:08:40.521+0000] {logging_mixin.py:188} INFO - [2026-06-15T16:08:40.521+0000] {dag.py:3954} INFO - Setting next_dagrun for latest_only to 2026-06-15 12:00:00+00:00, run_after=2026-06-15 16:00:00+00:00
[2026-06-15T16:08:40.555+0000] {processor.py:183} INFO - Processing /home/airflow/.local/lib/python3.12/site-packages/airflow/example_dags/example_latest_only.py took 0.125 seconds
[2026-06-15T16:09:11.436+0000] {processor.py:161} INFO - Started process (PID=897) to work on /home/airflow/.local/lib/python3.12/site-packages/airflow/example_dags/example_latest_only.py
[2026-06-15T16:09:11.441+0000] {processor.py:830} INFO - Processing file /home/airflow/.local/lib/python3.12/site-packages/airflow/example_dags/example_latest_only.py for tasks to queue
[2026-06-15T16:09:11.449+0000] {logging_mixin.py:188} INFO - [2026-06-15T16:09:11.447+0000] {dagbag.py:545} INFO - Filling up the DagBag from /home/airflow/.local/lib/python3.12/site-packages/airflow/example_dags/example_latest_only.py
[2026-06-15T16:09:11.468+0000] {processor.py:840} INFO - DAG(s) 'latest_only' retrieved from /home/airflow/.local/lib/python3.12/site-packages/airflow/example_dags/example_latest_only.py
[2026-06-15T16:09:11.541+0000] {logging_mixin.py:188} INFO - [2026-06-15T16:09:11.541+0000] {dag.py:3096} INFO - Sync 1 DAGs
[2026-06-15T16:09:11.626+0000] {logging_mixin.py:188} INFO - [2026-06-15T16:09:11.625+0000] {dag.py:3954} INFO - Setting next_dagrun for latest_only to 2026-06-15 12:00:00+00:00, run_after=2026-06-15 16:00:00+00:00
[2026-06-15T16:09:11.708+0000] {processor.py:183} INFO - Processing /home/airflow/.local/lib/python3.12/site-packages/airflow/example_dags/example_latest_only.py took 0.297 seconds
[2026-06-15T16:09:42.472+0000] {processor.py:161} INFO - Started process (PID=956) to work on /home/airflow/.local/lib/python3.12/site-packages/airflow/example_dags/example_latest_only.py
[2026-06-15T16:09:42.474+0000] {processor.py:830} INFO - Processing file /home/airflow/.local/lib/python3.12/site-packages/airflow/example_dags/example_latest_only.py for tasks to queue
[2026-06-15T16:09:42.478+0000] {logging_mixin.py:188} INFO - [2026-06-15T16:09:42.477+0000] {dagbag.py:545} INFO - Filling up the DagBag from /home/airflow/.local/lib/python3.12/site-packages/airflow/example_dags/example_latest_only.py
[2026-06-15T16:09:42.486+0000] {processor.py:840} INFO - DAG(s) 'latest_only' retrieved from /home/airflow/.local/lib/python3.12/site-packages/airflow/example_dags/example_latest_only.py
[2026-06-15T16:09:42.531+0000] {logging_mixin.py:188} INFO - [2026-06-15T16:09:42.531+0000] {dag.py:3096} INFO - Sync 1 DAGs
[2026-06-15T16:09:42.572+0000] {logging_mixin.py:188} INFO - [2026-06-15T16:09:42.572+0000] {dag.py:3954} INFO - Setting next_dagrun for latest_only to 2026-06-15 12:00:00+00:00, run_after=2026-06-15 16:00:00+00:00
[2026-06-15T16:09:42.610+0000] {processor.py:183} INFO - Processing /home/airflow/.local/lib/python3.12/site-packages/airflow/example_dags/example_latest_only.py took 0.147 seconds
[2026-06-15T16:10:12.897+0000] {processor.py:161} INFO - Started process (PID=1015) to work on /home/airflow/.local/lib/python3.12/site-packages/airflow/example_dags/example_latest_only.py
[2026-06-15T16:10:12.899+0000] {processor.py:830} INFO - Processing file /home/airflow/.local/lib/python3.12/site-packages/airflow/example_dags/example_latest_only.py for tasks to queue
[2026-06-15T16:10:12.903+0000] {logging_mixin.py:188} INFO - [2026-06-15T16:10:12.902+0000] {dagbag.py:545} INFO - Filling up the DagBag from /home/airflow/.local/lib/python3.12/site-packages/airflow/example_dags/example_latest_only.py
[2026-06-15T16:10:12.910+0000] {processor.py:840} INFO - DAG(s) 'latest_only' retrieved from /home/airflow/.local/lib/python3.12/site-packages/airflow/example_dags/example_latest_only.py
[2026-06-15T16:10:12.969+0000] {logging_mixin.py:188} INFO - [2026-06-15T16:10:12.969+0000] {dag.py:3096} INFO - Sync 1 DAGs
[2026-06-15T16:10:13.027+0000] {logging_mixin.py:188} INFO - [2026-06-15T16:10:13.026+0000] {dag.py:3954} INFO - Setting next_dagrun for latest_only to 2026-06-15 12:00:00+00:00, run_after=2026-06-15 16:00:00+00:00
[2026-06-15T16:10:13.065+0000] {processor.py:183} INFO - Processing /home/airflow/.local/lib/python3.12/site-packages/airflow/example_dags/example_latest_only.py took 0.179 seconds
[2026-06-15T16:10:43.994+0000] {processor.py:161} INFO - Started process (PID=1074) to work on /home/airflow/.local/lib/python3.12/site-packages/airflow/example_dags/example_latest_only.py
[2026-06-15T16:10:43.995+0000] {processor.py:830} INFO - Processing file /home/airflow/.local/lib/python3.12/site-packages/airflow/example_dags/example_latest_only.py for tasks to queue
[2026-06-15T16:10:43.999+0000] {logging_mixin.py:188} INFO - [2026-06-15T16:10:43.998+0000] {dagbag.py:545} INFO - Filling up the DagBag from /home/airflow/.local/lib/python3.12/site-packages/airflow/example_dags/example_latest_only.py
[2026-06-15T16:10:44.008+0000] {processor.py:840} INFO - DAG(s) 'latest_only' retrieved from /home/airflow/.local/lib/python3.12/site-packages/airflow/example_dags/example_latest_only.py
[2026-06-15T16:10:44.046+0000] {logging_mixin.py:188} INFO - [2026-06-15T16:10:44.046+0000] {dag.py:3096} INFO - Sync 1 DAGs
[2026-06-15T16:10:44.080+0000] {logging_mixin.py:188} INFO - [2026-06-15T16:10:44.079+0000] {dag.py:3954} INFO - Setting next_dagrun for latest_only to 2026-06-15 12:00:00+00:00, run_after=2026-06-15 16:00:00+00:00
[2026-06-15T16:10:44.125+0000] {processor.py:183} INFO - Processing /home/airflow/.local/lib/python3.12/site-packages/airflow/example_dags/example_latest_only.py took 0.141 seconds
[2026-06-15T16:11:14.430+0000] {processor.py:161} INFO - Started process (PID=1133) to work on /home/airflow/.local/lib/python3.12/site-packages/airflow/example_dags/example_latest_only.py
[2026-06-15T16:11:14.432+0000] {processor.py:830} INFO - Processing file /home/airflow/.local/lib/python3.12/site-packages/airflow/example_dags/example_latest_only.py for tasks to queue
[2026-06-15T16:11:14.436+0000] {logging_mixin.py:188} INFO - [2026-06-15T16:11:14.435+0000] {dagbag.py:545} INFO - Filling up the DagBag from /home/airflow/.local/lib/python3.12/site-packages/airflow/example_dags/example_latest_only.py
[2026-06-15T16:11:14.445+0000] {processor.py:840} INFO - DAG(s) 'latest_only' retrieved from /home/airflow/.local/lib/python3.12/site-packages/airflow/example_dags/example_latest_only.py
[2026-06-15T16:11:14.486+0000] {logging_mixin.py:188} INFO - [2026-06-15T16:11:14.486+0000] {dag.py:3096} INFO - Sync 1 DAGs
[2026-06-15T16:11:14.528+0000] {logging_mixin.py:188} INFO - [2026-06-15T16:11:14.528+0000] {dag.py:3954} INFO - Setting next_dagrun for latest_only to 2026-06-15 12:00:00+00:00, run_after=2026-06-15 16:00:00+00:00
[2026-06-15T16:11:14.603+0000] {processor.py:183} INFO - Processing /home/airflow/.local/lib/python3.12/site-packages/airflow/example_dags/example_latest_only.py took 0.183 seconds
[2026-06-15T16:11:44.720+0000] {processor.py:161} INFO - Started process (PID=1192) to work on /home/airflow/.local/lib/python3.12/site-packages/airflow/example_dags/example_latest_only.py
[2026-06-15T16:11:44.723+0000] {processor.py:830} INFO - Processing file /home/airflow/.local/lib/python3.12/site-packages/airflow/example_dags/example_latest_only.py for tasks to queue
[2026-06-15T16:11:44.727+0000] {logging_mixin.py:188} INFO - [2026-06-15T16:11:44.726+0000] {dagbag.py:545} INFO - Filling up the DagBag from /home/airflow/.local/lib/python3.12/site-packages/airflow/example_dags/example_latest_only.py
[2026-06-15T16:11:44.738+0000] {processor.py:840} INFO - DAG(s) 'latest_only' retrieved from /home/airflow/.local/lib/python3.12/site-packages/airflow/example_dags/example_latest_only.py
[2026-06-15T16:11:44.790+0000] {logging_mixin.py:188} INFO - [2026-06-15T16:11:44.789+0000] {dag.py:3096} INFO - Sync 1 DAGs
[2026-06-15T16:11:44.833+0000] {logging_mixin.py:188} INFO - [2026-06-15T16:11:44.833+0000] {dag.py:3954} INFO - Setting next_dagrun for latest_only to 2026-06-15 12:00:00+00:00, run_after=2026-06-15 16:00:00+00:00
[2026-06-15T16:11:44.877+0000] {processor.py:183} INFO - Processing /home/airflow/.local/lib/python3.12/site-packages/airflow/example_dags/example_latest_only.py took 0.166 seconds
[2026-06-15T16:12:14.970+0000] {processor.py:161} INFO - Started process (PID=1252) to work on /home/airflow/.local/lib/python3.12/site-packages/airflow/example_dags/example_latest_only.py
[2026-06-15T16:12:14.972+0000] {processor.py:830} INFO - Processing file /home/airflow/.local/lib/python3.12/site-packages/airflow/example_dags/example_latest_only.py for tasks to queue
[2026-06-15T16:12:14.975+0000] {logging_mixin.py:188} INFO - [2026-06-15T16:12:14.975+0000] {dagbag.py:545} INFO - Filling up the DagBag from /home/airflow/.local/lib/python3.12/site-packages/airflow/example_dags/example_latest_only.py
[2026-06-15T16:12:14.984+0000] {processor.py:840} INFO - DAG(s) 'latest_only' retrieved from /home/airflow/.local/lib/python3.12/site-packages/airflow/example_dags/example_latest_only.py
[2026-06-15T16:12:15.021+0000] {logging_mixin.py:188} INFO - [2026-06-15T16:12:15.020+0000] {dag.py:3096} INFO - Sync 1 DAGs
[2026-06-15T16:12:15.058+0000] {logging_mixin.py:188} INFO - [2026-06-15T16:12:15.057+0000] {dag.py:3954} INFO - Setting next_dagrun for latest_only to 2026-06-15 12:00:00+00:00, run_after=2026-06-15 16:00:00+00:00
[2026-06-15T16:12:15.092+0000] {processor.py:183} INFO - Processing /home/airflow/.local/lib/python3.12/site-packages/airflow/example_dags/example_latest_only.py took 0.130 seconds
[2026-06-15T16:12:45.470+0000] {processor.py:161} INFO - Started process (PID=1311) to work on /home/airflow/.local/lib/python3.12/site-packages/airflow/example_dags/example_latest_only.py
[2026-06-15T16:12:45.471+0000] {processor.py:830} INFO - Processing file /home/airflow/.local/lib/python3.12/site-packages/airflow/example_dags/example_latest_only.py for tasks to queue
[2026-06-15T16:12:45.475+0000] {logging_mixin.py:188} INFO - [2026-06-15T16:12:45.474+0000] {dagbag.py:545} INFO - Filling up the DagBag from /home/airflow/.local/lib/python3.12/site-packages/airflow/example_dags/example_latest_only.py
[2026-06-15T16:12:45.484+0000] {processor.py:840} INFO - DAG(s) 'latest_only' retrieved from /home/airflow/.local/lib/python3.12/site-packages/airflow/example_dags/example_latest_only.py
[2026-06-15T16:12:45.521+0000] {logging_mixin.py:188} INFO - [2026-06-15T16:12:45.521+0000] {dag.py:3096} INFO - Sync 1 DAGs
[2026-06-15T16:12:45.562+0000] {logging_mixin.py:188} INFO - [2026-06-15T16:12:45.562+0000] {dag.py:3954} INFO - Setting next_dagrun for latest_only to 2026-06-15 12:00:00+00:00, run_after=2026-06-15 16:00:00+00:00
[2026-06-15T16:12:45.602+0000] {processor.py:183} INFO - Processing /home/airflow/.local/lib/python3.12/site-packages/airflow/example_dags/example_latest_only.py took 0.140 seconds
[2026-06-15T16:13:16.346+0000] {processor.py:161} INFO - Started process (PID=1370) to work on /home/airflow/.local/lib/python3.12/site-packages/airflow/example_dags/example_latest_only.py
[2026-06-15T16:13:16.348+0000] {processor.py:830} INFO - Processing file /home/airflow/.local/lib/python3.12/site-packages/airflow/example_dags/example_latest_only.py for tasks to queue
[2026-06-15T16:13:16.352+0000] {logging_mixin.py:188} INFO - [2026-06-15T16:13:16.351+0000] {dagbag.py:545} INFO - Filling up the DagBag from /home/airflow/.local/lib/python3.12/site-packages/airflow/example_dags/example_latest_only.py
[2026-06-15T16:13:16.359+0000] {processor.py:840} INFO - DAG(s) 'latest_only' retrieved from /home/airflow/.local/lib/python3.12/site-packages/airflow/example_dags/example_latest_only.py
[2026-06-15T16:13:16.395+0000] {logging_mixin.py:188} INFO - [2026-06-15T16:13:16.394+0000] {dag.py:3096} INFO - Sync 1 DAGs
[2026-06-15T16:13:16.429+0000] {logging_mixin.py:188} INFO - [2026-06-15T16:13:16.429+0000] {dag.py:3954} INFO - Setting next_dagrun for latest_only to 2026-06-15 12:00:00+00:00, run_after=2026-06-15 16:00:00+00:00
[2026-06-15T16:13:16.468+0000] {processor.py:183} INFO - Processing /home/airflow/.local/lib/python3.12/site-packages/airflow/example_dags/example_latest_only.py took 0.130 seconds
[2026-06-15T16:13:47.030+0000] {processor.py:161} INFO - Started process (PID=1429) to work on /home/airflow/.local/lib/python3.12/site-packages/airflow/example_dags/example_latest_only.py
[2026-06-15T16:13:47.032+0000] {processor.py:830} INFO - Processing file /home/airflow/.local/lib/python3.12/site-packages/airflow/example_dags/example_latest_only.py for tasks to queue
[2026-06-15T16:13:47.036+0000] {logging_mixin.py:188} INFO - [2026-06-15T16:13:47.035+0000] {dagbag.py:545} INFO - Filling up the DagBag from /home/airflow/.local/lib/python3.12/site-packages/airflow/example_dags/example_latest_only.py
[2026-06-15T16:13:47.046+0000] {processor.py:840} INFO - DAG(s) 'latest_only' retrieved from /home/airflow/.local/lib/python3.12/site-packages/airflow/example_dags/example_latest_only.py
[2026-06-15T16:13:47.091+0000] {logging_mixin.py:188} INFO - [2026-06-15T16:13:47.091+0000] {dag.py:3096} INFO - Sync 1 DAGs
[2026-06-15T16:13:47.133+0000] {logging_mixin.py:188} INFO - [2026-06-15T16:13:47.133+0000] {dag.py:3954} INFO - Setting next_dagrun for latest_only to 2026-06-15 12:00:00+00:00, run_after=2026-06-15 16:00:00+00:00
[2026-06-15T16:13:47.422+0000] {processor.py:183} INFO - Processing /home/airflow/.local/lib/python3.12/site-packages/airflow/example_dags/example_latest_only.py took 0.406 seconds
[2026-06-15T16:14:17.949+0000] {processor.py:161} INFO - Started process (PID=1488) to work on /home/airflow/.local/lib/python3.12/site-packages/airflow/example_dags/example_latest_only.py
[2026-06-15T16:14:17.951+0000] {processor.py:830} INFO - Processing file /home/airflow/.local/lib/python3.12/site-packages/airflow/example_dags/example_latest_only.py for tasks to queue
[2026-06-15T16:14:17.954+0000] {logging_mixin.py:188} INFO - [2026-06-15T16:14:17.954+0000] {dagbag.py:545} INFO - Filling up the DagBag from /home/airflow/.local/lib/python3.12/site-packages/airflow/example_dags/example_latest_only.py
[2026-06-15T16:14:17.963+0000] {processor.py:840} INFO - DAG(s) 'latest_only' retrieved from /home/airflow/.local/lib/python3.12/site-packages/airflow/example_dags/example_latest_only.py
[2026-06-15T16:14:18.000+0000] {logging_mixin.py:188} INFO - [2026-06-15T16:14:18.000+0000] {dag.py:3096} INFO - Sync 1 DAGs
[2026-06-15T16:14:18.036+0000] {logging_mixin.py:188} INFO - [2026-06-15T16:14:18.035+0000] {dag.py:3954} INFO - Setting next_dagrun for latest_only to 2026-06-15 12:00:00+00:00, run_after=2026-06-15 16:00:00+00:00
[2026-06-15T16:14:18.080+0000] {processor.py:183} INFO - Processing /home/airflow/.local/lib/python3.12/site-packages/airflow/example_dags/example_latest_only.py took 0.139 seconds
[2026-06-15T16:14:48.779+0000] {processor.py:161} INFO - Started process (PID=1547) to work on /home/airflow/.local/lib/python3.12/site-packages/airflow/example_dags/example_latest_only.py
[2026-06-15T16:14:48.783+0000] {processor.py:830} INFO - Processing file /home/airflow/.local/lib/python3.12/site-packages/airflow/example_dags/example_latest_only.py for tasks to queue
[2026-06-15T16:14:48.787+0000] {logging_mixin.py:188} INFO - [2026-06-15T16:14:48.786+0000] {dagbag.py:545} INFO - Filling up the DagBag from /home/airflow/.local/lib/python3.12/site-packages/airflow/example_dags/example_latest_only.py
[2026-06-15T16:14:48.798+0000] {processor.py:840} INFO - DAG(s) 'latest_only' retrieved from /home/airflow/.local/lib/python3.12/site-packages/airflow/example_dags/example_latest_only.py
[2026-06-15T16:14:48.834+0000] {logging_mixin.py:188} INFO - [2026-06-15T16:14:48.834+0000] {dag.py:3096} INFO - Sync 1 DAGs
[2026-06-15T16:14:48.871+0000] {logging_mixin.py:188} INFO - [2026-06-15T16:14:48.870+0000] {dag.py:3954} INFO - Setting next_dagrun for latest_only to 2026-06-15 12:00:00+00:00, run_after=2026-06-15 16:00:00+00:00
[2026-06-15T16:14:48.904+0000] {processor.py:183} INFO - Processing /home/airflow/.local/lib/python3.12/site-packages/airflow/example_dags/example_latest_only.py took 0.135 seconds
[2026-06-15T16:15:19.388+0000] {processor.py:161} INFO - Started process (PID=1606) to work on /home/airflow/.local/lib/python3.12/site-packages/airflow/example_dags/example_latest_only.py
[2026-06-15T16:15:19.391+0000] {processor.py:830} INFO - Processing file /home/airflow/.local/lib/python3.12/site-packages/airflow/example_dags/example_latest_only.py for tasks to queue
[2026-06-15T16:15:19.394+0000] {logging_mixin.py:188} INFO - [2026-06-15T16:15:19.393+0000] {dagbag.py:545} INFO - Filling up the DagBag from /home/airflow/.local/lib/python3.12/site-packages/airflow/example_dags/example_latest_only.py
[2026-06-15T16:15:19.401+0000] {processor.py:840} INFO - DAG(s) 'latest_only' retrieved from /home/airflow/.local/lib/python3.12/site-packages/airflow/example_dags/example_latest_only.py
[2026-06-15T16:15:19.432+0000] {logging_mixin.py:188} INFO - [2026-06-15T16:15:19.431+0000] {dag.py:3096} INFO - Sync 1 DAGs
[2026-06-15T16:15:19.465+0000] {logging_mixin.py:188} INFO - [2026-06-15T16:15:19.465+0000] {dag.py:3954} INFO - Setting next_dagrun for latest_only to 2026-06-15 12:00:00+00:00, run_after=2026-06-15 16:00:00+00:00
[2026-06-15T16:15:19.495+0000] {processor.py:183} INFO - Processing /home/airflow/.local/lib/python3.12/site-packages/airflow/example_dags/example_latest_only.py took 0.116 seconds
[2026-06-15T16:15:49.631+0000] {processor.py:161} INFO - Started process (PID=1665) to work on /home/airflow/.local/lib/python3.12/site-packages/airflow/example_dags/example_latest_only.py
[2026-06-15T16:15:49.632+0000] {processor.py:830} INFO - Processing file /home/airflow/.local/lib/python3.12/site-packages/airflow/example_dags/example_latest_only.py for tasks to queue
[2026-06-15T16:15:49.639+0000] {logging_mixin.py:188} INFO - [2026-06-15T16:15:49.638+0000] {dagbag.py:545} INFO - Filling up the DagBag from /home/airflow/.local/lib/python3.12/site-packages/airflow/example_dags/example_latest_only.py
[2026-06-15T16:15:49.646+0000] {processor.py:840} INFO - DAG(s) 'latest_only' retrieved from /home/airflow/.local/lib/python3.12/site-packages/airflow/example_dags/example_latest_only.py
[2026-06-15T16:15:49.911+0000] {logging_mixin.py:188} INFO - [2026-06-15T16:15:49.910+0000] {dag.py:3096} INFO - Sync 1 DAGs
[2026-06-15T16:15:49.940+0000] {logging_mixin.py:188} INFO - [2026-06-15T16:15:49.940+0000] {dag.py:3954} INFO - Setting next_dagrun for latest_only to 2026-06-15 12:00:00+00:00, run_after=2026-06-15 16:00:00+00:00
[2026-06-15T16:15:49.971+0000] {processor.py:183} INFO - Processing /home/airflow/.local/lib/python3.12/site-packages/airflow/example_dags/example_latest_only.py took 0.350 seconds
[2026-06-15T16:16:20.368+0000] {processor.py:161} INFO - Started process (PID=1725) to work on /home/airflow/.local/lib/python3.12/site-packages/airflow/example_dags/example_latest_only.py
[2026-06-15T16:16:20.371+0000] {processor.py:830} INFO - Processing file /home/airflow/.local/lib/python3.12/site-packages/airflow/example_dags/example_latest_only.py for tasks to queue
[2026-06-15T16:16:20.375+0000] {logging_mixin.py:188} INFO - [2026-06-15T16:16:20.374+0000] {dagbag.py:545} INFO - Filling up the DagBag from /home/airflow/.local/lib/python3.12/site-packages/airflow/example_dags/example_latest_only.py
[2026-06-15T16:16:20.382+0000] {processor.py:840} INFO - DAG(s) 'latest_only' retrieved from /home/airflow/.local/lib/python3.12/site-packages/airflow/example_dags/example_latest_only.py
[2026-06-15T16:16:20.419+0000] {logging_mixin.py:188} INFO - [2026-06-15T16:16:20.419+0000] {dag.py:3096} INFO - Sync 1 DAGs
[2026-06-15T16:16:20.453+0000] {logging_mixin.py:188} INFO - [2026-06-15T16:16:20.453+0000] {dag.py:3954} INFO - Setting next_dagrun for latest_only to 2026-06-15 12:00:00+00:00, run_after=2026-06-15 16:00:00+00:00
[2026-06-15T16:16:20.486+0000] {processor.py:183} INFO - Processing /home/airflow/.local/lib/python3.12/site-packages/airflow/example_dags/example_latest_only.py took 0.128 seconds
[2026-06-15T16:16:50.857+0000] {processor.py:161} INFO - Started process (PID=1784) to work on /home/airflow/.local/lib/python3.12/site-packages/airflow/example_dags/example_latest_only.py
[2026-06-15T16:16:50.859+0000] {processor.py:830} INFO - Processing file /home/airflow/.local/lib/python3.12/site-packages/airflow/example_dags/example_latest_only.py for tasks to queue
[2026-06-15T16:16:50.862+0000] {logging_mixin.py:188} INFO - [2026-06-15T16:16:50.862+0000] {dagbag.py:545} INFO - Filling up the DagBag from /home/airflow/.local/lib/python3.12/site-packages/airflow/example_dags/example_latest_only.py
[2026-06-15T16:16:50.869+0000] {processor.py:840} INFO - DAG(s) 'latest_only' retrieved from /home/airflow/.local/lib/python3.12/site-packages/airflow/example_dags/example_latest_only.py
[2026-06-15T16:16:50.903+0000] {logging_mixin.py:188} INFO - [2026-06-15T16:16:50.902+0000] {dag.py:3096} INFO - Sync 1 DAGs
[2026-06-15T16:16:50.937+0000] {logging_mixin.py:188} INFO - [2026-06-15T16:16:50.937+0000] {dag.py:3954} INFO - Setting next_dagrun for latest_only to 2026-06-15 12:00:00+00:00, run_after=2026-06-15 16:00:00+00:00
[2026-06-15T16:16:50.971+0000] {processor.py:183} INFO - Processing /home/airflow/.local/lib/python3.12/site-packages/airflow/example_dags/example_latest_only.py took 0.122 seconds
[2026-06-15T16:17:21.662+0000] {processor.py:161} INFO - Started process (PID=1844) to work on /home/airflow/.local/lib/python3.12/site-packages/airflow/example_dags/example_latest_only.py
[2026-06-15T16:17:21.663+0000] {processor.py:830} INFO - Processing file /home/airflow/.local/lib/python3.12/site-packages/airflow/example_dags/example_latest_only.py for tasks to queue
[2026-06-15T16:17:21.667+0000] {logging_mixin.py:188} INFO - [2026-06-15T16:17:21.666+0000] {dagbag.py:545} INFO - Filling up the DagBag from /home/airflow/.local/lib/python3.12/site-packages/airflow/example_dags/example_latest_only.py
[2026-06-15T16:17:21.674+0000] {processor.py:840} INFO - DAG(s) 'latest_only' retrieved from /home/airflow/.local/lib/python3.12/site-packages/airflow/example_dags/example_latest_only.py
[2026-06-15T16:17:21.709+0000] {logging_mixin.py:188} INFO - [2026-06-15T16:17:21.709+0000] {dag.py:3096} INFO - Sync 1 DAGs
[2026-06-15T16:17:21.748+0000] {logging_mixin.py:188} INFO - [2026-06-15T16:17:21.748+0000] {dag.py:3954} INFO - Setting next_dagrun for latest_only to 2026-06-15 12:00:00+00:00, run_after=2026-06-15 16:00:00+00:00
[2026-06-15T16:17:21.782+0000] {processor.py:183} INFO - Processing /home/airflow/.local/lib/python3.12/site-packages/airflow/example_dags/example_latest_only.py took 0.131 seconds
[2026-06-15T16:17:52.133+0000] {processor.py:161} INFO - Started process (PID=1903) to work on /home/airflow/.local/lib/python3.12/site-packages/airflow/example_dags/example_latest_only.py
[2026-06-15T16:17:52.135+0000] {processor.py:830} INFO - Processing file /home/airflow/.local/lib/python3.12/site-packages/airflow/example_dags/example_latest_only.py for tasks to queue
[2026-06-15T16:17:52.139+0000] {logging_mixin.py:188} INFO - [2026-06-15T16:17:52.138+0000] {dagbag.py:545} INFO - Filling up the DagBag from /home/airflow/.local/lib/python3.12/site-packages/airflow/example_dags/example_latest_only.py
[2026-06-15T16:17:52.145+0000] {processor.py:840} INFO - DAG(s) 'latest_only' retrieved from /home/airflow/.local/lib/python3.12/site-packages/airflow/example_dags/example_latest_only.py
[2026-06-15T16:17:52.179+0000] {logging_mixin.py:188} INFO - [2026-06-15T16:17:52.179+0000] {dag.py:3096} INFO - Sync 1 DAGs
[2026-06-15T16:17:52.217+0000] {logging_mixin.py:188} INFO - [2026-06-15T16:17:52.216+0000] {dag.py:3954} INFO - Setting next_dagrun for latest_only to 2026-06-15 12:00:00+00:00, run_after=2026-06-15 16:00:00+00:00
[2026-06-15T16:17:52.263+0000] {processor.py:183} INFO - Processing /home/airflow/.local/lib/python3.12/site-packages/airflow/example_dags/example_latest_only.py took 0.139 seconds
[2026-06-15T16:18:22.601+0000] {processor.py:161} INFO - Started process (PID=1962) to work on /home/airflow/.local/lib/python3.12/site-packages/airflow/example_dags/example_latest_only.py
[2026-06-15T16:18:22.603+0000] {processor.py:830} INFO - Processing file /home/airflow/.local/lib/python3.12/site-packages/airflow/example_dags/example_latest_only.py for tasks to queue
[2026-06-15T16:18:22.606+0000] {logging_mixin.py:188} INFO - [2026-06-15T16:18:22.605+0000] {dagbag.py:545} INFO - Filling up the DagBag from /home/airflow/.local/lib/python3.12/site-packages/airflow/example_dags/example_latest_only.py
[2026-06-15T16:18:22.614+0000] {processor.py:840} INFO - DAG(s) 'latest_only' retrieved from /home/airflow/.local/lib/python3.12/site-packages/airflow/example_dags/example_latest_only.py
[2026-06-15T16:18:22.652+0000] {logging_mixin.py:188} INFO - [2026-06-15T16:18:22.652+0000] {dag.py:3096} INFO - Sync 1 DAGs
[2026-06-15T16:18:22.693+0000] {logging_mixin.py:188} INFO - [2026-06-15T16:18:22.692+0000] {dag.py:3954} INFO - Setting next_dagrun for latest_only to 2026-06-15 12:00:00+00:00, run_after=2026-06-15 16:00:00+00:00
[2026-06-15T16:18:22.732+0000] {processor.py:183} INFO - Processing /home/airflow/.local/lib/python3.12/site-packages/airflow/example_dags/example_latest_only.py took 0.139 seconds
[2026-06-15T16:18:53.534+0000] {processor.py:161} INFO - Started process (PID=2021) to work on /home/airflow/.local/lib/python3.12/site-packages/airflow/example_dags/example_latest_only.py
[2026-06-15T16:18:53.536+0000] {processor.py:830} INFO - Processing file /home/airflow/.local/lib/python3.12/site-packages/airflow/example_dags/example_latest_only.py for tasks to queue
[2026-06-15T16:18:53.540+0000] {logging_mixin.py:188} INFO - [2026-06-15T16:18:53.539+0000] {dagbag.py:545} INFO - Filling up the DagBag from /home/airflow/.local/lib/python3.12/site-packages/airflow/example_dags/example_latest_only.py
[2026-06-15T16:18:53.550+0000] {processor.py:840} INFO - DAG(s) 'latest_only' retrieved from /home/airflow/.local/lib/python3.12/site-packages/airflow/example_dags/example_latest_only.py
[2026-06-15T16:18:53.589+0000] {logging_mixin.py:188} INFO - [2026-06-15T16:18:53.588+0000] {dag.py:3096} INFO - Sync 1 DAGs
[2026-06-15T16:18:53.629+0000] {logging_mixin.py:188} INFO - [2026-06-15T16:18:53.629+0000] {dag.py:3954} INFO - Setting next_dagrun for latest_only to 2026-06-15 12:00:00+00:00, run_after=2026-06-15 16:00:00+00:00
[2026-06-15T16:18:53.672+0000] {processor.py:183} INFO - Processing /home/airflow/.local/lib/python3.12/site-packages/airflow/example_dags/example_latest_only.py took 0.149 seconds
[2026-06-15T16:19:24.109+0000] {processor.py:161} INFO - Started process (PID=2080) to work on /home/airflow/.local/lib/python3.12/site-packages/airflow/example_dags/example_latest_only.py
[2026-06-15T16:19:24.111+0000] {processor.py:830} INFO - Processing file /home/airflow/.local/lib/python3.12/site-packages/airflow/example_dags/example_latest_only.py for tasks to queue
[2026-06-15T16:19:24.115+0000] {logging_mixin.py:188} INFO - [2026-06-15T16:19:24.114+0000] {dagbag.py:545} INFO - Filling up the DagBag from /home/airflow/.local/lib/python3.12/site-packages/airflow/example_dags/example_latest_only.py
[2026-06-15T16:19:24.122+0000] {processor.py:840} INFO - DAG(s) 'latest_only' retrieved from /home/airflow/.local/lib/python3.12/site-packages/airflow/example_dags/example_latest_only.py
[2026-06-15T16:19:24.155+0000] {logging_mixin.py:188} INFO - [2026-06-15T16:19:24.155+0000] {dag.py:3096} INFO - Sync 1 DAGs
[2026-06-15T16:19:24.189+0000] {logging_mixin.py:188} INFO - [2026-06-15T16:19:24.189+0000] {dag.py:3954} INFO - Setting next_dagrun for latest_only to 2026-06-15 12:00:00+00:00, run_after=2026-06-15 16:00:00+00:00
[2026-06-15T16:19:24.220+0000] {processor.py:183} INFO - Processing /home/airflow/.local/lib/python3.12/site-packages/airflow/example_dags/example_latest_only.py took 0.119 seconds
[2026-06-15T16:19:54.391+0000] {processor.py:161} INFO - Started process (PID=2139) to work on /home/airflow/.local/lib/python3.12/site-packages/airflow/example_dags/example_latest_only.py
[2026-06-15T16:19:54.393+0000] {processor.py:830} INFO - Processing file /home/airflow/.local/lib/python3.12/site-packages/airflow/example_dags/example_latest_only.py for tasks to queue
[2026-06-15T16:19:54.396+0000] {logging_mixin.py:188} INFO - [2026-06-15T16:19:54.396+0000] {dagbag.py:545} INFO - Filling up the DagBag from /home/airflow/.local/lib/python3.12/site-packages/airflow/example_dags/example_latest_only.py
[2026-06-15T16:19:54.404+0000] {processor.py:840} INFO - DAG(s) 'latest_only' retrieved from /home/airflow/.local/lib/python3.12/site-packages/airflow/example_dags/example_latest_only.py
[2026-06-15T16:19:54.441+0000] {logging_mixin.py:188} INFO - [2026-06-15T16:19:54.440+0000] {dag.py:3096} INFO - Sync 1 DAGs
[2026-06-15T16:19:54.475+0000] {logging_mixin.py:188} INFO - [2026-06-15T16:19:54.475+0000] {dag.py:3954} INFO - Setting next_dagrun for latest_only to 2026-06-15 12:00:00+00:00, run_after=2026-06-15 16:00:00+00:00
[2026-06-15T16:19:54.511+0000] {processor.py:183} INFO - Processing /home/airflow/.local/lib/python3.12/site-packages/airflow/example_dags/example_latest_only.py took 0.128 seconds
[2026-06-15T16:20:24.957+0000] {processor.py:161} INFO - Started process (PID=2198) to work on /home/airflow/.local/lib/python3.12/site-packages/airflow/example_dags/example_latest_only.py
[2026-06-15T16:20:24.959+0000] {processor.py:830} INFO - Processing file /home/airflow/.local/lib/python3.12/site-packages/airflow/example_dags/example_latest_only.py for tasks to queue
[2026-06-15T16:20:24.962+0000] {logging_mixin.py:188} INFO - [2026-06-15T16:20:24.962+0000] {dagbag.py:545} INFO - Filling up the DagBag from /home/airflow/.local/lib/python3.12/site-packages/airflow/example_dags/example_latest_only.py
[2026-06-15T16:20:24.969+0000] {processor.py:840} INFO - DAG(s) 'latest_only' retrieved from /home/airflow/.local/lib/python3.12/site-packages/airflow/example_dags/example_latest_only.py
[2026-06-15T16:20:25.002+0000] {logging_mixin.py:188} INFO - [2026-06-15T16:20:25.001+0000] {dag.py:3096} INFO - Sync 1 DAGs
[2026-06-15T16:20:25.033+0000] {logging_mixin.py:188} INFO - [2026-06-15T16:20:25.033+0000] {dag.py:3954} INFO - Setting next_dagrun for latest_only to 2026-06-15 12:00:00+00:00, run_after=2026-06-15 16:00:00+00:00
[2026-06-15T16:20:25.065+0000] {processor.py:183} INFO - Processing /home/airflow/.local/lib/python3.12/site-packages/airflow/example_dags/example_latest_only.py took 0.116 seconds
[2026-06-15T16:45:28.642+0000] {processor.py:161} INFO - Started process (PID=2256) to work on /home/airflow/.local/lib/python3.12/site-packages/airflow/example_dags/example_latest_only.py
[2026-06-15T16:45:28.645+0000] {processor.py:830} INFO - Processing file /home/airflow/.local/lib/python3.12/site-packages/airflow/example_dags/example_latest_only.py for tasks to queue
[2026-06-15T16:45:28.650+0000] {logging_mixin.py:188} INFO - [2026-06-15T16:45:28.649+0000] {dagbag.py:545} INFO - Filling up the DagBag from /home/airflow/.local/lib/python3.12/site-packages/airflow/example_dags/example_latest_only.py
[2026-06-15T16:45:28.665+0000] {processor.py:840} INFO - DAG(s) 'latest_only' retrieved from /home/airflow/.local/lib/python3.12/site-packages/airflow/example_dags/example_latest_only.py
[2026-06-15T16:45:28.723+0000] {logging_mixin.py:188} INFO - [2026-06-15T16:45:28.722+0000] {dag.py:3096} INFO - Sync 1 DAGs
[2026-06-15T16:45:28.777+0000] {logging_mixin.py:188} INFO - [2026-06-15T16:45:28.777+0000] {dag.py:3954} INFO - Setting next_dagrun for latest_only to 2026-06-15 12:00:00+00:00, run_after=2026-06-15 16:00:00+00:00
[2026-06-15T16:45:28.821+0000] {processor.py:183} INFO - Processing /home/airflow/.local/lib/python3.12/site-packages/airflow/example_dags/example_latest_only.py took 0.197 seconds
[2026-06-15T16:45:59.061+0000] {processor.py:161} INFO - Started process (PID=2315) to work on /home/airflow/.local/lib/python3.12/site-packages/airflow/example_dags/example_latest_only.py
[2026-06-15T16:45:59.063+0000] {processor.py:830} INFO - Processing file /home/airflow/.local/lib/python3.12/site-packages/airflow/example_dags/example_latest_only.py for tasks to queue
[2026-06-15T16:45:59.066+0000] {logging_mixin.py:188} INFO - [2026-06-15T16:45:59.066+0000] {dagbag.py:545} INFO - Filling up the DagBag from /home/airflow/.local/lib/python3.12/site-packages/airflow/example_dags/example_latest_only.py
[2026-06-15T16:45:59.074+0000] {processor.py:840} INFO - DAG(s) 'latest_only' retrieved from /home/airflow/.local/lib/python3.12/site-packages/airflow/example_dags/example_latest_only.py
[2026-06-15T16:45:59.114+0000] {logging_mixin.py:188} INFO - [2026-06-15T16:45:59.114+0000] {dag.py:3096} INFO - Sync 1 DAGs
[2026-06-15T16:45:59.155+0000] {logging_mixin.py:188} INFO - [2026-06-15T16:45:59.155+0000] {dag.py:3954} INFO - Setting next_dagrun for latest_only to 2026-06-15 12:00:00+00:00, run_after=2026-06-15 16:00:00+00:00
[2026-06-15T16:45:59.198+0000] {processor.py:183} INFO - Processing /home/airflow/.local/lib/python3.12/site-packages/airflow/example_dags/example_latest_only.py took 0.145 seconds
[2026-06-15T16:46:29.662+0000] {processor.py:161} INFO - Started process (PID=2374) to work on /home/airflow/.local/lib/python3.12/site-packages/airflow/example_dags/example_latest_only.py
[2026-06-15T16:46:29.664+0000] {processor.py:830} INFO - Processing file /home/airflow/.local/lib/python3.12/site-packages/airflow/example_dags/example_latest_only.py for tasks to queue
[2026-06-15T16:46:29.668+0000] {logging_mixin.py:188} INFO - [2026-06-15T16:46:29.667+0000] {dagbag.py:545} INFO - Filling up the DagBag from /home/airflow/.local/lib/python3.12/site-packages/airflow/example_dags/example_latest_only.py
[2026-06-15T16:46:29.677+0000] {processor.py:840} INFO - DAG(s) 'latest_only' retrieved from /home/airflow/.local/lib/python3.12/site-packages/airflow/example_dags/example_latest_only.py
[2026-06-15T16:46:29.713+0000] {logging_mixin.py:188} INFO - [2026-06-15T16:46:29.713+0000] {dag.py:3096} INFO - Sync 1 DAGs
[2026-06-15T16:46:29.754+0000] {logging_mixin.py:188} INFO - [2026-06-15T16:46:29.754+0000] {dag.py:3954} INFO - Setting next_dagrun for latest_only to 2026-06-15 12:00:00+00:00, run_after=2026-06-15 16:00:00+00:00
[2026-06-15T16:46:29.789+0000] {processor.py:183} INFO - Processing /home/airflow/.local/lib/python3.12/site-packages/airflow/example_dags/example_latest_only.py took 0.136 seconds
