[2026-06-15T15:53:02.240+0000] {processor.py:161} INFO - Started process (PID=88) to work on /home/airflow/.local/lib/python3.12/site-packages/airflow/example_dags/example_bash_decorator.py
[2026-06-15T15:53:02.243+0000] {processor.py:830} INFO - Processing file /home/airflow/.local/lib/python3.12/site-packages/airflow/example_dags/example_bash_decorator.py for tasks to queue
[2026-06-15T15:53:02.248+0000] {logging_mixin.py:188} INFO - [2026-06-15T15:53:02.247+0000] {dagbag.py:545} INFO - Filling up the DagBag from /home/airflow/.local/lib/python3.12/site-packages/airflow/example_dags/example_bash_decorator.py
[2026-06-15T15:53:02.281+0000] {processor.py:840} INFO - DAG(s) 'example_bash_decorator' retrieved from /home/airflow/.local/lib/python3.12/site-packages/airflow/example_dags/example_bash_decorator.py
[2026-06-15T15:53:02.612+0000] {logging_mixin.py:188} INFO - [2026-06-15T15:53:02.612+0000] {dag.py:3096} INFO - Sync 1 DAGs
[2026-06-15T15:53:02.639+0000] {logging_mixin.py:188} INFO - [2026-06-15T15:53:02.638+0000] {dag.py:3954} INFO - Setting next_dagrun for example_bash_decorator to None, run_after=None
[2026-06-15T15:53:02.687+0000] {processor.py:183} INFO - Processing /home/airflow/.local/lib/python3.12/site-packages/airflow/example_dags/example_bash_decorator.py took 0.460 seconds
[2026-06-15T15:57:14.502+0000] {processor.py:161} INFO - Started process (PID=76) to work on /home/airflow/.local/lib/python3.12/site-packages/airflow/example_dags/example_bash_decorator.py
[2026-06-15T15:57:14.504+0000] {processor.py:830} INFO - Processing file /home/airflow/.local/lib/python3.12/site-packages/airflow/example_dags/example_bash_decorator.py for tasks to queue
[2026-06-15T15:57:14.508+0000] {logging_mixin.py:188} INFO - [2026-06-15T15:57:14.507+0000] {dagbag.py:545} INFO - Filling up the DagBag from /home/airflow/.local/lib/python3.12/site-packages/airflow/example_dags/example_bash_decorator.py
[2026-06-15T15:57:14.532+0000] {processor.py:840} INFO - DAG(s) 'example_bash_decorator' retrieved from /home/airflow/.local/lib/python3.12/site-packages/airflow/example_dags/example_bash_decorator.py
[2026-06-15T15:57:14.755+0000] {logging_mixin.py:188} INFO - [2026-06-15T15:57:14.754+0000] {dag.py:3096} INFO - Sync 1 DAGs
[2026-06-15T15:57:14.783+0000] {logging_mixin.py:188} INFO - [2026-06-15T15:57:14.782+0000] {dag.py:3954} INFO - Setting next_dagrun for example_bash_decorator to None, run_after=None
[2026-06-15T15:57:14.832+0000] {processor.py:183} INFO - Processing /home/airflow/.local/lib/python3.12/site-packages/airflow/example_dags/example_bash_decorator.py took 0.340 seconds
[2026-06-15T15:57:44.964+0000] {processor.py:161} INFO - Started process (PID=135) to work on /home/airflow/.local/lib/python3.12/site-packages/airflow/example_dags/example_bash_decorator.py
[2026-06-15T15:57:44.966+0000] {processor.py:830} INFO - Processing file /home/airflow/.local/lib/python3.12/site-packages/airflow/example_dags/example_bash_decorator.py for tasks to queue
[2026-06-15T15:57:44.971+0000] {logging_mixin.py:188} INFO - [2026-06-15T15:57:44.970+0000] {dagbag.py:545} INFO - Filling up the DagBag from /home/airflow/.local/lib/python3.12/site-packages/airflow/example_dags/example_bash_decorator.py
[2026-06-15T15:57:44.994+0000] {processor.py:840} INFO - DAG(s) 'example_bash_decorator' retrieved from /home/airflow/.local/lib/python3.12/site-packages/airflow/example_dags/example_bash_decorator.py
[2026-06-15T15:57:45.038+0000] {logging_mixin.py:188} INFO - [2026-06-15T15:57:45.038+0000] {dag.py:3096} INFO - Sync 1 DAGs
[2026-06-15T15:57:45.060+0000] {logging_mixin.py:188} INFO - [2026-06-15T15:57:45.060+0000] {dag.py:3954} INFO - Setting next_dagrun for example_bash_decorator to None, run_after=None
[2026-06-15T15:57:45.101+0000] {processor.py:183} INFO - Processing /home/airflow/.local/lib/python3.12/site-packages/airflow/example_dags/example_bash_decorator.py took 0.146 seconds
[2026-06-15T15:58:15.359+0000] {processor.py:161} INFO - Started process (PID=208) to work on /home/airflow/.local/lib/python3.12/site-packages/airflow/example_dags/example_bash_decorator.py
[2026-06-15T15:58:15.362+0000] {processor.py:830} INFO - Processing file /home/airflow/.local/lib/python3.12/site-packages/airflow/example_dags/example_bash_decorator.py for tasks to queue
[2026-06-15T15:58:15.368+0000] {logging_mixin.py:188} INFO - [2026-06-15T15:58:15.367+0000] {dagbag.py:545} INFO - Filling up the DagBag from /home/airflow/.local/lib/python3.12/site-packages/airflow/example_dags/example_bash_decorator.py
[2026-06-15T15:58:15.399+0000] {processor.py:840} INFO - DAG(s) 'example_bash_decorator' retrieved from /home/airflow/.local/lib/python3.12/site-packages/airflow/example_dags/example_bash_decorator.py
[2026-06-15T15:58:15.446+0000] {logging_mixin.py:188} INFO - [2026-06-15T15:58:15.446+0000] {dag.py:3096} INFO - Sync 1 DAGs
[2026-06-15T15:58:15.474+0000] {logging_mixin.py:188} INFO - [2026-06-15T15:58:15.473+0000] {dag.py:3954} INFO - Setting next_dagrun for example_bash_decorator to None, run_after=None
[2026-06-15T15:58:15.511+0000] {processor.py:183} INFO - Processing /home/airflow/.local/lib/python3.12/site-packages/airflow/example_dags/example_bash_decorator.py took 0.163 seconds
[2026-06-15T15:58:46.112+0000] {processor.py:161} INFO - Started process (PID=268) to work on /home/airflow/.local/lib/python3.12/site-packages/airflow/example_dags/example_bash_decorator.py
[2026-06-15T15:58:46.115+0000] {processor.py:830} INFO - Processing file /home/airflow/.local/lib/python3.12/site-packages/airflow/example_dags/example_bash_decorator.py for tasks to queue
[2026-06-15T15:58:46.120+0000] {logging_mixin.py:188} INFO - [2026-06-15T15:58:46.119+0000] {dagbag.py:545} INFO - Filling up the DagBag from /home/airflow/.local/lib/python3.12/site-packages/airflow/example_dags/example_bash_decorator.py
[2026-06-15T15:58:46.146+0000] {processor.py:840} INFO - DAG(s) 'example_bash_decorator' retrieved from /home/airflow/.local/lib/python3.12/site-packages/airflow/example_dags/example_bash_decorator.py
[2026-06-15T15:58:46.190+0000] {logging_mixin.py:188} INFO - [2026-06-15T15:58:46.190+0000] {dag.py:3096} INFO - Sync 1 DAGs
[2026-06-15T15:58:46.213+0000] {logging_mixin.py:188} INFO - [2026-06-15T15:58:46.212+0000] {dag.py:3954} INFO - Setting next_dagrun for example_bash_decorator to None, run_after=None
[2026-06-15T15:58:46.252+0000] {processor.py:183} INFO - Processing /home/airflow/.local/lib/python3.12/site-packages/airflow/example_dags/example_bash_decorator.py took 0.152 seconds
[2026-06-15T15:59:17.057+0000] {processor.py:161} INFO - Started process (PID=328) to work on /home/airflow/.local/lib/python3.12/site-packages/airflow/example_dags/example_bash_decorator.py
[2026-06-15T15:59:17.060+0000] {processor.py:830} INFO - Processing file /home/airflow/.local/lib/python3.12/site-packages/airflow/example_dags/example_bash_decorator.py for tasks to queue
[2026-06-15T15:59:17.064+0000] {logging_mixin.py:188} INFO - [2026-06-15T15:59:17.063+0000] {dagbag.py:545} INFO - Filling up the DagBag from /home/airflow/.local/lib/python3.12/site-packages/airflow/example_dags/example_bash_decorator.py
[2026-06-15T15:59:17.088+0000] {processor.py:840} INFO - DAG(s) 'example_bash_decorator' retrieved from /home/airflow/.local/lib/python3.12/site-packages/airflow/example_dags/example_bash_decorator.py
[2026-06-15T15:59:17.131+0000] {logging_mixin.py:188} INFO - [2026-06-15T15:59:17.131+0000] {dag.py:3096} INFO - Sync 1 DAGs
[2026-06-15T15:59:17.151+0000] {logging_mixin.py:188} INFO - [2026-06-15T15:59:17.151+0000] {dag.py:3954} INFO - Setting next_dagrun for example_bash_decorator to None, run_after=None
[2026-06-15T15:59:17.190+0000] {processor.py:183} INFO - Processing /home/airflow/.local/lib/python3.12/site-packages/airflow/example_dags/example_bash_decorator.py took 0.142 seconds
[2026-06-15T15:59:47.904+0000] {processor.py:161} INFO - Started process (PID=388) to work on /home/airflow/.local/lib/python3.12/site-packages/airflow/example_dags/example_bash_decorator.py
[2026-06-15T15:59:47.907+0000] {processor.py:830} INFO - Processing file /home/airflow/.local/lib/python3.12/site-packages/airflow/example_dags/example_bash_decorator.py for tasks to queue
[2026-06-15T15:59:47.911+0000] {logging_mixin.py:188} INFO - [2026-06-15T15:59:47.910+0000] {dagbag.py:545} INFO - Filling up the DagBag from /home/airflow/.local/lib/python3.12/site-packages/airflow/example_dags/example_bash_decorator.py
[2026-06-15T15:59:47.932+0000] {processor.py:840} INFO - DAG(s) 'example_bash_decorator' retrieved from /home/airflow/.local/lib/python3.12/site-packages/airflow/example_dags/example_bash_decorator.py
[2026-06-15T15:59:47.976+0000] {logging_mixin.py:188} INFO - [2026-06-15T15:59:47.975+0000] {dag.py:3096} INFO - Sync 1 DAGs
[2026-06-15T15:59:48.000+0000] {logging_mixin.py:188} INFO - [2026-06-15T15:59:48.000+0000] {dag.py:3954} INFO - Setting next_dagrun for example_bash_decorator to None, run_after=None
[2026-06-15T15:59:48.037+0000] {processor.py:183} INFO - Processing /home/airflow/.local/lib/python3.12/site-packages/airflow/example_dags/example_bash_decorator.py took 0.144 seconds
[2026-06-15T16:00:18.830+0000] {processor.py:161} INFO - Started process (PID=448) to work on /home/airflow/.local/lib/python3.12/site-packages/airflow/example_dags/example_bash_decorator.py
[2026-06-15T16:00:18.833+0000] {processor.py:830} INFO - Processing file /home/airflow/.local/lib/python3.12/site-packages/airflow/example_dags/example_bash_decorator.py for tasks to queue
[2026-06-15T16:00:18.839+0000] {logging_mixin.py:188} INFO - [2026-06-15T16:00:18.838+0000] {dagbag.py:545} INFO - Filling up the DagBag from /home/airflow/.local/lib/python3.12/site-packages/airflow/example_dags/example_bash_decorator.py
[2026-06-15T16:00:18.868+0000] {processor.py:840} INFO - DAG(s) 'example_bash_decorator' retrieved from /home/airflow/.local/lib/python3.12/site-packages/airflow/example_dags/example_bash_decorator.py
[2026-06-15T16:00:18.946+0000] {logging_mixin.py:188} INFO - [2026-06-15T16:00:18.945+0000] {dag.py:3096} INFO - Sync 1 DAGs
[2026-06-15T16:00:18.989+0000] {logging_mixin.py:188} INFO - [2026-06-15T16:00:18.989+0000] {dag.py:3954} INFO - Setting next_dagrun for example_bash_decorator to None, run_after=None
[2026-06-15T16:00:19.056+0000] {processor.py:183} INFO - Processing /home/airflow/.local/lib/python3.12/site-packages/airflow/example_dags/example_bash_decorator.py took 0.246 seconds
[2026-06-15T16:02:59.613+0000] {processor.py:161} INFO - Started process (PID=89) to work on /home/airflow/.local/lib/python3.12/site-packages/airflow/example_dags/example_bash_decorator.py
[2026-06-15T16:02:59.616+0000] {processor.py:830} INFO - Processing file /home/airflow/.local/lib/python3.12/site-packages/airflow/example_dags/example_bash_decorator.py for tasks to queue
[2026-06-15T16:02:59.623+0000] {logging_mixin.py:188} INFO - [2026-06-15T16:02:59.623+0000] {dagbag.py:545} INFO - Filling up the DagBag from /home/airflow/.local/lib/python3.12/site-packages/airflow/example_dags/example_bash_decorator.py
[2026-06-15T16:02:59.652+0000] {processor.py:840} INFO - DAG(s) 'example_bash_decorator' retrieved from /home/airflow/.local/lib/python3.12/site-packages/airflow/example_dags/example_bash_decorator.py
[2026-06-15T16:02:59.825+0000] {logging_mixin.py:188} INFO - [2026-06-15T16:02:59.825+0000] {dag.py:3096} INFO - Sync 1 DAGs
[2026-06-15T16:02:59.851+0000] {logging_mixin.py:188} INFO - [2026-06-15T16:02:59.851+0000] {dag.py:3954} INFO - Setting next_dagrun for example_bash_decorator to None, run_after=None
[2026-06-15T16:02:59.894+0000] {processor.py:183} INFO - Processing /home/airflow/.local/lib/python3.12/site-packages/airflow/example_dags/example_bash_decorator.py took 0.291 seconds
[2026-06-15T16:03:30.060+0000] {processor.py:161} INFO - Started process (PID=171) to work on /home/airflow/.local/lib/python3.12/site-packages/airflow/example_dags/example_bash_decorator.py
[2026-06-15T16:03:30.062+0000] {processor.py:830} INFO - Processing file /home/airflow/.local/lib/python3.12/site-packages/airflow/example_dags/example_bash_decorator.py for tasks to queue
[2026-06-15T16:03:30.068+0000] {logging_mixin.py:188} INFO - [2026-06-15T16:03:30.067+0000] {dagbag.py:545} INFO - Filling up the DagBag from /home/airflow/.local/lib/python3.12/site-packages/airflow/example_dags/example_bash_decorator.py
[2026-06-15T16:03:30.095+0000] {processor.py:840} INFO - DAG(s) 'example_bash_decorator' retrieved from /home/airflow/.local/lib/python3.12/site-packages/airflow/example_dags/example_bash_decorator.py
[2026-06-15T16:03:30.133+0000] {logging_mixin.py:188} INFO - [2026-06-15T16:03:30.133+0000] {dag.py:3096} INFO - Sync 1 DAGs
[2026-06-15T16:03:30.154+0000] {logging_mixin.py:188} INFO - [2026-06-15T16:03:30.154+0000] {dag.py:3954} INFO - Setting next_dagrun for example_bash_decorator to None, run_after=None
[2026-06-15T16:03:30.190+0000] {processor.py:183} INFO - Processing /home/airflow/.local/lib/python3.12/site-packages/airflow/example_dags/example_bash_decorator.py took 0.140 seconds
[2026-06-15T16:04:00.539+0000] {processor.py:161} INFO - Started process (PID=286) to work on /home/airflow/.local/lib/python3.12/site-packages/airflow/example_dags/example_bash_decorator.py
[2026-06-15T16:04:00.541+0000] {processor.py:830} INFO - Processing file /home/airflow/.local/lib/python3.12/site-packages/airflow/example_dags/example_bash_decorator.py for tasks to queue
[2026-06-15T16:04:00.545+0000] {logging_mixin.py:188} INFO - [2026-06-15T16:04:00.544+0000] {dagbag.py:545} INFO - Filling up the DagBag from /home/airflow/.local/lib/python3.12/site-packages/airflow/example_dags/example_bash_decorator.py
[2026-06-15T16:04:00.570+0000] {processor.py:840} INFO - DAG(s) 'example_bash_decorator' retrieved from /home/airflow/.local/lib/python3.12/site-packages/airflow/example_dags/example_bash_decorator.py
[2026-06-15T16:04:00.609+0000] {logging_mixin.py:188} INFO - [2026-06-15T16:04:00.609+0000] {dag.py:3096} INFO - Sync 1 DAGs
[2026-06-15T16:04:00.629+0000] {logging_mixin.py:188} INFO - [2026-06-15T16:04:00.629+0000] {dag.py:3954} INFO - Setting next_dagrun for example_bash_decorator to None, run_after=None
[2026-06-15T16:04:00.664+0000] {processor.py:183} INFO - Processing /home/airflow/.local/lib/python3.12/site-packages/airflow/example_dags/example_bash_decorator.py took 0.133 seconds
[2026-06-15T16:04:31.253+0000] {processor.py:161} INFO - Started process (PID=345) to work on /home/airflow/.local/lib/python3.12/site-packages/airflow/example_dags/example_bash_decorator.py
[2026-06-15T16:04:31.255+0000] {processor.py:830} INFO - Processing file /home/airflow/.local/lib/python3.12/site-packages/airflow/example_dags/example_bash_decorator.py for tasks to queue
[2026-06-15T16:04:31.259+0000] {logging_mixin.py:188} INFO - [2026-06-15T16:04:31.258+0000] {dagbag.py:545} INFO - Filling up the DagBag from /home/airflow/.local/lib/python3.12/site-packages/airflow/example_dags/example_bash_decorator.py
[2026-06-15T16:04:31.280+0000] {processor.py:840} INFO - DAG(s) 'example_bash_decorator' retrieved from /home/airflow/.local/lib/python3.12/site-packages/airflow/example_dags/example_bash_decorator.py
[2026-06-15T16:04:31.327+0000] {logging_mixin.py:188} INFO - [2026-06-15T16:04:31.327+0000] {dag.py:3096} INFO - Sync 1 DAGs
[2026-06-15T16:04:31.349+0000] {logging_mixin.py:188} INFO - [2026-06-15T16:04:31.349+0000] {dag.py:3954} INFO - Setting next_dagrun for example_bash_decorator to None, run_after=None
[2026-06-15T16:04:31.387+0000] {processor.py:183} INFO - Processing /home/airflow/.local/lib/python3.12/site-packages/airflow/example_dags/example_bash_decorator.py took 0.143 seconds
[2026-06-15T16:05:01.744+0000] {processor.py:161} INFO - Started process (PID=404) to work on /home/airflow/.local/lib/python3.12/site-packages/airflow/example_dags/example_bash_decorator.py
[2026-06-15T16:05:01.746+0000] {processor.py:830} INFO - Processing file /home/airflow/.local/lib/python3.12/site-packages/airflow/example_dags/example_bash_decorator.py for tasks to queue
[2026-06-15T16:05:01.750+0000] {logging_mixin.py:188} INFO - [2026-06-15T16:05:01.749+0000] {dagbag.py:545} INFO - Filling up the DagBag from /home/airflow/.local/lib/python3.12/site-packages/airflow/example_dags/example_bash_decorator.py
[2026-06-15T16:05:01.771+0000] {processor.py:840} INFO - DAG(s) 'example_bash_decorator' retrieved from /home/airflow/.local/lib/python3.12/site-packages/airflow/example_dags/example_bash_decorator.py
[2026-06-15T16:05:01.813+0000] {logging_mixin.py:188} INFO - [2026-06-15T16:05:01.813+0000] {dag.py:3096} INFO - Sync 1 DAGs
[2026-06-15T16:05:01.840+0000] {logging_mixin.py:188} INFO - [2026-06-15T16:05:01.839+0000] {dag.py:3954} INFO - Setting next_dagrun for example_bash_decorator to None, run_after=None
[2026-06-15T16:05:01.872+0000] {processor.py:183} INFO - Processing /home/airflow/.local/lib/python3.12/site-packages/airflow/example_dags/example_bash_decorator.py took 0.137 seconds
[2026-06-15T16:05:31.977+0000] {processor.py:161} INFO - Started process (PID=463) to work on /home/airflow/.local/lib/python3.12/site-packages/airflow/example_dags/example_bash_decorator.py
[2026-06-15T16:05:31.979+0000] {processor.py:830} INFO - Processing file /home/airflow/.local/lib/python3.12/site-packages/airflow/example_dags/example_bash_decorator.py for tasks to queue
[2026-06-15T16:05:31.983+0000] {logging_mixin.py:188} INFO - [2026-06-15T16:05:31.982+0000] {dagbag.py:545} INFO - Filling up the DagBag from /home/airflow/.local/lib/python3.12/site-packages/airflow/example_dags/example_bash_decorator.py
[2026-06-15T16:05:32.001+0000] {processor.py:840} INFO - DAG(s) 'example_bash_decorator' retrieved from /home/airflow/.local/lib/python3.12/site-packages/airflow/example_dags/example_bash_decorator.py
[2026-06-15T16:05:32.035+0000] {logging_mixin.py:188} INFO - [2026-06-15T16:05:32.035+0000] {dag.py:3096} INFO - Sync 1 DAGs
[2026-06-15T16:05:32.054+0000] {logging_mixin.py:188} INFO - [2026-06-15T16:05:32.054+0000] {dag.py:3954} INFO - Setting next_dagrun for example_bash_decorator to None, run_after=None
[2026-06-15T16:05:32.086+0000] {processor.py:183} INFO - Processing /home/airflow/.local/lib/python3.12/site-packages/airflow/example_dags/example_bash_decorator.py took 0.122 seconds
[2026-06-15T16:06:02.318+0000] {processor.py:161} INFO - Started process (PID=522) to work on /home/airflow/.local/lib/python3.12/site-packages/airflow/example_dags/example_bash_decorator.py
[2026-06-15T16:06:02.319+0000] {processor.py:830} INFO - Processing file /home/airflow/.local/lib/python3.12/site-packages/airflow/example_dags/example_bash_decorator.py for tasks to queue
[2026-06-15T16:06:02.323+0000] {logging_mixin.py:188} INFO - [2026-06-15T16:06:02.322+0000] {dagbag.py:545} INFO - Filling up the DagBag from /home/airflow/.local/lib/python3.12/site-packages/airflow/example_dags/example_bash_decorator.py
[2026-06-15T16:06:02.340+0000] {processor.py:840} INFO - DAG(s) 'example_bash_decorator' retrieved from /home/airflow/.local/lib/python3.12/site-packages/airflow/example_dags/example_bash_decorator.py
[2026-06-15T16:06:02.377+0000] {logging_mixin.py:188} INFO - [2026-06-15T16:06:02.377+0000] {dag.py:3096} INFO - Sync 1 DAGs
[2026-06-15T16:06:02.395+0000] {logging_mixin.py:188} INFO - [2026-06-15T16:06:02.395+0000] {dag.py:3954} INFO - Setting next_dagrun for example_bash_decorator to None, run_after=None
[2026-06-15T16:06:02.427+0000] {processor.py:183} INFO - Processing /home/airflow/.local/lib/python3.12/site-packages/airflow/example_dags/example_bash_decorator.py took 0.117 seconds
[2026-06-15T16:06:33.011+0000] {processor.py:161} INFO - Started process (PID=581) to work on /home/airflow/.local/lib/python3.12/site-packages/airflow/example_dags/example_bash_decorator.py
[2026-06-15T16:06:33.013+0000] {processor.py:830} INFO - Processing file /home/airflow/.local/lib/python3.12/site-packages/airflow/example_dags/example_bash_decorator.py for tasks to queue
[2026-06-15T16:06:33.017+0000] {logging_mixin.py:188} INFO - [2026-06-15T16:06:33.017+0000] {dagbag.py:545} INFO - Filling up the DagBag from /home/airflow/.local/lib/python3.12/site-packages/airflow/example_dags/example_bash_decorator.py
[2026-06-15T16:06:33.038+0000] {processor.py:840} INFO - DAG(s) 'example_bash_decorator' retrieved from /home/airflow/.local/lib/python3.12/site-packages/airflow/example_dags/example_bash_decorator.py
[2026-06-15T16:06:33.075+0000] {logging_mixin.py:188} INFO - [2026-06-15T16:06:33.074+0000] {dag.py:3096} INFO - Sync 1 DAGs
[2026-06-15T16:06:33.095+0000] {logging_mixin.py:188} INFO - [2026-06-15T16:06:33.095+0000] {dag.py:3954} INFO - Setting next_dagrun for example_bash_decorator to None, run_after=None
[2026-06-15T16:06:33.132+0000] {processor.py:183} INFO - Processing /home/airflow/.local/lib/python3.12/site-packages/airflow/example_dags/example_bash_decorator.py took 0.129 seconds
[2026-06-15T16:07:04.429+0000] {processor.py:161} INFO - Started process (PID=640) to work on /home/airflow/.local/lib/python3.12/site-packages/airflow/example_dags/example_bash_decorator.py
[2026-06-15T16:07:04.431+0000] {processor.py:830} INFO - Processing file /home/airflow/.local/lib/python3.12/site-packages/airflow/example_dags/example_bash_decorator.py for tasks to queue
[2026-06-15T16:07:04.435+0000] {logging_mixin.py:188} INFO - [2026-06-15T16:07:04.435+0000] {dagbag.py:545} INFO - Filling up the DagBag from /home/airflow/.local/lib/python3.12/site-packages/airflow/example_dags/example_bash_decorator.py
[2026-06-15T16:07:04.458+0000] {processor.py:840} INFO - DAG(s) 'example_bash_decorator' retrieved from /home/airflow/.local/lib/python3.12/site-packages/airflow/example_dags/example_bash_decorator.py
[2026-06-15T16:07:04.508+0000] {logging_mixin.py:188} INFO - [2026-06-15T16:07:04.507+0000] {dag.py:3096} INFO - Sync 1 DAGs
[2026-06-15T16:07:04.527+0000] {logging_mixin.py:188} INFO - [2026-06-15T16:07:04.527+0000] {dag.py:3954} INFO - Setting next_dagrun for example_bash_decorator to None, run_after=None
[2026-06-15T16:07:04.562+0000] {processor.py:183} INFO - Processing /home/airflow/.local/lib/python3.12/site-packages/airflow/example_dags/example_bash_decorator.py took 0.142 seconds
[2026-06-15T16:07:34.943+0000] {processor.py:161} INFO - Started process (PID=700) to work on /home/airflow/.local/lib/python3.12/site-packages/airflow/example_dags/example_bash_decorator.py
[2026-06-15T16:07:34.945+0000] {processor.py:830} INFO - Processing file /home/airflow/.local/lib/python3.12/site-packages/airflow/example_dags/example_bash_decorator.py for tasks to queue
[2026-06-15T16:07:34.948+0000] {logging_mixin.py:188} INFO - [2026-06-15T16:07:34.947+0000] {dagbag.py:545} INFO - Filling up the DagBag from /home/airflow/.local/lib/python3.12/site-packages/airflow/example_dags/example_bash_decorator.py
[2026-06-15T16:07:34.966+0000] {processor.py:840} INFO - DAG(s) 'example_bash_decorator' retrieved from /home/airflow/.local/lib/python3.12/site-packages/airflow/example_dags/example_bash_decorator.py
[2026-06-15T16:07:35.003+0000] {logging_mixin.py:188} INFO - [2026-06-15T16:07:35.003+0000] {dag.py:3096} INFO - Sync 1 DAGs
[2026-06-15T16:07:35.024+0000] {logging_mixin.py:188} INFO - [2026-06-15T16:07:35.024+0000] {dag.py:3954} INFO - Setting next_dagrun for example_bash_decorator to None, run_after=None
[2026-06-15T16:07:35.061+0000] {processor.py:183} INFO - Processing /home/airflow/.local/lib/python3.12/site-packages/airflow/example_dags/example_bash_decorator.py took 0.126 seconds
[2026-06-15T16:08:05.877+0000] {processor.py:161} INFO - Started process (PID=759) to work on /home/airflow/.local/lib/python3.12/site-packages/airflow/example_dags/example_bash_decorator.py
[2026-06-15T16:08:05.879+0000] {processor.py:830} INFO - Processing file /home/airflow/.local/lib/python3.12/site-packages/airflow/example_dags/example_bash_decorator.py for tasks to queue
[2026-06-15T16:08:05.882+0000] {logging_mixin.py:188} INFO - [2026-06-15T16:08:05.882+0000] {dagbag.py:545} INFO - Filling up the DagBag from /home/airflow/.local/lib/python3.12/site-packages/airflow/example_dags/example_bash_decorator.py
[2026-06-15T16:08:05.901+0000] {processor.py:840} INFO - DAG(s) 'example_bash_decorator' retrieved from /home/airflow/.local/lib/python3.12/site-packages/airflow/example_dags/example_bash_decorator.py
[2026-06-15T16:08:05.945+0000] {logging_mixin.py:188} INFO - [2026-06-15T16:08:05.945+0000] {dag.py:3096} INFO - Sync 1 DAGs
[2026-06-15T16:08:05.966+0000] {logging_mixin.py:188} INFO - [2026-06-15T16:08:05.965+0000] {dag.py:3954} INFO - Setting next_dagrun for example_bash_decorator to None, run_after=None
[2026-06-15T16:08:06.008+0000] {processor.py:183} INFO - Processing /home/airflow/.local/lib/python3.12/site-packages/airflow/example_dags/example_bash_decorator.py took 0.140 seconds
[2026-06-15T16:08:36.360+0000] {processor.py:161} INFO - Started process (PID=818) to work on /home/airflow/.local/lib/python3.12/site-packages/airflow/example_dags/example_bash_decorator.py
[2026-06-15T16:08:36.362+0000] {processor.py:830} INFO - Processing file /home/airflow/.local/lib/python3.12/site-packages/airflow/example_dags/example_bash_decorator.py for tasks to queue
[2026-06-15T16:08:36.365+0000] {logging_mixin.py:188} INFO - [2026-06-15T16:08:36.365+0000] {dagbag.py:545} INFO - Filling up the DagBag from /home/airflow/.local/lib/python3.12/site-packages/airflow/example_dags/example_bash_decorator.py
[2026-06-15T16:08:36.387+0000] {processor.py:840} INFO - DAG(s) 'example_bash_decorator' retrieved from /home/airflow/.local/lib/python3.12/site-packages/airflow/example_dags/example_bash_decorator.py
[2026-06-15T16:08:36.430+0000] {logging_mixin.py:188} INFO - [2026-06-15T16:08:36.430+0000] {dag.py:3096} INFO - Sync 1 DAGs
[2026-06-15T16:08:36.454+0000] {logging_mixin.py:188} INFO - [2026-06-15T16:08:36.453+0000] {dag.py:3954} INFO - Setting next_dagrun for example_bash_decorator to None, run_after=None
[2026-06-15T16:08:36.494+0000] {processor.py:183} INFO - Processing /home/airflow/.local/lib/python3.12/site-packages/airflow/example_dags/example_bash_decorator.py took 0.147 seconds
[2026-06-15T16:09:06.688+0000] {processor.py:161} INFO - Started process (PID=877) to work on /home/airflow/.local/lib/python3.12/site-packages/airflow/example_dags/example_bash_decorator.py
[2026-06-15T16:09:06.690+0000] {processor.py:830} INFO - Processing file /home/airflow/.local/lib/python3.12/site-packages/airflow/example_dags/example_bash_decorator.py for tasks to queue
[2026-06-15T16:09:06.693+0000] {logging_mixin.py:188} INFO - [2026-06-15T16:09:06.692+0000] {dagbag.py:545} INFO - Filling up the DagBag from /home/airflow/.local/lib/python3.12/site-packages/airflow/example_dags/example_bash_decorator.py
[2026-06-15T16:09:06.711+0000] {processor.py:840} INFO - DAG(s) 'example_bash_decorator' retrieved from /home/airflow/.local/lib/python3.12/site-packages/airflow/example_dags/example_bash_decorator.py
[2026-06-15T16:09:06.751+0000] {logging_mixin.py:188} INFO - [2026-06-15T16:09:06.751+0000] {dag.py:3096} INFO - Sync 1 DAGs
[2026-06-15T16:09:06.771+0000] {logging_mixin.py:188} INFO - [2026-06-15T16:09:06.770+0000] {dag.py:3954} INFO - Setting next_dagrun for example_bash_decorator to None, run_after=None
[2026-06-15T16:09:06.804+0000] {processor.py:183} INFO - Processing /home/airflow/.local/lib/python3.12/site-packages/airflow/example_dags/example_bash_decorator.py took 0.126 seconds
[2026-06-15T16:09:36.896+0000] {processor.py:161} INFO - Started process (PID=935) to work on /home/airflow/.local/lib/python3.12/site-packages/airflow/example_dags/example_bash_decorator.py
[2026-06-15T16:09:36.898+0000] {processor.py:830} INFO - Processing file /home/airflow/.local/lib/python3.12/site-packages/airflow/example_dags/example_bash_decorator.py for tasks to queue
[2026-06-15T16:09:36.902+0000] {logging_mixin.py:188} INFO - [2026-06-15T16:09:36.901+0000] {dagbag.py:545} INFO - Filling up the DagBag from /home/airflow/.local/lib/python3.12/site-packages/airflow/example_dags/example_bash_decorator.py
[2026-06-15T16:09:36.928+0000] {processor.py:840} INFO - DAG(s) 'example_bash_decorator' retrieved from /home/airflow/.local/lib/python3.12/site-packages/airflow/example_dags/example_bash_decorator.py
[2026-06-15T16:09:36.963+0000] {logging_mixin.py:188} INFO - [2026-06-15T16:09:36.962+0000] {dag.py:3096} INFO - Sync 1 DAGs
[2026-06-15T16:09:36.978+0000] {logging_mixin.py:188} INFO - [2026-06-15T16:09:36.978+0000] {dag.py:3954} INFO - Setting next_dagrun for example_bash_decorator to None, run_after=None
[2026-06-15T16:09:37.008+0000] {processor.py:183} INFO - Processing /home/airflow/.local/lib/python3.12/site-packages/airflow/example_dags/example_bash_decorator.py took 0.120 seconds
[2026-06-15T16:10:08.043+0000] {processor.py:161} INFO - Started process (PID=994) to work on /home/airflow/.local/lib/python3.12/site-packages/airflow/example_dags/example_bash_decorator.py
[2026-06-15T16:10:08.045+0000] {processor.py:830} INFO - Processing file /home/airflow/.local/lib/python3.12/site-packages/airflow/example_dags/example_bash_decorator.py for tasks to queue
[2026-06-15T16:10:08.048+0000] {logging_mixin.py:188} INFO - [2026-06-15T16:10:08.048+0000] {dagbag.py:545} INFO - Filling up the DagBag from /home/airflow/.local/lib/python3.12/site-packages/airflow/example_dags/example_bash_decorator.py
[2026-06-15T16:10:08.069+0000] {processor.py:840} INFO - DAG(s) 'example_bash_decorator' retrieved from /home/airflow/.local/lib/python3.12/site-packages/airflow/example_dags/example_bash_decorator.py
[2026-06-15T16:10:08.108+0000] {logging_mixin.py:188} INFO - [2026-06-15T16:10:08.108+0000] {dag.py:3096} INFO - Sync 1 DAGs
[2026-06-15T16:10:08.128+0000] {logging_mixin.py:188} INFO - [2026-06-15T16:10:08.127+0000] {dag.py:3954} INFO - Setting next_dagrun for example_bash_decorator to None, run_after=None
[2026-06-15T16:10:08.162+0000] {processor.py:183} INFO - Processing /home/airflow/.local/lib/python3.12/site-packages/airflow/example_dags/example_bash_decorator.py took 0.127 seconds
[2026-06-15T16:10:38.333+0000] {processor.py:161} INFO - Started process (PID=1053) to work on /home/airflow/.local/lib/python3.12/site-packages/airflow/example_dags/example_bash_decorator.py
[2026-06-15T16:10:38.335+0000] {processor.py:830} INFO - Processing file /home/airflow/.local/lib/python3.12/site-packages/airflow/example_dags/example_bash_decorator.py for tasks to queue
[2026-06-15T16:10:38.339+0000] {logging_mixin.py:188} INFO - [2026-06-15T16:10:38.338+0000] {dagbag.py:545} INFO - Filling up the DagBag from /home/airflow/.local/lib/python3.12/site-packages/airflow/example_dags/example_bash_decorator.py
[2026-06-15T16:10:38.366+0000] {processor.py:840} INFO - DAG(s) 'example_bash_decorator' retrieved from /home/airflow/.local/lib/python3.12/site-packages/airflow/example_dags/example_bash_decorator.py
[2026-06-15T16:10:38.404+0000] {logging_mixin.py:188} INFO - [2026-06-15T16:10:38.403+0000] {dag.py:3096} INFO - Sync 1 DAGs
[2026-06-15T16:10:38.423+0000] {logging_mixin.py:188} INFO - [2026-06-15T16:10:38.422+0000] {dag.py:3954} INFO - Setting next_dagrun for example_bash_decorator to None, run_after=None
[2026-06-15T16:10:38.459+0000] {processor.py:183} INFO - Processing /home/airflow/.local/lib/python3.12/site-packages/airflow/example_dags/example_bash_decorator.py took 0.134 seconds
[2026-06-15T16:11:09.030+0000] {processor.py:161} INFO - Started process (PID=1112) to work on /home/airflow/.local/lib/python3.12/site-packages/airflow/example_dags/example_bash_decorator.py
[2026-06-15T16:11:09.033+0000] {processor.py:830} INFO - Processing file /home/airflow/.local/lib/python3.12/site-packages/airflow/example_dags/example_bash_decorator.py for tasks to queue
[2026-06-15T16:11:09.037+0000] {logging_mixin.py:188} INFO - [2026-06-15T16:11:09.036+0000] {dagbag.py:545} INFO - Filling up the DagBag from /home/airflow/.local/lib/python3.12/site-packages/airflow/example_dags/example_bash_decorator.py
[2026-06-15T16:11:09.060+0000] {processor.py:840} INFO - DAG(s) 'example_bash_decorator' retrieved from /home/airflow/.local/lib/python3.12/site-packages/airflow/example_dags/example_bash_decorator.py
[2026-06-15T16:11:09.103+0000] {logging_mixin.py:188} INFO - [2026-06-15T16:11:09.103+0000] {dag.py:3096} INFO - Sync 1 DAGs
[2026-06-15T16:11:09.124+0000] {logging_mixin.py:188} INFO - [2026-06-15T16:11:09.123+0000] {dag.py:3954} INFO - Setting next_dagrun for example_bash_decorator to None, run_after=None
[2026-06-15T16:11:09.156+0000] {processor.py:183} INFO - Processing /home/airflow/.local/lib/python3.12/site-packages/airflow/example_dags/example_bash_decorator.py took 0.136 seconds
[2026-06-15T16:11:39.905+0000] {processor.py:161} INFO - Started process (PID=1171) to work on /home/airflow/.local/lib/python3.12/site-packages/airflow/example_dags/example_bash_decorator.py
[2026-06-15T16:11:39.907+0000] {processor.py:830} INFO - Processing file /home/airflow/.local/lib/python3.12/site-packages/airflow/example_dags/example_bash_decorator.py for tasks to queue
[2026-06-15T16:11:39.911+0000] {logging_mixin.py:188} INFO - [2026-06-15T16:11:39.910+0000] {dagbag.py:545} INFO - Filling up the DagBag from /home/airflow/.local/lib/python3.12/site-packages/airflow/example_dags/example_bash_decorator.py
[2026-06-15T16:11:39.931+0000] {processor.py:840} INFO - DAG(s) 'example_bash_decorator' retrieved from /home/airflow/.local/lib/python3.12/site-packages/airflow/example_dags/example_bash_decorator.py
[2026-06-15T16:11:39.974+0000] {logging_mixin.py:188} INFO - [2026-06-15T16:11:39.973+0000] {dag.py:3096} INFO - Sync 1 DAGs
[2026-06-15T16:11:39.992+0000] {logging_mixin.py:188} INFO - [2026-06-15T16:11:39.992+0000] {dag.py:3954} INFO - Setting next_dagrun for example_bash_decorator to None, run_after=None
[2026-06-15T16:11:40.025+0000] {processor.py:183} INFO - Processing /home/airflow/.local/lib/python3.12/site-packages/airflow/example_dags/example_bash_decorator.py took 0.129 seconds
[2026-06-15T16:12:10.257+0000] {processor.py:161} INFO - Started process (PID=1231) to work on /home/airflow/.local/lib/python3.12/site-packages/airflow/example_dags/example_bash_decorator.py
[2026-06-15T16:12:10.259+0000] {processor.py:830} INFO - Processing file /home/airflow/.local/lib/python3.12/site-packages/airflow/example_dags/example_bash_decorator.py for tasks to queue
[2026-06-15T16:12:10.263+0000] {logging_mixin.py:188} INFO - [2026-06-15T16:12:10.262+0000] {dagbag.py:545} INFO - Filling up the DagBag from /home/airflow/.local/lib/python3.12/site-packages/airflow/example_dags/example_bash_decorator.py
[2026-06-15T16:12:10.282+0000] {processor.py:840} INFO - DAG(s) 'example_bash_decorator' retrieved from /home/airflow/.local/lib/python3.12/site-packages/airflow/example_dags/example_bash_decorator.py
[2026-06-15T16:12:10.326+0000] {logging_mixin.py:188} INFO - [2026-06-15T16:12:10.325+0000] {dag.py:3096} INFO - Sync 1 DAGs
[2026-06-15T16:12:10.346+0000] {logging_mixin.py:188} INFO - [2026-06-15T16:12:10.346+0000] {dag.py:3954} INFO - Setting next_dagrun for example_bash_decorator to None, run_after=None
[2026-06-15T16:12:10.379+0000] {processor.py:183} INFO - Processing /home/airflow/.local/lib/python3.12/site-packages/airflow/example_dags/example_bash_decorator.py took 0.129 seconds
[2026-06-15T16:12:40.710+0000] {processor.py:161} INFO - Started process (PID=1290) to work on /home/airflow/.local/lib/python3.12/site-packages/airflow/example_dags/example_bash_decorator.py
[2026-06-15T16:12:40.712+0000] {processor.py:830} INFO - Processing file /home/airflow/.local/lib/python3.12/site-packages/airflow/example_dags/example_bash_decorator.py for tasks to queue
[2026-06-15T16:12:40.716+0000] {logging_mixin.py:188} INFO - [2026-06-15T16:12:40.716+0000] {dagbag.py:545} INFO - Filling up the DagBag from /home/airflow/.local/lib/python3.12/site-packages/airflow/example_dags/example_bash_decorator.py
[2026-06-15T16:12:40.738+0000] {processor.py:840} INFO - DAG(s) 'example_bash_decorator' retrieved from /home/airflow/.local/lib/python3.12/site-packages/airflow/example_dags/example_bash_decorator.py
[2026-06-15T16:12:40.778+0000] {logging_mixin.py:188} INFO - [2026-06-15T16:12:40.777+0000] {dag.py:3096} INFO - Sync 1 DAGs
[2026-06-15T16:12:40.797+0000] {logging_mixin.py:188} INFO - [2026-06-15T16:12:40.796+0000] {dag.py:3954} INFO - Setting next_dagrun for example_bash_decorator to None, run_after=None
[2026-06-15T16:12:40.832+0000] {processor.py:183} INFO - Processing /home/airflow/.local/lib/python3.12/site-packages/airflow/example_dags/example_bash_decorator.py took 0.130 seconds
[2026-06-15T16:13:11.170+0000] {processor.py:161} INFO - Started process (PID=1349) to work on /home/airflow/.local/lib/python3.12/site-packages/airflow/example_dags/example_bash_decorator.py
[2026-06-15T16:13:11.172+0000] {processor.py:830} INFO - Processing file /home/airflow/.local/lib/python3.12/site-packages/airflow/example_dags/example_bash_decorator.py for tasks to queue
[2026-06-15T16:13:11.176+0000] {logging_mixin.py:188} INFO - [2026-06-15T16:13:11.175+0000] {dagbag.py:545} INFO - Filling up the DagBag from /home/airflow/.local/lib/python3.12/site-packages/airflow/example_dags/example_bash_decorator.py
[2026-06-15T16:13:11.198+0000] {processor.py:840} INFO - DAG(s) 'example_bash_decorator' retrieved from /home/airflow/.local/lib/python3.12/site-packages/airflow/example_dags/example_bash_decorator.py
[2026-06-15T16:13:11.242+0000] {logging_mixin.py:188} INFO - [2026-06-15T16:13:11.241+0000] {dag.py:3096} INFO - Sync 1 DAGs
[2026-06-15T16:13:11.262+0000] {logging_mixin.py:188} INFO - [2026-06-15T16:13:11.262+0000] {dag.py:3954} INFO - Setting next_dagrun for example_bash_decorator to None, run_after=None
[2026-06-15T16:13:11.305+0000] {processor.py:183} INFO - Processing /home/airflow/.local/lib/python3.12/site-packages/airflow/example_dags/example_bash_decorator.py took 0.144 seconds
[2026-06-15T16:13:41.527+0000] {processor.py:161} INFO - Started process (PID=1408) to work on /home/airflow/.local/lib/python3.12/site-packages/airflow/example_dags/example_bash_decorator.py
[2026-06-15T16:13:41.529+0000] {processor.py:830} INFO - Processing file /home/airflow/.local/lib/python3.12/site-packages/airflow/example_dags/example_bash_decorator.py for tasks to queue
[2026-06-15T16:13:41.533+0000] {logging_mixin.py:188} INFO - [2026-06-15T16:13:41.532+0000] {dagbag.py:545} INFO - Filling up the DagBag from /home/airflow/.local/lib/python3.12/site-packages/airflow/example_dags/example_bash_decorator.py
[2026-06-15T16:13:41.553+0000] {processor.py:840} INFO - DAG(s) 'example_bash_decorator' retrieved from /home/airflow/.local/lib/python3.12/site-packages/airflow/example_dags/example_bash_decorator.py
[2026-06-15T16:13:41.600+0000] {logging_mixin.py:188} INFO - [2026-06-15T16:13:41.599+0000] {dag.py:3096} INFO - Sync 1 DAGs
[2026-06-15T16:13:41.621+0000] {logging_mixin.py:188} INFO - [2026-06-15T16:13:41.620+0000] {dag.py:3954} INFO - Setting next_dagrun for example_bash_decorator to None, run_after=None
[2026-06-15T16:13:41.661+0000] {processor.py:183} INFO - Processing /home/airflow/.local/lib/python3.12/site-packages/airflow/example_dags/example_bash_decorator.py took 0.142 seconds
[2026-06-15T16:14:12.036+0000] {processor.py:161} INFO - Started process (PID=1467) to work on /home/airflow/.local/lib/python3.12/site-packages/airflow/example_dags/example_bash_decorator.py
[2026-06-15T16:14:12.037+0000] {processor.py:830} INFO - Processing file /home/airflow/.local/lib/python3.12/site-packages/airflow/example_dags/example_bash_decorator.py for tasks to queue
[2026-06-15T16:14:12.041+0000] {logging_mixin.py:188} INFO - [2026-06-15T16:14:12.040+0000] {dagbag.py:545} INFO - Filling up the DagBag from /home/airflow/.local/lib/python3.12/site-packages/airflow/example_dags/example_bash_decorator.py
[2026-06-15T16:14:12.059+0000] {processor.py:840} INFO - DAG(s) 'example_bash_decorator' retrieved from /home/airflow/.local/lib/python3.12/site-packages/airflow/example_dags/example_bash_decorator.py
[2026-06-15T16:14:12.096+0000] {logging_mixin.py:188} INFO - [2026-06-15T16:14:12.095+0000] {dag.py:3096} INFO - Sync 1 DAGs
[2026-06-15T16:14:12.114+0000] {logging_mixin.py:188} INFO - [2026-06-15T16:14:12.114+0000] {dag.py:3954} INFO - Setting next_dagrun for example_bash_decorator to None, run_after=None
[2026-06-15T16:14:12.156+0000] {processor.py:183} INFO - Processing /home/airflow/.local/lib/python3.12/site-packages/airflow/example_dags/example_bash_decorator.py took 0.129 seconds
[2026-06-15T16:14:42.742+0000] {processor.py:161} INFO - Started process (PID=1526) to work on /home/airflow/.local/lib/python3.12/site-packages/airflow/example_dags/example_bash_decorator.py
[2026-06-15T16:14:42.743+0000] {processor.py:830} INFO - Processing file /home/airflow/.local/lib/python3.12/site-packages/airflow/example_dags/example_bash_decorator.py for tasks to queue
[2026-06-15T16:14:42.747+0000] {logging_mixin.py:188} INFO - [2026-06-15T16:14:42.746+0000] {dagbag.py:545} INFO - Filling up the DagBag from /home/airflow/.local/lib/python3.12/site-packages/airflow/example_dags/example_bash_decorator.py
[2026-06-15T16:14:42.766+0000] {processor.py:840} INFO - DAG(s) 'example_bash_decorator' retrieved from /home/airflow/.local/lib/python3.12/site-packages/airflow/example_dags/example_bash_decorator.py
[2026-06-15T16:14:42.805+0000] {logging_mixin.py:188} INFO - [2026-06-15T16:14:42.805+0000] {dag.py:3096} INFO - Sync 1 DAGs
[2026-06-15T16:14:42.826+0000] {logging_mixin.py:188} INFO - [2026-06-15T16:14:42.826+0000] {dag.py:3954} INFO - Setting next_dagrun for example_bash_decorator to None, run_after=None
[2026-06-15T16:14:42.861+0000] {processor.py:183} INFO - Processing /home/airflow/.local/lib/python3.12/site-packages/airflow/example_dags/example_bash_decorator.py took 0.128 seconds
[2026-06-15T16:15:13.495+0000] {processor.py:161} INFO - Started process (PID=1585) to work on /home/airflow/.local/lib/python3.12/site-packages/airflow/example_dags/example_bash_decorator.py
[2026-06-15T16:15:13.498+0000] {processor.py:830} INFO - Processing file /home/airflow/.local/lib/python3.12/site-packages/airflow/example_dags/example_bash_decorator.py for tasks to queue
[2026-06-15T16:15:13.501+0000] {logging_mixin.py:188} INFO - [2026-06-15T16:15:13.500+0000] {dagbag.py:545} INFO - Filling up the DagBag from /home/airflow/.local/lib/python3.12/site-packages/airflow/example_dags/example_bash_decorator.py
[2026-06-15T16:15:13.524+0000] {processor.py:840} INFO - DAG(s) 'example_bash_decorator' retrieved from /home/airflow/.local/lib/python3.12/site-packages/airflow/example_dags/example_bash_decorator.py
[2026-06-15T16:15:13.566+0000] {logging_mixin.py:188} INFO - [2026-06-15T16:15:13.565+0000] {dag.py:3096} INFO - Sync 1 DAGs
[2026-06-15T16:15:13.763+0000] {logging_mixin.py:188} INFO - [2026-06-15T16:15:13.762+0000] {dag.py:3954} INFO - Setting next_dagrun for example_bash_decorator to None, run_after=None
[2026-06-15T16:15:13.793+0000] {processor.py:183} INFO - Processing /home/airflow/.local/lib/python3.12/site-packages/airflow/example_dags/example_bash_decorator.py took 0.306 seconds
[2026-06-15T16:15:44.192+0000] {processor.py:161} INFO - Started process (PID=1644) to work on /home/airflow/.local/lib/python3.12/site-packages/airflow/example_dags/example_bash_decorator.py
[2026-06-15T16:15:44.194+0000] {processor.py:830} INFO - Processing file /home/airflow/.local/lib/python3.12/site-packages/airflow/example_dags/example_bash_decorator.py for tasks to queue
[2026-06-15T16:15:44.197+0000] {logging_mixin.py:188} INFO - [2026-06-15T16:15:44.196+0000] {dagbag.py:545} INFO - Filling up the DagBag from /home/airflow/.local/lib/python3.12/site-packages/airflow/example_dags/example_bash_decorator.py
[2026-06-15T16:15:44.217+0000] {processor.py:840} INFO - DAG(s) 'example_bash_decorator' retrieved from /home/airflow/.local/lib/python3.12/site-packages/airflow/example_dags/example_bash_decorator.py
[2026-06-15T16:15:44.253+0000] {logging_mixin.py:188} INFO - [2026-06-15T16:15:44.253+0000] {dag.py:3096} INFO - Sync 1 DAGs
[2026-06-15T16:15:44.274+0000] {logging_mixin.py:188} INFO - [2026-06-15T16:15:44.274+0000] {dag.py:3954} INFO - Setting next_dagrun for example_bash_decorator to None, run_after=None
[2026-06-15T16:15:44.309+0000] {processor.py:183} INFO - Processing /home/airflow/.local/lib/python3.12/site-packages/airflow/example_dags/example_bash_decorator.py took 0.125 seconds
[2026-06-15T16:16:14.776+0000] {processor.py:161} INFO - Started process (PID=1704) to work on /home/airflow/.local/lib/python3.12/site-packages/airflow/example_dags/example_bash_decorator.py
[2026-06-15T16:16:14.779+0000] {processor.py:830} INFO - Processing file /home/airflow/.local/lib/python3.12/site-packages/airflow/example_dags/example_bash_decorator.py for tasks to queue
[2026-06-15T16:16:14.782+0000] {logging_mixin.py:188} INFO - [2026-06-15T16:16:14.782+0000] {dagbag.py:545} INFO - Filling up the DagBag from /home/airflow/.local/lib/python3.12/site-packages/airflow/example_dags/example_bash_decorator.py
[2026-06-15T16:16:14.802+0000] {processor.py:840} INFO - DAG(s) 'example_bash_decorator' retrieved from /home/airflow/.local/lib/python3.12/site-packages/airflow/example_dags/example_bash_decorator.py
[2026-06-15T16:16:14.847+0000] {logging_mixin.py:188} INFO - [2026-06-15T16:16:14.846+0000] {dag.py:3096} INFO - Sync 1 DAGs
[2026-06-15T16:16:14.867+0000] {logging_mixin.py:188} INFO - [2026-06-15T16:16:14.867+0000] {dag.py:3954} INFO - Setting next_dagrun for example_bash_decorator to None, run_after=None
[2026-06-15T16:16:14.901+0000] {processor.py:183} INFO - Processing /home/airflow/.local/lib/python3.12/site-packages/airflow/example_dags/example_bash_decorator.py took 0.136 seconds
[2026-06-15T16:16:45.298+0000] {processor.py:161} INFO - Started process (PID=1763) to work on /home/airflow/.local/lib/python3.12/site-packages/airflow/example_dags/example_bash_decorator.py
[2026-06-15T16:16:45.300+0000] {processor.py:830} INFO - Processing file /home/airflow/.local/lib/python3.12/site-packages/airflow/example_dags/example_bash_decorator.py for tasks to queue
[2026-06-15T16:16:45.303+0000] {logging_mixin.py:188} INFO - [2026-06-15T16:16:45.302+0000] {dagbag.py:545} INFO - Filling up the DagBag from /home/airflow/.local/lib/python3.12/site-packages/airflow/example_dags/example_bash_decorator.py
[2026-06-15T16:16:45.322+0000] {processor.py:840} INFO - DAG(s) 'example_bash_decorator' retrieved from /home/airflow/.local/lib/python3.12/site-packages/airflow/example_dags/example_bash_decorator.py
[2026-06-15T16:16:45.361+0000] {logging_mixin.py:188} INFO - [2026-06-15T16:16:45.360+0000] {dag.py:3096} INFO - Sync 1 DAGs
[2026-06-15T16:16:45.380+0000] {logging_mixin.py:188} INFO - [2026-06-15T16:16:45.379+0000] {dag.py:3954} INFO - Setting next_dagrun for example_bash_decorator to None, run_after=None
[2026-06-15T16:16:45.413+0000] {processor.py:183} INFO - Processing /home/airflow/.local/lib/python3.12/site-packages/airflow/example_dags/example_bash_decorator.py took 0.125 seconds
[2026-06-15T16:17:15.990+0000] {processor.py:161} INFO - Started process (PID=1823) to work on /home/airflow/.local/lib/python3.12/site-packages/airflow/example_dags/example_bash_decorator.py
[2026-06-15T16:17:15.992+0000] {processor.py:830} INFO - Processing file /home/airflow/.local/lib/python3.12/site-packages/airflow/example_dags/example_bash_decorator.py for tasks to queue
[2026-06-15T16:17:15.995+0000] {logging_mixin.py:188} INFO - [2026-06-15T16:17:15.994+0000] {dagbag.py:545} INFO - Filling up the DagBag from /home/airflow/.local/lib/python3.12/site-packages/airflow/example_dags/example_bash_decorator.py
[2026-06-15T16:17:16.019+0000] {processor.py:840} INFO - DAG(s) 'example_bash_decorator' retrieved from /home/airflow/.local/lib/python3.12/site-packages/airflow/example_dags/example_bash_decorator.py
[2026-06-15T16:17:16.062+0000] {logging_mixin.py:188} INFO - [2026-06-15T16:17:16.061+0000] {dag.py:3096} INFO - Sync 1 DAGs
[2026-06-15T16:17:16.081+0000] {logging_mixin.py:188} INFO - [2026-06-15T16:17:16.080+0000] {dag.py:3954} INFO - Setting next_dagrun for example_bash_decorator to None, run_after=None
[2026-06-15T16:17:16.115+0000] {processor.py:183} INFO - Processing /home/airflow/.local/lib/python3.12/site-packages/airflow/example_dags/example_bash_decorator.py took 0.134 seconds
[2026-06-15T16:17:46.654+0000] {processor.py:161} INFO - Started process (PID=1882) to work on /home/airflow/.local/lib/python3.12/site-packages/airflow/example_dags/example_bash_decorator.py
[2026-06-15T16:17:46.656+0000] {processor.py:830} INFO - Processing file /home/airflow/.local/lib/python3.12/site-packages/airflow/example_dags/example_bash_decorator.py for tasks to queue
[2026-06-15T16:17:46.660+0000] {logging_mixin.py:188} INFO - [2026-06-15T16:17:46.659+0000] {dagbag.py:545} INFO - Filling up the DagBag from /home/airflow/.local/lib/python3.12/site-packages/airflow/example_dags/example_bash_decorator.py
[2026-06-15T16:17:46.691+0000] {processor.py:840} INFO - DAG(s) 'example_bash_decorator' retrieved from /home/airflow/.local/lib/python3.12/site-packages/airflow/example_dags/example_bash_decorator.py
[2026-06-15T16:17:46.729+0000] {logging_mixin.py:188} INFO - [2026-06-15T16:17:46.728+0000] {dag.py:3096} INFO - Sync 1 DAGs
[2026-06-15T16:17:46.752+0000] {logging_mixin.py:188} INFO - [2026-06-15T16:17:46.752+0000] {dag.py:3954} INFO - Setting next_dagrun for example_bash_decorator to None, run_after=None
[2026-06-15T16:17:46.788+0000] {processor.py:183} INFO - Processing /home/airflow/.local/lib/python3.12/site-packages/airflow/example_dags/example_bash_decorator.py took 0.145 seconds
[2026-06-15T16:18:17.294+0000] {processor.py:161} INFO - Started process (PID=1941) to work on /home/airflow/.local/lib/python3.12/site-packages/airflow/example_dags/example_bash_decorator.py
[2026-06-15T16:18:17.296+0000] {processor.py:830} INFO - Processing file /home/airflow/.local/lib/python3.12/site-packages/airflow/example_dags/example_bash_decorator.py for tasks to queue
[2026-06-15T16:18:17.300+0000] {logging_mixin.py:188} INFO - [2026-06-15T16:18:17.300+0000] {dagbag.py:545} INFO - Filling up the DagBag from /home/airflow/.local/lib/python3.12/site-packages/airflow/example_dags/example_bash_decorator.py
[2026-06-15T16:18:17.321+0000] {processor.py:840} INFO - DAG(s) 'example_bash_decorator' retrieved from /home/airflow/.local/lib/python3.12/site-packages/airflow/example_dags/example_bash_decorator.py
[2026-06-15T16:18:17.366+0000] {logging_mixin.py:188} INFO - [2026-06-15T16:18:17.366+0000] {dag.py:3096} INFO - Sync 1 DAGs
[2026-06-15T16:18:17.385+0000] {logging_mixin.py:188} INFO - [2026-06-15T16:18:17.385+0000] {dag.py:3954} INFO - Setting next_dagrun for example_bash_decorator to None, run_after=None
[2026-06-15T16:18:17.420+0000] {processor.py:183} INFO - Processing /home/airflow/.local/lib/python3.12/site-packages/airflow/example_dags/example_bash_decorator.py took 0.135 seconds
[2026-06-15T16:18:48.105+0000] {processor.py:161} INFO - Started process (PID=2000) to work on /home/airflow/.local/lib/python3.12/site-packages/airflow/example_dags/example_bash_decorator.py
[2026-06-15T16:18:48.107+0000] {processor.py:830} INFO - Processing file /home/airflow/.local/lib/python3.12/site-packages/airflow/example_dags/example_bash_decorator.py for tasks to queue
[2026-06-15T16:18:48.111+0000] {logging_mixin.py:188} INFO - [2026-06-15T16:18:48.110+0000] {dagbag.py:545} INFO - Filling up the DagBag from /home/airflow/.local/lib/python3.12/site-packages/airflow/example_dags/example_bash_decorator.py
[2026-06-15T16:18:48.129+0000] {processor.py:840} INFO - DAG(s) 'example_bash_decorator' retrieved from /home/airflow/.local/lib/python3.12/site-packages/airflow/example_dags/example_bash_decorator.py
[2026-06-15T16:18:48.163+0000] {logging_mixin.py:188} INFO - [2026-06-15T16:18:48.163+0000] {dag.py:3096} INFO - Sync 1 DAGs
[2026-06-15T16:18:48.181+0000] {logging_mixin.py:188} INFO - [2026-06-15T16:18:48.181+0000] {dag.py:3954} INFO - Setting next_dagrun for example_bash_decorator to None, run_after=None
[2026-06-15T16:18:48.215+0000] {processor.py:183} INFO - Processing /home/airflow/.local/lib/python3.12/site-packages/airflow/example_dags/example_bash_decorator.py took 0.118 seconds
[2026-06-15T16:19:18.409+0000] {processor.py:161} INFO - Started process (PID=2058) to work on /home/airflow/.local/lib/python3.12/site-packages/airflow/example_dags/example_bash_decorator.py
[2026-06-15T16:19:18.411+0000] {processor.py:830} INFO - Processing file /home/airflow/.local/lib/python3.12/site-packages/airflow/example_dags/example_bash_decorator.py for tasks to queue
[2026-06-15T16:19:18.415+0000] {logging_mixin.py:188} INFO - [2026-06-15T16:19:18.414+0000] {dagbag.py:545} INFO - Filling up the DagBag from /home/airflow/.local/lib/python3.12/site-packages/airflow/example_dags/example_bash_decorator.py
[2026-06-15T16:19:18.436+0000] {processor.py:840} INFO - DAG(s) 'example_bash_decorator' retrieved from /home/airflow/.local/lib/python3.12/site-packages/airflow/example_dags/example_bash_decorator.py
[2026-06-15T16:19:18.479+0000] {logging_mixin.py:188} INFO - [2026-06-15T16:19:18.479+0000] {dag.py:3096} INFO - Sync 1 DAGs
[2026-06-15T16:19:18.500+0000] {logging_mixin.py:188} INFO - [2026-06-15T16:19:18.500+0000] {dag.py:3954} INFO - Setting next_dagrun for example_bash_decorator to None, run_after=None
[2026-06-15T16:19:18.534+0000] {processor.py:183} INFO - Processing /home/airflow/.local/lib/python3.12/site-packages/airflow/example_dags/example_bash_decorator.py took 0.136 seconds
[2026-06-15T16:19:49.058+0000] {processor.py:161} INFO - Started process (PID=2116) to work on /home/airflow/.local/lib/python3.12/site-packages/airflow/example_dags/example_bash_decorator.py
[2026-06-15T16:19:49.059+0000] {processor.py:830} INFO - Processing file /home/airflow/.local/lib/python3.12/site-packages/airflow/example_dags/example_bash_decorator.py for tasks to queue
[2026-06-15T16:19:49.062+0000] {logging_mixin.py:188} INFO - [2026-06-15T16:19:49.062+0000] {dagbag.py:545} INFO - Filling up the DagBag from /home/airflow/.local/lib/python3.12/site-packages/airflow/example_dags/example_bash_decorator.py
[2026-06-15T16:19:49.080+0000] {processor.py:840} INFO - DAG(s) 'example_bash_decorator' retrieved from /home/airflow/.local/lib/python3.12/site-packages/airflow/example_dags/example_bash_decorator.py
[2026-06-15T16:19:49.115+0000] {logging_mixin.py:188} INFO - [2026-06-15T16:19:49.115+0000] {dag.py:3096} INFO - Sync 1 DAGs
[2026-06-15T16:19:49.133+0000] {logging_mixin.py:188} INFO - [2026-06-15T16:19:49.133+0000] {dag.py:3954} INFO - Setting next_dagrun for example_bash_decorator to None, run_after=None
[2026-06-15T16:19:49.163+0000] {processor.py:183} INFO - Processing /home/airflow/.local/lib/python3.12/site-packages/airflow/example_dags/example_bash_decorator.py took 0.114 seconds
[2026-06-15T16:20:19.570+0000] {processor.py:161} INFO - Started process (PID=2175) to work on /home/airflow/.local/lib/python3.12/site-packages/airflow/example_dags/example_bash_decorator.py
[2026-06-15T16:20:19.572+0000] {processor.py:830} INFO - Processing file /home/airflow/.local/lib/python3.12/site-packages/airflow/example_dags/example_bash_decorator.py for tasks to queue
[2026-06-15T16:20:19.575+0000] {logging_mixin.py:188} INFO - [2026-06-15T16:20:19.575+0000] {dagbag.py:545} INFO - Filling up the DagBag from /home/airflow/.local/lib/python3.12/site-packages/airflow/example_dags/example_bash_decorator.py
[2026-06-15T16:20:19.599+0000] {processor.py:840} INFO - DAG(s) 'example_bash_decorator' retrieved from /home/airflow/.local/lib/python3.12/site-packages/airflow/example_dags/example_bash_decorator.py
[2026-06-15T16:20:19.638+0000] {logging_mixin.py:188} INFO - [2026-06-15T16:20:19.638+0000] {dag.py:3096} INFO - Sync 1 DAGs
[2026-06-15T16:20:19.656+0000] {logging_mixin.py:188} INFO - [2026-06-15T16:20:19.656+0000] {dag.py:3954} INFO - Setting next_dagrun for example_bash_decorator to None, run_after=None
[2026-06-15T16:20:19.689+0000] {processor.py:183} INFO - Processing /home/airflow/.local/lib/python3.12/site-packages/airflow/example_dags/example_bash_decorator.py took 0.128 seconds
[2026-06-15T16:45:25.602+0000] {processor.py:161} INFO - Started process (PID=2236) to work on /home/airflow/.local/lib/python3.12/site-packages/airflow/example_dags/example_bash_decorator.py
[2026-06-15T16:45:25.609+0000] {processor.py:830} INFO - Processing file /home/airflow/.local/lib/python3.12/site-packages/airflow/example_dags/example_bash_decorator.py for tasks to queue
[2026-06-15T16:45:25.615+0000] {logging_mixin.py:188} INFO - [2026-06-15T16:45:25.614+0000] {dagbag.py:545} INFO - Filling up the DagBag from /home/airflow/.local/lib/python3.12/site-packages/airflow/example_dags/example_bash_decorator.py
[2026-06-15T16:45:25.663+0000] {processor.py:840} INFO - DAG(s) 'example_bash_decorator' retrieved from /home/airflow/.local/lib/python3.12/site-packages/airflow/example_dags/example_bash_decorator.py
[2026-06-15T16:45:25.759+0000] {logging_mixin.py:188} INFO - [2026-06-15T16:45:25.758+0000] {dag.py:3096} INFO - Sync 1 DAGs
[2026-06-15T16:45:25.816+0000] {logging_mixin.py:188} INFO - [2026-06-15T16:45:25.815+0000] {dag.py:3954} INFO - Setting next_dagrun for example_bash_decorator to None, run_after=None
[2026-06-15T16:45:25.910+0000] {processor.py:183} INFO - Processing /home/airflow/.local/lib/python3.12/site-packages/airflow/example_dags/example_bash_decorator.py took 0.330 seconds
[2026-06-15T16:45:56.203+0000] {processor.py:161} INFO - Started process (PID=2295) to work on /home/airflow/.local/lib/python3.12/site-packages/airflow/example_dags/example_bash_decorator.py
[2026-06-15T16:45:56.205+0000] {processor.py:830} INFO - Processing file /home/airflow/.local/lib/python3.12/site-packages/airflow/example_dags/example_bash_decorator.py for tasks to queue
[2026-06-15T16:45:56.208+0000] {logging_mixin.py:188} INFO - [2026-06-15T16:45:56.208+0000] {dagbag.py:545} INFO - Filling up the DagBag from /home/airflow/.local/lib/python3.12/site-packages/airflow/example_dags/example_bash_decorator.py
[2026-06-15T16:45:56.229+0000] {processor.py:840} INFO - DAG(s) 'example_bash_decorator' retrieved from /home/airflow/.local/lib/python3.12/site-packages/airflow/example_dags/example_bash_decorator.py
[2026-06-15T16:45:56.279+0000] {logging_mixin.py:188} INFO - [2026-06-15T16:45:56.278+0000] {dag.py:3096} INFO - Sync 1 DAGs
[2026-06-15T16:45:56.303+0000] {logging_mixin.py:188} INFO - [2026-06-15T16:45:56.303+0000] {dag.py:3954} INFO - Setting next_dagrun for example_bash_decorator to None, run_after=None
[2026-06-15T16:45:56.338+0000] {processor.py:183} INFO - Processing /home/airflow/.local/lib/python3.12/site-packages/airflow/example_dags/example_bash_decorator.py took 0.144 seconds
[2026-06-15T16:46:26.694+0000] {processor.py:161} INFO - Started process (PID=2354) to work on /home/airflow/.local/lib/python3.12/site-packages/airflow/example_dags/example_bash_decorator.py
[2026-06-15T16:46:26.696+0000] {processor.py:830} INFO - Processing file /home/airflow/.local/lib/python3.12/site-packages/airflow/example_dags/example_bash_decorator.py for tasks to queue
[2026-06-15T16:46:26.700+0000] {logging_mixin.py:188} INFO - [2026-06-15T16:46:26.699+0000] {dagbag.py:545} INFO - Filling up the DagBag from /home/airflow/.local/lib/python3.12/site-packages/airflow/example_dags/example_bash_decorator.py
[2026-06-15T16:46:26.725+0000] {processor.py:840} INFO - DAG(s) 'example_bash_decorator' retrieved from /home/airflow/.local/lib/python3.12/site-packages/airflow/example_dags/example_bash_decorator.py
[2026-06-15T16:46:26.768+0000] {logging_mixin.py:188} INFO - [2026-06-15T16:46:26.767+0000] {dag.py:3096} INFO - Sync 1 DAGs
[2026-06-15T16:46:26.792+0000] {logging_mixin.py:188} INFO - [2026-06-15T16:46:26.791+0000] {dag.py:3954} INFO - Setting next_dagrun for example_bash_decorator to None, run_after=None
[2026-06-15T16:46:26.826+0000] {processor.py:183} INFO - Processing /home/airflow/.local/lib/python3.12/site-packages/airflow/example_dags/example_bash_decorator.py took 0.145 seconds
