[2026-06-15T15:52:59.874+0000] {processor.py:161} INFO - Started process (PID=77) to work on /home/airflow/.local/lib/python3.12/site-packages/airflow/example_dags/example_short_circuit_decorator.py
[2026-06-15T15:52:59.877+0000] {processor.py:830} INFO - Processing file /home/airflow/.local/lib/python3.12/site-packages/airflow/example_dags/example_short_circuit_decorator.py for tasks to queue
[2026-06-15T15:52:59.882+0000] {logging_mixin.py:188} INFO - [2026-06-15T15:52:59.882+0000] {dagbag.py:545} INFO - Filling up the DagBag from /home/airflow/.local/lib/python3.12/site-packages/airflow/example_dags/example_short_circuit_decorator.py
[2026-06-15T15:52:59.920+0000] {processor.py:840} INFO - DAG(s) 'example_short_circuit_decorator' retrieved from /home/airflow/.local/lib/python3.12/site-packages/airflow/example_dags/example_short_circuit_decorator.py
[2026-06-15T15:53:00.037+0000] {logging_mixin.py:188} INFO - [2026-06-15T15:53:00.035+0000] {dag.py:3096} INFO - Sync 1 DAGs
[2026-06-15T15:53:00.130+0000] {logging_mixin.py:188} INFO - [2026-06-15T15:53:00.129+0000] {dag.py:3954} INFO - Setting next_dagrun for example_short_circuit_decorator to 2026-06-14 00:00:00+00:00, run_after=2026-06-15 00:00:00+00:00
[2026-06-15T15:53:00.211+0000] {processor.py:183} INFO - Processing /home/airflow/.local/lib/python3.12/site-packages/airflow/example_dags/example_short_circuit_decorator.py took 0.351 seconds
[2026-06-15T15:57:11.476+0000] {processor.py:161} INFO - Started process (PID=65) to work on /home/airflow/.local/lib/python3.12/site-packages/airflow/example_dags/example_short_circuit_decorator.py
[2026-06-15T15:57:11.480+0000] {processor.py:830} INFO - Processing file /home/airflow/.local/lib/python3.12/site-packages/airflow/example_dags/example_short_circuit_decorator.py for tasks to queue
[2026-06-15T15:57:11.485+0000] {logging_mixin.py:188} INFO - [2026-06-15T15:57:11.484+0000] {dagbag.py:545} INFO - Filling up the DagBag from /home/airflow/.local/lib/python3.12/site-packages/airflow/example_dags/example_short_circuit_decorator.py
[2026-06-15T15:57:11.515+0000] {processor.py:840} INFO - DAG(s) 'example_short_circuit_decorator' retrieved from /home/airflow/.local/lib/python3.12/site-packages/airflow/example_dags/example_short_circuit_decorator.py
[2026-06-15T15:57:11.786+0000] {logging_mixin.py:188} INFO - [2026-06-15T15:57:11.786+0000] {dag.py:3096} INFO - Sync 1 DAGs
[2026-06-15T15:57:11.829+0000] {logging_mixin.py:188} INFO - [2026-06-15T15:57:11.828+0000] {dag.py:3954} INFO - Setting next_dagrun for example_short_circuit_decorator to 2026-06-14 00:00:00+00:00, run_after=2026-06-15 00:00:00+00:00
[2026-06-15T15:57:11.873+0000] {processor.py:183} INFO - Processing /home/airflow/.local/lib/python3.12/site-packages/airflow/example_dags/example_short_circuit_decorator.py took 0.412 seconds
[2026-06-15T15:57:42.662+0000] {processor.py:161} INFO - Started process (PID=124) to work on /home/airflow/.local/lib/python3.12/site-packages/airflow/example_dags/example_short_circuit_decorator.py
[2026-06-15T15:57:42.665+0000] {processor.py:830} INFO - Processing file /home/airflow/.local/lib/python3.12/site-packages/airflow/example_dags/example_short_circuit_decorator.py for tasks to queue
[2026-06-15T15:57:42.670+0000] {logging_mixin.py:188} INFO - [2026-06-15T15:57:42.669+0000] {dagbag.py:545} INFO - Filling up the DagBag from /home/airflow/.local/lib/python3.12/site-packages/airflow/example_dags/example_short_circuit_decorator.py
[2026-06-15T15:57:42.687+0000] {processor.py:840} INFO - DAG(s) 'example_short_circuit_decorator' retrieved from /home/airflow/.local/lib/python3.12/site-packages/airflow/example_dags/example_short_circuit_decorator.py
[2026-06-15T15:57:42.731+0000] {logging_mixin.py:188} INFO - [2026-06-15T15:57:42.730+0000] {dag.py:3096} INFO - Sync 1 DAGs
[2026-06-15T15:57:42.769+0000] {logging_mixin.py:188} INFO - [2026-06-15T15:57:42.768+0000] {dag.py:3954} INFO - Setting next_dagrun for example_short_circuit_decorator to 2026-06-14 00:00:00+00:00, run_after=2026-06-15 00:00:00+00:00
[2026-06-15T15:57:42.811+0000] {processor.py:183} INFO - Processing /home/airflow/.local/lib/python3.12/site-packages/airflow/example_dags/example_short_circuit_decorator.py took 0.160 seconds
[2026-06-15T15:58:13.814+0000] {processor.py:161} INFO - Started process (PID=191) to work on /home/airflow/.local/lib/python3.12/site-packages/airflow/example_dags/example_short_circuit_decorator.py
[2026-06-15T15:58:13.818+0000] {processor.py:830} INFO - Processing file /home/airflow/.local/lib/python3.12/site-packages/airflow/example_dags/example_short_circuit_decorator.py for tasks to queue
[2026-06-15T15:58:13.827+0000] {logging_mixin.py:188} INFO - [2026-06-15T15:58:13.826+0000] {dagbag.py:545} INFO - Filling up the DagBag from /home/airflow/.local/lib/python3.12/site-packages/airflow/example_dags/example_short_circuit_decorator.py
[2026-06-15T15:58:13.861+0000] {processor.py:840} INFO - DAG(s) 'example_short_circuit_decorator' retrieved from /home/airflow/.local/lib/python3.12/site-packages/airflow/example_dags/example_short_circuit_decorator.py
[2026-06-15T15:58:13.925+0000] {logging_mixin.py:188} INFO - [2026-06-15T15:58:13.925+0000] {dag.py:3096} INFO - Sync 1 DAGs
[2026-06-15T15:58:13.981+0000] {logging_mixin.py:188} INFO - [2026-06-15T15:58:13.981+0000] {dag.py:3954} INFO - Setting next_dagrun for example_short_circuit_decorator to 2026-06-14 00:00:00+00:00, run_after=2026-06-15 00:00:00+00:00
[2026-06-15T15:58:14.043+0000] {processor.py:183} INFO - Processing /home/airflow/.local/lib/python3.12/site-packages/airflow/example_dags/example_short_circuit_decorator.py took 0.244 seconds
[2026-06-15T15:58:44.680+0000] {processor.py:161} INFO - Started process (PID=251) to work on /home/airflow/.local/lib/python3.12/site-packages/airflow/example_dags/example_short_circuit_decorator.py
[2026-06-15T15:58:44.684+0000] {processor.py:830} INFO - Processing file /home/airflow/.local/lib/python3.12/site-packages/airflow/example_dags/example_short_circuit_decorator.py for tasks to queue
[2026-06-15T15:58:44.691+0000] {logging_mixin.py:188} INFO - [2026-06-15T15:58:44.690+0000] {dagbag.py:545} INFO - Filling up the DagBag from /home/airflow/.local/lib/python3.12/site-packages/airflow/example_dags/example_short_circuit_decorator.py
[2026-06-15T15:58:44.713+0000] {processor.py:840} INFO - DAG(s) 'example_short_circuit_decorator' retrieved from /home/airflow/.local/lib/python3.12/site-packages/airflow/example_dags/example_short_circuit_decorator.py
[2026-06-15T15:58:44.772+0000] {logging_mixin.py:188} INFO - [2026-06-15T15:58:44.772+0000] {dag.py:3096} INFO - Sync 1 DAGs
[2026-06-15T15:58:44.816+0000] {logging_mixin.py:188} INFO - [2026-06-15T15:58:44.815+0000] {dag.py:3954} INFO - Setting next_dagrun for example_short_circuit_decorator to 2026-06-14 00:00:00+00:00, run_after=2026-06-15 00:00:00+00:00
[2026-06-15T15:58:44.875+0000] {processor.py:183} INFO - Processing /home/airflow/.local/lib/python3.12/site-packages/airflow/example_dags/example_short_circuit_decorator.py took 0.207 seconds
[2026-06-15T15:59:15.715+0000] {processor.py:161} INFO - Started process (PID=317) to work on /home/airflow/.local/lib/python3.12/site-packages/airflow/example_dags/example_short_circuit_decorator.py
[2026-06-15T15:59:15.718+0000] {processor.py:830} INFO - Processing file /home/airflow/.local/lib/python3.12/site-packages/airflow/example_dags/example_short_circuit_decorator.py for tasks to queue
[2026-06-15T15:59:15.722+0000] {logging_mixin.py:188} INFO - [2026-06-15T15:59:15.722+0000] {dagbag.py:545} INFO - Filling up the DagBag from /home/airflow/.local/lib/python3.12/site-packages/airflow/example_dags/example_short_circuit_decorator.py
[2026-06-15T15:59:15.739+0000] {processor.py:840} INFO - DAG(s) 'example_short_circuit_decorator' retrieved from /home/airflow/.local/lib/python3.12/site-packages/airflow/example_dags/example_short_circuit_decorator.py
[2026-06-15T15:59:15.794+0000] {logging_mixin.py:188} INFO - [2026-06-15T15:59:15.794+0000] {dag.py:3096} INFO - Sync 1 DAGs
[2026-06-15T15:59:15.842+0000] {logging_mixin.py:188} INFO - [2026-06-15T15:59:15.841+0000] {dag.py:3954} INFO - Setting next_dagrun for example_short_circuit_decorator to 2026-06-14 00:00:00+00:00, run_after=2026-06-15 00:00:00+00:00
[2026-06-15T15:59:15.884+0000] {processor.py:183} INFO - Processing /home/airflow/.local/lib/python3.12/site-packages/airflow/example_dags/example_short_circuit_decorator.py took 0.180 seconds
[2026-06-15T15:59:46.631+0000] {processor.py:161} INFO - Started process (PID=377) to work on /home/airflow/.local/lib/python3.12/site-packages/airflow/example_dags/example_short_circuit_decorator.py
[2026-06-15T15:59:46.634+0000] {processor.py:830} INFO - Processing file /home/airflow/.local/lib/python3.12/site-packages/airflow/example_dags/example_short_circuit_decorator.py for tasks to queue
[2026-06-15T15:59:46.638+0000] {logging_mixin.py:188} INFO - [2026-06-15T15:59:46.637+0000] {dagbag.py:545} INFO - Filling up the DagBag from /home/airflow/.local/lib/python3.12/site-packages/airflow/example_dags/example_short_circuit_decorator.py
[2026-06-15T15:59:46.653+0000] {processor.py:840} INFO - DAG(s) 'example_short_circuit_decorator' retrieved from /home/airflow/.local/lib/python3.12/site-packages/airflow/example_dags/example_short_circuit_decorator.py
[2026-06-15T15:59:46.695+0000] {logging_mixin.py:188} INFO - [2026-06-15T15:59:46.695+0000] {dag.py:3096} INFO - Sync 1 DAGs
[2026-06-15T15:59:46.734+0000] {logging_mixin.py:188} INFO - [2026-06-15T15:59:46.734+0000] {dag.py:3954} INFO - Setting next_dagrun for example_short_circuit_decorator to 2026-06-14 00:00:00+00:00, run_after=2026-06-15 00:00:00+00:00
[2026-06-15T15:59:46.780+0000] {processor.py:183} INFO - Processing /home/airflow/.local/lib/python3.12/site-packages/airflow/example_dags/example_short_circuit_decorator.py took 0.158 seconds
[2026-06-15T16:00:17.604+0000] {processor.py:161} INFO - Started process (PID=437) to work on /home/airflow/.local/lib/python3.12/site-packages/airflow/example_dags/example_short_circuit_decorator.py
[2026-06-15T16:00:17.606+0000] {processor.py:830} INFO - Processing file /home/airflow/.local/lib/python3.12/site-packages/airflow/example_dags/example_short_circuit_decorator.py for tasks to queue
[2026-06-15T16:00:17.610+0000] {logging_mixin.py:188} INFO - [2026-06-15T16:00:17.609+0000] {dagbag.py:545} INFO - Filling up the DagBag from /home/airflow/.local/lib/python3.12/site-packages/airflow/example_dags/example_short_circuit_decorator.py
[2026-06-15T16:00:17.629+0000] {processor.py:840} INFO - DAG(s) 'example_short_circuit_decorator' retrieved from /home/airflow/.local/lib/python3.12/site-packages/airflow/example_dags/example_short_circuit_decorator.py
[2026-06-15T16:00:17.680+0000] {logging_mixin.py:188} INFO - [2026-06-15T16:00:17.680+0000] {dag.py:3096} INFO - Sync 1 DAGs
[2026-06-15T16:00:17.727+0000] {logging_mixin.py:188} INFO - [2026-06-15T16:00:17.727+0000] {dag.py:3954} INFO - Setting next_dagrun for example_short_circuit_decorator to 2026-06-14 00:00:00+00:00, run_after=2026-06-15 00:00:00+00:00
[2026-06-15T16:00:17.766+0000] {processor.py:183} INFO - Processing /home/airflow/.local/lib/python3.12/site-packages/airflow/example_dags/example_short_circuit_decorator.py took 0.178 seconds
[2026-06-15T16:00:48.054+0000] {processor.py:161} INFO - Started process (PID=496) to work on /home/airflow/.local/lib/python3.12/site-packages/airflow/example_dags/example_short_circuit_decorator.py
[2026-06-15T16:00:48.060+0000] {processor.py:830} INFO - Processing file /home/airflow/.local/lib/python3.12/site-packages/airflow/example_dags/example_short_circuit_decorator.py for tasks to queue
[2026-06-15T16:00:48.066+0000] {logging_mixin.py:188} INFO - [2026-06-15T16:00:48.065+0000] {dagbag.py:545} INFO - Filling up the DagBag from /home/airflow/.local/lib/python3.12/site-packages/airflow/example_dags/example_short_circuit_decorator.py
[2026-06-15T16:00:48.091+0000] {processor.py:840} INFO - DAG(s) 'example_short_circuit_decorator' retrieved from /home/airflow/.local/lib/python3.12/site-packages/airflow/example_dags/example_short_circuit_decorator.py
[2026-06-15T16:00:48.162+0000] {logging_mixin.py:188} INFO - [2026-06-15T16:00:48.161+0000] {dag.py:3096} INFO - Sync 1 DAGs
[2026-06-15T16:00:48.238+0000] {logging_mixin.py:188} INFO - [2026-06-15T16:00:48.237+0000] {dag.py:3954} INFO - Setting next_dagrun for example_short_circuit_decorator to 2026-06-14 00:00:00+00:00, run_after=2026-06-15 00:00:00+00:00
[2026-06-15T16:00:48.299+0000] {processor.py:183} INFO - Processing /home/airflow/.local/lib/python3.12/site-packages/airflow/example_dags/example_short_circuit_decorator.py took 0.263 seconds
[2026-06-15T16:02:57.031+0000] {processor.py:161} INFO - Started process (PID=72) to work on /home/airflow/.local/lib/python3.12/site-packages/airflow/example_dags/example_short_circuit_decorator.py
[2026-06-15T16:02:57.033+0000] {processor.py:830} INFO - Processing file /home/airflow/.local/lib/python3.12/site-packages/airflow/example_dags/example_short_circuit_decorator.py for tasks to queue
[2026-06-15T16:02:57.039+0000] {logging_mixin.py:188} INFO - [2026-06-15T16:02:57.037+0000] {dagbag.py:545} INFO - Filling up the DagBag from /home/airflow/.local/lib/python3.12/site-packages/airflow/example_dags/example_short_circuit_decorator.py
[2026-06-15T16:02:57.064+0000] {processor.py:840} INFO - DAG(s) 'example_short_circuit_decorator' retrieved from /home/airflow/.local/lib/python3.12/site-packages/airflow/example_dags/example_short_circuit_decorator.py
[2026-06-15T16:02:57.270+0000] {logging_mixin.py:188} INFO - [2026-06-15T16:02:57.269+0000] {dag.py:3096} INFO - Sync 1 DAGs
[2026-06-15T16:02:57.305+0000] {logging_mixin.py:188} INFO - [2026-06-15T16:02:57.304+0000] {dag.py:3954} INFO - Setting next_dagrun for example_short_circuit_decorator to 2026-06-14 00:00:00+00:00, run_after=2026-06-15 00:00:00+00:00
[2026-06-15T16:02:57.344+0000] {processor.py:183} INFO - Processing /home/airflow/.local/lib/python3.12/site-packages/airflow/example_dags/example_short_circuit_decorator.py took 0.323 seconds
[2026-06-15T16:03:27.646+0000] {processor.py:161} INFO - Started process (PID=154) to work on /home/airflow/.local/lib/python3.12/site-packages/airflow/example_dags/example_short_circuit_decorator.py
[2026-06-15T16:03:27.648+0000] {processor.py:830} INFO - Processing file /home/airflow/.local/lib/python3.12/site-packages/airflow/example_dags/example_short_circuit_decorator.py for tasks to queue
[2026-06-15T16:03:27.652+0000] {logging_mixin.py:188} INFO - [2026-06-15T16:03:27.651+0000] {dagbag.py:545} INFO - Filling up the DagBag from /home/airflow/.local/lib/python3.12/site-packages/airflow/example_dags/example_short_circuit_decorator.py
[2026-06-15T16:03:27.667+0000] {processor.py:840} INFO - DAG(s) 'example_short_circuit_decorator' retrieved from /home/airflow/.local/lib/python3.12/site-packages/airflow/example_dags/example_short_circuit_decorator.py
[2026-06-15T16:03:27.715+0000] {logging_mixin.py:188} INFO - [2026-06-15T16:03:27.714+0000] {dag.py:3096} INFO - Sync 1 DAGs
[2026-06-15T16:03:27.752+0000] {logging_mixin.py:188} INFO - [2026-06-15T16:03:27.752+0000] {dag.py:3954} INFO - Setting next_dagrun for example_short_circuit_decorator to 2026-06-14 00:00:00+00:00, run_after=2026-06-15 00:00:00+00:00
[2026-06-15T16:03:27.785+0000] {processor.py:183} INFO - Processing /home/airflow/.local/lib/python3.12/site-packages/airflow/example_dags/example_short_circuit_decorator.py took 0.148 seconds
[2026-06-15T16:03:58.834+0000] {processor.py:161} INFO - Started process (PID=275) to work on /home/airflow/.local/lib/python3.12/site-packages/airflow/example_dags/example_short_circuit_decorator.py
[2026-06-15T16:03:58.837+0000] {processor.py:830} INFO - Processing file /home/airflow/.local/lib/python3.12/site-packages/airflow/example_dags/example_short_circuit_decorator.py for tasks to queue
[2026-06-15T16:03:58.841+0000] {logging_mixin.py:188} INFO - [2026-06-15T16:03:58.841+0000] {dagbag.py:545} INFO - Filling up the DagBag from /home/airflow/.local/lib/python3.12/site-packages/airflow/example_dags/example_short_circuit_decorator.py
[2026-06-15T16:03:58.853+0000] {processor.py:840} INFO - DAG(s) 'example_short_circuit_decorator' retrieved from /home/airflow/.local/lib/python3.12/site-packages/airflow/example_dags/example_short_circuit_decorator.py
[2026-06-15T16:03:58.887+0000] {logging_mixin.py:188} INFO - [2026-06-15T16:03:58.887+0000] {dag.py:3096} INFO - Sync 1 DAGs
[2026-06-15T16:03:58.918+0000] {logging_mixin.py:188} INFO - [2026-06-15T16:03:58.918+0000] {dag.py:3954} INFO - Setting next_dagrun for example_short_circuit_decorator to 2026-06-14 00:00:00+00:00, run_after=2026-06-15 00:00:00+00:00
[2026-06-15T16:03:58.958+0000] {processor.py:183} INFO - Processing /home/airflow/.local/lib/python3.12/site-packages/airflow/example_dags/example_short_circuit_decorator.py took 0.130 seconds
[2026-06-15T16:04:29.288+0000] {processor.py:161} INFO - Started process (PID=334) to work on /home/airflow/.local/lib/python3.12/site-packages/airflow/example_dags/example_short_circuit_decorator.py
[2026-06-15T16:04:29.293+0000] {processor.py:830} INFO - Processing file /home/airflow/.local/lib/python3.12/site-packages/airflow/example_dags/example_short_circuit_decorator.py for tasks to queue
[2026-06-15T16:04:29.304+0000] {logging_mixin.py:188} INFO - [2026-06-15T16:04:29.302+0000] {dagbag.py:545} INFO - Filling up the DagBag from /home/airflow/.local/lib/python3.12/site-packages/airflow/example_dags/example_short_circuit_decorator.py
[2026-06-15T16:04:29.352+0000] {processor.py:840} INFO - DAG(s) 'example_short_circuit_decorator' retrieved from /home/airflow/.local/lib/python3.12/site-packages/airflow/example_dags/example_short_circuit_decorator.py
[2026-06-15T16:04:29.488+0000] {logging_mixin.py:188} INFO - [2026-06-15T16:04:29.487+0000] {dag.py:3096} INFO - Sync 1 DAGs
[2026-06-15T16:04:29.600+0000] {logging_mixin.py:188} INFO - [2026-06-15T16:04:29.600+0000] {dag.py:3954} INFO - Setting next_dagrun for example_short_circuit_decorator to 2026-06-14 00:00:00+00:00, run_after=2026-06-15 00:00:00+00:00
[2026-06-15T16:04:29.691+0000] {processor.py:183} INFO - Processing /home/airflow/.local/lib/python3.12/site-packages/airflow/example_dags/example_short_circuit_decorator.py took 0.430 seconds
[2026-06-15T16:04:59.906+0000] {processor.py:161} INFO - Started process (PID=392) to work on /home/airflow/.local/lib/python3.12/site-packages/airflow/example_dags/example_short_circuit_decorator.py
[2026-06-15T16:04:59.908+0000] {processor.py:830} INFO - Processing file /home/airflow/.local/lib/python3.12/site-packages/airflow/example_dags/example_short_circuit_decorator.py for tasks to queue
[2026-06-15T16:04:59.912+0000] {logging_mixin.py:188} INFO - [2026-06-15T16:04:59.912+0000] {dagbag.py:545} INFO - Filling up the DagBag from /home/airflow/.local/lib/python3.12/site-packages/airflow/example_dags/example_short_circuit_decorator.py
[2026-06-15T16:04:59.928+0000] {processor.py:840} INFO - DAG(s) 'example_short_circuit_decorator' retrieved from /home/airflow/.local/lib/python3.12/site-packages/airflow/example_dags/example_short_circuit_decorator.py
[2026-06-15T16:04:59.969+0000] {logging_mixin.py:188} INFO - [2026-06-15T16:04:59.969+0000] {dag.py:3096} INFO - Sync 1 DAGs
[2026-06-15T16:05:00.011+0000] {logging_mixin.py:188} INFO - [2026-06-15T16:05:00.010+0000] {dag.py:3954} INFO - Setting next_dagrun for example_short_circuit_decorator to 2026-06-14 00:00:00+00:00, run_after=2026-06-15 00:00:00+00:00
[2026-06-15T16:05:00.057+0000] {processor.py:183} INFO - Processing /home/airflow/.local/lib/python3.12/site-packages/airflow/example_dags/example_short_circuit_decorator.py took 0.159 seconds
[2026-06-15T16:05:30.213+0000] {processor.py:161} INFO - Started process (PID=451) to work on /home/airflow/.local/lib/python3.12/site-packages/airflow/example_dags/example_short_circuit_decorator.py
[2026-06-15T16:05:30.215+0000] {processor.py:830} INFO - Processing file /home/airflow/.local/lib/python3.12/site-packages/airflow/example_dags/example_short_circuit_decorator.py for tasks to queue
[2026-06-15T16:05:30.218+0000] {logging_mixin.py:188} INFO - [2026-06-15T16:05:30.217+0000] {dagbag.py:545} INFO - Filling up the DagBag from /home/airflow/.local/lib/python3.12/site-packages/airflow/example_dags/example_short_circuit_decorator.py
[2026-06-15T16:05:30.233+0000] {processor.py:840} INFO - DAG(s) 'example_short_circuit_decorator' retrieved from /home/airflow/.local/lib/python3.12/site-packages/airflow/example_dags/example_short_circuit_decorator.py
[2026-06-15T16:05:30.271+0000] {logging_mixin.py:188} INFO - [2026-06-15T16:05:30.271+0000] {dag.py:3096} INFO - Sync 1 DAGs
[2026-06-15T16:05:30.305+0000] {logging_mixin.py:188} INFO - [2026-06-15T16:05:30.305+0000] {dag.py:3954} INFO - Setting next_dagrun for example_short_circuit_decorator to 2026-06-14 00:00:00+00:00, run_after=2026-06-15 00:00:00+00:00
[2026-06-15T16:05:30.345+0000] {processor.py:183} INFO - Processing /home/airflow/.local/lib/python3.12/site-packages/airflow/example_dags/example_short_circuit_decorator.py took 0.140 seconds
[2026-06-15T16:06:00.586+0000] {processor.py:161} INFO - Started process (PID=510) to work on /home/airflow/.local/lib/python3.12/site-packages/airflow/example_dags/example_short_circuit_decorator.py
[2026-06-15T16:06:00.588+0000] {processor.py:830} INFO - Processing file /home/airflow/.local/lib/python3.12/site-packages/airflow/example_dags/example_short_circuit_decorator.py for tasks to queue
[2026-06-15T16:06:00.592+0000] {logging_mixin.py:188} INFO - [2026-06-15T16:06:00.592+0000] {dagbag.py:545} INFO - Filling up the DagBag from /home/airflow/.local/lib/python3.12/site-packages/airflow/example_dags/example_short_circuit_decorator.py
[2026-06-15T16:06:00.613+0000] {processor.py:840} INFO - DAG(s) 'example_short_circuit_decorator' retrieved from /home/airflow/.local/lib/python3.12/site-packages/airflow/example_dags/example_short_circuit_decorator.py
[2026-06-15T16:06:00.657+0000] {logging_mixin.py:188} INFO - [2026-06-15T16:06:00.656+0000] {dag.py:3096} INFO - Sync 1 DAGs
[2026-06-15T16:06:00.695+0000] {logging_mixin.py:188} INFO - [2026-06-15T16:06:00.695+0000] {dag.py:3954} INFO - Setting next_dagrun for example_short_circuit_decorator to 2026-06-14 00:00:00+00:00, run_after=2026-06-15 00:00:00+00:00
[2026-06-15T16:06:00.734+0000] {processor.py:183} INFO - Processing /home/airflow/.local/lib/python3.12/site-packages/airflow/example_dags/example_short_circuit_decorator.py took 0.164 seconds
[2026-06-15T16:06:30.887+0000] {processor.py:161} INFO - Started process (PID=569) to work on /home/airflow/.local/lib/python3.12/site-packages/airflow/example_dags/example_short_circuit_decorator.py
[2026-06-15T16:06:30.890+0000] {processor.py:830} INFO - Processing file /home/airflow/.local/lib/python3.12/site-packages/airflow/example_dags/example_short_circuit_decorator.py for tasks to queue
[2026-06-15T16:06:30.893+0000] {logging_mixin.py:188} INFO - [2026-06-15T16:06:30.892+0000] {dagbag.py:545} INFO - Filling up the DagBag from /home/airflow/.local/lib/python3.12/site-packages/airflow/example_dags/example_short_circuit_decorator.py
[2026-06-15T16:06:30.904+0000] {processor.py:840} INFO - DAG(s) 'example_short_circuit_decorator' retrieved from /home/airflow/.local/lib/python3.12/site-packages/airflow/example_dags/example_short_circuit_decorator.py
[2026-06-15T16:06:30.941+0000] {logging_mixin.py:188} INFO - [2026-06-15T16:06:30.941+0000] {dag.py:3096} INFO - Sync 1 DAGs
[2026-06-15T16:06:30.974+0000] {logging_mixin.py:188} INFO - [2026-06-15T16:06:30.974+0000] {dag.py:3954} INFO - Setting next_dagrun for example_short_circuit_decorator to 2026-06-14 00:00:00+00:00, run_after=2026-06-15 00:00:00+00:00
[2026-06-15T16:06:31.012+0000] {processor.py:183} INFO - Processing /home/airflow/.local/lib/python3.12/site-packages/airflow/example_dags/example_short_circuit_decorator.py took 0.132 seconds
[2026-06-15T16:07:01.831+0000] {processor.py:161} INFO - Started process (PID=628) to work on /home/airflow/.local/lib/python3.12/site-packages/airflow/example_dags/example_short_circuit_decorator.py
[2026-06-15T16:07:01.833+0000] {processor.py:830} INFO - Processing file /home/airflow/.local/lib/python3.12/site-packages/airflow/example_dags/example_short_circuit_decorator.py for tasks to queue
[2026-06-15T16:07:01.836+0000] {logging_mixin.py:188} INFO - [2026-06-15T16:07:01.836+0000] {dagbag.py:545} INFO - Filling up the DagBag from /home/airflow/.local/lib/python3.12/site-packages/airflow/example_dags/example_short_circuit_decorator.py
[2026-06-15T16:07:01.848+0000] {processor.py:840} INFO - DAG(s) 'example_short_circuit_decorator' retrieved from /home/airflow/.local/lib/python3.12/site-packages/airflow/example_dags/example_short_circuit_decorator.py
[2026-06-15T16:07:01.888+0000] {logging_mixin.py:188} INFO - [2026-06-15T16:07:01.888+0000] {dag.py:3096} INFO - Sync 1 DAGs
[2026-06-15T16:07:01.918+0000] {logging_mixin.py:188} INFO - [2026-06-15T16:07:01.918+0000] {dag.py:3954} INFO - Setting next_dagrun for example_short_circuit_decorator to 2026-06-14 00:00:00+00:00, run_after=2026-06-15 00:00:00+00:00
[2026-06-15T16:07:01.949+0000] {processor.py:183} INFO - Processing /home/airflow/.local/lib/python3.12/site-packages/airflow/example_dags/example_short_circuit_decorator.py took 0.126 seconds
[2026-06-15T16:07:32.456+0000] {processor.py:161} INFO - Started process (PID=688) to work on /home/airflow/.local/lib/python3.12/site-packages/airflow/example_dags/example_short_circuit_decorator.py
[2026-06-15T16:07:32.458+0000] {processor.py:830} INFO - Processing file /home/airflow/.local/lib/python3.12/site-packages/airflow/example_dags/example_short_circuit_decorator.py for tasks to queue
[2026-06-15T16:07:32.461+0000] {logging_mixin.py:188} INFO - [2026-06-15T16:07:32.460+0000] {dagbag.py:545} INFO - Filling up the DagBag from /home/airflow/.local/lib/python3.12/site-packages/airflow/example_dags/example_short_circuit_decorator.py
[2026-06-15T16:07:32.474+0000] {processor.py:840} INFO - DAG(s) 'example_short_circuit_decorator' retrieved from /home/airflow/.local/lib/python3.12/site-packages/airflow/example_dags/example_short_circuit_decorator.py
[2026-06-15T16:07:32.520+0000] {logging_mixin.py:188} INFO - [2026-06-15T16:07:32.520+0000] {dag.py:3096} INFO - Sync 1 DAGs
[2026-06-15T16:07:32.561+0000] {logging_mixin.py:188} INFO - [2026-06-15T16:07:32.561+0000] {dag.py:3954} INFO - Setting next_dagrun for example_short_circuit_decorator to 2026-06-14 00:00:00+00:00, run_after=2026-06-15 00:00:00+00:00
[2026-06-15T16:07:32.602+0000] {processor.py:183} INFO - Processing /home/airflow/.local/lib/python3.12/site-packages/airflow/example_dags/example_short_circuit_decorator.py took 0.157 seconds
[2026-06-15T16:08:03.278+0000] {processor.py:161} INFO - Started process (PID=747) to work on /home/airflow/.local/lib/python3.12/site-packages/airflow/example_dags/example_short_circuit_decorator.py
[2026-06-15T16:08:03.280+0000] {processor.py:830} INFO - Processing file /home/airflow/.local/lib/python3.12/site-packages/airflow/example_dags/example_short_circuit_decorator.py for tasks to queue
[2026-06-15T16:08:03.284+0000] {logging_mixin.py:188} INFO - [2026-06-15T16:08:03.283+0000] {dagbag.py:545} INFO - Filling up the DagBag from /home/airflow/.local/lib/python3.12/site-packages/airflow/example_dags/example_short_circuit_decorator.py
[2026-06-15T16:08:03.297+0000] {processor.py:840} INFO - DAG(s) 'example_short_circuit_decorator' retrieved from /home/airflow/.local/lib/python3.12/site-packages/airflow/example_dags/example_short_circuit_decorator.py
[2026-06-15T16:08:03.338+0000] {logging_mixin.py:188} INFO - [2026-06-15T16:08:03.338+0000] {dag.py:3096} INFO - Sync 1 DAGs
[2026-06-15T16:08:03.384+0000] {logging_mixin.py:188} INFO - [2026-06-15T16:08:03.383+0000] {dag.py:3954} INFO - Setting next_dagrun for example_short_circuit_decorator to 2026-06-14 00:00:00+00:00, run_after=2026-06-15 00:00:00+00:00
[2026-06-15T16:08:03.420+0000] {processor.py:183} INFO - Processing /home/airflow/.local/lib/python3.12/site-packages/airflow/example_dags/example_short_circuit_decorator.py took 0.150 seconds
[2026-06-15T16:08:33.635+0000] {processor.py:161} INFO - Started process (PID=806) to work on /home/airflow/.local/lib/python3.12/site-packages/airflow/example_dags/example_short_circuit_decorator.py
[2026-06-15T16:08:33.637+0000] {processor.py:830} INFO - Processing file /home/airflow/.local/lib/python3.12/site-packages/airflow/example_dags/example_short_circuit_decorator.py for tasks to queue
[2026-06-15T16:08:33.641+0000] {logging_mixin.py:188} INFO - [2026-06-15T16:08:33.640+0000] {dagbag.py:545} INFO - Filling up the DagBag from /home/airflow/.local/lib/python3.12/site-packages/airflow/example_dags/example_short_circuit_decorator.py
[2026-06-15T16:08:33.654+0000] {processor.py:840} INFO - DAG(s) 'example_short_circuit_decorator' retrieved from /home/airflow/.local/lib/python3.12/site-packages/airflow/example_dags/example_short_circuit_decorator.py
[2026-06-15T16:08:33.697+0000] {logging_mixin.py:188} INFO - [2026-06-15T16:08:33.696+0000] {dag.py:3096} INFO - Sync 1 DAGs
[2026-06-15T16:08:33.736+0000] {logging_mixin.py:188} INFO - [2026-06-15T16:08:33.736+0000] {dag.py:3954} INFO - Setting next_dagrun for example_short_circuit_decorator to 2026-06-14 00:00:00+00:00, run_after=2026-06-15 00:00:00+00:00
[2026-06-15T16:08:33.778+0000] {processor.py:183} INFO - Processing /home/airflow/.local/lib/python3.12/site-packages/airflow/example_dags/example_short_circuit_decorator.py took 0.153 seconds
[2026-06-15T16:09:04.196+0000] {processor.py:161} INFO - Started process (PID=865) to work on /home/airflow/.local/lib/python3.12/site-packages/airflow/example_dags/example_short_circuit_decorator.py
[2026-06-15T16:09:04.199+0000] {processor.py:830} INFO - Processing file /home/airflow/.local/lib/python3.12/site-packages/airflow/example_dags/example_short_circuit_decorator.py for tasks to queue
[2026-06-15T16:09:04.204+0000] {logging_mixin.py:188} INFO - [2026-06-15T16:09:04.203+0000] {dagbag.py:545} INFO - Filling up the DagBag from /home/airflow/.local/lib/python3.12/site-packages/airflow/example_dags/example_short_circuit_decorator.py
[2026-06-15T16:09:04.221+0000] {processor.py:840} INFO - DAG(s) 'example_short_circuit_decorator' retrieved from /home/airflow/.local/lib/python3.12/site-packages/airflow/example_dags/example_short_circuit_decorator.py
[2026-06-15T16:09:04.280+0000] {logging_mixin.py:188} INFO - [2026-06-15T16:09:04.280+0000] {dag.py:3096} INFO - Sync 1 DAGs
[2026-06-15T16:09:04.331+0000] {logging_mixin.py:188} INFO - [2026-06-15T16:09:04.331+0000] {dag.py:3954} INFO - Setting next_dagrun for example_short_circuit_decorator to 2026-06-14 00:00:00+00:00, run_after=2026-06-15 00:00:00+00:00
[2026-06-15T16:09:04.376+0000] {processor.py:183} INFO - Processing /home/airflow/.local/lib/python3.12/site-packages/airflow/example_dags/example_short_circuit_decorator.py took 0.194 seconds
[2026-06-15T16:09:34.583+0000] {processor.py:161} INFO - Started process (PID=918) to work on /home/airflow/.local/lib/python3.12/site-packages/airflow/example_dags/example_short_circuit_decorator.py
[2026-06-15T16:09:34.585+0000] {processor.py:830} INFO - Processing file /home/airflow/.local/lib/python3.12/site-packages/airflow/example_dags/example_short_circuit_decorator.py for tasks to queue
[2026-06-15T16:09:34.589+0000] {logging_mixin.py:188} INFO - [2026-06-15T16:09:34.588+0000] {dagbag.py:545} INFO - Filling up the DagBag from /home/airflow/.local/lib/python3.12/site-packages/airflow/example_dags/example_short_circuit_decorator.py
[2026-06-15T16:09:34.605+0000] {processor.py:840} INFO - DAG(s) 'example_short_circuit_decorator' retrieved from /home/airflow/.local/lib/python3.12/site-packages/airflow/example_dags/example_short_circuit_decorator.py
[2026-06-15T16:09:34.651+0000] {logging_mixin.py:188} INFO - [2026-06-15T16:09:34.651+0000] {dag.py:3096} INFO - Sync 1 DAGs
[2026-06-15T16:09:34.684+0000] {logging_mixin.py:188} INFO - [2026-06-15T16:09:34.683+0000] {dag.py:3954} INFO - Setting next_dagrun for example_short_circuit_decorator to 2026-06-14 00:00:00+00:00, run_after=2026-06-15 00:00:00+00:00
[2026-06-15T16:09:34.723+0000] {processor.py:183} INFO - Processing /home/airflow/.local/lib/python3.12/site-packages/airflow/example_dags/example_short_circuit_decorator.py took 0.149 seconds
[2026-06-15T16:10:04.853+0000] {processor.py:161} INFO - Started process (PID=977) to work on /home/airflow/.local/lib/python3.12/site-packages/airflow/example_dags/example_short_circuit_decorator.py
[2026-06-15T16:10:04.854+0000] {processor.py:830} INFO - Processing file /home/airflow/.local/lib/python3.12/site-packages/airflow/example_dags/example_short_circuit_decorator.py for tasks to queue
[2026-06-15T16:10:04.858+0000] {logging_mixin.py:188} INFO - [2026-06-15T16:10:04.857+0000] {dagbag.py:545} INFO - Filling up the DagBag from /home/airflow/.local/lib/python3.12/site-packages/airflow/example_dags/example_short_circuit_decorator.py
[2026-06-15T16:10:04.871+0000] {processor.py:840} INFO - DAG(s) 'example_short_circuit_decorator' retrieved from /home/airflow/.local/lib/python3.12/site-packages/airflow/example_dags/example_short_circuit_decorator.py
[2026-06-15T16:10:04.912+0000] {logging_mixin.py:188} INFO - [2026-06-15T16:10:04.911+0000] {dag.py:3096} INFO - Sync 1 DAGs
[2026-06-15T16:10:04.949+0000] {logging_mixin.py:188} INFO - [2026-06-15T16:10:04.949+0000] {dag.py:3954} INFO - Setting next_dagrun for example_short_circuit_decorator to 2026-06-14 00:00:00+00:00, run_after=2026-06-15 00:00:00+00:00
[2026-06-15T16:10:04.992+0000] {processor.py:183} INFO - Processing /home/airflow/.local/lib/python3.12/site-packages/airflow/example_dags/example_short_circuit_decorator.py took 0.149 seconds
[2026-06-15T16:10:35.181+0000] {processor.py:161} INFO - Started process (PID=1036) to work on /home/airflow/.local/lib/python3.12/site-packages/airflow/example_dags/example_short_circuit_decorator.py
[2026-06-15T16:10:35.183+0000] {processor.py:830} INFO - Processing file /home/airflow/.local/lib/python3.12/site-packages/airflow/example_dags/example_short_circuit_decorator.py for tasks to queue
[2026-06-15T16:10:35.186+0000] {logging_mixin.py:188} INFO - [2026-06-15T16:10:35.185+0000] {dagbag.py:545} INFO - Filling up the DagBag from /home/airflow/.local/lib/python3.12/site-packages/airflow/example_dags/example_short_circuit_decorator.py
[2026-06-15T16:10:35.200+0000] {processor.py:840} INFO - DAG(s) 'example_short_circuit_decorator' retrieved from /home/airflow/.local/lib/python3.12/site-packages/airflow/example_dags/example_short_circuit_decorator.py
[2026-06-15T16:10:35.237+0000] {logging_mixin.py:188} INFO - [2026-06-15T16:10:35.236+0000] {dag.py:3096} INFO - Sync 1 DAGs
[2026-06-15T16:10:35.273+0000] {logging_mixin.py:188} INFO - [2026-06-15T16:10:35.273+0000] {dag.py:3954} INFO - Setting next_dagrun for example_short_circuit_decorator to 2026-06-14 00:00:00+00:00, run_after=2026-06-15 00:00:00+00:00
[2026-06-15T16:10:35.313+0000] {processor.py:183} INFO - Processing /home/airflow/.local/lib/python3.12/site-packages/airflow/example_dags/example_short_circuit_decorator.py took 0.141 seconds
[2026-06-15T16:11:05.848+0000] {processor.py:161} INFO - Started process (PID=1095) to work on /home/airflow/.local/lib/python3.12/site-packages/airflow/example_dags/example_short_circuit_decorator.py
[2026-06-15T16:11:05.850+0000] {processor.py:830} INFO - Processing file /home/airflow/.local/lib/python3.12/site-packages/airflow/example_dags/example_short_circuit_decorator.py for tasks to queue
[2026-06-15T16:11:05.854+0000] {logging_mixin.py:188} INFO - [2026-06-15T16:11:05.853+0000] {dagbag.py:545} INFO - Filling up the DagBag from /home/airflow/.local/lib/python3.12/site-packages/airflow/example_dags/example_short_circuit_decorator.py
[2026-06-15T16:11:05.870+0000] {processor.py:840} INFO - DAG(s) 'example_short_circuit_decorator' retrieved from /home/airflow/.local/lib/python3.12/site-packages/airflow/example_dags/example_short_circuit_decorator.py
[2026-06-15T16:11:05.914+0000] {logging_mixin.py:188} INFO - [2026-06-15T16:11:05.913+0000] {dag.py:3096} INFO - Sync 1 DAGs
[2026-06-15T16:11:05.952+0000] {logging_mixin.py:188} INFO - [2026-06-15T16:11:05.951+0000] {dag.py:3954} INFO - Setting next_dagrun for example_short_circuit_decorator to 2026-06-14 00:00:00+00:00, run_after=2026-06-15 00:00:00+00:00
[2026-06-15T16:11:05.987+0000] {processor.py:183} INFO - Processing /home/airflow/.local/lib/python3.12/site-packages/airflow/example_dags/example_short_circuit_decorator.py took 0.148 seconds
[2026-06-15T16:11:36.637+0000] {processor.py:161} INFO - Started process (PID=1154) to work on /home/airflow/.local/lib/python3.12/site-packages/airflow/example_dags/example_short_circuit_decorator.py
[2026-06-15T16:11:36.640+0000] {processor.py:830} INFO - Processing file /home/airflow/.local/lib/python3.12/site-packages/airflow/example_dags/example_short_circuit_decorator.py for tasks to queue
[2026-06-15T16:11:36.644+0000] {logging_mixin.py:188} INFO - [2026-06-15T16:11:36.644+0000] {dagbag.py:545} INFO - Filling up the DagBag from /home/airflow/.local/lib/python3.12/site-packages/airflow/example_dags/example_short_circuit_decorator.py
[2026-06-15T16:11:36.664+0000] {processor.py:840} INFO - DAG(s) 'example_short_circuit_decorator' retrieved from /home/airflow/.local/lib/python3.12/site-packages/airflow/example_dags/example_short_circuit_decorator.py
[2026-06-15T16:11:36.731+0000] {logging_mixin.py:188} INFO - [2026-06-15T16:11:36.731+0000] {dag.py:3096} INFO - Sync 1 DAGs
[2026-06-15T16:11:36.785+0000] {logging_mixin.py:188} INFO - [2026-06-15T16:11:36.785+0000] {dag.py:3954} INFO - Setting next_dagrun for example_short_circuit_decorator to 2026-06-14 00:00:00+00:00, run_after=2026-06-15 00:00:00+00:00
[2026-06-15T16:11:36.835+0000] {processor.py:183} INFO - Processing /home/airflow/.local/lib/python3.12/site-packages/airflow/example_dags/example_short_circuit_decorator.py took 0.212 seconds
[2026-06-15T16:12:06.999+0000] {processor.py:161} INFO - Started process (PID=1220) to work on /home/airflow/.local/lib/python3.12/site-packages/airflow/example_dags/example_short_circuit_decorator.py
[2026-06-15T16:12:07.001+0000] {processor.py:830} INFO - Processing file /home/airflow/.local/lib/python3.12/site-packages/airflow/example_dags/example_short_circuit_decorator.py for tasks to queue
[2026-06-15T16:12:07.004+0000] {logging_mixin.py:188} INFO - [2026-06-15T16:12:07.004+0000] {dagbag.py:545} INFO - Filling up the DagBag from /home/airflow/.local/lib/python3.12/site-packages/airflow/example_dags/example_short_circuit_decorator.py
[2026-06-15T16:12:07.025+0000] {processor.py:840} INFO - DAG(s) 'example_short_circuit_decorator' retrieved from /home/airflow/.local/lib/python3.12/site-packages/airflow/example_dags/example_short_circuit_decorator.py
[2026-06-15T16:12:07.063+0000] {logging_mixin.py:188} INFO - [2026-06-15T16:12:07.063+0000] {dag.py:3096} INFO - Sync 1 DAGs
[2026-06-15T16:12:07.099+0000] {logging_mixin.py:188} INFO - [2026-06-15T16:12:07.098+0000] {dag.py:3954} INFO - Setting next_dagrun for example_short_circuit_decorator to 2026-06-14 00:00:00+00:00, run_after=2026-06-15 00:00:00+00:00
[2026-06-15T16:12:07.149+0000] {processor.py:183} INFO - Processing /home/airflow/.local/lib/python3.12/site-packages/airflow/example_dags/example_short_circuit_decorator.py took 0.157 seconds
[2026-06-15T16:12:37.246+0000] {processor.py:161} INFO - Started process (PID=1279) to work on /home/airflow/.local/lib/python3.12/site-packages/airflow/example_dags/example_short_circuit_decorator.py
[2026-06-15T16:12:37.248+0000] {processor.py:830} INFO - Processing file /home/airflow/.local/lib/python3.12/site-packages/airflow/example_dags/example_short_circuit_decorator.py for tasks to queue
[2026-06-15T16:12:37.252+0000] {logging_mixin.py:188} INFO - [2026-06-15T16:12:37.251+0000] {dagbag.py:545} INFO - Filling up the DagBag from /home/airflow/.local/lib/python3.12/site-packages/airflow/example_dags/example_short_circuit_decorator.py
[2026-06-15T16:12:37.270+0000] {processor.py:840} INFO - DAG(s) 'example_short_circuit_decorator' retrieved from /home/airflow/.local/lib/python3.12/site-packages/airflow/example_dags/example_short_circuit_decorator.py
[2026-06-15T16:12:37.307+0000] {logging_mixin.py:188} INFO - [2026-06-15T16:12:37.307+0000] {dag.py:3096} INFO - Sync 1 DAGs
[2026-06-15T16:12:37.361+0000] {logging_mixin.py:188} INFO - [2026-06-15T16:12:37.361+0000] {dag.py:3954} INFO - Setting next_dagrun for example_short_circuit_decorator to 2026-06-14 00:00:00+00:00, run_after=2026-06-15 00:00:00+00:00
[2026-06-15T16:12:37.412+0000] {processor.py:183} INFO - Processing /home/airflow/.local/lib/python3.12/site-packages/airflow/example_dags/example_short_circuit_decorator.py took 0.174 seconds
[2026-06-15T16:13:07.617+0000] {processor.py:161} INFO - Started process (PID=1338) to work on /home/airflow/.local/lib/python3.12/site-packages/airflow/example_dags/example_short_circuit_decorator.py
[2026-06-15T16:13:07.620+0000] {processor.py:830} INFO - Processing file /home/airflow/.local/lib/python3.12/site-packages/airflow/example_dags/example_short_circuit_decorator.py for tasks to queue
[2026-06-15T16:13:07.625+0000] {logging_mixin.py:188} INFO - [2026-06-15T16:13:07.624+0000] {dagbag.py:545} INFO - Filling up the DagBag from /home/airflow/.local/lib/python3.12/site-packages/airflow/example_dags/example_short_circuit_decorator.py
[2026-06-15T16:13:07.654+0000] {processor.py:840} INFO - DAG(s) 'example_short_circuit_decorator' retrieved from /home/airflow/.local/lib/python3.12/site-packages/airflow/example_dags/example_short_circuit_decorator.py
[2026-06-15T16:13:07.712+0000] {logging_mixin.py:188} INFO - [2026-06-15T16:13:07.712+0000] {dag.py:3096} INFO - Sync 1 DAGs
[2026-06-15T16:13:07.748+0000] {logging_mixin.py:188} INFO - [2026-06-15T16:13:07.748+0000] {dag.py:3954} INFO - Setting next_dagrun for example_short_circuit_decorator to 2026-06-14 00:00:00+00:00, run_after=2026-06-15 00:00:00+00:00
[2026-06-15T16:13:07.790+0000] {processor.py:183} INFO - Processing /home/airflow/.local/lib/python3.12/site-packages/airflow/example_dags/example_short_circuit_decorator.py took 0.190 seconds
[2026-06-15T16:13:38.033+0000] {processor.py:161} INFO - Started process (PID=1397) to work on /home/airflow/.local/lib/python3.12/site-packages/airflow/example_dags/example_short_circuit_decorator.py
[2026-06-15T16:13:38.036+0000] {processor.py:830} INFO - Processing file /home/airflow/.local/lib/python3.12/site-packages/airflow/example_dags/example_short_circuit_decorator.py for tasks to queue
[2026-06-15T16:13:38.040+0000] {logging_mixin.py:188} INFO - [2026-06-15T16:13:38.039+0000] {dagbag.py:545} INFO - Filling up the DagBag from /home/airflow/.local/lib/python3.12/site-packages/airflow/example_dags/example_short_circuit_decorator.py
[2026-06-15T16:13:38.053+0000] {processor.py:840} INFO - DAG(s) 'example_short_circuit_decorator' retrieved from /home/airflow/.local/lib/python3.12/site-packages/airflow/example_dags/example_short_circuit_decorator.py
[2026-06-15T16:13:38.091+0000] {logging_mixin.py:188} INFO - [2026-06-15T16:13:38.090+0000] {dag.py:3096} INFO - Sync 1 DAGs
[2026-06-15T16:13:38.135+0000] {logging_mixin.py:188} INFO - [2026-06-15T16:13:38.135+0000] {dag.py:3954} INFO - Setting next_dagrun for example_short_circuit_decorator to 2026-06-14 00:00:00+00:00, run_after=2026-06-15 00:00:00+00:00
[2026-06-15T16:13:38.168+0000] {processor.py:183} INFO - Processing /home/airflow/.local/lib/python3.12/site-packages/airflow/example_dags/example_short_circuit_decorator.py took 0.145 seconds
[2026-06-15T16:14:08.993+0000] {processor.py:161} INFO - Started process (PID=1456) to work on /home/airflow/.local/lib/python3.12/site-packages/airflow/example_dags/example_short_circuit_decorator.py
[2026-06-15T16:14:08.995+0000] {processor.py:830} INFO - Processing file /home/airflow/.local/lib/python3.12/site-packages/airflow/example_dags/example_short_circuit_decorator.py for tasks to queue
[2026-06-15T16:14:08.998+0000] {logging_mixin.py:188} INFO - [2026-06-15T16:14:08.998+0000] {dagbag.py:545} INFO - Filling up the DagBag from /home/airflow/.local/lib/python3.12/site-packages/airflow/example_dags/example_short_circuit_decorator.py
[2026-06-15T16:14:09.012+0000] {processor.py:840} INFO - DAG(s) 'example_short_circuit_decorator' retrieved from /home/airflow/.local/lib/python3.12/site-packages/airflow/example_dags/example_short_circuit_decorator.py
[2026-06-15T16:14:09.051+0000] {logging_mixin.py:188} INFO - [2026-06-15T16:14:09.050+0000] {dag.py:3096} INFO - Sync 1 DAGs
[2026-06-15T16:14:09.083+0000] {logging_mixin.py:188} INFO - [2026-06-15T16:14:09.083+0000] {dag.py:3954} INFO - Setting next_dagrun for example_short_circuit_decorator to 2026-06-14 00:00:00+00:00, run_after=2026-06-15 00:00:00+00:00
[2026-06-15T16:14:09.121+0000] {processor.py:183} INFO - Processing /home/airflow/.local/lib/python3.12/site-packages/airflow/example_dags/example_short_circuit_decorator.py took 0.136 seconds
[2026-06-15T16:14:39.617+0000] {processor.py:161} INFO - Started process (PID=1515) to work on /home/airflow/.local/lib/python3.12/site-packages/airflow/example_dags/example_short_circuit_decorator.py
[2026-06-15T16:14:39.619+0000] {processor.py:830} INFO - Processing file /home/airflow/.local/lib/python3.12/site-packages/airflow/example_dags/example_short_circuit_decorator.py for tasks to queue
[2026-06-15T16:14:39.622+0000] {logging_mixin.py:188} INFO - [2026-06-15T16:14:39.622+0000] {dagbag.py:545} INFO - Filling up the DagBag from /home/airflow/.local/lib/python3.12/site-packages/airflow/example_dags/example_short_circuit_decorator.py
[2026-06-15T16:14:39.635+0000] {processor.py:840} INFO - DAG(s) 'example_short_circuit_decorator' retrieved from /home/airflow/.local/lib/python3.12/site-packages/airflow/example_dags/example_short_circuit_decorator.py
[2026-06-15T16:14:39.681+0000] {logging_mixin.py:188} INFO - [2026-06-15T16:14:39.681+0000] {dag.py:3096} INFO - Sync 1 DAGs
[2026-06-15T16:14:39.723+0000] {logging_mixin.py:188} INFO - [2026-06-15T16:14:39.722+0000] {dag.py:3954} INFO - Setting next_dagrun for example_short_circuit_decorator to 2026-06-14 00:00:00+00:00, run_after=2026-06-15 00:00:00+00:00
[2026-06-15T16:14:39.789+0000] {processor.py:183} INFO - Processing /home/airflow/.local/lib/python3.12/site-packages/airflow/example_dags/example_short_circuit_decorator.py took 0.179 seconds
[2026-06-15T16:15:10.008+0000] {processor.py:161} INFO - Started process (PID=1572) to work on /home/airflow/.local/lib/python3.12/site-packages/airflow/example_dags/example_short_circuit_decorator.py
[2026-06-15T16:15:10.010+0000] {processor.py:830} INFO - Processing file /home/airflow/.local/lib/python3.12/site-packages/airflow/example_dags/example_short_circuit_decorator.py for tasks to queue
[2026-06-15T16:15:10.014+0000] {logging_mixin.py:188} INFO - [2026-06-15T16:15:10.014+0000] {dagbag.py:545} INFO - Filling up the DagBag from /home/airflow/.local/lib/python3.12/site-packages/airflow/example_dags/example_short_circuit_decorator.py
[2026-06-15T16:15:10.027+0000] {processor.py:840} INFO - DAG(s) 'example_short_circuit_decorator' retrieved from /home/airflow/.local/lib/python3.12/site-packages/airflow/example_dags/example_short_circuit_decorator.py
[2026-06-15T16:15:10.069+0000] {logging_mixin.py:188} INFO - [2026-06-15T16:15:10.069+0000] {dag.py:3096} INFO - Sync 1 DAGs
[2026-06-15T16:15:10.110+0000] {logging_mixin.py:188} INFO - [2026-06-15T16:15:10.110+0000] {dag.py:3954} INFO - Setting next_dagrun for example_short_circuit_decorator to 2026-06-14 00:00:00+00:00, run_after=2026-06-15 00:00:00+00:00
[2026-06-15T16:15:10.308+0000] {processor.py:183} INFO - Processing /home/airflow/.local/lib/python3.12/site-packages/airflow/example_dags/example_short_circuit_decorator.py took 0.309 seconds
[2026-06-15T16:15:41.131+0000] {processor.py:161} INFO - Started process (PID=1631) to work on /home/airflow/.local/lib/python3.12/site-packages/airflow/example_dags/example_short_circuit_decorator.py
[2026-06-15T16:15:41.132+0000] {processor.py:830} INFO - Processing file /home/airflow/.local/lib/python3.12/site-packages/airflow/example_dags/example_short_circuit_decorator.py for tasks to queue
[2026-06-15T16:15:41.136+0000] {logging_mixin.py:188} INFO - [2026-06-15T16:15:41.135+0000] {dagbag.py:545} INFO - Filling up the DagBag from /home/airflow/.local/lib/python3.12/site-packages/airflow/example_dags/example_short_circuit_decorator.py
[2026-06-15T16:15:41.149+0000] {processor.py:840} INFO - DAG(s) 'example_short_circuit_decorator' retrieved from /home/airflow/.local/lib/python3.12/site-packages/airflow/example_dags/example_short_circuit_decorator.py
[2026-06-15T16:15:41.189+0000] {logging_mixin.py:188} INFO - [2026-06-15T16:15:41.188+0000] {dag.py:3096} INFO - Sync 1 DAGs
[2026-06-15T16:15:41.223+0000] {logging_mixin.py:188} INFO - [2026-06-15T16:15:41.223+0000] {dag.py:3954} INFO - Setting next_dagrun for example_short_circuit_decorator to 2026-06-14 00:00:00+00:00, run_after=2026-06-15 00:00:00+00:00
[2026-06-15T16:15:41.257+0000] {processor.py:183} INFO - Processing /home/airflow/.local/lib/python3.12/site-packages/airflow/example_dags/example_short_circuit_decorator.py took 0.134 seconds
[2026-06-15T16:16:12.075+0000] {processor.py:161} INFO - Started process (PID=1691) to work on /home/airflow/.local/lib/python3.12/site-packages/airflow/example_dags/example_short_circuit_decorator.py
[2026-06-15T16:16:12.077+0000] {processor.py:830} INFO - Processing file /home/airflow/.local/lib/python3.12/site-packages/airflow/example_dags/example_short_circuit_decorator.py for tasks to queue
[2026-06-15T16:16:12.081+0000] {logging_mixin.py:188} INFO - [2026-06-15T16:16:12.080+0000] {dagbag.py:545} INFO - Filling up the DagBag from /home/airflow/.local/lib/python3.12/site-packages/airflow/example_dags/example_short_circuit_decorator.py
[2026-06-15T16:16:12.092+0000] {processor.py:840} INFO - DAG(s) 'example_short_circuit_decorator' retrieved from /home/airflow/.local/lib/python3.12/site-packages/airflow/example_dags/example_short_circuit_decorator.py
[2026-06-15T16:16:12.131+0000] {logging_mixin.py:188} INFO - [2026-06-15T16:16:12.130+0000] {dag.py:3096} INFO - Sync 1 DAGs
[2026-06-15T16:16:12.164+0000] {logging_mixin.py:188} INFO - [2026-06-15T16:16:12.164+0000] {dag.py:3954} INFO - Setting next_dagrun for example_short_circuit_decorator to 2026-06-14 00:00:00+00:00, run_after=2026-06-15 00:00:00+00:00
[2026-06-15T16:16:12.198+0000] {processor.py:183} INFO - Processing /home/airflow/.local/lib/python3.12/site-packages/airflow/example_dags/example_short_circuit_decorator.py took 0.133 seconds
[2026-06-15T16:16:42.782+0000] {processor.py:161} INFO - Started process (PID=1750) to work on /home/airflow/.local/lib/python3.12/site-packages/airflow/example_dags/example_short_circuit_decorator.py
[2026-06-15T16:16:42.785+0000] {processor.py:830} INFO - Processing file /home/airflow/.local/lib/python3.12/site-packages/airflow/example_dags/example_short_circuit_decorator.py for tasks to queue
[2026-06-15T16:16:42.788+0000] {logging_mixin.py:188} INFO - [2026-06-15T16:16:42.788+0000] {dagbag.py:545} INFO - Filling up the DagBag from /home/airflow/.local/lib/python3.12/site-packages/airflow/example_dags/example_short_circuit_decorator.py
[2026-06-15T16:16:42.801+0000] {processor.py:840} INFO - DAG(s) 'example_short_circuit_decorator' retrieved from /home/airflow/.local/lib/python3.12/site-packages/airflow/example_dags/example_short_circuit_decorator.py
[2026-06-15T16:16:42.841+0000] {logging_mixin.py:188} INFO - [2026-06-15T16:16:42.841+0000] {dag.py:3096} INFO - Sync 1 DAGs
[2026-06-15T16:16:42.879+0000] {logging_mixin.py:188} INFO - [2026-06-15T16:16:42.878+0000] {dag.py:3954} INFO - Setting next_dagrun for example_short_circuit_decorator to 2026-06-14 00:00:00+00:00, run_after=2026-06-15 00:00:00+00:00
[2026-06-15T16:16:42.917+0000] {processor.py:183} INFO - Processing /home/airflow/.local/lib/python3.12/site-packages/airflow/example_dags/example_short_circuit_decorator.py took 0.146 seconds
[2026-06-15T16:17:13.698+0000] {processor.py:161} INFO - Started process (PID=1810) to work on /home/airflow/.local/lib/python3.12/site-packages/airflow/example_dags/example_short_circuit_decorator.py
[2026-06-15T16:17:13.701+0000] {processor.py:830} INFO - Processing file /home/airflow/.local/lib/python3.12/site-packages/airflow/example_dags/example_short_circuit_decorator.py for tasks to queue
[2026-06-15T16:17:13.704+0000] {logging_mixin.py:188} INFO - [2026-06-15T16:17:13.703+0000] {dagbag.py:545} INFO - Filling up the DagBag from /home/airflow/.local/lib/python3.12/site-packages/airflow/example_dags/example_short_circuit_decorator.py
[2026-06-15T16:17:13.715+0000] {processor.py:840} INFO - DAG(s) 'example_short_circuit_decorator' retrieved from /home/airflow/.local/lib/python3.12/site-packages/airflow/example_dags/example_short_circuit_decorator.py
[2026-06-15T16:17:13.753+0000] {logging_mixin.py:188} INFO - [2026-06-15T16:17:13.753+0000] {dag.py:3096} INFO - Sync 1 DAGs
[2026-06-15T16:17:13.782+0000] {logging_mixin.py:188} INFO - [2026-06-15T16:17:13.782+0000] {dag.py:3954} INFO - Setting next_dagrun for example_short_circuit_decorator to 2026-06-14 00:00:00+00:00, run_after=2026-06-15 00:00:00+00:00
[2026-06-15T16:17:13.820+0000] {processor.py:183} INFO - Processing /home/airflow/.local/lib/python3.12/site-packages/airflow/example_dags/example_short_circuit_decorator.py took 0.129 seconds
[2026-06-15T16:17:44.404+0000] {processor.py:161} INFO - Started process (PID=1869) to work on /home/airflow/.local/lib/python3.12/site-packages/airflow/example_dags/example_short_circuit_decorator.py
[2026-06-15T16:17:44.406+0000] {processor.py:830} INFO - Processing file /home/airflow/.local/lib/python3.12/site-packages/airflow/example_dags/example_short_circuit_decorator.py for tasks to queue
[2026-06-15T16:17:44.411+0000] {logging_mixin.py:188} INFO - [2026-06-15T16:17:44.411+0000] {dagbag.py:545} INFO - Filling up the DagBag from /home/airflow/.local/lib/python3.12/site-packages/airflow/example_dags/example_short_circuit_decorator.py
[2026-06-15T16:17:44.432+0000] {processor.py:840} INFO - DAG(s) 'example_short_circuit_decorator' retrieved from /home/airflow/.local/lib/python3.12/site-packages/airflow/example_dags/example_short_circuit_decorator.py
[2026-06-15T16:17:44.493+0000] {logging_mixin.py:188} INFO - [2026-06-15T16:17:44.493+0000] {dag.py:3096} INFO - Sync 1 DAGs
[2026-06-15T16:17:44.550+0000] {logging_mixin.py:188} INFO - [2026-06-15T16:17:44.550+0000] {dag.py:3954} INFO - Setting next_dagrun for example_short_circuit_decorator to 2026-06-14 00:00:00+00:00, run_after=2026-06-15 00:00:00+00:00
[2026-06-15T16:17:44.594+0000] {processor.py:183} INFO - Processing /home/airflow/.local/lib/python3.12/site-packages/airflow/example_dags/example_short_circuit_decorator.py took 0.204 seconds
[2026-06-15T16:18:14.703+0000] {processor.py:161} INFO - Started process (PID=1928) to work on /home/airflow/.local/lib/python3.12/site-packages/airflow/example_dags/example_short_circuit_decorator.py
[2026-06-15T16:18:14.705+0000] {processor.py:830} INFO - Processing file /home/airflow/.local/lib/python3.12/site-packages/airflow/example_dags/example_short_circuit_decorator.py for tasks to queue
[2026-06-15T16:18:14.708+0000] {logging_mixin.py:188} INFO - [2026-06-15T16:18:14.707+0000] {dagbag.py:545} INFO - Filling up the DagBag from /home/airflow/.local/lib/python3.12/site-packages/airflow/example_dags/example_short_circuit_decorator.py
[2026-06-15T16:18:14.725+0000] {processor.py:840} INFO - DAG(s) 'example_short_circuit_decorator' retrieved from /home/airflow/.local/lib/python3.12/site-packages/airflow/example_dags/example_short_circuit_decorator.py
[2026-06-15T16:18:14.768+0000] {logging_mixin.py:188} INFO - [2026-06-15T16:18:14.768+0000] {dag.py:3096} INFO - Sync 1 DAGs
[2026-06-15T16:18:14.808+0000] {logging_mixin.py:188} INFO - [2026-06-15T16:18:14.807+0000] {dag.py:3954} INFO - Setting next_dagrun for example_short_circuit_decorator to 2026-06-14 00:00:00+00:00, run_after=2026-06-15 00:00:00+00:00
[2026-06-15T16:18:14.849+0000] {processor.py:183} INFO - Processing /home/airflow/.local/lib/python3.12/site-packages/airflow/example_dags/example_short_circuit_decorator.py took 0.157 seconds
[2026-06-15T16:18:45.535+0000] {processor.py:161} INFO - Started process (PID=1987) to work on /home/airflow/.local/lib/python3.12/site-packages/airflow/example_dags/example_short_circuit_decorator.py
[2026-06-15T16:18:45.537+0000] {processor.py:830} INFO - Processing file /home/airflow/.local/lib/python3.12/site-packages/airflow/example_dags/example_short_circuit_decorator.py for tasks to queue
[2026-06-15T16:18:45.541+0000] {logging_mixin.py:188} INFO - [2026-06-15T16:18:45.540+0000] {dagbag.py:545} INFO - Filling up the DagBag from /home/airflow/.local/lib/python3.12/site-packages/airflow/example_dags/example_short_circuit_decorator.py
[2026-06-15T16:18:45.557+0000] {processor.py:840} INFO - DAG(s) 'example_short_circuit_decorator' retrieved from /home/airflow/.local/lib/python3.12/site-packages/airflow/example_dags/example_short_circuit_decorator.py
[2026-06-15T16:18:45.595+0000] {logging_mixin.py:188} INFO - [2026-06-15T16:18:45.594+0000] {dag.py:3096} INFO - Sync 1 DAGs
[2026-06-15T16:18:45.629+0000] {logging_mixin.py:188} INFO - [2026-06-15T16:18:45.629+0000] {dag.py:3954} INFO - Setting next_dagrun for example_short_circuit_decorator to 2026-06-14 00:00:00+00:00, run_after=2026-06-15 00:00:00+00:00
[2026-06-15T16:18:45.662+0000] {processor.py:183} INFO - Processing /home/airflow/.local/lib/python3.12/site-packages/airflow/example_dags/example_short_circuit_decorator.py took 0.136 seconds
[2026-06-15T16:19:16.106+0000] {processor.py:161} INFO - Started process (PID=2046) to work on /home/airflow/.local/lib/python3.12/site-packages/airflow/example_dags/example_short_circuit_decorator.py
[2026-06-15T16:19:16.108+0000] {processor.py:830} INFO - Processing file /home/airflow/.local/lib/python3.12/site-packages/airflow/example_dags/example_short_circuit_decorator.py for tasks to queue
[2026-06-15T16:19:16.111+0000] {logging_mixin.py:188} INFO - [2026-06-15T16:19:16.111+0000] {dagbag.py:545} INFO - Filling up the DagBag from /home/airflow/.local/lib/python3.12/site-packages/airflow/example_dags/example_short_circuit_decorator.py
[2026-06-15T16:19:16.125+0000] {processor.py:840} INFO - DAG(s) 'example_short_circuit_decorator' retrieved from /home/airflow/.local/lib/python3.12/site-packages/airflow/example_dags/example_short_circuit_decorator.py
[2026-06-15T16:19:16.167+0000] {logging_mixin.py:188} INFO - [2026-06-15T16:19:16.167+0000] {dag.py:3096} INFO - Sync 1 DAGs
[2026-06-15T16:19:16.206+0000] {logging_mixin.py:188} INFO - [2026-06-15T16:19:16.205+0000] {dag.py:3954} INFO - Setting next_dagrun for example_short_circuit_decorator to 2026-06-14 00:00:00+00:00, run_after=2026-06-15 00:00:00+00:00
[2026-06-15T16:19:16.239+0000] {processor.py:183} INFO - Processing /home/airflow/.local/lib/python3.12/site-packages/airflow/example_dags/example_short_circuit_decorator.py took 0.141 seconds
[2026-06-15T16:19:46.939+0000] {processor.py:161} INFO - Started process (PID=2105) to work on /home/airflow/.local/lib/python3.12/site-packages/airflow/example_dags/example_short_circuit_decorator.py
[2026-06-15T16:19:46.940+0000] {processor.py:830} INFO - Processing file /home/airflow/.local/lib/python3.12/site-packages/airflow/example_dags/example_short_circuit_decorator.py for tasks to queue
[2026-06-15T16:19:46.944+0000] {logging_mixin.py:188} INFO - [2026-06-15T16:19:46.943+0000] {dagbag.py:545} INFO - Filling up the DagBag from /home/airflow/.local/lib/python3.12/site-packages/airflow/example_dags/example_short_circuit_decorator.py
[2026-06-15T16:19:46.961+0000] {processor.py:840} INFO - DAG(s) 'example_short_circuit_decorator' retrieved from /home/airflow/.local/lib/python3.12/site-packages/airflow/example_dags/example_short_circuit_decorator.py
[2026-06-15T16:19:47.003+0000] {logging_mixin.py:188} INFO - [2026-06-15T16:19:47.003+0000] {dag.py:3096} INFO - Sync 1 DAGs
[2026-06-15T16:19:47.041+0000] {logging_mixin.py:188} INFO - [2026-06-15T16:19:47.041+0000] {dag.py:3954} INFO - Setting next_dagrun for example_short_circuit_decorator to 2026-06-14 00:00:00+00:00, run_after=2026-06-15 00:00:00+00:00
[2026-06-15T16:19:47.075+0000] {processor.py:183} INFO - Processing /home/airflow/.local/lib/python3.12/site-packages/airflow/example_dags/example_short_circuit_decorator.py took 0.147 seconds
[2026-06-15T16:20:17.341+0000] {processor.py:161} INFO - Started process (PID=2164) to work on /home/airflow/.local/lib/python3.12/site-packages/airflow/example_dags/example_short_circuit_decorator.py
[2026-06-15T16:20:17.343+0000] {processor.py:830} INFO - Processing file /home/airflow/.local/lib/python3.12/site-packages/airflow/example_dags/example_short_circuit_decorator.py for tasks to queue
[2026-06-15T16:20:17.347+0000] {logging_mixin.py:188} INFO - [2026-06-15T16:20:17.346+0000] {dagbag.py:545} INFO - Filling up the DagBag from /home/airflow/.local/lib/python3.12/site-packages/airflow/example_dags/example_short_circuit_decorator.py
[2026-06-15T16:20:17.365+0000] {processor.py:840} INFO - DAG(s) 'example_short_circuit_decorator' retrieved from /home/airflow/.local/lib/python3.12/site-packages/airflow/example_dags/example_short_circuit_decorator.py
[2026-06-15T16:20:17.419+0000] {logging_mixin.py:188} INFO - [2026-06-15T16:20:17.417+0000] {dag.py:3096} INFO - Sync 1 DAGs
[2026-06-15T16:20:17.457+0000] {logging_mixin.py:188} INFO - [2026-06-15T16:20:17.456+0000] {dag.py:3954} INFO - Setting next_dagrun for example_short_circuit_decorator to 2026-06-14 00:00:00+00:00, run_after=2026-06-15 00:00:00+00:00
[2026-06-15T16:20:17.489+0000] {processor.py:183} INFO - Processing /home/airflow/.local/lib/python3.12/site-packages/airflow/example_dags/example_short_circuit_decorator.py took 0.161 seconds
[2026-06-15T16:45:20.962+0000] {processor.py:161} INFO - Started process (PID=2225) to work on /home/airflow/.local/lib/python3.12/site-packages/airflow/example_dags/example_short_circuit_decorator.py
[2026-06-15T16:45:20.976+0000] {processor.py:830} INFO - Processing file /home/airflow/.local/lib/python3.12/site-packages/airflow/example_dags/example_short_circuit_decorator.py for tasks to queue
[2026-06-15T16:45:20.986+0000] {logging_mixin.py:188} INFO - [2026-06-15T16:45:20.984+0000] {dagbag.py:545} INFO - Filling up the DagBag from /home/airflow/.local/lib/python3.12/site-packages/airflow/example_dags/example_short_circuit_decorator.py
[2026-06-15T16:45:21.062+0000] {processor.py:840} INFO - DAG(s) 'example_short_circuit_decorator' retrieved from /home/airflow/.local/lib/python3.12/site-packages/airflow/example_dags/example_short_circuit_decorator.py
[2026-06-15T16:45:21.260+0000] {logging_mixin.py:188} INFO - [2026-06-15T16:45:21.259+0000] {dag.py:3096} INFO - Sync 1 DAGs
[2026-06-15T16:45:21.468+0000] {logging_mixin.py:188} INFO - [2026-06-15T16:45:21.468+0000] {dag.py:3954} INFO - Setting next_dagrun for example_short_circuit_decorator to 2026-06-14 00:00:00+00:00, run_after=2026-06-15 00:00:00+00:00
[2026-06-15T16:45:21.659+0000] {processor.py:183} INFO - Processing /home/airflow/.local/lib/python3.12/site-packages/airflow/example_dags/example_short_circuit_decorator.py took 0.729 seconds
[2026-06-15T16:45:52.307+0000] {processor.py:161} INFO - Started process (PID=2283) to work on /home/airflow/.local/lib/python3.12/site-packages/airflow/example_dags/example_short_circuit_decorator.py
[2026-06-15T16:45:52.310+0000] {processor.py:830} INFO - Processing file /home/airflow/.local/lib/python3.12/site-packages/airflow/example_dags/example_short_circuit_decorator.py for tasks to queue
[2026-06-15T16:45:52.314+0000] {logging_mixin.py:188} INFO - [2026-06-15T16:45:52.313+0000] {dagbag.py:545} INFO - Filling up the DagBag from /home/airflow/.local/lib/python3.12/site-packages/airflow/example_dags/example_short_circuit_decorator.py
[2026-06-15T16:45:52.327+0000] {processor.py:840} INFO - DAG(s) 'example_short_circuit_decorator' retrieved from /home/airflow/.local/lib/python3.12/site-packages/airflow/example_dags/example_short_circuit_decorator.py
[2026-06-15T16:45:52.370+0000] {logging_mixin.py:188} INFO - [2026-06-15T16:45:52.369+0000] {dag.py:3096} INFO - Sync 1 DAGs
[2026-06-15T16:45:52.406+0000] {logging_mixin.py:188} INFO - [2026-06-15T16:45:52.406+0000] {dag.py:3954} INFO - Setting next_dagrun for example_short_circuit_decorator to 2026-06-14 00:00:00+00:00, run_after=2026-06-15 00:00:00+00:00
[2026-06-15T16:45:52.453+0000] {processor.py:183} INFO - Processing /home/airflow/.local/lib/python3.12/site-packages/airflow/example_dags/example_short_circuit_decorator.py took 0.162 seconds
[2026-06-15T16:46:23.092+0000] {processor.py:161} INFO - Started process (PID=2342) to work on /home/airflow/.local/lib/python3.12/site-packages/airflow/example_dags/example_short_circuit_decorator.py
[2026-06-15T16:46:23.098+0000] {processor.py:830} INFO - Processing file /home/airflow/.local/lib/python3.12/site-packages/airflow/example_dags/example_short_circuit_decorator.py for tasks to queue
[2026-06-15T16:46:23.113+0000] {logging_mixin.py:188} INFO - [2026-06-15T16:46:23.111+0000] {dagbag.py:545} INFO - Filling up the DagBag from /home/airflow/.local/lib/python3.12/site-packages/airflow/example_dags/example_short_circuit_decorator.py
[2026-06-15T16:46:23.171+0000] {processor.py:840} INFO - DAG(s) 'example_short_circuit_decorator' retrieved from /home/airflow/.local/lib/python3.12/site-packages/airflow/example_dags/example_short_circuit_decorator.py
[2026-06-15T16:46:23.288+0000] {logging_mixin.py:188} INFO - [2026-06-15T16:46:23.287+0000] {dag.py:3096} INFO - Sync 1 DAGs
[2026-06-15T16:46:23.378+0000] {logging_mixin.py:188} INFO - [2026-06-15T16:46:23.377+0000] {dag.py:3954} INFO - Setting next_dagrun for example_short_circuit_decorator to 2026-06-14 00:00:00+00:00, run_after=2026-06-15 00:00:00+00:00
[2026-06-15T16:46:23.443+0000] {processor.py:183} INFO - Processing /home/airflow/.local/lib/python3.12/site-packages/airflow/example_dags/example_short_circuit_decorator.py took 0.378 seconds
