[2026-06-15T15:53:03.682+0000] {processor.py:161} INFO - Started process (PID=96) to work on /home/airflow/.local/lib/python3.12/site-packages/airflow/example_dags/example_params_trigger_ui.py
[2026-06-15T15:53:03.685+0000] {processor.py:830} INFO - Processing file /home/airflow/.local/lib/python3.12/site-packages/airflow/example_dags/example_params_trigger_ui.py for tasks to queue
[2026-06-15T15:53:03.690+0000] {logging_mixin.py:188} INFO - [2026-06-15T15:53:03.689+0000] {dagbag.py:545} INFO - Filling up the DagBag from /home/airflow/.local/lib/python3.12/site-packages/airflow/example_dags/example_params_trigger_ui.py
[2026-06-15T15:53:03.726+0000] {processor.py:840} INFO - DAG(s) 'example_params_trigger_ui' retrieved from /home/airflow/.local/lib/python3.12/site-packages/airflow/example_dags/example_params_trigger_ui.py
[2026-06-15T15:53:03.825+0000] {logging_mixin.py:188} INFO - [2026-06-15T15:53:03.824+0000] {dag.py:3096} INFO - Sync 1 DAGs
[2026-06-15T15:53:03.860+0000] {logging_mixin.py:188} INFO - [2026-06-15T15:53:03.860+0000] {dag.py:3954} INFO - Setting next_dagrun for example_params_trigger_ui to None, run_after=None
[2026-06-15T15:53:03.908+0000] {processor.py:183} INFO - Processing /home/airflow/.local/lib/python3.12/site-packages/airflow/example_dags/example_params_trigger_ui.py took 0.242 seconds
[2026-06-15T15:57:16.292+0000] {processor.py:161} INFO - Started process (PID=90) to work on /home/airflow/.local/lib/python3.12/site-packages/airflow/example_dags/example_params_trigger_ui.py
[2026-06-15T15:57:16.294+0000] {processor.py:830} INFO - Processing file /home/airflow/.local/lib/python3.12/site-packages/airflow/example_dags/example_params_trigger_ui.py for tasks to queue
[2026-06-15T15:57:16.298+0000] {logging_mixin.py:188} INFO - [2026-06-15T15:57:16.298+0000] {dagbag.py:545} INFO - Filling up the DagBag from /home/airflow/.local/lib/python3.12/site-packages/airflow/example_dags/example_params_trigger_ui.py
[2026-06-15T15:57:16.328+0000] {processor.py:840} INFO - DAG(s) 'example_params_trigger_ui' retrieved from /home/airflow/.local/lib/python3.12/site-packages/airflow/example_dags/example_params_trigger_ui.py
[2026-06-15T15:57:16.569+0000] {logging_mixin.py:188} INFO - [2026-06-15T15:57:16.568+0000] {dag.py:3096} INFO - Sync 1 DAGs
[2026-06-15T15:57:16.585+0000] {logging_mixin.py:188} INFO - [2026-06-15T15:57:16.584+0000] {dag.py:3954} INFO - Setting next_dagrun for example_params_trigger_ui to None, run_after=None
[2026-06-15T15:57:16.620+0000] {processor.py:183} INFO - Processing /home/airflow/.local/lib/python3.12/site-packages/airflow/example_dags/example_params_trigger_ui.py took 0.338 seconds
[2026-06-15T15:57:46.931+0000] {processor.py:161} INFO - Started process (PID=149) to work on /home/airflow/.local/lib/python3.12/site-packages/airflow/example_dags/example_params_trigger_ui.py
[2026-06-15T15:57:46.933+0000] {processor.py:830} INFO - Processing file /home/airflow/.local/lib/python3.12/site-packages/airflow/example_dags/example_params_trigger_ui.py for tasks to queue
[2026-06-15T15:57:46.937+0000] {logging_mixin.py:188} INFO - [2026-06-15T15:57:46.937+0000] {dagbag.py:545} INFO - Filling up the DagBag from /home/airflow/.local/lib/python3.12/site-packages/airflow/example_dags/example_params_trigger_ui.py
[2026-06-15T15:57:46.959+0000] {processor.py:840} INFO - DAG(s) 'example_params_trigger_ui' retrieved from /home/airflow/.local/lib/python3.12/site-packages/airflow/example_dags/example_params_trigger_ui.py
[2026-06-15T15:57:47.035+0000] {logging_mixin.py:188} INFO - [2026-06-15T15:57:47.034+0000] {dag.py:3096} INFO - Sync 1 DAGs
[2026-06-15T15:57:47.055+0000] {logging_mixin.py:188} INFO - [2026-06-15T15:57:47.055+0000] {dag.py:3954} INFO - Setting next_dagrun for example_params_trigger_ui to None, run_after=None
[2026-06-15T15:57:47.093+0000] {processor.py:183} INFO - Processing /home/airflow/.local/lib/python3.12/site-packages/airflow/example_dags/example_params_trigger_ui.py took 0.171 seconds
[2026-06-15T15:58:17.316+0000] {processor.py:161} INFO - Started process (PID=216) to work on /home/airflow/.local/lib/python3.12/site-packages/airflow/example_dags/example_params_trigger_ui.py
[2026-06-15T15:58:17.319+0000] {processor.py:830} INFO - Processing file /home/airflow/.local/lib/python3.12/site-packages/airflow/example_dags/example_params_trigger_ui.py for tasks to queue
[2026-06-15T15:58:17.324+0000] {logging_mixin.py:188} INFO - [2026-06-15T15:58:17.323+0000] {dagbag.py:545} INFO - Filling up the DagBag from /home/airflow/.local/lib/python3.12/site-packages/airflow/example_dags/example_params_trigger_ui.py
[2026-06-15T15:58:17.355+0000] {processor.py:840} INFO - DAG(s) 'example_params_trigger_ui' retrieved from /home/airflow/.local/lib/python3.12/site-packages/airflow/example_dags/example_params_trigger_ui.py
[2026-06-15T15:58:17.443+0000] {logging_mixin.py:188} INFO - [2026-06-15T15:58:17.442+0000] {dag.py:3096} INFO - Sync 1 DAGs
[2026-06-15T15:58:17.474+0000] {logging_mixin.py:188} INFO - [2026-06-15T15:58:17.474+0000] {dag.py:3954} INFO - Setting next_dagrun for example_params_trigger_ui to None, run_after=None
[2026-06-15T15:58:17.525+0000] {processor.py:183} INFO - Processing /home/airflow/.local/lib/python3.12/site-packages/airflow/example_dags/example_params_trigger_ui.py took 0.219 seconds
[2026-06-15T15:58:48.301+0000] {processor.py:161} INFO - Started process (PID=276) to work on /home/airflow/.local/lib/python3.12/site-packages/airflow/example_dags/example_params_trigger_ui.py
[2026-06-15T15:58:48.305+0000] {processor.py:830} INFO - Processing file /home/airflow/.local/lib/python3.12/site-packages/airflow/example_dags/example_params_trigger_ui.py for tasks to queue
[2026-06-15T15:58:48.310+0000] {logging_mixin.py:188} INFO - [2026-06-15T15:58:48.309+0000] {dagbag.py:545} INFO - Filling up the DagBag from /home/airflow/.local/lib/python3.12/site-packages/airflow/example_dags/example_params_trigger_ui.py
[2026-06-15T15:58:48.340+0000] {processor.py:840} INFO - DAG(s) 'example_params_trigger_ui' retrieved from /home/airflow/.local/lib/python3.12/site-packages/airflow/example_dags/example_params_trigger_ui.py
[2026-06-15T15:58:48.450+0000] {logging_mixin.py:188} INFO - [2026-06-15T15:58:48.450+0000] {dag.py:3096} INFO - Sync 1 DAGs
[2026-06-15T15:58:48.479+0000] {logging_mixin.py:188} INFO - [2026-06-15T15:58:48.479+0000] {dag.py:3954} INFO - Setting next_dagrun for example_params_trigger_ui to None, run_after=None
[2026-06-15T15:58:48.535+0000] {processor.py:183} INFO - Processing /home/airflow/.local/lib/python3.12/site-packages/airflow/example_dags/example_params_trigger_ui.py took 0.248 seconds
[2026-06-15T15:59:19.323+0000] {processor.py:161} INFO - Started process (PID=336) to work on /home/airflow/.local/lib/python3.12/site-packages/airflow/example_dags/example_params_trigger_ui.py
[2026-06-15T15:59:19.325+0000] {processor.py:830} INFO - Processing file /home/airflow/.local/lib/python3.12/site-packages/airflow/example_dags/example_params_trigger_ui.py for tasks to queue
[2026-06-15T15:59:19.329+0000] {logging_mixin.py:188} INFO - [2026-06-15T15:59:19.328+0000] {dagbag.py:545} INFO - Filling up the DagBag from /home/airflow/.local/lib/python3.12/site-packages/airflow/example_dags/example_params_trigger_ui.py
[2026-06-15T15:59:19.352+0000] {processor.py:840} INFO - DAG(s) 'example_params_trigger_ui' retrieved from /home/airflow/.local/lib/python3.12/site-packages/airflow/example_dags/example_params_trigger_ui.py
[2026-06-15T15:59:19.427+0000] {logging_mixin.py:188} INFO - [2026-06-15T15:59:19.426+0000] {dag.py:3096} INFO - Sync 1 DAGs
[2026-06-15T15:59:19.446+0000] {logging_mixin.py:188} INFO - [2026-06-15T15:59:19.446+0000] {dag.py:3954} INFO - Setting next_dagrun for example_params_trigger_ui to None, run_after=None
[2026-06-15T15:59:19.484+0000] {processor.py:183} INFO - Processing /home/airflow/.local/lib/python3.12/site-packages/airflow/example_dags/example_params_trigger_ui.py took 0.174 seconds
[2026-06-15T15:59:50.139+0000] {processor.py:161} INFO - Started process (PID=396) to work on /home/airflow/.local/lib/python3.12/site-packages/airflow/example_dags/example_params_trigger_ui.py
[2026-06-15T15:59:50.141+0000] {processor.py:830} INFO - Processing file /home/airflow/.local/lib/python3.12/site-packages/airflow/example_dags/example_params_trigger_ui.py for tasks to queue
[2026-06-15T15:59:50.145+0000] {logging_mixin.py:188} INFO - [2026-06-15T15:59:50.145+0000] {dagbag.py:545} INFO - Filling up the DagBag from /home/airflow/.local/lib/python3.12/site-packages/airflow/example_dags/example_params_trigger_ui.py
[2026-06-15T15:59:50.175+0000] {processor.py:840} INFO - DAG(s) 'example_params_trigger_ui' retrieved from /home/airflow/.local/lib/python3.12/site-packages/airflow/example_dags/example_params_trigger_ui.py
[2026-06-15T15:59:50.262+0000] {logging_mixin.py:188} INFO - [2026-06-15T15:59:50.262+0000] {dag.py:3096} INFO - Sync 1 DAGs
[2026-06-15T15:59:50.285+0000] {logging_mixin.py:188} INFO - [2026-06-15T15:59:50.285+0000] {dag.py:3954} INFO - Setting next_dagrun for example_params_trigger_ui to None, run_after=None
[2026-06-15T15:59:50.327+0000] {processor.py:183} INFO - Processing /home/airflow/.local/lib/python3.12/site-packages/airflow/example_dags/example_params_trigger_ui.py took 0.198 seconds
[2026-06-15T16:00:20.980+0000] {processor.py:161} INFO - Started process (PID=456) to work on /home/airflow/.local/lib/python3.12/site-packages/airflow/example_dags/example_params_trigger_ui.py
[2026-06-15T16:00:20.984+0000] {processor.py:830} INFO - Processing file /home/airflow/.local/lib/python3.12/site-packages/airflow/example_dags/example_params_trigger_ui.py for tasks to queue
[2026-06-15T16:00:20.987+0000] {logging_mixin.py:188} INFO - [2026-06-15T16:00:20.987+0000] {dagbag.py:545} INFO - Filling up the DagBag from /home/airflow/.local/lib/python3.12/site-packages/airflow/example_dags/example_params_trigger_ui.py
[2026-06-15T16:00:21.011+0000] {processor.py:840} INFO - DAG(s) 'example_params_trigger_ui' retrieved from /home/airflow/.local/lib/python3.12/site-packages/airflow/example_dags/example_params_trigger_ui.py
[2026-06-15T16:00:21.094+0000] {logging_mixin.py:188} INFO - [2026-06-15T16:00:21.094+0000] {dag.py:3096} INFO - Sync 1 DAGs
[2026-06-15T16:00:21.116+0000] {logging_mixin.py:188} INFO - [2026-06-15T16:00:21.115+0000] {dag.py:3954} INFO - Setting next_dagrun for example_params_trigger_ui to None, run_after=None
[2026-06-15T16:00:21.155+0000] {processor.py:183} INFO - Processing /home/airflow/.local/lib/python3.12/site-packages/airflow/example_dags/example_params_trigger_ui.py took 0.190 seconds
[2026-06-15T16:03:01.026+0000] {processor.py:161} INFO - Started process (PID=97) to work on /home/airflow/.local/lib/python3.12/site-packages/airflow/example_dags/example_params_trigger_ui.py
[2026-06-15T16:03:01.027+0000] {processor.py:830} INFO - Processing file /home/airflow/.local/lib/python3.12/site-packages/airflow/example_dags/example_params_trigger_ui.py for tasks to queue
[2026-06-15T16:03:01.032+0000] {logging_mixin.py:188} INFO - [2026-06-15T16:03:01.031+0000] {dagbag.py:545} INFO - Filling up the DagBag from /home/airflow/.local/lib/python3.12/site-packages/airflow/example_dags/example_params_trigger_ui.py
[2026-06-15T16:03:01.060+0000] {processor.py:840} INFO - DAG(s) 'example_params_trigger_ui' retrieved from /home/airflow/.local/lib/python3.12/site-packages/airflow/example_dags/example_params_trigger_ui.py
[2026-06-15T16:03:01.251+0000] {logging_mixin.py:188} INFO - [2026-06-15T16:03:01.251+0000] {dag.py:3096} INFO - Sync 1 DAGs
[2026-06-15T16:03:01.269+0000] {logging_mixin.py:188} INFO - [2026-06-15T16:03:01.269+0000] {dag.py:3954} INFO - Setting next_dagrun for example_params_trigger_ui to None, run_after=None
[2026-06-15T16:03:01.311+0000] {processor.py:183} INFO - Processing /home/airflow/.local/lib/python3.12/site-packages/airflow/example_dags/example_params_trigger_ui.py took 0.292 seconds
[2026-06-15T16:03:31.407+0000] {processor.py:161} INFO - Started process (PID=179) to work on /home/airflow/.local/lib/python3.12/site-packages/airflow/example_dags/example_params_trigger_ui.py
[2026-06-15T16:03:31.409+0000] {processor.py:830} INFO - Processing file /home/airflow/.local/lib/python3.12/site-packages/airflow/example_dags/example_params_trigger_ui.py for tasks to queue
[2026-06-15T16:03:31.413+0000] {logging_mixin.py:188} INFO - [2026-06-15T16:03:31.412+0000] {dagbag.py:545} INFO - Filling up the DagBag from /home/airflow/.local/lib/python3.12/site-packages/airflow/example_dags/example_params_trigger_ui.py
[2026-06-15T16:03:31.439+0000] {processor.py:840} INFO - DAG(s) 'example_params_trigger_ui' retrieved from /home/airflow/.local/lib/python3.12/site-packages/airflow/example_dags/example_params_trigger_ui.py
[2026-06-15T16:03:31.565+0000] {logging_mixin.py:188} INFO - [2026-06-15T16:03:31.564+0000] {dag.py:3096} INFO - Sync 1 DAGs
[2026-06-15T16:03:31.587+0000] {logging_mixin.py:188} INFO - [2026-06-15T16:03:31.587+0000] {dag.py:3954} INFO - Setting next_dagrun for example_params_trigger_ui to None, run_after=None
[2026-06-15T16:03:31.627+0000] {processor.py:183} INFO - Processing /home/airflow/.local/lib/python3.12/site-packages/airflow/example_dags/example_params_trigger_ui.py took 0.229 seconds
[2026-06-15T16:04:01.750+0000] {processor.py:161} INFO - Started process (PID=294) to work on /home/airflow/.local/lib/python3.12/site-packages/airflow/example_dags/example_params_trigger_ui.py
[2026-06-15T16:04:01.752+0000] {processor.py:830} INFO - Processing file /home/airflow/.local/lib/python3.12/site-packages/airflow/example_dags/example_params_trigger_ui.py for tasks to queue
[2026-06-15T16:04:01.756+0000] {logging_mixin.py:188} INFO - [2026-06-15T16:04:01.755+0000] {dagbag.py:545} INFO - Filling up the DagBag from /home/airflow/.local/lib/python3.12/site-packages/airflow/example_dags/example_params_trigger_ui.py
[2026-06-15T16:04:01.779+0000] {processor.py:840} INFO - DAG(s) 'example_params_trigger_ui' retrieved from /home/airflow/.local/lib/python3.12/site-packages/airflow/example_dags/example_params_trigger_ui.py
[2026-06-15T16:04:01.855+0000] {logging_mixin.py:188} INFO - [2026-06-15T16:04:01.854+0000] {dag.py:3096} INFO - Sync 1 DAGs
[2026-06-15T16:04:01.881+0000] {logging_mixin.py:188} INFO - [2026-06-15T16:04:01.881+0000] {dag.py:3954} INFO - Setting next_dagrun for example_params_trigger_ui to None, run_after=None
[2026-06-15T16:04:01.924+0000] {processor.py:183} INFO - Processing /home/airflow/.local/lib/python3.12/site-packages/airflow/example_dags/example_params_trigger_ui.py took 0.183 seconds
[2026-06-15T16:04:32.134+0000] {processor.py:161} INFO - Started process (PID=353) to work on /home/airflow/.local/lib/python3.12/site-packages/airflow/example_dags/example_params_trigger_ui.py
[2026-06-15T16:04:32.136+0000] {processor.py:830} INFO - Processing file /home/airflow/.local/lib/python3.12/site-packages/airflow/example_dags/example_params_trigger_ui.py for tasks to queue
[2026-06-15T16:04:32.141+0000] {logging_mixin.py:188} INFO - [2026-06-15T16:04:32.140+0000] {dagbag.py:545} INFO - Filling up the DagBag from /home/airflow/.local/lib/python3.12/site-packages/airflow/example_dags/example_params_trigger_ui.py
[2026-06-15T16:04:32.159+0000] {processor.py:840} INFO - DAG(s) 'example_params_trigger_ui' retrieved from /home/airflow/.local/lib/python3.12/site-packages/airflow/example_dags/example_params_trigger_ui.py
[2026-06-15T16:04:32.224+0000] {logging_mixin.py:188} INFO - [2026-06-15T16:04:32.224+0000] {dag.py:3096} INFO - Sync 1 DAGs
[2026-06-15T16:04:32.247+0000] {logging_mixin.py:188} INFO - [2026-06-15T16:04:32.246+0000] {dag.py:3954} INFO - Setting next_dagrun for example_params_trigger_ui to None, run_after=None
[2026-06-15T16:04:32.281+0000] {processor.py:183} INFO - Processing /home/airflow/.local/lib/python3.12/site-packages/airflow/example_dags/example_params_trigger_ui.py took 0.156 seconds
[2026-06-15T16:05:03.086+0000] {processor.py:161} INFO - Started process (PID=412) to work on /home/airflow/.local/lib/python3.12/site-packages/airflow/example_dags/example_params_trigger_ui.py
[2026-06-15T16:05:03.088+0000] {processor.py:830} INFO - Processing file /home/airflow/.local/lib/python3.12/site-packages/airflow/example_dags/example_params_trigger_ui.py for tasks to queue
[2026-06-15T16:05:03.091+0000] {logging_mixin.py:188} INFO - [2026-06-15T16:05:03.090+0000] {dagbag.py:545} INFO - Filling up the DagBag from /home/airflow/.local/lib/python3.12/site-packages/airflow/example_dags/example_params_trigger_ui.py
[2026-06-15T16:05:03.112+0000] {processor.py:840} INFO - DAG(s) 'example_params_trigger_ui' retrieved from /home/airflow/.local/lib/python3.12/site-packages/airflow/example_dags/example_params_trigger_ui.py
[2026-06-15T16:05:03.191+0000] {logging_mixin.py:188} INFO - [2026-06-15T16:05:03.190+0000] {dag.py:3096} INFO - Sync 1 DAGs
[2026-06-15T16:05:03.213+0000] {logging_mixin.py:188} INFO - [2026-06-15T16:05:03.213+0000] {dag.py:3954} INFO - Setting next_dagrun for example_params_trigger_ui to None, run_after=None
[2026-06-15T16:05:03.275+0000] {processor.py:183} INFO - Processing /home/airflow/.local/lib/python3.12/site-packages/airflow/example_dags/example_params_trigger_ui.py took 0.199 seconds
[2026-06-15T16:05:33.947+0000] {processor.py:161} INFO - Started process (PID=471) to work on /home/airflow/.local/lib/python3.12/site-packages/airflow/example_dags/example_params_trigger_ui.py
[2026-06-15T16:05:33.949+0000] {processor.py:830} INFO - Processing file /home/airflow/.local/lib/python3.12/site-packages/airflow/example_dags/example_params_trigger_ui.py for tasks to queue
[2026-06-15T16:05:33.953+0000] {logging_mixin.py:188} INFO - [2026-06-15T16:05:33.953+0000] {dagbag.py:545} INFO - Filling up the DagBag from /home/airflow/.local/lib/python3.12/site-packages/airflow/example_dags/example_params_trigger_ui.py
[2026-06-15T16:05:33.978+0000] {processor.py:840} INFO - DAG(s) 'example_params_trigger_ui' retrieved from /home/airflow/.local/lib/python3.12/site-packages/airflow/example_dags/example_params_trigger_ui.py
[2026-06-15T16:05:34.046+0000] {logging_mixin.py:188} INFO - [2026-06-15T16:05:34.045+0000] {dag.py:3096} INFO - Sync 1 DAGs
[2026-06-15T16:05:34.063+0000] {logging_mixin.py:188} INFO - [2026-06-15T16:05:34.063+0000] {dag.py:3954} INFO - Setting next_dagrun for example_params_trigger_ui to None, run_after=None
[2026-06-15T16:05:34.099+0000] {processor.py:183} INFO - Processing /home/airflow/.local/lib/python3.12/site-packages/airflow/example_dags/example_params_trigger_ui.py took 0.163 seconds
[2026-06-15T16:06:04.221+0000] {processor.py:161} INFO - Started process (PID=530) to work on /home/airflow/.local/lib/python3.12/site-packages/airflow/example_dags/example_params_trigger_ui.py
[2026-06-15T16:06:04.223+0000] {processor.py:830} INFO - Processing file /home/airflow/.local/lib/python3.12/site-packages/airflow/example_dags/example_params_trigger_ui.py for tasks to queue
[2026-06-15T16:06:04.225+0000] {logging_mixin.py:188} INFO - [2026-06-15T16:06:04.225+0000] {dagbag.py:545} INFO - Filling up the DagBag from /home/airflow/.local/lib/python3.12/site-packages/airflow/example_dags/example_params_trigger_ui.py
[2026-06-15T16:06:04.245+0000] {processor.py:840} INFO - DAG(s) 'example_params_trigger_ui' retrieved from /home/airflow/.local/lib/python3.12/site-packages/airflow/example_dags/example_params_trigger_ui.py
[2026-06-15T16:06:04.307+0000] {logging_mixin.py:188} INFO - [2026-06-15T16:06:04.307+0000] {dag.py:3096} INFO - Sync 1 DAGs
[2026-06-15T16:06:04.326+0000] {logging_mixin.py:188} INFO - [2026-06-15T16:06:04.326+0000] {dag.py:3954} INFO - Setting next_dagrun for example_params_trigger_ui to None, run_after=None
[2026-06-15T16:06:04.360+0000] {processor.py:183} INFO - Processing /home/airflow/.local/lib/python3.12/site-packages/airflow/example_dags/example_params_trigger_ui.py took 0.147 seconds
[2026-06-15T16:06:35.008+0000] {processor.py:161} INFO - Started process (PID=589) to work on /home/airflow/.local/lib/python3.12/site-packages/airflow/example_dags/example_params_trigger_ui.py
[2026-06-15T16:06:35.010+0000] {processor.py:830} INFO - Processing file /home/airflow/.local/lib/python3.12/site-packages/airflow/example_dags/example_params_trigger_ui.py for tasks to queue
[2026-06-15T16:06:35.013+0000] {logging_mixin.py:188} INFO - [2026-06-15T16:06:35.012+0000] {dagbag.py:545} INFO - Filling up the DagBag from /home/airflow/.local/lib/python3.12/site-packages/airflow/example_dags/example_params_trigger_ui.py
[2026-06-15T16:06:35.038+0000] {processor.py:840} INFO - DAG(s) 'example_params_trigger_ui' retrieved from /home/airflow/.local/lib/python3.12/site-packages/airflow/example_dags/example_params_trigger_ui.py
[2026-06-15T16:06:35.107+0000] {logging_mixin.py:188} INFO - [2026-06-15T16:06:35.106+0000] {dag.py:3096} INFO - Sync 1 DAGs
[2026-06-15T16:06:35.128+0000] {logging_mixin.py:188} INFO - [2026-06-15T16:06:35.128+0000] {dag.py:3954} INFO - Setting next_dagrun for example_params_trigger_ui to None, run_after=None
[2026-06-15T16:06:35.162+0000] {processor.py:183} INFO - Processing /home/airflow/.local/lib/python3.12/site-packages/airflow/example_dags/example_params_trigger_ui.py took 0.163 seconds
[2026-06-15T16:07:05.458+0000] {processor.py:161} INFO - Started process (PID=648) to work on /home/airflow/.local/lib/python3.12/site-packages/airflow/example_dags/example_params_trigger_ui.py
[2026-06-15T16:07:05.460+0000] {processor.py:830} INFO - Processing file /home/airflow/.local/lib/python3.12/site-packages/airflow/example_dags/example_params_trigger_ui.py for tasks to queue
[2026-06-15T16:07:05.463+0000] {logging_mixin.py:188} INFO - [2026-06-15T16:07:05.463+0000] {dagbag.py:545} INFO - Filling up the DagBag from /home/airflow/.local/lib/python3.12/site-packages/airflow/example_dags/example_params_trigger_ui.py
[2026-06-15T16:07:05.482+0000] {processor.py:840} INFO - DAG(s) 'example_params_trigger_ui' retrieved from /home/airflow/.local/lib/python3.12/site-packages/airflow/example_dags/example_params_trigger_ui.py
[2026-06-15T16:07:05.552+0000] {logging_mixin.py:188} INFO - [2026-06-15T16:07:05.551+0000] {dag.py:3096} INFO - Sync 1 DAGs
[2026-06-15T16:07:05.569+0000] {logging_mixin.py:188} INFO - [2026-06-15T16:07:05.569+0000] {dag.py:3954} INFO - Setting next_dagrun for example_params_trigger_ui to None, run_after=None
[2026-06-15T16:07:05.606+0000] {processor.py:183} INFO - Processing /home/airflow/.local/lib/python3.12/site-packages/airflow/example_dags/example_params_trigger_ui.py took 0.156 seconds
[2026-06-15T16:07:35.968+0000] {processor.py:161} INFO - Started process (PID=708) to work on /home/airflow/.local/lib/python3.12/site-packages/airflow/example_dags/example_params_trigger_ui.py
[2026-06-15T16:07:35.970+0000] {processor.py:830} INFO - Processing file /home/airflow/.local/lib/python3.12/site-packages/airflow/example_dags/example_params_trigger_ui.py for tasks to queue
[2026-06-15T16:07:35.973+0000] {logging_mixin.py:188} INFO - [2026-06-15T16:07:35.973+0000] {dagbag.py:545} INFO - Filling up the DagBag from /home/airflow/.local/lib/python3.12/site-packages/airflow/example_dags/example_params_trigger_ui.py
[2026-06-15T16:07:35.993+0000] {processor.py:840} INFO - DAG(s) 'example_params_trigger_ui' retrieved from /home/airflow/.local/lib/python3.12/site-packages/airflow/example_dags/example_params_trigger_ui.py
[2026-06-15T16:07:36.063+0000] {logging_mixin.py:188} INFO - [2026-06-15T16:07:36.062+0000] {dag.py:3096} INFO - Sync 1 DAGs
[2026-06-15T16:07:36.083+0000] {logging_mixin.py:188} INFO - [2026-06-15T16:07:36.083+0000] {dag.py:3954} INFO - Setting next_dagrun for example_params_trigger_ui to None, run_after=None
[2026-06-15T16:07:36.119+0000] {processor.py:183} INFO - Processing /home/airflow/.local/lib/python3.12/site-packages/airflow/example_dags/example_params_trigger_ui.py took 0.161 seconds
[2026-06-15T16:08:07.133+0000] {processor.py:161} INFO - Started process (PID=767) to work on /home/airflow/.local/lib/python3.12/site-packages/airflow/example_dags/example_params_trigger_ui.py
[2026-06-15T16:08:07.135+0000] {processor.py:830} INFO - Processing file /home/airflow/.local/lib/python3.12/site-packages/airflow/example_dags/example_params_trigger_ui.py for tasks to queue
[2026-06-15T16:08:07.138+0000] {logging_mixin.py:188} INFO - [2026-06-15T16:08:07.138+0000] {dagbag.py:545} INFO - Filling up the DagBag from /home/airflow/.local/lib/python3.12/site-packages/airflow/example_dags/example_params_trigger_ui.py
[2026-06-15T16:08:07.156+0000] {processor.py:840} INFO - DAG(s) 'example_params_trigger_ui' retrieved from /home/airflow/.local/lib/python3.12/site-packages/airflow/example_dags/example_params_trigger_ui.py
[2026-06-15T16:08:07.219+0000] {logging_mixin.py:188} INFO - [2026-06-15T16:08:07.218+0000] {dag.py:3096} INFO - Sync 1 DAGs
[2026-06-15T16:08:07.235+0000] {logging_mixin.py:188} INFO - [2026-06-15T16:08:07.235+0000] {dag.py:3954} INFO - Setting next_dagrun for example_params_trigger_ui to None, run_after=None
[2026-06-15T16:08:07.271+0000] {processor.py:183} INFO - Processing /home/airflow/.local/lib/python3.12/site-packages/airflow/example_dags/example_params_trigger_ui.py took 0.146 seconds
[2026-06-15T16:08:38.237+0000] {processor.py:161} INFO - Started process (PID=826) to work on /home/airflow/.local/lib/python3.12/site-packages/airflow/example_dags/example_params_trigger_ui.py
[2026-06-15T16:08:38.238+0000] {processor.py:830} INFO - Processing file /home/airflow/.local/lib/python3.12/site-packages/airflow/example_dags/example_params_trigger_ui.py for tasks to queue
[2026-06-15T16:08:38.242+0000] {logging_mixin.py:188} INFO - [2026-06-15T16:08:38.242+0000] {dagbag.py:545} INFO - Filling up the DagBag from /home/airflow/.local/lib/python3.12/site-packages/airflow/example_dags/example_params_trigger_ui.py
[2026-06-15T16:08:38.267+0000] {processor.py:840} INFO - DAG(s) 'example_params_trigger_ui' retrieved from /home/airflow/.local/lib/python3.12/site-packages/airflow/example_dags/example_params_trigger_ui.py
[2026-06-15T16:08:38.350+0000] {logging_mixin.py:188} INFO - [2026-06-15T16:08:38.350+0000] {dag.py:3096} INFO - Sync 1 DAGs
[2026-06-15T16:08:38.378+0000] {logging_mixin.py:188} INFO - [2026-06-15T16:08:38.377+0000] {dag.py:3954} INFO - Setting next_dagrun for example_params_trigger_ui to None, run_after=None
[2026-06-15T16:08:38.415+0000] {processor.py:183} INFO - Processing /home/airflow/.local/lib/python3.12/site-packages/airflow/example_dags/example_params_trigger_ui.py took 0.186 seconds
[2026-06-15T16:09:08.764+0000] {processor.py:161} INFO - Started process (PID=885) to work on /home/airflow/.local/lib/python3.12/site-packages/airflow/example_dags/example_params_trigger_ui.py
[2026-06-15T16:09:08.766+0000] {processor.py:830} INFO - Processing file /home/airflow/.local/lib/python3.12/site-packages/airflow/example_dags/example_params_trigger_ui.py for tasks to queue
[2026-06-15T16:09:08.770+0000] {logging_mixin.py:188} INFO - [2026-06-15T16:09:08.770+0000] {dagbag.py:545} INFO - Filling up the DagBag from /home/airflow/.local/lib/python3.12/site-packages/airflow/example_dags/example_params_trigger_ui.py
[2026-06-15T16:09:08.795+0000] {processor.py:840} INFO - DAG(s) 'example_params_trigger_ui' retrieved from /home/airflow/.local/lib/python3.12/site-packages/airflow/example_dags/example_params_trigger_ui.py
[2026-06-15T16:09:08.868+0000] {logging_mixin.py:188} INFO - [2026-06-15T16:09:08.868+0000] {dag.py:3096} INFO - Sync 1 DAGs
[2026-06-15T16:09:08.887+0000] {logging_mixin.py:188} INFO - [2026-06-15T16:09:08.886+0000] {dag.py:3954} INFO - Setting next_dagrun for example_params_trigger_ui to None, run_after=None
[2026-06-15T16:09:08.925+0000] {processor.py:183} INFO - Processing /home/airflow/.local/lib/python3.12/site-packages/airflow/example_dags/example_params_trigger_ui.py took 0.176 seconds
[2026-06-15T16:09:39.356+0000] {processor.py:161} INFO - Started process (PID=944) to work on /home/airflow/.local/lib/python3.12/site-packages/airflow/example_dags/example_params_trigger_ui.py
[2026-06-15T16:09:39.359+0000] {processor.py:830} INFO - Processing file /home/airflow/.local/lib/python3.12/site-packages/airflow/example_dags/example_params_trigger_ui.py for tasks to queue
[2026-06-15T16:09:39.363+0000] {logging_mixin.py:188} INFO - [2026-06-15T16:09:39.362+0000] {dagbag.py:545} INFO - Filling up the DagBag from /home/airflow/.local/lib/python3.12/site-packages/airflow/example_dags/example_params_trigger_ui.py
[2026-06-15T16:09:39.381+0000] {processor.py:840} INFO - DAG(s) 'example_params_trigger_ui' retrieved from /home/airflow/.local/lib/python3.12/site-packages/airflow/example_dags/example_params_trigger_ui.py
[2026-06-15T16:09:39.501+0000] {logging_mixin.py:188} INFO - [2026-06-15T16:09:39.501+0000] {dag.py:3096} INFO - Sync 1 DAGs
[2026-06-15T16:09:39.525+0000] {logging_mixin.py:188} INFO - [2026-06-15T16:09:39.524+0000] {dag.py:3954} INFO - Setting next_dagrun for example_params_trigger_ui to None, run_after=None
[2026-06-15T16:09:39.631+0000] {processor.py:183} INFO - Processing /home/airflow/.local/lib/python3.12/site-packages/airflow/example_dags/example_params_trigger_ui.py took 0.282 seconds
[2026-06-15T16:10:10.393+0000] {processor.py:161} INFO - Started process (PID=1003) to work on /home/airflow/.local/lib/python3.12/site-packages/airflow/example_dags/example_params_trigger_ui.py
[2026-06-15T16:10:10.395+0000] {processor.py:830} INFO - Processing file /home/airflow/.local/lib/python3.12/site-packages/airflow/example_dags/example_params_trigger_ui.py for tasks to queue
[2026-06-15T16:10:10.398+0000] {logging_mixin.py:188} INFO - [2026-06-15T16:10:10.397+0000] {dagbag.py:545} INFO - Filling up the DagBag from /home/airflow/.local/lib/python3.12/site-packages/airflow/example_dags/example_params_trigger_ui.py
[2026-06-15T16:10:10.421+0000] {processor.py:840} INFO - DAG(s) 'example_params_trigger_ui' retrieved from /home/airflow/.local/lib/python3.12/site-packages/airflow/example_dags/example_params_trigger_ui.py
[2026-06-15T16:10:10.480+0000] {logging_mixin.py:188} INFO - [2026-06-15T16:10:10.479+0000] {dag.py:3096} INFO - Sync 1 DAGs
[2026-06-15T16:10:10.499+0000] {logging_mixin.py:188} INFO - [2026-06-15T16:10:10.499+0000] {dag.py:3954} INFO - Setting next_dagrun for example_params_trigger_ui to None, run_after=None
[2026-06-15T16:10:10.533+0000] {processor.py:183} INFO - Processing /home/airflow/.local/lib/python3.12/site-packages/airflow/example_dags/example_params_trigger_ui.py took 0.148 seconds
[2026-06-15T16:10:40.872+0000] {processor.py:161} INFO - Started process (PID=1062) to work on /home/airflow/.local/lib/python3.12/site-packages/airflow/example_dags/example_params_trigger_ui.py
[2026-06-15T16:10:40.874+0000] {processor.py:830} INFO - Processing file /home/airflow/.local/lib/python3.12/site-packages/airflow/example_dags/example_params_trigger_ui.py for tasks to queue
[2026-06-15T16:10:40.877+0000] {logging_mixin.py:188} INFO - [2026-06-15T16:10:40.877+0000] {dagbag.py:545} INFO - Filling up the DagBag from /home/airflow/.local/lib/python3.12/site-packages/airflow/example_dags/example_params_trigger_ui.py
[2026-06-15T16:10:40.896+0000] {processor.py:840} INFO - DAG(s) 'example_params_trigger_ui' retrieved from /home/airflow/.local/lib/python3.12/site-packages/airflow/example_dags/example_params_trigger_ui.py
[2026-06-15T16:10:40.961+0000] {logging_mixin.py:188} INFO - [2026-06-15T16:10:40.961+0000] {dag.py:3096} INFO - Sync 1 DAGs
[2026-06-15T16:10:40.980+0000] {logging_mixin.py:188} INFO - [2026-06-15T16:10:40.979+0000] {dag.py:3954} INFO - Setting next_dagrun for example_params_trigger_ui to None, run_after=None
[2026-06-15T16:10:41.010+0000] {processor.py:183} INFO - Processing /home/airflow/.local/lib/python3.12/site-packages/airflow/example_dags/example_params_trigger_ui.py took 0.146 seconds
[2026-06-15T16:11:11.299+0000] {processor.py:161} INFO - Started process (PID=1121) to work on /home/airflow/.local/lib/python3.12/site-packages/airflow/example_dags/example_params_trigger_ui.py
[2026-06-15T16:11:11.301+0000] {processor.py:830} INFO - Processing file /home/airflow/.local/lib/python3.12/site-packages/airflow/example_dags/example_params_trigger_ui.py for tasks to queue
[2026-06-15T16:11:11.307+0000] {logging_mixin.py:188} INFO - [2026-06-15T16:11:11.306+0000] {dagbag.py:545} INFO - Filling up the DagBag from /home/airflow/.local/lib/python3.12/site-packages/airflow/example_dags/example_params_trigger_ui.py
[2026-06-15T16:11:11.334+0000] {processor.py:840} INFO - DAG(s) 'example_params_trigger_ui' retrieved from /home/airflow/.local/lib/python3.12/site-packages/airflow/example_dags/example_params_trigger_ui.py
[2026-06-15T16:11:11.417+0000] {logging_mixin.py:188} INFO - [2026-06-15T16:11:11.417+0000] {dag.py:3096} INFO - Sync 1 DAGs
[2026-06-15T16:11:11.438+0000] {logging_mixin.py:188} INFO - [2026-06-15T16:11:11.438+0000] {dag.py:3954} INFO - Setting next_dagrun for example_params_trigger_ui to None, run_after=None
[2026-06-15T16:11:11.475+0000] {processor.py:183} INFO - Processing /home/airflow/.local/lib/python3.12/site-packages/airflow/example_dags/example_params_trigger_ui.py took 0.190 seconds
[2026-06-15T16:11:42.176+0000] {processor.py:161} INFO - Started process (PID=1180) to work on /home/airflow/.local/lib/python3.12/site-packages/airflow/example_dags/example_params_trigger_ui.py
[2026-06-15T16:11:42.178+0000] {processor.py:830} INFO - Processing file /home/airflow/.local/lib/python3.12/site-packages/airflow/example_dags/example_params_trigger_ui.py for tasks to queue
[2026-06-15T16:11:42.182+0000] {logging_mixin.py:188} INFO - [2026-06-15T16:11:42.181+0000] {dagbag.py:545} INFO - Filling up the DagBag from /home/airflow/.local/lib/python3.12/site-packages/airflow/example_dags/example_params_trigger_ui.py
[2026-06-15T16:11:42.206+0000] {processor.py:840} INFO - DAG(s) 'example_params_trigger_ui' retrieved from /home/airflow/.local/lib/python3.12/site-packages/airflow/example_dags/example_params_trigger_ui.py
[2026-06-15T16:11:42.278+0000] {logging_mixin.py:188} INFO - [2026-06-15T16:11:42.277+0000] {dag.py:3096} INFO - Sync 1 DAGs
[2026-06-15T16:11:42.298+0000] {logging_mixin.py:188} INFO - [2026-06-15T16:11:42.298+0000] {dag.py:3954} INFO - Setting next_dagrun for example_params_trigger_ui to None, run_after=None
[2026-06-15T16:11:42.330+0000] {processor.py:183} INFO - Processing /home/airflow/.local/lib/python3.12/site-packages/airflow/example_dags/example_params_trigger_ui.py took 0.162 seconds
[2026-06-15T16:12:12.461+0000] {processor.py:161} INFO - Started process (PID=1240) to work on /home/airflow/.local/lib/python3.12/site-packages/airflow/example_dags/example_params_trigger_ui.py
[2026-06-15T16:12:12.463+0000] {processor.py:830} INFO - Processing file /home/airflow/.local/lib/python3.12/site-packages/airflow/example_dags/example_params_trigger_ui.py for tasks to queue
[2026-06-15T16:12:12.467+0000] {logging_mixin.py:188} INFO - [2026-06-15T16:12:12.467+0000] {dagbag.py:545} INFO - Filling up the DagBag from /home/airflow/.local/lib/python3.12/site-packages/airflow/example_dags/example_params_trigger_ui.py
[2026-06-15T16:12:12.494+0000] {processor.py:840} INFO - DAG(s) 'example_params_trigger_ui' retrieved from /home/airflow/.local/lib/python3.12/site-packages/airflow/example_dags/example_params_trigger_ui.py
[2026-06-15T16:12:12.577+0000] {logging_mixin.py:188} INFO - [2026-06-15T16:12:12.576+0000] {dag.py:3096} INFO - Sync 1 DAGs
[2026-06-15T16:12:12.600+0000] {logging_mixin.py:188} INFO - [2026-06-15T16:12:12.599+0000] {dag.py:3954} INFO - Setting next_dagrun for example_params_trigger_ui to None, run_after=None
[2026-06-15T16:12:12.641+0000] {processor.py:183} INFO - Processing /home/airflow/.local/lib/python3.12/site-packages/airflow/example_dags/example_params_trigger_ui.py took 0.189 seconds
[2026-06-15T16:12:42.826+0000] {processor.py:161} INFO - Started process (PID=1298) to work on /home/airflow/.local/lib/python3.12/site-packages/airflow/example_dags/example_params_trigger_ui.py
[2026-06-15T16:12:42.828+0000] {processor.py:830} INFO - Processing file /home/airflow/.local/lib/python3.12/site-packages/airflow/example_dags/example_params_trigger_ui.py for tasks to queue
[2026-06-15T16:12:42.832+0000] {logging_mixin.py:188} INFO - [2026-06-15T16:12:42.831+0000] {dagbag.py:545} INFO - Filling up the DagBag from /home/airflow/.local/lib/python3.12/site-packages/airflow/example_dags/example_params_trigger_ui.py
[2026-06-15T16:12:42.850+0000] {processor.py:840} INFO - DAG(s) 'example_params_trigger_ui' retrieved from /home/airflow/.local/lib/python3.12/site-packages/airflow/example_dags/example_params_trigger_ui.py
[2026-06-15T16:12:42.920+0000] {logging_mixin.py:188} INFO - [2026-06-15T16:12:42.919+0000] {dag.py:3096} INFO - Sync 1 DAGs
[2026-06-15T16:12:42.944+0000] {logging_mixin.py:188} INFO - [2026-06-15T16:12:42.944+0000] {dag.py:3954} INFO - Setting next_dagrun for example_params_trigger_ui to None, run_after=None
[2026-06-15T16:12:42.986+0000] {processor.py:183} INFO - Processing /home/airflow/.local/lib/python3.12/site-packages/airflow/example_dags/example_params_trigger_ui.py took 0.168 seconds
[2026-06-15T16:13:13.858+0000] {processor.py:161} INFO - Started process (PID=1357) to work on /home/airflow/.local/lib/python3.12/site-packages/airflow/example_dags/example_params_trigger_ui.py
[2026-06-15T16:13:13.860+0000] {processor.py:830} INFO - Processing file /home/airflow/.local/lib/python3.12/site-packages/airflow/example_dags/example_params_trigger_ui.py for tasks to queue
[2026-06-15T16:13:13.864+0000] {logging_mixin.py:188} INFO - [2026-06-15T16:13:13.863+0000] {dagbag.py:545} INFO - Filling up the DagBag from /home/airflow/.local/lib/python3.12/site-packages/airflow/example_dags/example_params_trigger_ui.py
[2026-06-15T16:13:13.887+0000] {processor.py:840} INFO - DAG(s) 'example_params_trigger_ui' retrieved from /home/airflow/.local/lib/python3.12/site-packages/airflow/example_dags/example_params_trigger_ui.py
[2026-06-15T16:13:13.958+0000] {logging_mixin.py:188} INFO - [2026-06-15T16:13:13.958+0000] {dag.py:3096} INFO - Sync 1 DAGs
[2026-06-15T16:13:13.978+0000] {logging_mixin.py:188} INFO - [2026-06-15T16:13:13.977+0000] {dag.py:3954} INFO - Setting next_dagrun for example_params_trigger_ui to None, run_after=None
[2026-06-15T16:13:14.015+0000] {processor.py:183} INFO - Processing /home/airflow/.local/lib/python3.12/site-packages/airflow/example_dags/example_params_trigger_ui.py took 0.166 seconds
[2026-06-15T16:13:44.391+0000] {processor.py:161} INFO - Started process (PID=1416) to work on /home/airflow/.local/lib/python3.12/site-packages/airflow/example_dags/example_params_trigger_ui.py
[2026-06-15T16:13:44.393+0000] {processor.py:830} INFO - Processing file /home/airflow/.local/lib/python3.12/site-packages/airflow/example_dags/example_params_trigger_ui.py for tasks to queue
[2026-06-15T16:13:44.398+0000] {logging_mixin.py:188} INFO - [2026-06-15T16:13:44.397+0000] {dagbag.py:545} INFO - Filling up the DagBag from /home/airflow/.local/lib/python3.12/site-packages/airflow/example_dags/example_params_trigger_ui.py
[2026-06-15T16:13:44.429+0000] {processor.py:840} INFO - DAG(s) 'example_params_trigger_ui' retrieved from /home/airflow/.local/lib/python3.12/site-packages/airflow/example_dags/example_params_trigger_ui.py
[2026-06-15T16:13:44.524+0000] {logging_mixin.py:188} INFO - [2026-06-15T16:13:44.523+0000] {dag.py:3096} INFO - Sync 1 DAGs
[2026-06-15T16:13:44.550+0000] {logging_mixin.py:188} INFO - [2026-06-15T16:13:44.549+0000] {dag.py:3954} INFO - Setting next_dagrun for example_params_trigger_ui to None, run_after=None
[2026-06-15T16:13:44.591+0000] {processor.py:183} INFO - Processing /home/airflow/.local/lib/python3.12/site-packages/airflow/example_dags/example_params_trigger_ui.py took 0.211 seconds
[2026-06-15T16:14:15.121+0000] {processor.py:161} INFO - Started process (PID=1475) to work on /home/airflow/.local/lib/python3.12/site-packages/airflow/example_dags/example_params_trigger_ui.py
[2026-06-15T16:14:15.123+0000] {processor.py:830} INFO - Processing file /home/airflow/.local/lib/python3.12/site-packages/airflow/example_dags/example_params_trigger_ui.py for tasks to queue
[2026-06-15T16:14:15.126+0000] {logging_mixin.py:188} INFO - [2026-06-15T16:14:15.125+0000] {dagbag.py:545} INFO - Filling up the DagBag from /home/airflow/.local/lib/python3.12/site-packages/airflow/example_dags/example_params_trigger_ui.py
[2026-06-15T16:14:15.147+0000] {processor.py:840} INFO - DAG(s) 'example_params_trigger_ui' retrieved from /home/airflow/.local/lib/python3.12/site-packages/airflow/example_dags/example_params_trigger_ui.py
[2026-06-15T16:14:15.216+0000] {logging_mixin.py:188} INFO - [2026-06-15T16:14:15.215+0000] {dag.py:3096} INFO - Sync 1 DAGs
[2026-06-15T16:14:15.240+0000] {logging_mixin.py:188} INFO - [2026-06-15T16:14:15.239+0000] {dag.py:3954} INFO - Setting next_dagrun for example_params_trigger_ui to None, run_after=None
[2026-06-15T16:14:15.276+0000] {processor.py:183} INFO - Processing /home/airflow/.local/lib/python3.12/site-packages/airflow/example_dags/example_params_trigger_ui.py took 0.162 seconds
[2026-06-15T16:14:45.511+0000] {processor.py:161} INFO - Started process (PID=1534) to work on /home/airflow/.local/lib/python3.12/site-packages/airflow/example_dags/example_params_trigger_ui.py
[2026-06-15T16:14:45.514+0000] {processor.py:830} INFO - Processing file /home/airflow/.local/lib/python3.12/site-packages/airflow/example_dags/example_params_trigger_ui.py for tasks to queue
[2026-06-15T16:14:45.520+0000] {logging_mixin.py:188} INFO - [2026-06-15T16:14:45.520+0000] {dagbag.py:545} INFO - Filling up the DagBag from /home/airflow/.local/lib/python3.12/site-packages/airflow/example_dags/example_params_trigger_ui.py
[2026-06-15T16:14:45.562+0000] {processor.py:840} INFO - DAG(s) 'example_params_trigger_ui' retrieved from /home/airflow/.local/lib/python3.12/site-packages/airflow/example_dags/example_params_trigger_ui.py
[2026-06-15T16:14:45.644+0000] {logging_mixin.py:188} INFO - [2026-06-15T16:14:45.643+0000] {dag.py:3096} INFO - Sync 1 DAGs
[2026-06-15T16:14:45.662+0000] {logging_mixin.py:188} INFO - [2026-06-15T16:14:45.661+0000] {dag.py:3954} INFO - Setting next_dagrun for example_params_trigger_ui to None, run_after=None
[2026-06-15T16:14:45.696+0000] {processor.py:183} INFO - Processing /home/airflow/.local/lib/python3.12/site-packages/airflow/example_dags/example_params_trigger_ui.py took 0.198 seconds
[2026-06-15T16:15:15.949+0000] {processor.py:161} INFO - Started process (PID=1594) to work on /home/airflow/.local/lib/python3.12/site-packages/airflow/example_dags/example_params_trigger_ui.py
[2026-06-15T16:15:15.951+0000] {processor.py:830} INFO - Processing file /home/airflow/.local/lib/python3.12/site-packages/airflow/example_dags/example_params_trigger_ui.py for tasks to queue
[2026-06-15T16:15:15.954+0000] {logging_mixin.py:188} INFO - [2026-06-15T16:15:15.953+0000] {dagbag.py:545} INFO - Filling up the DagBag from /home/airflow/.local/lib/python3.12/site-packages/airflow/example_dags/example_params_trigger_ui.py
[2026-06-15T16:15:15.981+0000] {processor.py:840} INFO - DAG(s) 'example_params_trigger_ui' retrieved from /home/airflow/.local/lib/python3.12/site-packages/airflow/example_dags/example_params_trigger_ui.py
[2026-06-15T16:15:16.047+0000] {logging_mixin.py:188} INFO - [2026-06-15T16:15:16.046+0000] {dag.py:3096} INFO - Sync 1 DAGs
[2026-06-15T16:15:16.064+0000] {logging_mixin.py:188} INFO - [2026-06-15T16:15:16.064+0000] {dag.py:3954} INFO - Setting next_dagrun for example_params_trigger_ui to None, run_after=None
[2026-06-15T16:15:16.098+0000] {processor.py:183} INFO - Processing /home/airflow/.local/lib/python3.12/site-packages/airflow/example_dags/example_params_trigger_ui.py took 0.159 seconds
[2026-06-15T16:15:46.582+0000] {processor.py:161} INFO - Started process (PID=1652) to work on /home/airflow/.local/lib/python3.12/site-packages/airflow/example_dags/example_params_trigger_ui.py
[2026-06-15T16:15:46.584+0000] {processor.py:830} INFO - Processing file /home/airflow/.local/lib/python3.12/site-packages/airflow/example_dags/example_params_trigger_ui.py for tasks to queue
[2026-06-15T16:15:46.589+0000] {logging_mixin.py:188} INFO - [2026-06-15T16:15:46.588+0000] {dagbag.py:545} INFO - Filling up the DagBag from /home/airflow/.local/lib/python3.12/site-packages/airflow/example_dags/example_params_trigger_ui.py
[2026-06-15T16:15:46.608+0000] {processor.py:840} INFO - DAG(s) 'example_params_trigger_ui' retrieved from /home/airflow/.local/lib/python3.12/site-packages/airflow/example_dags/example_params_trigger_ui.py
[2026-06-15T16:15:46.861+0000] {logging_mixin.py:188} INFO - [2026-06-15T16:15:46.861+0000] {dag.py:3096} INFO - Sync 1 DAGs
[2026-06-15T16:15:46.878+0000] {logging_mixin.py:188} INFO - [2026-06-15T16:15:46.877+0000] {dag.py:3954} INFO - Setting next_dagrun for example_params_trigger_ui to None, run_after=None
[2026-06-15T16:15:46.909+0000] {processor.py:183} INFO - Processing /home/airflow/.local/lib/python3.12/site-packages/airflow/example_dags/example_params_trigger_ui.py took 0.337 seconds
[2026-06-15T16:16:17.830+0000] {processor.py:161} INFO - Started process (PID=1712) to work on /home/airflow/.local/lib/python3.12/site-packages/airflow/example_dags/example_params_trigger_ui.py
[2026-06-15T16:16:17.832+0000] {processor.py:830} INFO - Processing file /home/airflow/.local/lib/python3.12/site-packages/airflow/example_dags/example_params_trigger_ui.py for tasks to queue
[2026-06-15T16:16:17.836+0000] {logging_mixin.py:188} INFO - [2026-06-15T16:16:17.836+0000] {dagbag.py:545} INFO - Filling up the DagBag from /home/airflow/.local/lib/python3.12/site-packages/airflow/example_dags/example_params_trigger_ui.py
[2026-06-15T16:16:17.855+0000] {processor.py:840} INFO - DAG(s) 'example_params_trigger_ui' retrieved from /home/airflow/.local/lib/python3.12/site-packages/airflow/example_dags/example_params_trigger_ui.py
[2026-06-15T16:16:17.920+0000] {logging_mixin.py:188} INFO - [2026-06-15T16:16:17.920+0000] {dag.py:3096} INFO - Sync 1 DAGs
[2026-06-15T16:16:17.944+0000] {logging_mixin.py:188} INFO - [2026-06-15T16:16:17.943+0000] {dag.py:3954} INFO - Setting next_dagrun for example_params_trigger_ui to None, run_after=None
[2026-06-15T16:16:17.979+0000] {processor.py:183} INFO - Processing /home/airflow/.local/lib/python3.12/site-packages/airflow/example_dags/example_params_trigger_ui.py took 0.159 seconds
[2026-06-15T16:16:48.236+0000] {processor.py:161} INFO - Started process (PID=1771) to work on /home/airflow/.local/lib/python3.12/site-packages/airflow/example_dags/example_params_trigger_ui.py
[2026-06-15T16:16:48.238+0000] {processor.py:830} INFO - Processing file /home/airflow/.local/lib/python3.12/site-packages/airflow/example_dags/example_params_trigger_ui.py for tasks to queue
[2026-06-15T16:16:48.243+0000] {logging_mixin.py:188} INFO - [2026-06-15T16:16:48.242+0000] {dagbag.py:545} INFO - Filling up the DagBag from /home/airflow/.local/lib/python3.12/site-packages/airflow/example_dags/example_params_trigger_ui.py
[2026-06-15T16:16:48.265+0000] {processor.py:840} INFO - DAG(s) 'example_params_trigger_ui' retrieved from /home/airflow/.local/lib/python3.12/site-packages/airflow/example_dags/example_params_trigger_ui.py
[2026-06-15T16:16:48.324+0000] {logging_mixin.py:188} INFO - [2026-06-15T16:16:48.323+0000] {dag.py:3096} INFO - Sync 1 DAGs
[2026-06-15T16:16:48.344+0000] {logging_mixin.py:188} INFO - [2026-06-15T16:16:48.343+0000] {dag.py:3954} INFO - Setting next_dagrun for example_params_trigger_ui to None, run_after=None
[2026-06-15T16:16:48.379+0000] {processor.py:183} INFO - Processing /home/airflow/.local/lib/python3.12/site-packages/airflow/example_dags/example_params_trigger_ui.py took 0.151 seconds
[2026-06-15T16:17:18.858+0000] {processor.py:161} INFO - Started process (PID=1831) to work on /home/airflow/.local/lib/python3.12/site-packages/airflow/example_dags/example_params_trigger_ui.py
[2026-06-15T16:17:18.860+0000] {processor.py:830} INFO - Processing file /home/airflow/.local/lib/python3.12/site-packages/airflow/example_dags/example_params_trigger_ui.py for tasks to queue
[2026-06-15T16:17:18.864+0000] {logging_mixin.py:188} INFO - [2026-06-15T16:17:18.863+0000] {dagbag.py:545} INFO - Filling up the DagBag from /home/airflow/.local/lib/python3.12/site-packages/airflow/example_dags/example_params_trigger_ui.py
[2026-06-15T16:17:18.882+0000] {processor.py:840} INFO - DAG(s) 'example_params_trigger_ui' retrieved from /home/airflow/.local/lib/python3.12/site-packages/airflow/example_dags/example_params_trigger_ui.py
[2026-06-15T16:17:18.943+0000] {logging_mixin.py:188} INFO - [2026-06-15T16:17:18.942+0000] {dag.py:3096} INFO - Sync 1 DAGs
[2026-06-15T16:17:18.960+0000] {logging_mixin.py:188} INFO - [2026-06-15T16:17:18.960+0000] {dag.py:3954} INFO - Setting next_dagrun for example_params_trigger_ui to None, run_after=None
[2026-06-15T16:17:18.993+0000] {processor.py:183} INFO - Processing /home/airflow/.local/lib/python3.12/site-packages/airflow/example_dags/example_params_trigger_ui.py took 0.144 seconds
[2026-06-15T16:17:49.442+0000] {processor.py:161} INFO - Started process (PID=1890) to work on /home/airflow/.local/lib/python3.12/site-packages/airflow/example_dags/example_params_trigger_ui.py
[2026-06-15T16:17:49.444+0000] {processor.py:830} INFO - Processing file /home/airflow/.local/lib/python3.12/site-packages/airflow/example_dags/example_params_trigger_ui.py for tasks to queue
[2026-06-15T16:17:49.450+0000] {logging_mixin.py:188} INFO - [2026-06-15T16:17:49.449+0000] {dagbag.py:545} INFO - Filling up the DagBag from /home/airflow/.local/lib/python3.12/site-packages/airflow/example_dags/example_params_trigger_ui.py
[2026-06-15T16:17:49.478+0000] {processor.py:840} INFO - DAG(s) 'example_params_trigger_ui' retrieved from /home/airflow/.local/lib/python3.12/site-packages/airflow/example_dags/example_params_trigger_ui.py
[2026-06-15T16:17:49.567+0000] {logging_mixin.py:188} INFO - [2026-06-15T16:17:49.566+0000] {dag.py:3096} INFO - Sync 1 DAGs
[2026-06-15T16:17:49.600+0000] {logging_mixin.py:188} INFO - [2026-06-15T16:17:49.599+0000] {dag.py:3954} INFO - Setting next_dagrun for example_params_trigger_ui to None, run_after=None
[2026-06-15T16:17:49.649+0000] {processor.py:183} INFO - Processing /home/airflow/.local/lib/python3.12/site-packages/airflow/example_dags/example_params_trigger_ui.py took 0.220 seconds
[2026-06-15T16:18:20.098+0000] {processor.py:161} INFO - Started process (PID=1949) to work on /home/airflow/.local/lib/python3.12/site-packages/airflow/example_dags/example_params_trigger_ui.py
[2026-06-15T16:18:20.100+0000] {processor.py:830} INFO - Processing file /home/airflow/.local/lib/python3.12/site-packages/airflow/example_dags/example_params_trigger_ui.py for tasks to queue
[2026-06-15T16:18:20.103+0000] {logging_mixin.py:188} INFO - [2026-06-15T16:18:20.103+0000] {dagbag.py:545} INFO - Filling up the DagBag from /home/airflow/.local/lib/python3.12/site-packages/airflow/example_dags/example_params_trigger_ui.py
[2026-06-15T16:18:20.125+0000] {processor.py:840} INFO - DAG(s) 'example_params_trigger_ui' retrieved from /home/airflow/.local/lib/python3.12/site-packages/airflow/example_dags/example_params_trigger_ui.py
[2026-06-15T16:18:20.219+0000] {logging_mixin.py:188} INFO - [2026-06-15T16:18:20.219+0000] {dag.py:3096} INFO - Sync 1 DAGs
[2026-06-15T16:18:20.242+0000] {logging_mixin.py:188} INFO - [2026-06-15T16:18:20.241+0000] {dag.py:3954} INFO - Setting next_dagrun for example_params_trigger_ui to None, run_after=None
[2026-06-15T16:18:20.283+0000] {processor.py:183} INFO - Processing /home/airflow/.local/lib/python3.12/site-packages/airflow/example_dags/example_params_trigger_ui.py took 0.196 seconds
[2026-06-15T16:18:50.824+0000] {processor.py:161} INFO - Started process (PID=2008) to work on /home/airflow/.local/lib/python3.12/site-packages/airflow/example_dags/example_params_trigger_ui.py
[2026-06-15T16:18:50.827+0000] {processor.py:830} INFO - Processing file /home/airflow/.local/lib/python3.12/site-packages/airflow/example_dags/example_params_trigger_ui.py for tasks to queue
[2026-06-15T16:18:50.833+0000] {logging_mixin.py:188} INFO - [2026-06-15T16:18:50.831+0000] {dagbag.py:545} INFO - Filling up the DagBag from /home/airflow/.local/lib/python3.12/site-packages/airflow/example_dags/example_params_trigger_ui.py
[2026-06-15T16:18:50.867+0000] {processor.py:840} INFO - DAG(s) 'example_params_trigger_ui' retrieved from /home/airflow/.local/lib/python3.12/site-packages/airflow/example_dags/example_params_trigger_ui.py
[2026-06-15T16:18:50.962+0000] {logging_mixin.py:188} INFO - [2026-06-15T16:18:50.962+0000] {dag.py:3096} INFO - Sync 1 DAGs
[2026-06-15T16:18:50.997+0000] {logging_mixin.py:188} INFO - [2026-06-15T16:18:50.997+0000] {dag.py:3954} INFO - Setting next_dagrun for example_params_trigger_ui to None, run_after=None
[2026-06-15T16:18:51.054+0000] {processor.py:183} INFO - Processing /home/airflow/.local/lib/python3.12/site-packages/airflow/example_dags/example_params_trigger_ui.py took 0.246 seconds
[2026-06-15T16:19:21.322+0000] {processor.py:161} INFO - Started process (PID=2067) to work on /home/airflow/.local/lib/python3.12/site-packages/airflow/example_dags/example_params_trigger_ui.py
[2026-06-15T16:19:21.325+0000] {processor.py:830} INFO - Processing file /home/airflow/.local/lib/python3.12/site-packages/airflow/example_dags/example_params_trigger_ui.py for tasks to queue
[2026-06-15T16:19:21.329+0000] {logging_mixin.py:188} INFO - [2026-06-15T16:19:21.329+0000] {dagbag.py:545} INFO - Filling up the DagBag from /home/airflow/.local/lib/python3.12/site-packages/airflow/example_dags/example_params_trigger_ui.py
[2026-06-15T16:19:21.356+0000] {processor.py:840} INFO - DAG(s) 'example_params_trigger_ui' retrieved from /home/airflow/.local/lib/python3.12/site-packages/airflow/example_dags/example_params_trigger_ui.py
[2026-06-15T16:19:21.423+0000] {logging_mixin.py:188} INFO - [2026-06-15T16:19:21.423+0000] {dag.py:3096} INFO - Sync 1 DAGs
[2026-06-15T16:19:21.441+0000] {logging_mixin.py:188} INFO - [2026-06-15T16:19:21.440+0000] {dag.py:3954} INFO - Setting next_dagrun for example_params_trigger_ui to None, run_after=None
[2026-06-15T16:19:21.470+0000] {processor.py:183} INFO - Processing /home/airflow/.local/lib/python3.12/site-packages/airflow/example_dags/example_params_trigger_ui.py took 0.160 seconds
[2026-06-15T16:19:51.847+0000] {processor.py:161} INFO - Started process (PID=2126) to work on /home/airflow/.local/lib/python3.12/site-packages/airflow/example_dags/example_params_trigger_ui.py
[2026-06-15T16:19:51.849+0000] {processor.py:830} INFO - Processing file /home/airflow/.local/lib/python3.12/site-packages/airflow/example_dags/example_params_trigger_ui.py for tasks to queue
[2026-06-15T16:19:51.852+0000] {logging_mixin.py:188} INFO - [2026-06-15T16:19:51.851+0000] {dagbag.py:545} INFO - Filling up the DagBag from /home/airflow/.local/lib/python3.12/site-packages/airflow/example_dags/example_params_trigger_ui.py
[2026-06-15T16:19:51.872+0000] {processor.py:840} INFO - DAG(s) 'example_params_trigger_ui' retrieved from /home/airflow/.local/lib/python3.12/site-packages/airflow/example_dags/example_params_trigger_ui.py
[2026-06-15T16:19:51.937+0000] {logging_mixin.py:188} INFO - [2026-06-15T16:19:51.937+0000] {dag.py:3096} INFO - Sync 1 DAGs
[2026-06-15T16:19:51.957+0000] {logging_mixin.py:188} INFO - [2026-06-15T16:19:51.957+0000] {dag.py:3954} INFO - Setting next_dagrun for example_params_trigger_ui to None, run_after=None
[2026-06-15T16:19:51.990+0000] {processor.py:183} INFO - Processing /home/airflow/.local/lib/python3.12/site-packages/airflow/example_dags/example_params_trigger_ui.py took 0.153 seconds
[2026-06-15T16:20:22.490+0000] {processor.py:161} INFO - Started process (PID=2185) to work on /home/airflow/.local/lib/python3.12/site-packages/airflow/example_dags/example_params_trigger_ui.py
[2026-06-15T16:20:22.492+0000] {processor.py:830} INFO - Processing file /home/airflow/.local/lib/python3.12/site-packages/airflow/example_dags/example_params_trigger_ui.py for tasks to queue
[2026-06-15T16:20:22.496+0000] {logging_mixin.py:188} INFO - [2026-06-15T16:20:22.495+0000] {dagbag.py:545} INFO - Filling up the DagBag from /home/airflow/.local/lib/python3.12/site-packages/airflow/example_dags/example_params_trigger_ui.py
[2026-06-15T16:20:22.524+0000] {processor.py:840} INFO - DAG(s) 'example_params_trigger_ui' retrieved from /home/airflow/.local/lib/python3.12/site-packages/airflow/example_dags/example_params_trigger_ui.py
[2026-06-15T16:20:22.612+0000] {logging_mixin.py:188} INFO - [2026-06-15T16:20:22.611+0000] {dag.py:3096} INFO - Sync 1 DAGs
[2026-06-15T16:20:22.640+0000] {logging_mixin.py:188} INFO - [2026-06-15T16:20:22.640+0000] {dag.py:3954} INFO - Setting next_dagrun for example_params_trigger_ui to None, run_after=None
[2026-06-15T16:20:22.685+0000] {processor.py:183} INFO - Processing /home/airflow/.local/lib/python3.12/site-packages/airflow/example_dags/example_params_trigger_ui.py took 0.207 seconds
[2026-06-15T16:45:27.121+0000] {processor.py:161} INFO - Started process (PID=2244) to work on /home/airflow/.local/lib/python3.12/site-packages/airflow/example_dags/example_params_trigger_ui.py
[2026-06-15T16:45:27.124+0000] {processor.py:830} INFO - Processing file /home/airflow/.local/lib/python3.12/site-packages/airflow/example_dags/example_params_trigger_ui.py for tasks to queue
[2026-06-15T16:45:27.130+0000] {logging_mixin.py:188} INFO - [2026-06-15T16:45:27.129+0000] {dagbag.py:545} INFO - Filling up the DagBag from /home/airflow/.local/lib/python3.12/site-packages/airflow/example_dags/example_params_trigger_ui.py
[2026-06-15T16:45:27.169+0000] {processor.py:840} INFO - DAG(s) 'example_params_trigger_ui' retrieved from /home/airflow/.local/lib/python3.12/site-packages/airflow/example_dags/example_params_trigger_ui.py
[2026-06-15T16:45:27.263+0000] {logging_mixin.py:188} INFO - [2026-06-15T16:45:27.263+0000] {dag.py:3096} INFO - Sync 1 DAGs
[2026-06-15T16:45:27.290+0000] {logging_mixin.py:188} INFO - [2026-06-15T16:45:27.290+0000] {dag.py:3954} INFO - Setting next_dagrun for example_params_trigger_ui to None, run_after=None
[2026-06-15T16:45:27.338+0000] {processor.py:183} INFO - Processing /home/airflow/.local/lib/python3.12/site-packages/airflow/example_dags/example_params_trigger_ui.py took 0.230 seconds
[2026-06-15T16:45:57.537+0000] {processor.py:161} INFO - Started process (PID=2303) to work on /home/airflow/.local/lib/python3.12/site-packages/airflow/example_dags/example_params_trigger_ui.py
[2026-06-15T16:45:57.539+0000] {processor.py:830} INFO - Processing file /home/airflow/.local/lib/python3.12/site-packages/airflow/example_dags/example_params_trigger_ui.py for tasks to queue
[2026-06-15T16:45:57.543+0000] {logging_mixin.py:188} INFO - [2026-06-15T16:45:57.542+0000] {dagbag.py:545} INFO - Filling up the DagBag from /home/airflow/.local/lib/python3.12/site-packages/airflow/example_dags/example_params_trigger_ui.py
[2026-06-15T16:45:57.569+0000] {processor.py:840} INFO - DAG(s) 'example_params_trigger_ui' retrieved from /home/airflow/.local/lib/python3.12/site-packages/airflow/example_dags/example_params_trigger_ui.py
[2026-06-15T16:45:57.635+0000] {logging_mixin.py:188} INFO - [2026-06-15T16:45:57.635+0000] {dag.py:3096} INFO - Sync 1 DAGs
[2026-06-15T16:45:57.655+0000] {logging_mixin.py:188} INFO - [2026-06-15T16:45:57.654+0000] {dag.py:3954} INFO - Setting next_dagrun for example_params_trigger_ui to None, run_after=None
[2026-06-15T16:45:57.696+0000] {processor.py:183} INFO - Processing /home/airflow/.local/lib/python3.12/site-packages/airflow/example_dags/example_params_trigger_ui.py took 0.169 seconds
[2026-06-15T16:46:27.802+0000] {processor.py:161} INFO - Started process (PID=2362) to work on /home/airflow/.local/lib/python3.12/site-packages/airflow/example_dags/example_params_trigger_ui.py
[2026-06-15T16:46:27.805+0000] {processor.py:830} INFO - Processing file /home/airflow/.local/lib/python3.12/site-packages/airflow/example_dags/example_params_trigger_ui.py for tasks to queue
[2026-06-15T16:46:27.810+0000] {logging_mixin.py:188} INFO - [2026-06-15T16:46:27.809+0000] {dagbag.py:545} INFO - Filling up the DagBag from /home/airflow/.local/lib/python3.12/site-packages/airflow/example_dags/example_params_trigger_ui.py
[2026-06-15T16:46:27.846+0000] {processor.py:840} INFO - DAG(s) 'example_params_trigger_ui' retrieved from /home/airflow/.local/lib/python3.12/site-packages/airflow/example_dags/example_params_trigger_ui.py
[2026-06-15T16:46:27.922+0000] {logging_mixin.py:188} INFO - [2026-06-15T16:46:27.922+0000] {dag.py:3096} INFO - Sync 1 DAGs
[2026-06-15T16:46:27.943+0000] {logging_mixin.py:188} INFO - [2026-06-15T16:46:27.943+0000] {dag.py:3954} INFO - Setting next_dagrun for example_params_trigger_ui to None, run_after=None
[2026-06-15T16:46:27.981+0000] {processor.py:183} INFO - Processing /home/airflow/.local/lib/python3.12/site-packages/airflow/example_dags/example_params_trigger_ui.py took 0.195 seconds
