[2026-06-15T15:53:01.265+0000] {processor.py:161} INFO - Started process (PID=82) to work on /home/airflow/.local/lib/python3.12/site-packages/airflow/example_dags/example_branch_labels.py
[2026-06-15T15:53:01.268+0000] {processor.py:830} INFO - Processing file /home/airflow/.local/lib/python3.12/site-packages/airflow/example_dags/example_branch_labels.py for tasks to queue
[2026-06-15T15:53:01.274+0000] {logging_mixin.py:188} INFO - [2026-06-15T15:53:01.273+0000] {dagbag.py:545} INFO - Filling up the DagBag from /home/airflow/.local/lib/python3.12/site-packages/airflow/example_dags/example_branch_labels.py
[2026-06-15T15:53:01.303+0000] {processor.py:840} INFO - DAG(s) 'example_branch_labels' retrieved from /home/airflow/.local/lib/python3.12/site-packages/airflow/example_dags/example_branch_labels.py
[2026-06-15T15:53:01.375+0000] {logging_mixin.py:188} INFO - [2026-06-15T15:53:01.375+0000] {dag.py:3096} INFO - Sync 1 DAGs
[2026-06-15T15:53:01.431+0000] {logging_mixin.py:188} INFO - [2026-06-15T15:53:01.431+0000] {dag.py:3954} INFO - Setting next_dagrun for example_branch_labels to 2026-06-14 00:00:00+00:00, run_after=2026-06-15 00:00:00+00:00
[2026-06-15T15:53:01.471+0000] {processor.py:183} INFO - Processing /home/airflow/.local/lib/python3.12/site-packages/airflow/example_dags/example_branch_labels.py took 0.224 seconds
[2026-06-15T15:57:12.835+0000] {processor.py:161} INFO - Started process (PID=70) to work on /home/airflow/.local/lib/python3.12/site-packages/airflow/example_dags/example_branch_labels.py
[2026-06-15T15:57:12.837+0000] {processor.py:830} INFO - Processing file /home/airflow/.local/lib/python3.12/site-packages/airflow/example_dags/example_branch_labels.py for tasks to queue
[2026-06-15T15:57:12.841+0000] {logging_mixin.py:188} INFO - [2026-06-15T15:57:12.840+0000] {dagbag.py:545} INFO - Filling up the DagBag from /home/airflow/.local/lib/python3.12/site-packages/airflow/example_dags/example_branch_labels.py
[2026-06-15T15:57:12.857+0000] {processor.py:840} INFO - DAG(s) 'example_branch_labels' retrieved from /home/airflow/.local/lib/python3.12/site-packages/airflow/example_dags/example_branch_labels.py
[2026-06-15T15:57:13.084+0000] {logging_mixin.py:188} INFO - [2026-06-15T15:57:13.083+0000] {dag.py:3096} INFO - Sync 1 DAGs
[2026-06-15T15:57:13.136+0000] {logging_mixin.py:188} INFO - [2026-06-15T15:57:13.136+0000] {dag.py:3954} INFO - Setting next_dagrun for example_branch_labels to 2026-06-14 00:00:00+00:00, run_after=2026-06-15 00:00:00+00:00
[2026-06-15T15:57:13.185+0000] {processor.py:183} INFO - Processing /home/airflow/.local/lib/python3.12/site-packages/airflow/example_dags/example_branch_labels.py took 0.358 seconds
[2026-06-15T15:57:43.380+0000] {processor.py:161} INFO - Started process (PID=129) to work on /home/airflow/.local/lib/python3.12/site-packages/airflow/example_dags/example_branch_labels.py
[2026-06-15T15:57:43.382+0000] {processor.py:830} INFO - Processing file /home/airflow/.local/lib/python3.12/site-packages/airflow/example_dags/example_branch_labels.py for tasks to queue
[2026-06-15T15:57:43.386+0000] {logging_mixin.py:188} INFO - [2026-06-15T15:57:43.385+0000] {dagbag.py:545} INFO - Filling up the DagBag from /home/airflow/.local/lib/python3.12/site-packages/airflow/example_dags/example_branch_labels.py
[2026-06-15T15:57:43.401+0000] {processor.py:840} INFO - DAG(s) 'example_branch_labels' retrieved from /home/airflow/.local/lib/python3.12/site-packages/airflow/example_dags/example_branch_labels.py
[2026-06-15T15:57:43.440+0000] {logging_mixin.py:188} INFO - [2026-06-15T15:57:43.440+0000] {dag.py:3096} INFO - Sync 1 DAGs
[2026-06-15T15:57:43.489+0000] {logging_mixin.py:188} INFO - [2026-06-15T15:57:43.489+0000] {dag.py:3954} INFO - Setting next_dagrun for example_branch_labels to 2026-06-14 00:00:00+00:00, run_after=2026-06-15 00:00:00+00:00
[2026-06-15T15:57:43.528+0000] {processor.py:183} INFO - Processing /home/airflow/.local/lib/python3.12/site-packages/airflow/example_dags/example_branch_labels.py took 0.158 seconds
[2026-06-15T15:58:14.636+0000] {processor.py:161} INFO - Started process (PID=196) to work on /home/airflow/.local/lib/python3.12/site-packages/airflow/example_dags/example_branch_labels.py
[2026-06-15T15:58:14.638+0000] {processor.py:830} INFO - Processing file /home/airflow/.local/lib/python3.12/site-packages/airflow/example_dags/example_branch_labels.py for tasks to queue
[2026-06-15T15:58:14.643+0000] {logging_mixin.py:188} INFO - [2026-06-15T15:58:14.642+0000] {dagbag.py:545} INFO - Filling up the DagBag from /home/airflow/.local/lib/python3.12/site-packages/airflow/example_dags/example_branch_labels.py
[2026-06-15T15:58:14.655+0000] {processor.py:840} INFO - DAG(s) 'example_branch_labels' retrieved from /home/airflow/.local/lib/python3.12/site-packages/airflow/example_dags/example_branch_labels.py
[2026-06-15T15:58:14.695+0000] {logging_mixin.py:188} INFO - [2026-06-15T15:58:14.694+0000] {dag.py:3096} INFO - Sync 1 DAGs
[2026-06-15T15:58:14.735+0000] {logging_mixin.py:188} INFO - [2026-06-15T15:58:14.735+0000] {dag.py:3954} INFO - Setting next_dagrun for example_branch_labels to 2026-06-14 00:00:00+00:00, run_after=2026-06-15 00:00:00+00:00
[2026-06-15T15:58:14.784+0000] {processor.py:183} INFO - Processing /home/airflow/.local/lib/python3.12/site-packages/airflow/example_dags/example_branch_labels.py took 0.157 seconds
[2026-06-15T15:58:45.434+0000] {processor.py:161} INFO - Started process (PID=256) to work on /home/airflow/.local/lib/python3.12/site-packages/airflow/example_dags/example_branch_labels.py
[2026-06-15T15:58:45.436+0000] {processor.py:830} INFO - Processing file /home/airflow/.local/lib/python3.12/site-packages/airflow/example_dags/example_branch_labels.py for tasks to queue
[2026-06-15T15:58:45.440+0000] {logging_mixin.py:188} INFO - [2026-06-15T15:58:45.440+0000] {dagbag.py:545} INFO - Filling up the DagBag from /home/airflow/.local/lib/python3.12/site-packages/airflow/example_dags/example_branch_labels.py
[2026-06-15T15:58:45.453+0000] {processor.py:840} INFO - DAG(s) 'example_branch_labels' retrieved from /home/airflow/.local/lib/python3.12/site-packages/airflow/example_dags/example_branch_labels.py
[2026-06-15T15:58:45.498+0000] {logging_mixin.py:188} INFO - [2026-06-15T15:58:45.498+0000] {dag.py:3096} INFO - Sync 1 DAGs
[2026-06-15T15:58:45.548+0000] {logging_mixin.py:188} INFO - [2026-06-15T15:58:45.548+0000] {dag.py:3954} INFO - Setting next_dagrun for example_branch_labels to 2026-06-14 00:00:00+00:00, run_after=2026-06-15 00:00:00+00:00
[2026-06-15T15:58:45.594+0000] {processor.py:183} INFO - Processing /home/airflow/.local/lib/python3.12/site-packages/airflow/example_dags/example_branch_labels.py took 0.170 seconds
[2026-06-15T15:59:16.335+0000] {processor.py:161} INFO - Started process (PID=322) to work on /home/airflow/.local/lib/python3.12/site-packages/airflow/example_dags/example_branch_labels.py
[2026-06-15T15:59:16.338+0000] {processor.py:830} INFO - Processing file /home/airflow/.local/lib/python3.12/site-packages/airflow/example_dags/example_branch_labels.py for tasks to queue
[2026-06-15T15:59:16.343+0000] {logging_mixin.py:188} INFO - [2026-06-15T15:59:16.342+0000] {dagbag.py:545} INFO - Filling up the DagBag from /home/airflow/.local/lib/python3.12/site-packages/airflow/example_dags/example_branch_labels.py
[2026-06-15T15:59:16.360+0000] {processor.py:840} INFO - DAG(s) 'example_branch_labels' retrieved from /home/airflow/.local/lib/python3.12/site-packages/airflow/example_dags/example_branch_labels.py
[2026-06-15T15:59:16.408+0000] {logging_mixin.py:188} INFO - [2026-06-15T15:59:16.407+0000] {dag.py:3096} INFO - Sync 1 DAGs
[2026-06-15T15:59:16.456+0000] {logging_mixin.py:188} INFO - [2026-06-15T15:59:16.456+0000] {dag.py:3954} INFO - Setting next_dagrun for example_branch_labels to 2026-06-14 00:00:00+00:00, run_after=2026-06-15 00:00:00+00:00
[2026-06-15T15:59:16.496+0000] {processor.py:183} INFO - Processing /home/airflow/.local/lib/python3.12/site-packages/airflow/example_dags/example_branch_labels.py took 0.174 seconds
[2026-06-15T15:59:47.236+0000] {processor.py:161} INFO - Started process (PID=382) to work on /home/airflow/.local/lib/python3.12/site-packages/airflow/example_dags/example_branch_labels.py
[2026-06-15T15:59:47.239+0000] {processor.py:830} INFO - Processing file /home/airflow/.local/lib/python3.12/site-packages/airflow/example_dags/example_branch_labels.py for tasks to queue
[2026-06-15T15:59:47.243+0000] {logging_mixin.py:188} INFO - [2026-06-15T15:59:47.242+0000] {dagbag.py:545} INFO - Filling up the DagBag from /home/airflow/.local/lib/python3.12/site-packages/airflow/example_dags/example_branch_labels.py
[2026-06-15T15:59:47.263+0000] {processor.py:840} INFO - DAG(s) 'example_branch_labels' retrieved from /home/airflow/.local/lib/python3.12/site-packages/airflow/example_dags/example_branch_labels.py
[2026-06-15T15:59:47.307+0000] {logging_mixin.py:188} INFO - [2026-06-15T15:59:47.307+0000] {dag.py:3096} INFO - Sync 1 DAGs
[2026-06-15T15:59:47.353+0000] {logging_mixin.py:188} INFO - [2026-06-15T15:59:47.352+0000] {dag.py:3954} INFO - Setting next_dagrun for example_branch_labels to 2026-06-14 00:00:00+00:00, run_after=2026-06-15 00:00:00+00:00
[2026-06-15T15:59:47.396+0000] {processor.py:183} INFO - Processing /home/airflow/.local/lib/python3.12/site-packages/airflow/example_dags/example_branch_labels.py took 0.177 seconds
[2026-06-15T16:00:18.171+0000] {processor.py:161} INFO - Started process (PID=442) to work on /home/airflow/.local/lib/python3.12/site-packages/airflow/example_dags/example_branch_labels.py
[2026-06-15T16:00:18.174+0000] {processor.py:830} INFO - Processing file /home/airflow/.local/lib/python3.12/site-packages/airflow/example_dags/example_branch_labels.py for tasks to queue
[2026-06-15T16:00:18.178+0000] {logging_mixin.py:188} INFO - [2026-06-15T16:00:18.177+0000] {dagbag.py:545} INFO - Filling up the DagBag from /home/airflow/.local/lib/python3.12/site-packages/airflow/example_dags/example_branch_labels.py
[2026-06-15T16:00:18.193+0000] {processor.py:840} INFO - DAG(s) 'example_branch_labels' retrieved from /home/airflow/.local/lib/python3.12/site-packages/airflow/example_dags/example_branch_labels.py
[2026-06-15T16:00:18.237+0000] {logging_mixin.py:188} INFO - [2026-06-15T16:00:18.237+0000] {dag.py:3096} INFO - Sync 1 DAGs
[2026-06-15T16:00:18.280+0000] {logging_mixin.py:188} INFO - [2026-06-15T16:00:18.280+0000] {dag.py:3954} INFO - Setting next_dagrun for example_branch_labels to 2026-06-14 00:00:00+00:00, run_after=2026-06-15 00:00:00+00:00
[2026-06-15T16:00:18.318+0000] {processor.py:183} INFO - Processing /home/airflow/.local/lib/python3.12/site-packages/airflow/example_dags/example_branch_labels.py took 0.160 seconds
[2026-06-15T16:02:58.152+0000] {processor.py:161} INFO - Started process (PID=77) to work on /home/airflow/.local/lib/python3.12/site-packages/airflow/example_dags/example_branch_labels.py
[2026-06-15T16:02:58.155+0000] {processor.py:830} INFO - Processing file /home/airflow/.local/lib/python3.12/site-packages/airflow/example_dags/example_branch_labels.py for tasks to queue
[2026-06-15T16:02:58.158+0000] {logging_mixin.py:188} INFO - [2026-06-15T16:02:58.157+0000] {dagbag.py:545} INFO - Filling up the DagBag from /home/airflow/.local/lib/python3.12/site-packages/airflow/example_dags/example_branch_labels.py
[2026-06-15T16:02:58.180+0000] {processor.py:840} INFO - DAG(s) 'example_branch_labels' retrieved from /home/airflow/.local/lib/python3.12/site-packages/airflow/example_dags/example_branch_labels.py
[2026-06-15T16:02:58.489+0000] {logging_mixin.py:188} INFO - [2026-06-15T16:02:58.489+0000] {dag.py:3096} INFO - Sync 1 DAGs
[2026-06-15T16:02:58.524+0000] {logging_mixin.py:188} INFO - [2026-06-15T16:02:58.523+0000] {dag.py:3954} INFO - Setting next_dagrun for example_branch_labels to 2026-06-14 00:00:00+00:00, run_after=2026-06-15 00:00:00+00:00
[2026-06-15T16:02:58.568+0000] {processor.py:183} INFO - Processing /home/airflow/.local/lib/python3.12/site-packages/airflow/example_dags/example_branch_labels.py took 0.428 seconds
[2026-06-15T16:03:29.441+0000] {processor.py:161} INFO - Started process (PID=165) to work on /home/airflow/.local/lib/python3.12/site-packages/airflow/example_dags/example_branch_labels.py
[2026-06-15T16:03:29.444+0000] {processor.py:830} INFO - Processing file /home/airflow/.local/lib/python3.12/site-packages/airflow/example_dags/example_branch_labels.py for tasks to queue
[2026-06-15T16:03:29.450+0000] {logging_mixin.py:188} INFO - [2026-06-15T16:03:29.449+0000] {dagbag.py:545} INFO - Filling up the DagBag from /home/airflow/.local/lib/python3.12/site-packages/airflow/example_dags/example_branch_labels.py
[2026-06-15T16:03:29.471+0000] {processor.py:840} INFO - DAG(s) 'example_branch_labels' retrieved from /home/airflow/.local/lib/python3.12/site-packages/airflow/example_dags/example_branch_labels.py
[2026-06-15T16:03:29.531+0000] {logging_mixin.py:188} INFO - [2026-06-15T16:03:29.530+0000] {dag.py:3096} INFO - Sync 1 DAGs
[2026-06-15T16:03:29.583+0000] {logging_mixin.py:188} INFO - [2026-06-15T16:03:29.582+0000] {dag.py:3954} INFO - Setting next_dagrun for example_branch_labels to 2026-06-14 00:00:00+00:00, run_after=2026-06-15 00:00:00+00:00
[2026-06-15T16:03:29.618+0000] {processor.py:183} INFO - Processing /home/airflow/.local/lib/python3.12/site-packages/airflow/example_dags/example_branch_labels.py took 0.194 seconds
[2026-06-15T16:03:59.752+0000] {processor.py:161} INFO - Started process (PID=280) to work on /home/airflow/.local/lib/python3.12/site-packages/airflow/example_dags/example_branch_labels.py
[2026-06-15T16:03:59.754+0000] {processor.py:830} INFO - Processing file /home/airflow/.local/lib/python3.12/site-packages/airflow/example_dags/example_branch_labels.py for tasks to queue
[2026-06-15T16:03:59.758+0000] {logging_mixin.py:188} INFO - [2026-06-15T16:03:59.758+0000] {dagbag.py:545} INFO - Filling up the DagBag from /home/airflow/.local/lib/python3.12/site-packages/airflow/example_dags/example_branch_labels.py
[2026-06-15T16:03:59.768+0000] {processor.py:840} INFO - DAG(s) 'example_branch_labels' retrieved from /home/airflow/.local/lib/python3.12/site-packages/airflow/example_dags/example_branch_labels.py
[2026-06-15T16:03:59.805+0000] {logging_mixin.py:188} INFO - [2026-06-15T16:03:59.805+0000] {dag.py:3096} INFO - Sync 1 DAGs
[2026-06-15T16:03:59.842+0000] {logging_mixin.py:188} INFO - [2026-06-15T16:03:59.841+0000] {dag.py:3954} INFO - Setting next_dagrun for example_branch_labels to 2026-06-14 00:00:00+00:00, run_after=2026-06-15 00:00:00+00:00
[2026-06-15T16:03:59.871+0000] {processor.py:183} INFO - Processing /home/airflow/.local/lib/python3.12/site-packages/airflow/example_dags/example_branch_labels.py took 0.128 seconds
[2026-06-15T16:04:30.280+0000] {processor.py:161} INFO - Started process (PID=338) to work on /home/airflow/.local/lib/python3.12/site-packages/airflow/example_dags/example_branch_labels.py
[2026-06-15T16:04:30.286+0000] {processor.py:830} INFO - Processing file /home/airflow/.local/lib/python3.12/site-packages/airflow/example_dags/example_branch_labels.py for tasks to queue
[2026-06-15T16:04:30.294+0000] {logging_mixin.py:188} INFO - [2026-06-15T16:04:30.290+0000] {dagbag.py:545} INFO - Filling up the DagBag from /home/airflow/.local/lib/python3.12/site-packages/airflow/example_dags/example_branch_labels.py
[2026-06-15T16:04:30.313+0000] {processor.py:840} INFO - DAG(s) 'example_branch_labels' retrieved from /home/airflow/.local/lib/python3.12/site-packages/airflow/example_dags/example_branch_labels.py
[2026-06-15T16:04:30.361+0000] {logging_mixin.py:188} INFO - [2026-06-15T16:04:30.360+0000] {dag.py:3096} INFO - Sync 1 DAGs
[2026-06-15T16:04:30.409+0000] {logging_mixin.py:188} INFO - [2026-06-15T16:04:30.409+0000] {dag.py:3954} INFO - Setting next_dagrun for example_branch_labels to 2026-06-14 00:00:00+00:00, run_after=2026-06-15 00:00:00+00:00
[2026-06-15T16:04:30.456+0000] {processor.py:183} INFO - Processing /home/airflow/.local/lib/python3.12/site-packages/airflow/example_dags/example_branch_labels.py took 0.190 seconds
[2026-06-15T16:05:00.570+0000] {processor.py:161} INFO - Started process (PID=397) to work on /home/airflow/.local/lib/python3.12/site-packages/airflow/example_dags/example_branch_labels.py
[2026-06-15T16:05:00.572+0000] {processor.py:830} INFO - Processing file /home/airflow/.local/lib/python3.12/site-packages/airflow/example_dags/example_branch_labels.py for tasks to queue
[2026-06-15T16:05:00.576+0000] {logging_mixin.py:188} INFO - [2026-06-15T16:05:00.576+0000] {dagbag.py:545} INFO - Filling up the DagBag from /home/airflow/.local/lib/python3.12/site-packages/airflow/example_dags/example_branch_labels.py
[2026-06-15T16:05:00.590+0000] {processor.py:840} INFO - DAG(s) 'example_branch_labels' retrieved from /home/airflow/.local/lib/python3.12/site-packages/airflow/example_dags/example_branch_labels.py
[2026-06-15T16:05:00.628+0000] {logging_mixin.py:188} INFO - [2026-06-15T16:05:00.628+0000] {dag.py:3096} INFO - Sync 1 DAGs
[2026-06-15T16:05:00.669+0000] {logging_mixin.py:188} INFO - [2026-06-15T16:05:00.669+0000] {dag.py:3954} INFO - Setting next_dagrun for example_branch_labels to 2026-06-14 00:00:00+00:00, run_after=2026-06-15 00:00:00+00:00
[2026-06-15T16:05:00.703+0000] {processor.py:183} INFO - Processing /home/airflow/.local/lib/python3.12/site-packages/airflow/example_dags/example_branch_labels.py took 0.143 seconds
[2026-06-15T16:05:31.042+0000] {processor.py:161} INFO - Started process (PID=456) to work on /home/airflow/.local/lib/python3.12/site-packages/airflow/example_dags/example_branch_labels.py
[2026-06-15T16:05:31.044+0000] {processor.py:830} INFO - Processing file /home/airflow/.local/lib/python3.12/site-packages/airflow/example_dags/example_branch_labels.py for tasks to queue
[2026-06-15T16:05:31.048+0000] {logging_mixin.py:188} INFO - [2026-06-15T16:05:31.047+0000] {dagbag.py:545} INFO - Filling up the DagBag from /home/airflow/.local/lib/python3.12/site-packages/airflow/example_dags/example_branch_labels.py
[2026-06-15T16:05:31.060+0000] {processor.py:840} INFO - DAG(s) 'example_branch_labels' retrieved from /home/airflow/.local/lib/python3.12/site-packages/airflow/example_dags/example_branch_labels.py
[2026-06-15T16:05:31.093+0000] {logging_mixin.py:188} INFO - [2026-06-15T16:05:31.092+0000] {dag.py:3096} INFO - Sync 1 DAGs
[2026-06-15T16:05:31.123+0000] {logging_mixin.py:188} INFO - [2026-06-15T16:05:31.122+0000] {dag.py:3954} INFO - Setting next_dagrun for example_branch_labels to 2026-06-14 00:00:00+00:00, run_after=2026-06-15 00:00:00+00:00
[2026-06-15T16:05:31.155+0000] {processor.py:183} INFO - Processing /home/airflow/.local/lib/python3.12/site-packages/airflow/example_dags/example_branch_labels.py took 0.121 seconds
[2026-06-15T16:06:01.473+0000] {processor.py:161} INFO - Started process (PID=515) to work on /home/airflow/.local/lib/python3.12/site-packages/airflow/example_dags/example_branch_labels.py
[2026-06-15T16:06:01.475+0000] {processor.py:830} INFO - Processing file /home/airflow/.local/lib/python3.12/site-packages/airflow/example_dags/example_branch_labels.py for tasks to queue
[2026-06-15T16:06:01.478+0000] {logging_mixin.py:188} INFO - [2026-06-15T16:06:01.478+0000] {dagbag.py:545} INFO - Filling up the DagBag from /home/airflow/.local/lib/python3.12/site-packages/airflow/example_dags/example_branch_labels.py
[2026-06-15T16:06:01.490+0000] {processor.py:840} INFO - DAG(s) 'example_branch_labels' retrieved from /home/airflow/.local/lib/python3.12/site-packages/airflow/example_dags/example_branch_labels.py
[2026-06-15T16:06:01.540+0000] {logging_mixin.py:188} INFO - [2026-06-15T16:06:01.540+0000] {dag.py:3096} INFO - Sync 1 DAGs
[2026-06-15T16:06:01.593+0000] {logging_mixin.py:188} INFO - [2026-06-15T16:06:01.592+0000] {dag.py:3954} INFO - Setting next_dagrun for example_branch_labels to 2026-06-14 00:00:00+00:00, run_after=2026-06-15 00:00:00+00:00
[2026-06-15T16:06:01.662+0000] {processor.py:183} INFO - Processing /home/airflow/.local/lib/python3.12/site-packages/airflow/example_dags/example_branch_labels.py took 0.196 seconds
[2026-06-15T16:06:31.747+0000] {processor.py:161} INFO - Started process (PID=573) to work on /home/airflow/.local/lib/python3.12/site-packages/airflow/example_dags/example_branch_labels.py
[2026-06-15T16:06:31.749+0000] {processor.py:830} INFO - Processing file /home/airflow/.local/lib/python3.12/site-packages/airflow/example_dags/example_branch_labels.py for tasks to queue
[2026-06-15T16:06:31.752+0000] {logging_mixin.py:188} INFO - [2026-06-15T16:06:31.751+0000] {dagbag.py:545} INFO - Filling up the DagBag from /home/airflow/.local/lib/python3.12/site-packages/airflow/example_dags/example_branch_labels.py
[2026-06-15T16:06:31.763+0000] {processor.py:840} INFO - DAG(s) 'example_branch_labels' retrieved from /home/airflow/.local/lib/python3.12/site-packages/airflow/example_dags/example_branch_labels.py
[2026-06-15T16:06:31.798+0000] {logging_mixin.py:188} INFO - [2026-06-15T16:06:31.797+0000] {dag.py:3096} INFO - Sync 1 DAGs
[2026-06-15T16:06:31.832+0000] {logging_mixin.py:188} INFO - [2026-06-15T16:06:31.832+0000] {dag.py:3954} INFO - Setting next_dagrun for example_branch_labels to 2026-06-14 00:00:00+00:00, run_after=2026-06-15 00:00:00+00:00
[2026-06-15T16:06:31.872+0000] {processor.py:183} INFO - Processing /home/airflow/.local/lib/python3.12/site-packages/airflow/example_dags/example_branch_labels.py took 0.133 seconds
[2026-06-15T16:07:02.189+0000] {processor.py:161} INFO - Started process (PID=632) to work on /home/airflow/.local/lib/python3.12/site-packages/airflow/example_dags/example_branch_labels.py
[2026-06-15T16:07:02.191+0000] {processor.py:830} INFO - Processing file /home/airflow/.local/lib/python3.12/site-packages/airflow/example_dags/example_branch_labels.py for tasks to queue
[2026-06-15T16:07:02.195+0000] {logging_mixin.py:188} INFO - [2026-06-15T16:07:02.195+0000] {dagbag.py:545} INFO - Filling up the DagBag from /home/airflow/.local/lib/python3.12/site-packages/airflow/example_dags/example_branch_labels.py
[2026-06-15T16:07:02.205+0000] {processor.py:840} INFO - DAG(s) 'example_branch_labels' retrieved from /home/airflow/.local/lib/python3.12/site-packages/airflow/example_dags/example_branch_labels.py
[2026-06-15T16:07:02.241+0000] {logging_mixin.py:188} INFO - [2026-06-15T16:07:02.241+0000] {dag.py:3096} INFO - Sync 1 DAGs
[2026-06-15T16:07:02.274+0000] {logging_mixin.py:188} INFO - [2026-06-15T16:07:02.274+0000] {dag.py:3954} INFO - Setting next_dagrun for example_branch_labels to 2026-06-14 00:00:00+00:00, run_after=2026-06-15 00:00:00+00:00
[2026-06-15T16:07:02.309+0000] {processor.py:183} INFO - Processing /home/airflow/.local/lib/python3.12/site-packages/airflow/example_dags/example_branch_labels.py took 0.130 seconds
[2026-06-15T16:07:32.856+0000] {processor.py:161} INFO - Started process (PID=692) to work on /home/airflow/.local/lib/python3.12/site-packages/airflow/example_dags/example_branch_labels.py
[2026-06-15T16:07:32.858+0000] {processor.py:830} INFO - Processing file /home/airflow/.local/lib/python3.12/site-packages/airflow/example_dags/example_branch_labels.py for tasks to queue
[2026-06-15T16:07:32.861+0000] {logging_mixin.py:188} INFO - [2026-06-15T16:07:32.860+0000] {dagbag.py:545} INFO - Filling up the DagBag from /home/airflow/.local/lib/python3.12/site-packages/airflow/example_dags/example_branch_labels.py
[2026-06-15T16:07:32.872+0000] {processor.py:840} INFO - DAG(s) 'example_branch_labels' retrieved from /home/airflow/.local/lib/python3.12/site-packages/airflow/example_dags/example_branch_labels.py
[2026-06-15T16:07:32.906+0000] {logging_mixin.py:188} INFO - [2026-06-15T16:07:32.906+0000] {dag.py:3096} INFO - Sync 1 DAGs
[2026-06-15T16:07:32.942+0000] {logging_mixin.py:188} INFO - [2026-06-15T16:07:32.942+0000] {dag.py:3954} INFO - Setting next_dagrun for example_branch_labels to 2026-06-14 00:00:00+00:00, run_after=2026-06-15 00:00:00+00:00
[2026-06-15T16:07:32.980+0000] {processor.py:183} INFO - Processing /home/airflow/.local/lib/python3.12/site-packages/airflow/example_dags/example_branch_labels.py took 0.132 seconds
[2026-06-15T16:08:03.684+0000] {processor.py:161} INFO - Started process (PID=751) to work on /home/airflow/.local/lib/python3.12/site-packages/airflow/example_dags/example_branch_labels.py
[2026-06-15T16:08:03.686+0000] {processor.py:830} INFO - Processing file /home/airflow/.local/lib/python3.12/site-packages/airflow/example_dags/example_branch_labels.py for tasks to queue
[2026-06-15T16:08:03.690+0000] {logging_mixin.py:188} INFO - [2026-06-15T16:08:03.689+0000] {dagbag.py:545} INFO - Filling up the DagBag from /home/airflow/.local/lib/python3.12/site-packages/airflow/example_dags/example_branch_labels.py
[2026-06-15T16:08:03.705+0000] {processor.py:840} INFO - DAG(s) 'example_branch_labels' retrieved from /home/airflow/.local/lib/python3.12/site-packages/airflow/example_dags/example_branch_labels.py
[2026-06-15T16:08:03.742+0000] {logging_mixin.py:188} INFO - [2026-06-15T16:08:03.741+0000] {dag.py:3096} INFO - Sync 1 DAGs
[2026-06-15T16:08:03.783+0000] {logging_mixin.py:188} INFO - [2026-06-15T16:08:03.783+0000] {dag.py:3954} INFO - Setting next_dagrun for example_branch_labels to 2026-06-14 00:00:00+00:00, run_after=2026-06-15 00:00:00+00:00
[2026-06-15T16:08:03.817+0000] {processor.py:183} INFO - Processing /home/airflow/.local/lib/python3.12/site-packages/airflow/example_dags/example_branch_labels.py took 0.141 seconds
[2026-06-15T16:08:34.033+0000] {processor.py:161} INFO - Started process (PID=810) to work on /home/airflow/.local/lib/python3.12/site-packages/airflow/example_dags/example_branch_labels.py
[2026-06-15T16:08:34.036+0000] {processor.py:830} INFO - Processing file /home/airflow/.local/lib/python3.12/site-packages/airflow/example_dags/example_branch_labels.py for tasks to queue
[2026-06-15T16:08:34.039+0000] {logging_mixin.py:188} INFO - [2026-06-15T16:08:34.038+0000] {dagbag.py:545} INFO - Filling up the DagBag from /home/airflow/.local/lib/python3.12/site-packages/airflow/example_dags/example_branch_labels.py
[2026-06-15T16:08:34.052+0000] {processor.py:840} INFO - DAG(s) 'example_branch_labels' retrieved from /home/airflow/.local/lib/python3.12/site-packages/airflow/example_dags/example_branch_labels.py
[2026-06-15T16:08:34.086+0000] {logging_mixin.py:188} INFO - [2026-06-15T16:08:34.086+0000] {dag.py:3096} INFO - Sync 1 DAGs
[2026-06-15T16:08:34.119+0000] {logging_mixin.py:188} INFO - [2026-06-15T16:08:34.118+0000] {dag.py:3954} INFO - Setting next_dagrun for example_branch_labels to 2026-06-14 00:00:00+00:00, run_after=2026-06-15 00:00:00+00:00
[2026-06-15T16:08:34.155+0000] {processor.py:183} INFO - Processing /home/airflow/.local/lib/python3.12/site-packages/airflow/example_dags/example_branch_labels.py took 0.131 seconds
[2026-06-15T16:09:04.699+0000] {processor.py:161} INFO - Started process (PID=869) to work on /home/airflow/.local/lib/python3.12/site-packages/airflow/example_dags/example_branch_labels.py
[2026-06-15T16:09:04.702+0000] {processor.py:830} INFO - Processing file /home/airflow/.local/lib/python3.12/site-packages/airflow/example_dags/example_branch_labels.py for tasks to queue
[2026-06-15T16:09:04.706+0000] {logging_mixin.py:188} INFO - [2026-06-15T16:09:04.705+0000] {dagbag.py:545} INFO - Filling up the DagBag from /home/airflow/.local/lib/python3.12/site-packages/airflow/example_dags/example_branch_labels.py
[2026-06-15T16:09:04.720+0000] {processor.py:840} INFO - DAG(s) 'example_branch_labels' retrieved from /home/airflow/.local/lib/python3.12/site-packages/airflow/example_dags/example_branch_labels.py
[2026-06-15T16:09:04.775+0000] {logging_mixin.py:188} INFO - [2026-06-15T16:09:04.774+0000] {dag.py:3096} INFO - Sync 1 DAGs
[2026-06-15T16:09:04.819+0000] {logging_mixin.py:188} INFO - [2026-06-15T16:09:04.819+0000] {dag.py:3954} INFO - Setting next_dagrun for example_branch_labels to 2026-06-14 00:00:00+00:00, run_after=2026-06-15 00:00:00+00:00
[2026-06-15T16:09:04.861+0000] {processor.py:183} INFO - Processing /home/airflow/.local/lib/python3.12/site-packages/airflow/example_dags/example_branch_labels.py took 0.174 seconds
[2026-06-15T16:09:34.984+0000] {processor.py:161} INFO - Started process (PID=922) to work on /home/airflow/.local/lib/python3.12/site-packages/airflow/example_dags/example_branch_labels.py
[2026-06-15T16:09:34.987+0000] {processor.py:830} INFO - Processing file /home/airflow/.local/lib/python3.12/site-packages/airflow/example_dags/example_branch_labels.py for tasks to queue
[2026-06-15T16:09:34.991+0000] {logging_mixin.py:188} INFO - [2026-06-15T16:09:34.990+0000] {dagbag.py:545} INFO - Filling up the DagBag from /home/airflow/.local/lib/python3.12/site-packages/airflow/example_dags/example_branch_labels.py
[2026-06-15T16:09:35.008+0000] {processor.py:840} INFO - DAG(s) 'example_branch_labels' retrieved from /home/airflow/.local/lib/python3.12/site-packages/airflow/example_dags/example_branch_labels.py
[2026-06-15T16:09:35.047+0000] {logging_mixin.py:188} INFO - [2026-06-15T16:09:35.047+0000] {dag.py:3096} INFO - Sync 1 DAGs
[2026-06-15T16:09:35.083+0000] {logging_mixin.py:188} INFO - [2026-06-15T16:09:35.082+0000] {dag.py:3954} INFO - Setting next_dagrun for example_branch_labels to 2026-06-14 00:00:00+00:00, run_after=2026-06-15 00:00:00+00:00
[2026-06-15T16:09:35.123+0000] {processor.py:183} INFO - Processing /home/airflow/.local/lib/python3.12/site-packages/airflow/example_dags/example_branch_labels.py took 0.148 seconds
[2026-06-15T16:10:05.233+0000] {processor.py:161} INFO - Started process (PID=981) to work on /home/airflow/.local/lib/python3.12/site-packages/airflow/example_dags/example_branch_labels.py
[2026-06-15T16:10:05.235+0000] {processor.py:830} INFO - Processing file /home/airflow/.local/lib/python3.12/site-packages/airflow/example_dags/example_branch_labels.py for tasks to queue
[2026-06-15T16:10:05.239+0000] {logging_mixin.py:188} INFO - [2026-06-15T16:10:05.238+0000] {dagbag.py:545} INFO - Filling up the DagBag from /home/airflow/.local/lib/python3.12/site-packages/airflow/example_dags/example_branch_labels.py
[2026-06-15T16:10:05.249+0000] {processor.py:840} INFO - DAG(s) 'example_branch_labels' retrieved from /home/airflow/.local/lib/python3.12/site-packages/airflow/example_dags/example_branch_labels.py
[2026-06-15T16:10:05.282+0000] {logging_mixin.py:188} INFO - [2026-06-15T16:10:05.282+0000] {dag.py:3096} INFO - Sync 1 DAGs
[2026-06-15T16:10:05.314+0000] {logging_mixin.py:188} INFO - [2026-06-15T16:10:05.313+0000] {dag.py:3954} INFO - Setting next_dagrun for example_branch_labels to 2026-06-14 00:00:00+00:00, run_after=2026-06-15 00:00:00+00:00
[2026-06-15T16:10:05.346+0000] {processor.py:183} INFO - Processing /home/airflow/.local/lib/python3.12/site-packages/airflow/example_dags/example_branch_labels.py took 0.122 seconds
[2026-06-15T16:10:35.587+0000] {processor.py:161} INFO - Started process (PID=1040) to work on /home/airflow/.local/lib/python3.12/site-packages/airflow/example_dags/example_branch_labels.py
[2026-06-15T16:10:35.589+0000] {processor.py:830} INFO - Processing file /home/airflow/.local/lib/python3.12/site-packages/airflow/example_dags/example_branch_labels.py for tasks to queue
[2026-06-15T16:10:35.593+0000] {logging_mixin.py:188} INFO - [2026-06-15T16:10:35.592+0000] {dagbag.py:545} INFO - Filling up the DagBag from /home/airflow/.local/lib/python3.12/site-packages/airflow/example_dags/example_branch_labels.py
[2026-06-15T16:10:35.608+0000] {processor.py:840} INFO - DAG(s) 'example_branch_labels' retrieved from /home/airflow/.local/lib/python3.12/site-packages/airflow/example_dags/example_branch_labels.py
[2026-06-15T16:10:35.643+0000] {logging_mixin.py:188} INFO - [2026-06-15T16:10:35.642+0000] {dag.py:3096} INFO - Sync 1 DAGs
[2026-06-15T16:10:35.678+0000] {logging_mixin.py:188} INFO - [2026-06-15T16:10:35.677+0000] {dag.py:3954} INFO - Setting next_dagrun for example_branch_labels to 2026-06-14 00:00:00+00:00, run_after=2026-06-15 00:00:00+00:00
[2026-06-15T16:10:35.719+0000] {processor.py:183} INFO - Processing /home/airflow/.local/lib/python3.12/site-packages/airflow/example_dags/example_branch_labels.py took 0.142 seconds
[2026-06-15T16:11:06.242+0000] {processor.py:161} INFO - Started process (PID=1099) to work on /home/airflow/.local/lib/python3.12/site-packages/airflow/example_dags/example_branch_labels.py
[2026-06-15T16:11:06.244+0000] {processor.py:830} INFO - Processing file /home/airflow/.local/lib/python3.12/site-packages/airflow/example_dags/example_branch_labels.py for tasks to queue
[2026-06-15T16:11:06.247+0000] {logging_mixin.py:188} INFO - [2026-06-15T16:11:06.247+0000] {dagbag.py:545} INFO - Filling up the DagBag from /home/airflow/.local/lib/python3.12/site-packages/airflow/example_dags/example_branch_labels.py
[2026-06-15T16:11:06.261+0000] {processor.py:840} INFO - DAG(s) 'example_branch_labels' retrieved from /home/airflow/.local/lib/python3.12/site-packages/airflow/example_dags/example_branch_labels.py
[2026-06-15T16:11:06.302+0000] {logging_mixin.py:188} INFO - [2026-06-15T16:11:06.301+0000] {dag.py:3096} INFO - Sync 1 DAGs
[2026-06-15T16:11:06.341+0000] {logging_mixin.py:188} INFO - [2026-06-15T16:11:06.341+0000] {dag.py:3954} INFO - Setting next_dagrun for example_branch_labels to 2026-06-14 00:00:00+00:00, run_after=2026-06-15 00:00:00+00:00
[2026-06-15T16:11:06.382+0000] {processor.py:183} INFO - Processing /home/airflow/.local/lib/python3.12/site-packages/airflow/example_dags/example_branch_labels.py took 0.148 seconds
[2026-06-15T16:11:37.109+0000] {processor.py:161} INFO - Started process (PID=1164) to work on /home/airflow/.local/lib/python3.12/site-packages/airflow/example_dags/example_branch_labels.py
[2026-06-15T16:11:37.111+0000] {processor.py:830} INFO - Processing file /home/airflow/.local/lib/python3.12/site-packages/airflow/example_dags/example_branch_labels.py for tasks to queue
[2026-06-15T16:11:37.114+0000] {logging_mixin.py:188} INFO - [2026-06-15T16:11:37.114+0000] {dagbag.py:545} INFO - Filling up the DagBag from /home/airflow/.local/lib/python3.12/site-packages/airflow/example_dags/example_branch_labels.py
[2026-06-15T16:11:37.125+0000] {processor.py:840} INFO - DAG(s) 'example_branch_labels' retrieved from /home/airflow/.local/lib/python3.12/site-packages/airflow/example_dags/example_branch_labels.py
[2026-06-15T16:11:37.161+0000] {logging_mixin.py:188} INFO - [2026-06-15T16:11:37.161+0000] {dag.py:3096} INFO - Sync 1 DAGs
[2026-06-15T16:11:37.195+0000] {logging_mixin.py:188} INFO - [2026-06-15T16:11:37.195+0000] {dag.py:3954} INFO - Setting next_dagrun for example_branch_labels to 2026-06-14 00:00:00+00:00, run_after=2026-06-15 00:00:00+00:00
[2026-06-15T16:11:37.228+0000] {processor.py:183} INFO - Processing /home/airflow/.local/lib/python3.12/site-packages/airflow/example_dags/example_branch_labels.py took 0.127 seconds
[2026-06-15T16:12:07.434+0000] {processor.py:161} INFO - Started process (PID=1224) to work on /home/airflow/.local/lib/python3.12/site-packages/airflow/example_dags/example_branch_labels.py
[2026-06-15T16:12:07.437+0000] {processor.py:830} INFO - Processing file /home/airflow/.local/lib/python3.12/site-packages/airflow/example_dags/example_branch_labels.py for tasks to queue
[2026-06-15T16:12:07.442+0000] {logging_mixin.py:188} INFO - [2026-06-15T16:12:07.441+0000] {dagbag.py:545} INFO - Filling up the DagBag from /home/airflow/.local/lib/python3.12/site-packages/airflow/example_dags/example_branch_labels.py
[2026-06-15T16:12:07.462+0000] {processor.py:840} INFO - DAG(s) 'example_branch_labels' retrieved from /home/airflow/.local/lib/python3.12/site-packages/airflow/example_dags/example_branch_labels.py
[2026-06-15T16:12:07.512+0000] {logging_mixin.py:188} INFO - [2026-06-15T16:12:07.512+0000] {dag.py:3096} INFO - Sync 1 DAGs
[2026-06-15T16:12:07.564+0000] {logging_mixin.py:188} INFO - [2026-06-15T16:12:07.563+0000] {dag.py:3954} INFO - Setting next_dagrun for example_branch_labels to 2026-06-14 00:00:00+00:00, run_after=2026-06-15 00:00:00+00:00
[2026-06-15T16:12:07.614+0000] {processor.py:183} INFO - Processing /home/airflow/.local/lib/python3.12/site-packages/airflow/example_dags/example_branch_labels.py took 0.194 seconds
[2026-06-15T16:12:38.005+0000] {processor.py:161} INFO - Started process (PID=1283) to work on /home/airflow/.local/lib/python3.12/site-packages/airflow/example_dags/example_branch_labels.py
[2026-06-15T16:12:38.007+0000] {processor.py:830} INFO - Processing file /home/airflow/.local/lib/python3.12/site-packages/airflow/example_dags/example_branch_labels.py for tasks to queue
[2026-06-15T16:12:38.010+0000] {logging_mixin.py:188} INFO - [2026-06-15T16:12:38.010+0000] {dagbag.py:545} INFO - Filling up the DagBag from /home/airflow/.local/lib/python3.12/site-packages/airflow/example_dags/example_branch_labels.py
[2026-06-15T16:12:38.021+0000] {processor.py:840} INFO - DAG(s) 'example_branch_labels' retrieved from /home/airflow/.local/lib/python3.12/site-packages/airflow/example_dags/example_branch_labels.py
[2026-06-15T16:12:38.061+0000] {logging_mixin.py:188} INFO - [2026-06-15T16:12:38.061+0000] {dag.py:3096} INFO - Sync 1 DAGs
[2026-06-15T16:12:38.099+0000] {logging_mixin.py:188} INFO - [2026-06-15T16:12:38.098+0000] {dag.py:3954} INFO - Setting next_dagrun for example_branch_labels to 2026-06-14 00:00:00+00:00, run_after=2026-06-15 00:00:00+00:00
[2026-06-15T16:12:38.136+0000] {processor.py:183} INFO - Processing /home/airflow/.local/lib/python3.12/site-packages/airflow/example_dags/example_branch_labels.py took 0.141 seconds
[2026-06-15T16:13:08.335+0000] {processor.py:161} INFO - Started process (PID=1342) to work on /home/airflow/.local/lib/python3.12/site-packages/airflow/example_dags/example_branch_labels.py
[2026-06-15T16:13:08.338+0000] {processor.py:830} INFO - Processing file /home/airflow/.local/lib/python3.12/site-packages/airflow/example_dags/example_branch_labels.py for tasks to queue
[2026-06-15T16:13:08.342+0000] {logging_mixin.py:188} INFO - [2026-06-15T16:13:08.342+0000] {dagbag.py:545} INFO - Filling up the DagBag from /home/airflow/.local/lib/python3.12/site-packages/airflow/example_dags/example_branch_labels.py
[2026-06-15T16:13:08.356+0000] {processor.py:840} INFO - DAG(s) 'example_branch_labels' retrieved from /home/airflow/.local/lib/python3.12/site-packages/airflow/example_dags/example_branch_labels.py
[2026-06-15T16:13:08.399+0000] {logging_mixin.py:188} INFO - [2026-06-15T16:13:08.399+0000] {dag.py:3096} INFO - Sync 1 DAGs
[2026-06-15T16:13:08.441+0000] {logging_mixin.py:188} INFO - [2026-06-15T16:13:08.441+0000] {dag.py:3954} INFO - Setting next_dagrun for example_branch_labels to 2026-06-14 00:00:00+00:00, run_after=2026-06-15 00:00:00+00:00
[2026-06-15T16:13:08.484+0000] {processor.py:183} INFO - Processing /home/airflow/.local/lib/python3.12/site-packages/airflow/example_dags/example_branch_labels.py took 0.158 seconds
[2026-06-15T16:13:38.673+0000] {processor.py:161} INFO - Started process (PID=1401) to work on /home/airflow/.local/lib/python3.12/site-packages/airflow/example_dags/example_branch_labels.py
[2026-06-15T16:13:38.675+0000] {processor.py:830} INFO - Processing file /home/airflow/.local/lib/python3.12/site-packages/airflow/example_dags/example_branch_labels.py for tasks to queue
[2026-06-15T16:13:38.679+0000] {logging_mixin.py:188} INFO - [2026-06-15T16:13:38.678+0000] {dagbag.py:545} INFO - Filling up the DagBag from /home/airflow/.local/lib/python3.12/site-packages/airflow/example_dags/example_branch_labels.py
[2026-06-15T16:13:38.690+0000] {processor.py:840} INFO - DAG(s) 'example_branch_labels' retrieved from /home/airflow/.local/lib/python3.12/site-packages/airflow/example_dags/example_branch_labels.py
[2026-06-15T16:13:38.730+0000] {logging_mixin.py:188} INFO - [2026-06-15T16:13:38.730+0000] {dag.py:3096} INFO - Sync 1 DAGs
[2026-06-15T16:13:38.764+0000] {logging_mixin.py:188} INFO - [2026-06-15T16:13:38.764+0000] {dag.py:3954} INFO - Setting next_dagrun for example_branch_labels to 2026-06-14 00:00:00+00:00, run_after=2026-06-15 00:00:00+00:00
[2026-06-15T16:13:38.803+0000] {processor.py:183} INFO - Processing /home/airflow/.local/lib/python3.12/site-packages/airflow/example_dags/example_branch_labels.py took 0.140 seconds
[2026-06-15T16:14:09.373+0000] {processor.py:161} INFO - Started process (PID=1460) to work on /home/airflow/.local/lib/python3.12/site-packages/airflow/example_dags/example_branch_labels.py
[2026-06-15T16:14:09.375+0000] {processor.py:830} INFO - Processing file /home/airflow/.local/lib/python3.12/site-packages/airflow/example_dags/example_branch_labels.py for tasks to queue
[2026-06-15T16:14:09.378+0000] {logging_mixin.py:188} INFO - [2026-06-15T16:14:09.378+0000] {dagbag.py:545} INFO - Filling up the DagBag from /home/airflow/.local/lib/python3.12/site-packages/airflow/example_dags/example_branch_labels.py
[2026-06-15T16:14:09.389+0000] {processor.py:840} INFO - DAG(s) 'example_branch_labels' retrieved from /home/airflow/.local/lib/python3.12/site-packages/airflow/example_dags/example_branch_labels.py
[2026-06-15T16:14:09.425+0000] {logging_mixin.py:188} INFO - [2026-06-15T16:14:09.425+0000] {dag.py:3096} INFO - Sync 1 DAGs
[2026-06-15T16:14:09.462+0000] {logging_mixin.py:188} INFO - [2026-06-15T16:14:09.462+0000] {dag.py:3954} INFO - Setting next_dagrun for example_branch_labels to 2026-06-14 00:00:00+00:00, run_after=2026-06-15 00:00:00+00:00
[2026-06-15T16:14:09.498+0000] {processor.py:183} INFO - Processing /home/airflow/.local/lib/python3.12/site-packages/airflow/example_dags/example_branch_labels.py took 0.135 seconds
[2026-06-15T16:14:40.084+0000] {processor.py:161} INFO - Started process (PID=1519) to work on /home/airflow/.local/lib/python3.12/site-packages/airflow/example_dags/example_branch_labels.py
[2026-06-15T16:14:40.086+0000] {processor.py:830} INFO - Processing file /home/airflow/.local/lib/python3.12/site-packages/airflow/example_dags/example_branch_labels.py for tasks to queue
[2026-06-15T16:14:40.089+0000] {logging_mixin.py:188} INFO - [2026-06-15T16:14:40.088+0000] {dagbag.py:545} INFO - Filling up the DagBag from /home/airflow/.local/lib/python3.12/site-packages/airflow/example_dags/example_branch_labels.py
[2026-06-15T16:14:40.099+0000] {processor.py:840} INFO - DAG(s) 'example_branch_labels' retrieved from /home/airflow/.local/lib/python3.12/site-packages/airflow/example_dags/example_branch_labels.py
[2026-06-15T16:14:40.136+0000] {logging_mixin.py:188} INFO - [2026-06-15T16:14:40.135+0000] {dag.py:3096} INFO - Sync 1 DAGs
[2026-06-15T16:14:40.169+0000] {logging_mixin.py:188} INFO - [2026-06-15T16:14:40.168+0000] {dag.py:3954} INFO - Setting next_dagrun for example_branch_labels to 2026-06-14 00:00:00+00:00, run_after=2026-06-15 00:00:00+00:00
[2026-06-15T16:14:40.202+0000] {processor.py:183} INFO - Processing /home/airflow/.local/lib/python3.12/site-packages/airflow/example_dags/example_branch_labels.py took 0.127 seconds
[2026-06-15T16:15:11.213+0000] {processor.py:161} INFO - Started process (PID=1578) to work on /home/airflow/.local/lib/python3.12/site-packages/airflow/example_dags/example_branch_labels.py
[2026-06-15T16:15:11.215+0000] {processor.py:830} INFO - Processing file /home/airflow/.local/lib/python3.12/site-packages/airflow/example_dags/example_branch_labels.py for tasks to queue
[2026-06-15T16:15:11.219+0000] {logging_mixin.py:188} INFO - [2026-06-15T16:15:11.218+0000] {dagbag.py:545} INFO - Filling up the DagBag from /home/airflow/.local/lib/python3.12/site-packages/airflow/example_dags/example_branch_labels.py
[2026-06-15T16:15:11.233+0000] {processor.py:840} INFO - DAG(s) 'example_branch_labels' retrieved from /home/airflow/.local/lib/python3.12/site-packages/airflow/example_dags/example_branch_labels.py
[2026-06-15T16:15:11.267+0000] {logging_mixin.py:188} INFO - [2026-06-15T16:15:11.267+0000] {dag.py:3096} INFO - Sync 1 DAGs
[2026-06-15T16:15:11.306+0000] {logging_mixin.py:188} INFO - [2026-06-15T16:15:11.306+0000] {dag.py:3954} INFO - Setting next_dagrun for example_branch_labels to 2026-06-14 00:00:00+00:00, run_after=2026-06-15 00:00:00+00:00
[2026-06-15T16:15:11.547+0000] {processor.py:183} INFO - Processing /home/airflow/.local/lib/python3.12/site-packages/airflow/example_dags/example_branch_labels.py took 0.343 seconds
[2026-06-15T16:15:42.347+0000] {processor.py:161} INFO - Started process (PID=1637) to work on /home/airflow/.local/lib/python3.12/site-packages/airflow/example_dags/example_branch_labels.py
[2026-06-15T16:15:42.349+0000] {processor.py:830} INFO - Processing file /home/airflow/.local/lib/python3.12/site-packages/airflow/example_dags/example_branch_labels.py for tasks to queue
[2026-06-15T16:15:42.353+0000] {logging_mixin.py:188} INFO - [2026-06-15T16:15:42.352+0000] {dagbag.py:545} INFO - Filling up the DagBag from /home/airflow/.local/lib/python3.12/site-packages/airflow/example_dags/example_branch_labels.py
[2026-06-15T16:15:42.363+0000] {processor.py:840} INFO - DAG(s) 'example_branch_labels' retrieved from /home/airflow/.local/lib/python3.12/site-packages/airflow/example_dags/example_branch_labels.py
[2026-06-15T16:15:42.397+0000] {logging_mixin.py:188} INFO - [2026-06-15T16:15:42.396+0000] {dag.py:3096} INFO - Sync 1 DAGs
[2026-06-15T16:15:42.429+0000] {logging_mixin.py:188} INFO - [2026-06-15T16:15:42.428+0000] {dag.py:3954} INFO - Setting next_dagrun for example_branch_labels to 2026-06-14 00:00:00+00:00, run_after=2026-06-15 00:00:00+00:00
[2026-06-15T16:15:42.468+0000] {processor.py:183} INFO - Processing /home/airflow/.local/lib/python3.12/site-packages/airflow/example_dags/example_branch_labels.py took 0.128 seconds
[2026-06-15T16:16:13.019+0000] {processor.py:161} INFO - Started process (PID=1697) to work on /home/airflow/.local/lib/python3.12/site-packages/airflow/example_dags/example_branch_labels.py
[2026-06-15T16:16:13.021+0000] {processor.py:830} INFO - Processing file /home/airflow/.local/lib/python3.12/site-packages/airflow/example_dags/example_branch_labels.py for tasks to queue
[2026-06-15T16:16:13.025+0000] {logging_mixin.py:188} INFO - [2026-06-15T16:16:13.025+0000] {dagbag.py:545} INFO - Filling up the DagBag from /home/airflow/.local/lib/python3.12/site-packages/airflow/example_dags/example_branch_labels.py
[2026-06-15T16:16:13.040+0000] {processor.py:840} INFO - DAG(s) 'example_branch_labels' retrieved from /home/airflow/.local/lib/python3.12/site-packages/airflow/example_dags/example_branch_labels.py
[2026-06-15T16:16:13.075+0000] {logging_mixin.py:188} INFO - [2026-06-15T16:16:13.075+0000] {dag.py:3096} INFO - Sync 1 DAGs
[2026-06-15T16:16:13.115+0000] {logging_mixin.py:188} INFO - [2026-06-15T16:16:13.115+0000] {dag.py:3954} INFO - Setting next_dagrun for example_branch_labels to 2026-06-14 00:00:00+00:00, run_after=2026-06-15 00:00:00+00:00
[2026-06-15T16:16:13.156+0000] {processor.py:183} INFO - Processing /home/airflow/.local/lib/python3.12/site-packages/airflow/example_dags/example_branch_labels.py took 0.146 seconds
[2026-06-15T16:16:43.612+0000] {processor.py:161} INFO - Started process (PID=1756) to work on /home/airflow/.local/lib/python3.12/site-packages/airflow/example_dags/example_branch_labels.py
[2026-06-15T16:16:43.614+0000] {processor.py:830} INFO - Processing file /home/airflow/.local/lib/python3.12/site-packages/airflow/example_dags/example_branch_labels.py for tasks to queue
[2026-06-15T16:16:43.618+0000] {logging_mixin.py:188} INFO - [2026-06-15T16:16:43.617+0000] {dagbag.py:545} INFO - Filling up the DagBag from /home/airflow/.local/lib/python3.12/site-packages/airflow/example_dags/example_branch_labels.py
[2026-06-15T16:16:43.629+0000] {processor.py:840} INFO - DAG(s) 'example_branch_labels' retrieved from /home/airflow/.local/lib/python3.12/site-packages/airflow/example_dags/example_branch_labels.py
[2026-06-15T16:16:43.662+0000] {logging_mixin.py:188} INFO - [2026-06-15T16:16:43.662+0000] {dag.py:3096} INFO - Sync 1 DAGs
[2026-06-15T16:16:43.695+0000] {logging_mixin.py:188} INFO - [2026-06-15T16:16:43.694+0000] {dag.py:3954} INFO - Setting next_dagrun for example_branch_labels to 2026-06-14 00:00:00+00:00, run_after=2026-06-15 00:00:00+00:00
[2026-06-15T16:16:43.735+0000] {processor.py:183} INFO - Processing /home/airflow/.local/lib/python3.12/site-packages/airflow/example_dags/example_branch_labels.py took 0.132 seconds
[2026-06-15T16:17:14.285+0000] {processor.py:161} INFO - Started process (PID=1816) to work on /home/airflow/.local/lib/python3.12/site-packages/airflow/example_dags/example_branch_labels.py
[2026-06-15T16:17:14.286+0000] {processor.py:830} INFO - Processing file /home/airflow/.local/lib/python3.12/site-packages/airflow/example_dags/example_branch_labels.py for tasks to queue
[2026-06-15T16:17:14.289+0000] {logging_mixin.py:188} INFO - [2026-06-15T16:17:14.289+0000] {dagbag.py:545} INFO - Filling up the DagBag from /home/airflow/.local/lib/python3.12/site-packages/airflow/example_dags/example_branch_labels.py
[2026-06-15T16:17:14.302+0000] {processor.py:840} INFO - DAG(s) 'example_branch_labels' retrieved from /home/airflow/.local/lib/python3.12/site-packages/airflow/example_dags/example_branch_labels.py
[2026-06-15T16:17:14.338+0000] {logging_mixin.py:188} INFO - [2026-06-15T16:17:14.337+0000] {dag.py:3096} INFO - Sync 1 DAGs
[2026-06-15T16:17:14.373+0000] {logging_mixin.py:188} INFO - [2026-06-15T16:17:14.372+0000] {dag.py:3954} INFO - Setting next_dagrun for example_branch_labels to 2026-06-14 00:00:00+00:00, run_after=2026-06-15 00:00:00+00:00
[2026-06-15T16:17:14.412+0000] {processor.py:183} INFO - Processing /home/airflow/.local/lib/python3.12/site-packages/airflow/example_dags/example_branch_labels.py took 0.136 seconds
[2026-06-15T16:17:44.863+0000] {processor.py:161} INFO - Started process (PID=1873) to work on /home/airflow/.local/lib/python3.12/site-packages/airflow/example_dags/example_branch_labels.py
[2026-06-15T16:17:44.865+0000] {processor.py:830} INFO - Processing file /home/airflow/.local/lib/python3.12/site-packages/airflow/example_dags/example_branch_labels.py for tasks to queue
[2026-06-15T16:17:44.869+0000] {logging_mixin.py:188} INFO - [2026-06-15T16:17:44.868+0000] {dagbag.py:545} INFO - Filling up the DagBag from /home/airflow/.local/lib/python3.12/site-packages/airflow/example_dags/example_branch_labels.py
[2026-06-15T16:17:44.881+0000] {processor.py:840} INFO - DAG(s) 'example_branch_labels' retrieved from /home/airflow/.local/lib/python3.12/site-packages/airflow/example_dags/example_branch_labels.py
[2026-06-15T16:17:44.922+0000] {logging_mixin.py:188} INFO - [2026-06-15T16:17:44.921+0000] {dag.py:3096} INFO - Sync 1 DAGs
[2026-06-15T16:17:44.957+0000] {logging_mixin.py:188} INFO - [2026-06-15T16:17:44.957+0000] {dag.py:3954} INFO - Setting next_dagrun for example_branch_labels to 2026-06-14 00:00:00+00:00, run_after=2026-06-15 00:00:00+00:00
[2026-06-15T16:17:44.999+0000] {processor.py:183} INFO - Processing /home/airflow/.local/lib/python3.12/site-packages/airflow/example_dags/example_branch_labels.py took 0.147 seconds
[2026-06-15T16:18:15.134+0000] {processor.py:161} INFO - Started process (PID=1932) to work on /home/airflow/.local/lib/python3.12/site-packages/airflow/example_dags/example_branch_labels.py
[2026-06-15T16:18:15.136+0000] {processor.py:830} INFO - Processing file /home/airflow/.local/lib/python3.12/site-packages/airflow/example_dags/example_branch_labels.py for tasks to queue
[2026-06-15T16:18:15.142+0000] {logging_mixin.py:188} INFO - [2026-06-15T16:18:15.141+0000] {dagbag.py:545} INFO - Filling up the DagBag from /home/airflow/.local/lib/python3.12/site-packages/airflow/example_dags/example_branch_labels.py
[2026-06-15T16:18:15.154+0000] {processor.py:840} INFO - DAG(s) 'example_branch_labels' retrieved from /home/airflow/.local/lib/python3.12/site-packages/airflow/example_dags/example_branch_labels.py
[2026-06-15T16:18:15.189+0000] {logging_mixin.py:188} INFO - [2026-06-15T16:18:15.188+0000] {dag.py:3096} INFO - Sync 1 DAGs
[2026-06-15T16:18:15.221+0000] {logging_mixin.py:188} INFO - [2026-06-15T16:18:15.221+0000] {dag.py:3954} INFO - Setting next_dagrun for example_branch_labels to 2026-06-14 00:00:00+00:00, run_after=2026-06-15 00:00:00+00:00
[2026-06-15T16:18:15.253+0000] {processor.py:183} INFO - Processing /home/airflow/.local/lib/python3.12/site-packages/airflow/example_dags/example_branch_labels.py took 0.127 seconds
[2026-06-15T16:18:45.911+0000] {processor.py:161} INFO - Started process (PID=1991) to work on /home/airflow/.local/lib/python3.12/site-packages/airflow/example_dags/example_branch_labels.py
[2026-06-15T16:18:45.912+0000] {processor.py:830} INFO - Processing file /home/airflow/.local/lib/python3.12/site-packages/airflow/example_dags/example_branch_labels.py for tasks to queue
[2026-06-15T16:18:45.915+0000] {logging_mixin.py:188} INFO - [2026-06-15T16:18:45.915+0000] {dagbag.py:545} INFO - Filling up the DagBag from /home/airflow/.local/lib/python3.12/site-packages/airflow/example_dags/example_branch_labels.py
[2026-06-15T16:18:45.928+0000] {processor.py:840} INFO - DAG(s) 'example_branch_labels' retrieved from /home/airflow/.local/lib/python3.12/site-packages/airflow/example_dags/example_branch_labels.py
[2026-06-15T16:18:45.962+0000] {logging_mixin.py:188} INFO - [2026-06-15T16:18:45.962+0000] {dag.py:3096} INFO - Sync 1 DAGs
[2026-06-15T16:18:45.998+0000] {logging_mixin.py:188} INFO - [2026-06-15T16:18:45.997+0000] {dag.py:3954} INFO - Setting next_dagrun for example_branch_labels to 2026-06-14 00:00:00+00:00, run_after=2026-06-15 00:00:00+00:00
[2026-06-15T16:18:46.037+0000] {processor.py:183} INFO - Processing /home/airflow/.local/lib/python3.12/site-packages/airflow/example_dags/example_branch_labels.py took 0.136 seconds
[2026-06-15T16:19:16.479+0000] {processor.py:161} INFO - Started process (PID=2050) to work on /home/airflow/.local/lib/python3.12/site-packages/airflow/example_dags/example_branch_labels.py
[2026-06-15T16:19:16.481+0000] {processor.py:830} INFO - Processing file /home/airflow/.local/lib/python3.12/site-packages/airflow/example_dags/example_branch_labels.py for tasks to queue
[2026-06-15T16:19:16.485+0000] {logging_mixin.py:188} INFO - [2026-06-15T16:19:16.484+0000] {dagbag.py:545} INFO - Filling up the DagBag from /home/airflow/.local/lib/python3.12/site-packages/airflow/example_dags/example_branch_labels.py
[2026-06-15T16:19:16.498+0000] {processor.py:840} INFO - DAG(s) 'example_branch_labels' retrieved from /home/airflow/.local/lib/python3.12/site-packages/airflow/example_dags/example_branch_labels.py
[2026-06-15T16:19:16.541+0000] {logging_mixin.py:188} INFO - [2026-06-15T16:19:16.541+0000] {dag.py:3096} INFO - Sync 1 DAGs
[2026-06-15T16:19:16.574+0000] {logging_mixin.py:188} INFO - [2026-06-15T16:19:16.574+0000] {dag.py:3954} INFO - Setting next_dagrun for example_branch_labels to 2026-06-14 00:00:00+00:00, run_after=2026-06-15 00:00:00+00:00
[2026-06-15T16:19:16.611+0000] {processor.py:183} INFO - Processing /home/airflow/.local/lib/python3.12/site-packages/airflow/example_dags/example_branch_labels.py took 0.141 seconds
[2026-06-15T16:19:47.337+0000] {processor.py:161} INFO - Started process (PID=2109) to work on /home/airflow/.local/lib/python3.12/site-packages/airflow/example_dags/example_branch_labels.py
[2026-06-15T16:19:47.339+0000] {processor.py:830} INFO - Processing file /home/airflow/.local/lib/python3.12/site-packages/airflow/example_dags/example_branch_labels.py for tasks to queue
[2026-06-15T16:19:47.343+0000] {logging_mixin.py:188} INFO - [2026-06-15T16:19:47.342+0000] {dagbag.py:545} INFO - Filling up the DagBag from /home/airflow/.local/lib/python3.12/site-packages/airflow/example_dags/example_branch_labels.py
[2026-06-15T16:19:47.357+0000] {processor.py:840} INFO - DAG(s) 'example_branch_labels' retrieved from /home/airflow/.local/lib/python3.12/site-packages/airflow/example_dags/example_branch_labels.py
[2026-06-15T16:19:47.395+0000] {logging_mixin.py:188} INFO - [2026-06-15T16:19:47.394+0000] {dag.py:3096} INFO - Sync 1 DAGs
[2026-06-15T16:19:47.433+0000] {logging_mixin.py:188} INFO - [2026-06-15T16:19:47.433+0000] {dag.py:3954} INFO - Setting next_dagrun for example_branch_labels to 2026-06-14 00:00:00+00:00, run_after=2026-06-15 00:00:00+00:00
[2026-06-15T16:19:47.475+0000] {processor.py:183} INFO - Processing /home/airflow/.local/lib/python3.12/site-packages/airflow/example_dags/example_branch_labels.py took 0.148 seconds
[2026-06-15T16:20:17.758+0000] {processor.py:161} INFO - Started process (PID=2168) to work on /home/airflow/.local/lib/python3.12/site-packages/airflow/example_dags/example_branch_labels.py
[2026-06-15T16:20:17.761+0000] {processor.py:830} INFO - Processing file /home/airflow/.local/lib/python3.12/site-packages/airflow/example_dags/example_branch_labels.py for tasks to queue
[2026-06-15T16:20:17.767+0000] {logging_mixin.py:188} INFO - [2026-06-15T16:20:17.766+0000] {dagbag.py:545} INFO - Filling up the DagBag from /home/airflow/.local/lib/python3.12/site-packages/airflow/example_dags/example_branch_labels.py
[2026-06-15T16:20:17.793+0000] {processor.py:840} INFO - DAG(s) 'example_branch_labels' retrieved from /home/airflow/.local/lib/python3.12/site-packages/airflow/example_dags/example_branch_labels.py
[2026-06-15T16:20:17.854+0000] {logging_mixin.py:188} INFO - [2026-06-15T16:20:17.854+0000] {dag.py:3096} INFO - Sync 1 DAGs
[2026-06-15T16:20:17.912+0000] {logging_mixin.py:188} INFO - [2026-06-15T16:20:17.911+0000] {dag.py:3954} INFO - Setting next_dagrun for example_branch_labels to 2026-06-14 00:00:00+00:00, run_after=2026-06-15 00:00:00+00:00
[2026-06-15T16:20:17.970+0000] {processor.py:183} INFO - Processing /home/airflow/.local/lib/python3.12/site-packages/airflow/example_dags/example_branch_labels.py took 0.225 seconds
[2026-06-15T16:45:24.304+0000] {processor.py:161} INFO - Started process (PID=2230) to work on /home/airflow/.local/lib/python3.12/site-packages/airflow/example_dags/example_branch_labels.py
[2026-06-15T16:45:24.310+0000] {processor.py:830} INFO - Processing file /home/airflow/.local/lib/python3.12/site-packages/airflow/example_dags/example_branch_labels.py for tasks to queue
[2026-06-15T16:45:24.316+0000] {logging_mixin.py:188} INFO - [2026-06-15T16:45:24.315+0000] {dagbag.py:545} INFO - Filling up the DagBag from /home/airflow/.local/lib/python3.12/site-packages/airflow/example_dags/example_branch_labels.py
[2026-06-15T16:45:24.347+0000] {processor.py:840} INFO - DAG(s) 'example_branch_labels' retrieved from /home/airflow/.local/lib/python3.12/site-packages/airflow/example_dags/example_branch_labels.py
[2026-06-15T16:45:24.433+0000] {logging_mixin.py:188} INFO - [2026-06-15T16:45:24.432+0000] {dag.py:3096} INFO - Sync 1 DAGs
[2026-06-15T16:45:24.534+0000] {logging_mixin.py:188} INFO - [2026-06-15T16:45:24.533+0000] {dag.py:3954} INFO - Setting next_dagrun for example_branch_labels to 2026-06-14 00:00:00+00:00, run_after=2026-06-15 00:00:00+00:00
[2026-06-15T16:45:24.620+0000] {processor.py:183} INFO - Processing /home/airflow/.local/lib/python3.12/site-packages/airflow/example_dags/example_branch_labels.py took 0.339 seconds
[2026-06-15T16:45:55.097+0000] {processor.py:161} INFO - Started process (PID=2289) to work on /home/airflow/.local/lib/python3.12/site-packages/airflow/example_dags/example_branch_labels.py
[2026-06-15T16:45:55.099+0000] {processor.py:830} INFO - Processing file /home/airflow/.local/lib/python3.12/site-packages/airflow/example_dags/example_branch_labels.py for tasks to queue
[2026-06-15T16:45:55.102+0000] {logging_mixin.py:188} INFO - [2026-06-15T16:45:55.102+0000] {dagbag.py:545} INFO - Filling up the DagBag from /home/airflow/.local/lib/python3.12/site-packages/airflow/example_dags/example_branch_labels.py
[2026-06-15T16:45:55.113+0000] {processor.py:840} INFO - DAG(s) 'example_branch_labels' retrieved from /home/airflow/.local/lib/python3.12/site-packages/airflow/example_dags/example_branch_labels.py
[2026-06-15T16:45:55.149+0000] {logging_mixin.py:188} INFO - [2026-06-15T16:45:55.148+0000] {dag.py:3096} INFO - Sync 1 DAGs
[2026-06-15T16:45:55.186+0000] {logging_mixin.py:188} INFO - [2026-06-15T16:45:55.186+0000] {dag.py:3954} INFO - Setting next_dagrun for example_branch_labels to 2026-06-14 00:00:00+00:00, run_after=2026-06-15 00:00:00+00:00
[2026-06-15T16:45:55.220+0000] {processor.py:183} INFO - Processing /home/airflow/.local/lib/python3.12/site-packages/airflow/example_dags/example_branch_labels.py took 0.134 seconds
[2026-06-15T16:46:26.067+0000] {processor.py:161} INFO - Started process (PID=2348) to work on /home/airflow/.local/lib/python3.12/site-packages/airflow/example_dags/example_branch_labels.py
[2026-06-15T16:46:26.069+0000] {processor.py:830} INFO - Processing file /home/airflow/.local/lib/python3.12/site-packages/airflow/example_dags/example_branch_labels.py for tasks to queue
[2026-06-15T16:46:26.073+0000] {logging_mixin.py:188} INFO - [2026-06-15T16:46:26.072+0000] {dagbag.py:545} INFO - Filling up the DagBag from /home/airflow/.local/lib/python3.12/site-packages/airflow/example_dags/example_branch_labels.py
[2026-06-15T16:46:26.085+0000] {processor.py:840} INFO - DAG(s) 'example_branch_labels' retrieved from /home/airflow/.local/lib/python3.12/site-packages/airflow/example_dags/example_branch_labels.py
[2026-06-15T16:46:26.116+0000] {logging_mixin.py:188} INFO - [2026-06-15T16:46:26.116+0000] {dag.py:3096} INFO - Sync 1 DAGs
[2026-06-15T16:46:26.152+0000] {logging_mixin.py:188} INFO - [2026-06-15T16:46:26.152+0000] {dag.py:3954} INFO - Setting next_dagrun for example_branch_labels to 2026-06-14 00:00:00+00:00, run_after=2026-06-15 00:00:00+00:00
[2026-06-15T16:46:26.186+0000] {processor.py:183} INFO - Processing /home/airflow/.local/lib/python3.12/site-packages/airflow/example_dags/example_branch_labels.py took 0.127 seconds
