[2026-06-15T15:52:58.735+0000] {processor.py:161} INFO - Started process (PID=75) to work on /home/airflow/.local/lib/python3.12/site-packages/airflow/example_dags/example_sla_dag.py
[2026-06-15T15:52:58.739+0000] {processor.py:830} INFO - Processing file /home/airflow/.local/lib/python3.12/site-packages/airflow/example_dags/example_sla_dag.py for tasks to queue
[2026-06-15T15:52:58.746+0000] {logging_mixin.py:188} INFO - [2026-06-15T15:52:58.745+0000] {dagbag.py:545} INFO - Filling up the DagBag from /home/airflow/.local/lib/python3.12/site-packages/airflow/example_dags/example_sla_dag.py
[2026-06-15T15:52:58.780+0000] {processor.py:840} INFO - DAG(s) 'example_sla_dag' retrieved from /home/airflow/.local/lib/python3.12/site-packages/airflow/example_dags/example_sla_dag.py
[2026-06-15T15:52:58.954+0000] {logging_mixin.py:188} INFO - [2026-06-15T15:52:58.953+0000] {dag.py:3096} INFO - Sync 1 DAGs
[2026-06-15T15:52:59.052+0000] {logging_mixin.py:188} INFO - [2026-06-15T15:52:59.051+0000] {dag.py:3954} INFO - Setting next_dagrun for example_sla_dag to 2026-06-15 15:50:00+00:00, run_after=2026-06-15 15:52:00+00:00
[2026-06-15T15:52:59.111+0000] {processor.py:183} INFO - Processing /home/airflow/.local/lib/python3.12/site-packages/airflow/example_dags/example_sla_dag.py took 0.393 seconds
[2026-06-15T15:57:10.965+0000] {processor.py:161} INFO - Started process (PID=63) to work on /home/airflow/.local/lib/python3.12/site-packages/airflow/example_dags/example_sla_dag.py
[2026-06-15T15:57:10.968+0000] {processor.py:830} INFO - Processing file /home/airflow/.local/lib/python3.12/site-packages/airflow/example_dags/example_sla_dag.py for tasks to queue
[2026-06-15T15:57:10.972+0000] {logging_mixin.py:188} INFO - [2026-06-15T15:57:10.971+0000] {dagbag.py:545} INFO - Filling up the DagBag from /home/airflow/.local/lib/python3.12/site-packages/airflow/example_dags/example_sla_dag.py
[2026-06-15T15:57:10.990+0000] {processor.py:840} INFO - DAG(s) 'example_sla_dag' retrieved from /home/airflow/.local/lib/python3.12/site-packages/airflow/example_dags/example_sla_dag.py
[2026-06-15T15:57:11.294+0000] {logging_mixin.py:188} INFO - [2026-06-15T15:57:11.293+0000] {dag.py:3096} INFO - Sync 1 DAGs
[2026-06-15T15:57:11.350+0000] {logging_mixin.py:188} INFO - [2026-06-15T15:57:11.350+0000] {dag.py:3954} INFO - Setting next_dagrun for example_sla_dag to 2026-06-15 15:54:00+00:00, run_after=2026-06-15 15:56:00+00:00
[2026-06-15T15:57:11.394+0000] {processor.py:183} INFO - Processing /home/airflow/.local/lib/python3.12/site-packages/airflow/example_dags/example_sla_dag.py took 0.438 seconds
[2026-06-15T15:57:41.860+0000] {processor.py:161} INFO - Started process (PID=122) to work on /home/airflow/.local/lib/python3.12/site-packages/airflow/example_dags/example_sla_dag.py
[2026-06-15T15:57:41.862+0000] {processor.py:830} INFO - Processing file /home/airflow/.local/lib/python3.12/site-packages/airflow/example_dags/example_sla_dag.py for tasks to queue
[2026-06-15T15:57:41.867+0000] {logging_mixin.py:188} INFO - [2026-06-15T15:57:41.866+0000] {dagbag.py:545} INFO - Filling up the DagBag from /home/airflow/.local/lib/python3.12/site-packages/airflow/example_dags/example_sla_dag.py
[2026-06-15T15:57:41.885+0000] {processor.py:840} INFO - DAG(s) 'example_sla_dag' retrieved from /home/airflow/.local/lib/python3.12/site-packages/airflow/example_dags/example_sla_dag.py
[2026-06-15T15:57:41.926+0000] {logging_mixin.py:188} INFO - [2026-06-15T15:57:41.926+0000] {dag.py:3096} INFO - Sync 1 DAGs
[2026-06-15T15:57:41.973+0000] {logging_mixin.py:188} INFO - [2026-06-15T15:57:41.973+0000] {dag.py:3954} INFO - Setting next_dagrun for example_sla_dag to 2026-06-15 15:54:00+00:00, run_after=2026-06-15 15:56:00+00:00
[2026-06-15T15:57:42.019+0000] {processor.py:183} INFO - Processing /home/airflow/.local/lib/python3.12/site-packages/airflow/example_dags/example_sla_dag.py took 0.169 seconds
[2026-06-15T15:58:12.814+0000] {processor.py:161} INFO - Started process (PID=189) to work on /home/airflow/.local/lib/python3.12/site-packages/airflow/example_dags/example_sla_dag.py
[2026-06-15T15:58:12.816+0000] {processor.py:830} INFO - Processing file /home/airflow/.local/lib/python3.12/site-packages/airflow/example_dags/example_sla_dag.py for tasks to queue
[2026-06-15T15:58:12.823+0000] {logging_mixin.py:188} INFO - [2026-06-15T15:58:12.821+0000] {dagbag.py:545} INFO - Filling up the DagBag from /home/airflow/.local/lib/python3.12/site-packages/airflow/example_dags/example_sla_dag.py
[2026-06-15T15:58:12.843+0000] {processor.py:840} INFO - DAG(s) 'example_sla_dag' retrieved from /home/airflow/.local/lib/python3.12/site-packages/airflow/example_dags/example_sla_dag.py
[2026-06-15T15:58:12.898+0000] {logging_mixin.py:188} INFO - [2026-06-15T15:58:12.897+0000] {dag.py:3096} INFO - Sync 1 DAGs
[2026-06-15T15:58:12.955+0000] {logging_mixin.py:188} INFO - [2026-06-15T15:58:12.954+0000] {dag.py:3954} INFO - Setting next_dagrun for example_sla_dag to 2026-06-15 15:56:00+00:00, run_after=2026-06-15 15:58:00+00:00
[2026-06-15T15:58:13.010+0000] {processor.py:183} INFO - Processing /home/airflow/.local/lib/python3.12/site-packages/airflow/example_dags/example_sla_dag.py took 0.208 seconds
[2026-06-15T15:58:43.638+0000] {processor.py:161} INFO - Started process (PID=249) to work on /home/airflow/.local/lib/python3.12/site-packages/airflow/example_dags/example_sla_dag.py
[2026-06-15T15:58:43.641+0000] {processor.py:830} INFO - Processing file /home/airflow/.local/lib/python3.12/site-packages/airflow/example_dags/example_sla_dag.py for tasks to queue
[2026-06-15T15:58:43.646+0000] {logging_mixin.py:188} INFO - [2026-06-15T15:58:43.645+0000] {dagbag.py:545} INFO - Filling up the DagBag from /home/airflow/.local/lib/python3.12/site-packages/airflow/example_dags/example_sla_dag.py
[2026-06-15T15:58:43.667+0000] {processor.py:840} INFO - DAG(s) 'example_sla_dag' retrieved from /home/airflow/.local/lib/python3.12/site-packages/airflow/example_dags/example_sla_dag.py
[2026-06-15T15:58:43.717+0000] {logging_mixin.py:188} INFO - [2026-06-15T15:58:43.717+0000] {dag.py:3096} INFO - Sync 1 DAGs
[2026-06-15T15:58:43.773+0000] {logging_mixin.py:188} INFO - [2026-06-15T15:58:43.772+0000] {dag.py:3954} INFO - Setting next_dagrun for example_sla_dag to 2026-06-15 15:56:00+00:00, run_after=2026-06-15 15:58:00+00:00
[2026-06-15T15:58:43.827+0000] {processor.py:183} INFO - Processing /home/airflow/.local/lib/python3.12/site-packages/airflow/example_dags/example_sla_dag.py took 0.201 seconds
[2026-06-15T15:59:14.792+0000] {processor.py:161} INFO - Started process (PID=309) to work on /home/airflow/.local/lib/python3.12/site-packages/airflow/example_dags/example_sla_dag.py
[2026-06-15T15:59:14.794+0000] {processor.py:830} INFO - Processing file /home/airflow/.local/lib/python3.12/site-packages/airflow/example_dags/example_sla_dag.py for tasks to queue
[2026-06-15T15:59:14.800+0000] {logging_mixin.py:188} INFO - [2026-06-15T15:59:14.798+0000] {dagbag.py:545} INFO - Filling up the DagBag from /home/airflow/.local/lib/python3.12/site-packages/airflow/example_dags/example_sla_dag.py
[2026-06-15T15:59:14.825+0000] {processor.py:840} INFO - DAG(s) 'example_sla_dag' retrieved from /home/airflow/.local/lib/python3.12/site-packages/airflow/example_dags/example_sla_dag.py
[2026-06-15T15:59:14.889+0000] {logging_mixin.py:188} INFO - [2026-06-15T15:59:14.889+0000] {dag.py:3096} INFO - Sync 1 DAGs
[2026-06-15T15:59:14.965+0000] {logging_mixin.py:188} INFO - [2026-06-15T15:59:14.964+0000] {dag.py:3954} INFO - Setting next_dagrun for example_sla_dag to 2026-06-15 15:56:00+00:00, run_after=2026-06-15 15:58:00+00:00
[2026-06-15T15:59:15.034+0000] {processor.py:183} INFO - Processing /home/airflow/.local/lib/python3.12/site-packages/airflow/example_dags/example_sla_dag.py took 0.259 seconds
[2026-06-15T15:59:45.788+0000] {processor.py:161} INFO - Started process (PID=375) to work on /home/airflow/.local/lib/python3.12/site-packages/airflow/example_dags/example_sla_dag.py
[2026-06-15T15:59:45.791+0000] {processor.py:830} INFO - Processing file /home/airflow/.local/lib/python3.12/site-packages/airflow/example_dags/example_sla_dag.py for tasks to queue
[2026-06-15T15:59:45.797+0000] {logging_mixin.py:188} INFO - [2026-06-15T15:59:45.796+0000] {dagbag.py:545} INFO - Filling up the DagBag from /home/airflow/.local/lib/python3.12/site-packages/airflow/example_dags/example_sla_dag.py
[2026-06-15T15:59:45.826+0000] {processor.py:840} INFO - DAG(s) 'example_sla_dag' retrieved from /home/airflow/.local/lib/python3.12/site-packages/airflow/example_dags/example_sla_dag.py
[2026-06-15T15:59:45.878+0000] {logging_mixin.py:188} INFO - [2026-06-15T15:59:45.878+0000] {dag.py:3096} INFO - Sync 1 DAGs
[2026-06-15T15:59:45.934+0000] {logging_mixin.py:188} INFO - [2026-06-15T15:59:45.934+0000] {dag.py:3954} INFO - Setting next_dagrun for example_sla_dag to 2026-06-15 15:56:00+00:00, run_after=2026-06-15 15:58:00+00:00
[2026-06-15T15:59:45.992+0000] {processor.py:183} INFO - Processing /home/airflow/.local/lib/python3.12/site-packages/airflow/example_dags/example_sla_dag.py took 0.224 seconds
[2026-06-15T16:00:16.447+0000] {processor.py:161} INFO - Started process (PID=435) to work on /home/airflow/.local/lib/python3.12/site-packages/airflow/example_dags/example_sla_dag.py
[2026-06-15T16:00:16.451+0000] {processor.py:830} INFO - Processing file /home/airflow/.local/lib/python3.12/site-packages/airflow/example_dags/example_sla_dag.py for tasks to queue
[2026-06-15T16:00:16.458+0000] {logging_mixin.py:188} INFO - [2026-06-15T16:00:16.457+0000] {dagbag.py:545} INFO - Filling up the DagBag from /home/airflow/.local/lib/python3.12/site-packages/airflow/example_dags/example_sla_dag.py
[2026-06-15T16:00:16.488+0000] {processor.py:840} INFO - DAG(s) 'example_sla_dag' retrieved from /home/airflow/.local/lib/python3.12/site-packages/airflow/example_dags/example_sla_dag.py
[2026-06-15T16:00:16.545+0000] {logging_mixin.py:188} INFO - [2026-06-15T16:00:16.545+0000] {dag.py:3096} INFO - Sync 1 DAGs
[2026-06-15T16:00:16.595+0000] {logging_mixin.py:188} INFO - [2026-06-15T16:00:16.594+0000] {dag.py:3954} INFO - Setting next_dagrun for example_sla_dag to 2026-06-15 15:58:00+00:00, run_after=2026-06-15 16:00:00+00:00
[2026-06-15T16:00:16.650+0000] {processor.py:183} INFO - Processing /home/airflow/.local/lib/python3.12/site-packages/airflow/example_dags/example_sla_dag.py took 0.222 seconds
[2026-06-15T16:00:46.755+0000] {processor.py:161} INFO - Started process (PID=493) to work on /home/airflow/.local/lib/python3.12/site-packages/airflow/example_dags/example_sla_dag.py
[2026-06-15T16:00:46.757+0000] {processor.py:830} INFO - Processing file /home/airflow/.local/lib/python3.12/site-packages/airflow/example_dags/example_sla_dag.py for tasks to queue
[2026-06-15T16:00:46.763+0000] {logging_mixin.py:188} INFO - [2026-06-15T16:00:46.762+0000] {dagbag.py:545} INFO - Filling up the DagBag from /home/airflow/.local/lib/python3.12/site-packages/airflow/example_dags/example_sla_dag.py
[2026-06-15T16:00:46.787+0000] {processor.py:840} INFO - DAG(s) 'example_sla_dag' retrieved from /home/airflow/.local/lib/python3.12/site-packages/airflow/example_dags/example_sla_dag.py
[2026-06-15T16:00:46.847+0000] {logging_mixin.py:188} INFO - [2026-06-15T16:00:46.847+0000] {dag.py:3096} INFO - Sync 1 DAGs
[2026-06-15T16:00:46.899+0000] {logging_mixin.py:188} INFO - [2026-06-15T16:00:46.899+0000] {dag.py:3954} INFO - Setting next_dagrun for example_sla_dag to 2026-06-15 15:58:00+00:00, run_after=2026-06-15 16:00:00+00:00
[2026-06-15T16:00:46.944+0000] {processor.py:183} INFO - Processing /home/airflow/.local/lib/python3.12/site-packages/airflow/example_dags/example_sla_dag.py took 0.204 seconds
[2026-06-15T16:02:55.949+0000] {processor.py:161} INFO - Started process (PID=70) to work on /home/airflow/.local/lib/python3.12/site-packages/airflow/example_dags/example_sla_dag.py
[2026-06-15T16:02:55.952+0000] {processor.py:830} INFO - Processing file /home/airflow/.local/lib/python3.12/site-packages/airflow/example_dags/example_sla_dag.py for tasks to queue
[2026-06-15T16:02:55.956+0000] {logging_mixin.py:188} INFO - [2026-06-15T16:02:55.956+0000] {dagbag.py:545} INFO - Filling up the DagBag from /home/airflow/.local/lib/python3.12/site-packages/airflow/example_dags/example_sla_dag.py
[2026-06-15T16:02:55.977+0000] {processor.py:840} INFO - DAG(s) 'example_sla_dag' retrieved from /home/airflow/.local/lib/python3.12/site-packages/airflow/example_dags/example_sla_dag.py
[2026-06-15T16:02:56.357+0000] {logging_mixin.py:188} INFO - [2026-06-15T16:02:56.357+0000] {dag.py:3096} INFO - Sync 1 DAGs
[2026-06-15T16:02:56.407+0000] {logging_mixin.py:188} INFO - [2026-06-15T16:02:56.407+0000] {dag.py:3954} INFO - Setting next_dagrun for example_sla_dag to 2026-06-15 16:00:00+00:00, run_after=2026-06-15 16:02:00+00:00
[2026-06-15T16:02:56.446+0000] {processor.py:183} INFO - Processing /home/airflow/.local/lib/python3.12/site-packages/airflow/example_dags/example_sla_dag.py took 0.508 seconds
[2026-06-15T16:03:26.624+0000] {processor.py:161} INFO - Started process (PID=152) to work on /home/airflow/.local/lib/python3.12/site-packages/airflow/example_dags/example_sla_dag.py
[2026-06-15T16:03:26.625+0000] {processor.py:830} INFO - Processing file /home/airflow/.local/lib/python3.12/site-packages/airflow/example_dags/example_sla_dag.py for tasks to queue
[2026-06-15T16:03:26.630+0000] {logging_mixin.py:188} INFO - [2026-06-15T16:03:26.629+0000] {dagbag.py:545} INFO - Filling up the DagBag from /home/airflow/.local/lib/python3.12/site-packages/airflow/example_dags/example_sla_dag.py
[2026-06-15T16:03:26.641+0000] {processor.py:840} INFO - DAG(s) 'example_sla_dag' retrieved from /home/airflow/.local/lib/python3.12/site-packages/airflow/example_dags/example_sla_dag.py
[2026-06-15T16:03:26.673+0000] {logging_mixin.py:188} INFO - [2026-06-15T16:03:26.672+0000] {dag.py:3096} INFO - Sync 1 DAGs
[2026-06-15T16:03:26.712+0000] {logging_mixin.py:188} INFO - [2026-06-15T16:03:26.711+0000] {dag.py:3954} INFO - Setting next_dagrun for example_sla_dag to 2026-06-15 16:00:00+00:00, run_after=2026-06-15 16:02:00+00:00
[2026-06-15T16:03:26.753+0000] {processor.py:183} INFO - Processing /home/airflow/.local/lib/python3.12/site-packages/airflow/example_dags/example_sla_dag.py took 0.137 seconds
[2026-06-15T16:03:57.595+0000] {processor.py:161} INFO - Started process (PID=266) to work on /home/airflow/.local/lib/python3.12/site-packages/airflow/example_dags/example_sla_dag.py
[2026-06-15T16:03:57.597+0000] {processor.py:830} INFO - Processing file /home/airflow/.local/lib/python3.12/site-packages/airflow/example_dags/example_sla_dag.py for tasks to queue
[2026-06-15T16:03:57.601+0000] {logging_mixin.py:188} INFO - [2026-06-15T16:03:57.600+0000] {dagbag.py:545} INFO - Filling up the DagBag from /home/airflow/.local/lib/python3.12/site-packages/airflow/example_dags/example_sla_dag.py
[2026-06-15T16:03:57.617+0000] {processor.py:840} INFO - DAG(s) 'example_sla_dag' retrieved from /home/airflow/.local/lib/python3.12/site-packages/airflow/example_dags/example_sla_dag.py
[2026-06-15T16:03:57.650+0000] {logging_mixin.py:188} INFO - [2026-06-15T16:03:57.650+0000] {dag.py:3096} INFO - Sync 1 DAGs
[2026-06-15T16:03:57.693+0000] {logging_mixin.py:188} INFO - [2026-06-15T16:03:57.692+0000] {dag.py:3954} INFO - Setting next_dagrun for example_sla_dag to 2026-06-15 16:00:00+00:00, run_after=2026-06-15 16:02:00+00:00
[2026-06-15T16:03:57.746+0000] {processor.py:183} INFO - Processing /home/airflow/.local/lib/python3.12/site-packages/airflow/example_dags/example_sla_dag.py took 0.160 seconds
[2026-06-15T16:04:27.974+0000] {processor.py:161} INFO - Started process (PID=326) to work on /home/airflow/.local/lib/python3.12/site-packages/airflow/example_dags/example_sla_dag.py
[2026-06-15T16:04:27.977+0000] {processor.py:830} INFO - Processing file /home/airflow/.local/lib/python3.12/site-packages/airflow/example_dags/example_sla_dag.py for tasks to queue
[2026-06-15T16:04:27.980+0000] {logging_mixin.py:188} INFO - [2026-06-15T16:04:27.980+0000] {dagbag.py:545} INFO - Filling up the DagBag from /home/airflow/.local/lib/python3.12/site-packages/airflow/example_dags/example_sla_dag.py
[2026-06-15T16:04:27.997+0000] {processor.py:840} INFO - DAG(s) 'example_sla_dag' retrieved from /home/airflow/.local/lib/python3.12/site-packages/airflow/example_dags/example_sla_dag.py
[2026-06-15T16:04:28.042+0000] {logging_mixin.py:188} INFO - [2026-06-15T16:04:28.042+0000] {dag.py:3096} INFO - Sync 1 DAGs
[2026-06-15T16:04:28.093+0000] {logging_mixin.py:188} INFO - [2026-06-15T16:04:28.092+0000] {dag.py:3954} INFO - Setting next_dagrun for example_sla_dag to 2026-06-15 16:02:00+00:00, run_after=2026-06-15 16:04:00+00:00
[2026-06-15T16:04:28.145+0000] {processor.py:183} INFO - Processing /home/airflow/.local/lib/python3.12/site-packages/airflow/example_dags/example_sla_dag.py took 0.185 seconds
[2026-06-15T16:04:58.678+0000] {processor.py:161} INFO - Started process (PID=385) to work on /home/airflow/.local/lib/python3.12/site-packages/airflow/example_dags/example_sla_dag.py
[2026-06-15T16:04:58.680+0000] {processor.py:830} INFO - Processing file /home/airflow/.local/lib/python3.12/site-packages/airflow/example_dags/example_sla_dag.py for tasks to queue
[2026-06-15T16:04:58.684+0000] {logging_mixin.py:188} INFO - [2026-06-15T16:04:58.683+0000] {dagbag.py:545} INFO - Filling up the DagBag from /home/airflow/.local/lib/python3.12/site-packages/airflow/example_dags/example_sla_dag.py
[2026-06-15T16:04:58.698+0000] {processor.py:840} INFO - DAG(s) 'example_sla_dag' retrieved from /home/airflow/.local/lib/python3.12/site-packages/airflow/example_dags/example_sla_dag.py
[2026-06-15T16:04:58.733+0000] {logging_mixin.py:188} INFO - [2026-06-15T16:04:58.732+0000] {dag.py:3096} INFO - Sync 1 DAGs
[2026-06-15T16:04:58.778+0000] {logging_mixin.py:188} INFO - [2026-06-15T16:04:58.777+0000] {dag.py:3954} INFO - Setting next_dagrun for example_sla_dag to 2026-06-15 16:02:00+00:00, run_after=2026-06-15 16:04:00+00:00
[2026-06-15T16:04:58.817+0000] {processor.py:183} INFO - Processing /home/airflow/.local/lib/python3.12/site-packages/airflow/example_dags/example_sla_dag.py took 0.149 seconds
[2026-06-15T16:05:28.990+0000] {processor.py:161} INFO - Started process (PID=450) to work on /home/airflow/.local/lib/python3.12/site-packages/airflow/example_dags/example_sla_dag.py
[2026-06-15T16:05:28.992+0000] {processor.py:830} INFO - Processing file /home/airflow/.local/lib/python3.12/site-packages/airflow/example_dags/example_sla_dag.py for tasks to queue
[2026-06-15T16:05:28.996+0000] {logging_mixin.py:188} INFO - [2026-06-15T16:05:28.996+0000] {dagbag.py:545} INFO - Filling up the DagBag from /home/airflow/.local/lib/python3.12/site-packages/airflow/example_dags/example_sla_dag.py
[2026-06-15T16:05:29.013+0000] {processor.py:840} INFO - DAG(s) 'example_sla_dag' retrieved from /home/airflow/.local/lib/python3.12/site-packages/airflow/example_dags/example_sla_dag.py
[2026-06-15T16:05:29.050+0000] {logging_mixin.py:188} INFO - [2026-06-15T16:05:29.050+0000] {dag.py:3096} INFO - Sync 1 DAGs
[2026-06-15T16:05:29.094+0000] {logging_mixin.py:188} INFO - [2026-06-15T16:05:29.094+0000] {dag.py:3954} INFO - Setting next_dagrun for example_sla_dag to 2026-06-15 16:02:00+00:00, run_after=2026-06-15 16:04:00+00:00
[2026-06-15T16:05:29.135+0000] {processor.py:183} INFO - Processing /home/airflow/.local/lib/python3.12/site-packages/airflow/example_dags/example_sla_dag.py took 0.165 seconds
[2026-06-15T16:05:59.253+0000] {processor.py:161} INFO - Started process (PID=509) to work on /home/airflow/.local/lib/python3.12/site-packages/airflow/example_dags/example_sla_dag.py
[2026-06-15T16:05:59.255+0000] {processor.py:830} INFO - Processing file /home/airflow/.local/lib/python3.12/site-packages/airflow/example_dags/example_sla_dag.py for tasks to queue
[2026-06-15T16:05:59.258+0000] {logging_mixin.py:188} INFO - [2026-06-15T16:05:59.257+0000] {dagbag.py:545} INFO - Filling up the DagBag from /home/airflow/.local/lib/python3.12/site-packages/airflow/example_dags/example_sla_dag.py
[2026-06-15T16:05:59.274+0000] {processor.py:840} INFO - DAG(s) 'example_sla_dag' retrieved from /home/airflow/.local/lib/python3.12/site-packages/airflow/example_dags/example_sla_dag.py
[2026-06-15T16:05:59.319+0000] {logging_mixin.py:188} INFO - [2026-06-15T16:05:59.318+0000] {dag.py:3096} INFO - Sync 1 DAGs
[2026-06-15T16:05:59.394+0000] {logging_mixin.py:188} INFO - [2026-06-15T16:05:59.394+0000] {dag.py:3954} INFO - Setting next_dagrun for example_sla_dag to 2026-06-15 16:02:00+00:00, run_after=2026-06-15 16:04:00+00:00
[2026-06-15T16:05:59.461+0000] {processor.py:183} INFO - Processing /home/airflow/.local/lib/python3.12/site-packages/airflow/example_dags/example_sla_dag.py took 0.220 seconds
[2026-06-15T16:06:29.651+0000] {processor.py:161} INFO - Started process (PID=568) to work on /home/airflow/.local/lib/python3.12/site-packages/airflow/example_dags/example_sla_dag.py
[2026-06-15T16:06:29.655+0000] {processor.py:830} INFO - Processing file /home/airflow/.local/lib/python3.12/site-packages/airflow/example_dags/example_sla_dag.py for tasks to queue
[2026-06-15T16:06:29.660+0000] {logging_mixin.py:188} INFO - [2026-06-15T16:06:29.659+0000] {dagbag.py:545} INFO - Filling up the DagBag from /home/airflow/.local/lib/python3.12/site-packages/airflow/example_dags/example_sla_dag.py
[2026-06-15T16:06:29.683+0000] {processor.py:840} INFO - DAG(s) 'example_sla_dag' retrieved from /home/airflow/.local/lib/python3.12/site-packages/airflow/example_dags/example_sla_dag.py
[2026-06-15T16:06:29.721+0000] {logging_mixin.py:188} INFO - [2026-06-15T16:06:29.721+0000] {dag.py:3096} INFO - Sync 1 DAGs
[2026-06-15T16:06:29.762+0000] {logging_mixin.py:188} INFO - [2026-06-15T16:06:29.762+0000] {dag.py:3954} INFO - Setting next_dagrun for example_sla_dag to 2026-06-15 16:04:00+00:00, run_after=2026-06-15 16:06:00+00:00
[2026-06-15T16:06:29.804+0000] {processor.py:183} INFO - Processing /home/airflow/.local/lib/python3.12/site-packages/airflow/example_dags/example_sla_dag.py took 0.174 seconds
[2026-06-15T16:07:00.792+0000] {processor.py:161} INFO - Started process (PID=627) to work on /home/airflow/.local/lib/python3.12/site-packages/airflow/example_dags/example_sla_dag.py
[2026-06-15T16:07:00.793+0000] {processor.py:830} INFO - Processing file /home/airflow/.local/lib/python3.12/site-packages/airflow/example_dags/example_sla_dag.py for tasks to queue
[2026-06-15T16:07:00.798+0000] {logging_mixin.py:188} INFO - [2026-06-15T16:07:00.797+0000] {dagbag.py:545} INFO - Filling up the DagBag from /home/airflow/.local/lib/python3.12/site-packages/airflow/example_dags/example_sla_dag.py
[2026-06-15T16:07:00.810+0000] {processor.py:840} INFO - DAG(s) 'example_sla_dag' retrieved from /home/airflow/.local/lib/python3.12/site-packages/airflow/example_dags/example_sla_dag.py
[2026-06-15T16:07:00.843+0000] {logging_mixin.py:188} INFO - [2026-06-15T16:07:00.843+0000] {dag.py:3096} INFO - Sync 1 DAGs
[2026-06-15T16:07:00.886+0000] {logging_mixin.py:188} INFO - [2026-06-15T16:07:00.886+0000] {dag.py:3954} INFO - Setting next_dagrun for example_sla_dag to 2026-06-15 16:04:00+00:00, run_after=2026-06-15 16:06:00+00:00
[2026-06-15T16:07:00.928+0000] {processor.py:183} INFO - Processing /home/airflow/.local/lib/python3.12/site-packages/airflow/example_dags/example_sla_dag.py took 0.144 seconds
[2026-06-15T16:07:31.193+0000] {processor.py:161} INFO - Started process (PID=687) to work on /home/airflow/.local/lib/python3.12/site-packages/airflow/example_dags/example_sla_dag.py
[2026-06-15T16:07:31.194+0000] {processor.py:830} INFO - Processing file /home/airflow/.local/lib/python3.12/site-packages/airflow/example_dags/example_sla_dag.py for tasks to queue
[2026-06-15T16:07:31.198+0000] {logging_mixin.py:188} INFO - [2026-06-15T16:07:31.198+0000] {dagbag.py:545} INFO - Filling up the DagBag from /home/airflow/.local/lib/python3.12/site-packages/airflow/example_dags/example_sla_dag.py
[2026-06-15T16:07:31.210+0000] {processor.py:840} INFO - DAG(s) 'example_sla_dag' retrieved from /home/airflow/.local/lib/python3.12/site-packages/airflow/example_dags/example_sla_dag.py
[2026-06-15T16:07:31.252+0000] {logging_mixin.py:188} INFO - [2026-06-15T16:07:31.252+0000] {dag.py:3096} INFO - Sync 1 DAGs
[2026-06-15T16:07:31.318+0000] {logging_mixin.py:188} INFO - [2026-06-15T16:07:31.318+0000] {dag.py:3954} INFO - Setting next_dagrun for example_sla_dag to 2026-06-15 16:04:00+00:00, run_after=2026-06-15 16:06:00+00:00
[2026-06-15T16:07:31.364+0000] {processor.py:183} INFO - Processing /home/airflow/.local/lib/python3.12/site-packages/airflow/example_dags/example_sla_dag.py took 0.179 seconds
[2026-06-15T16:08:02.095+0000] {processor.py:161} INFO - Started process (PID=746) to work on /home/airflow/.local/lib/python3.12/site-packages/airflow/example_dags/example_sla_dag.py
[2026-06-15T16:08:02.097+0000] {processor.py:830} INFO - Processing file /home/airflow/.local/lib/python3.12/site-packages/airflow/example_dags/example_sla_dag.py for tasks to queue
[2026-06-15T16:08:02.100+0000] {logging_mixin.py:188} INFO - [2026-06-15T16:08:02.099+0000] {dagbag.py:545} INFO - Filling up the DagBag from /home/airflow/.local/lib/python3.12/site-packages/airflow/example_dags/example_sla_dag.py
[2026-06-15T16:08:02.112+0000] {processor.py:840} INFO - DAG(s) 'example_sla_dag' retrieved from /home/airflow/.local/lib/python3.12/site-packages/airflow/example_dags/example_sla_dag.py
[2026-06-15T16:08:02.146+0000] {logging_mixin.py:188} INFO - [2026-06-15T16:08:02.146+0000] {dag.py:3096} INFO - Sync 1 DAGs
[2026-06-15T16:08:02.177+0000] {logging_mixin.py:188} INFO - [2026-06-15T16:08:02.177+0000] {dag.py:3954} INFO - Setting next_dagrun for example_sla_dag to 2026-06-15 16:06:00+00:00, run_after=2026-06-15 16:08:00+00:00
[2026-06-15T16:08:02.215+0000] {processor.py:183} INFO - Processing /home/airflow/.local/lib/python3.12/site-packages/airflow/example_dags/example_sla_dag.py took 0.128 seconds
[2026-06-15T16:08:32.412+0000] {processor.py:161} INFO - Started process (PID=805) to work on /home/airflow/.local/lib/python3.12/site-packages/airflow/example_dags/example_sla_dag.py
[2026-06-15T16:08:32.414+0000] {processor.py:830} INFO - Processing file /home/airflow/.local/lib/python3.12/site-packages/airflow/example_dags/example_sla_dag.py for tasks to queue
[2026-06-15T16:08:32.419+0000] {logging_mixin.py:188} INFO - [2026-06-15T16:08:32.418+0000] {dagbag.py:545} INFO - Filling up the DagBag from /home/airflow/.local/lib/python3.12/site-packages/airflow/example_dags/example_sla_dag.py
[2026-06-15T16:08:32.433+0000] {processor.py:840} INFO - DAG(s) 'example_sla_dag' retrieved from /home/airflow/.local/lib/python3.12/site-packages/airflow/example_dags/example_sla_dag.py
[2026-06-15T16:08:32.471+0000] {logging_mixin.py:188} INFO - [2026-06-15T16:08:32.470+0000] {dag.py:3096} INFO - Sync 1 DAGs
[2026-06-15T16:08:32.510+0000] {logging_mixin.py:188} INFO - [2026-06-15T16:08:32.509+0000] {dag.py:3954} INFO - Setting next_dagrun for example_sla_dag to 2026-06-15 16:06:00+00:00, run_after=2026-06-15 16:08:00+00:00
[2026-06-15T16:08:32.552+0000] {processor.py:183} INFO - Processing /home/airflow/.local/lib/python3.12/site-packages/airflow/example_dags/example_sla_dag.py took 0.153 seconds
[2026-06-15T16:09:02.997+0000] {processor.py:161} INFO - Started process (PID=864) to work on /home/airflow/.local/lib/python3.12/site-packages/airflow/example_dags/example_sla_dag.py
[2026-06-15T16:09:02.999+0000] {processor.py:830} INFO - Processing file /home/airflow/.local/lib/python3.12/site-packages/airflow/example_dags/example_sla_dag.py for tasks to queue
[2026-06-15T16:09:03.003+0000] {logging_mixin.py:188} INFO - [2026-06-15T16:09:03.002+0000] {dagbag.py:545} INFO - Filling up the DagBag from /home/airflow/.local/lib/python3.12/site-packages/airflow/example_dags/example_sla_dag.py
[2026-06-15T16:09:03.015+0000] {processor.py:840} INFO - DAG(s) 'example_sla_dag' retrieved from /home/airflow/.local/lib/python3.12/site-packages/airflow/example_dags/example_sla_dag.py
[2026-06-15T16:09:03.054+0000] {logging_mixin.py:188} INFO - [2026-06-15T16:09:03.054+0000] {dag.py:3096} INFO - Sync 1 DAGs
[2026-06-15T16:09:03.095+0000] {logging_mixin.py:188} INFO - [2026-06-15T16:09:03.095+0000] {dag.py:3954} INFO - Setting next_dagrun for example_sla_dag to 2026-06-15 16:06:00+00:00, run_after=2026-06-15 16:08:00+00:00
[2026-06-15T16:09:03.138+0000] {processor.py:183} INFO - Processing /home/airflow/.local/lib/python3.12/site-packages/airflow/example_dags/example_sla_dag.py took 0.151 seconds
[2026-06-15T16:09:33.345+0000] {processor.py:161} INFO - Started process (PID=917) to work on /home/airflow/.local/lib/python3.12/site-packages/airflow/example_dags/example_sla_dag.py
[2026-06-15T16:09:33.348+0000] {processor.py:830} INFO - Processing file /home/airflow/.local/lib/python3.12/site-packages/airflow/example_dags/example_sla_dag.py for tasks to queue
[2026-06-15T16:09:33.354+0000] {logging_mixin.py:188} INFO - [2026-06-15T16:09:33.354+0000] {dagbag.py:545} INFO - Filling up the DagBag from /home/airflow/.local/lib/python3.12/site-packages/airflow/example_dags/example_sla_dag.py
[2026-06-15T16:09:33.376+0000] {processor.py:840} INFO - DAG(s) 'example_sla_dag' retrieved from /home/airflow/.local/lib/python3.12/site-packages/airflow/example_dags/example_sla_dag.py
[2026-06-15T16:09:33.426+0000] {logging_mixin.py:188} INFO - [2026-06-15T16:09:33.426+0000] {dag.py:3096} INFO - Sync 1 DAGs
[2026-06-15T16:09:33.471+0000] {logging_mixin.py:188} INFO - [2026-06-15T16:09:33.471+0000] {dag.py:3954} INFO - Setting next_dagrun for example_sla_dag to 2026-06-15 16:06:00+00:00, run_after=2026-06-15 16:08:00+00:00
[2026-06-15T16:09:33.503+0000] {processor.py:183} INFO - Processing /home/airflow/.local/lib/python3.12/site-packages/airflow/example_dags/example_sla_dag.py took 0.171 seconds
[2026-06-15T16:10:03.789+0000] {processor.py:161} INFO - Started process (PID=976) to work on /home/airflow/.local/lib/python3.12/site-packages/airflow/example_dags/example_sla_dag.py
[2026-06-15T16:10:03.792+0000] {processor.py:830} INFO - Processing file /home/airflow/.local/lib/python3.12/site-packages/airflow/example_dags/example_sla_dag.py for tasks to queue
[2026-06-15T16:10:03.797+0000] {logging_mixin.py:188} INFO - [2026-06-15T16:10:03.796+0000] {dagbag.py:545} INFO - Filling up the DagBag from /home/airflow/.local/lib/python3.12/site-packages/airflow/example_dags/example_sla_dag.py
[2026-06-15T16:10:03.819+0000] {processor.py:840} INFO - DAG(s) 'example_sla_dag' retrieved from /home/airflow/.local/lib/python3.12/site-packages/airflow/example_dags/example_sla_dag.py
[2026-06-15T16:10:03.869+0000] {logging_mixin.py:188} INFO - [2026-06-15T16:10:03.868+0000] {dag.py:3096} INFO - Sync 1 DAGs
[2026-06-15T16:10:03.915+0000] {logging_mixin.py:188} INFO - [2026-06-15T16:10:03.914+0000] {dag.py:3954} INFO - Setting next_dagrun for example_sla_dag to 2026-06-15 16:08:00+00:00, run_after=2026-06-15 16:10:00+00:00
[2026-06-15T16:10:03.958+0000] {processor.py:183} INFO - Processing /home/airflow/.local/lib/python3.12/site-packages/airflow/example_dags/example_sla_dag.py took 0.183 seconds
[2026-06-15T16:10:34.160+0000] {processor.py:161} INFO - Started process (PID=1035) to work on /home/airflow/.local/lib/python3.12/site-packages/airflow/example_dags/example_sla_dag.py
[2026-06-15T16:10:34.163+0000] {processor.py:830} INFO - Processing file /home/airflow/.local/lib/python3.12/site-packages/airflow/example_dags/example_sla_dag.py for tasks to queue
[2026-06-15T16:10:34.166+0000] {logging_mixin.py:188} INFO - [2026-06-15T16:10:34.165+0000] {dagbag.py:545} INFO - Filling up the DagBag from /home/airflow/.local/lib/python3.12/site-packages/airflow/example_dags/example_sla_dag.py
[2026-06-15T16:10:34.181+0000] {processor.py:840} INFO - DAG(s) 'example_sla_dag' retrieved from /home/airflow/.local/lib/python3.12/site-packages/airflow/example_dags/example_sla_dag.py
[2026-06-15T16:10:34.221+0000] {logging_mixin.py:188} INFO - [2026-06-15T16:10:34.220+0000] {dag.py:3096} INFO - Sync 1 DAGs
[2026-06-15T16:10:34.272+0000] {logging_mixin.py:188} INFO - [2026-06-15T16:10:34.271+0000] {dag.py:3954} INFO - Setting next_dagrun for example_sla_dag to 2026-06-15 16:08:00+00:00, run_after=2026-06-15 16:10:00+00:00
[2026-06-15T16:10:34.325+0000] {processor.py:183} INFO - Processing /home/airflow/.local/lib/python3.12/site-packages/airflow/example_dags/example_sla_dag.py took 0.174 seconds
[2026-06-15T16:11:04.830+0000] {processor.py:161} INFO - Started process (PID=1094) to work on /home/airflow/.local/lib/python3.12/site-packages/airflow/example_dags/example_sla_dag.py
[2026-06-15T16:11:04.832+0000] {processor.py:830} INFO - Processing file /home/airflow/.local/lib/python3.12/site-packages/airflow/example_dags/example_sla_dag.py for tasks to queue
[2026-06-15T16:11:04.836+0000] {logging_mixin.py:188} INFO - [2026-06-15T16:11:04.835+0000] {dagbag.py:545} INFO - Filling up the DagBag from /home/airflow/.local/lib/python3.12/site-packages/airflow/example_dags/example_sla_dag.py
[2026-06-15T16:11:04.849+0000] {processor.py:840} INFO - DAG(s) 'example_sla_dag' retrieved from /home/airflow/.local/lib/python3.12/site-packages/airflow/example_dags/example_sla_dag.py
[2026-06-15T16:11:04.884+0000] {logging_mixin.py:188} INFO - [2026-06-15T16:11:04.884+0000] {dag.py:3096} INFO - Sync 1 DAGs
[2026-06-15T16:11:04.923+0000] {logging_mixin.py:188} INFO - [2026-06-15T16:11:04.923+0000] {dag.py:3954} INFO - Setting next_dagrun for example_sla_dag to 2026-06-15 16:08:00+00:00, run_after=2026-06-15 16:10:00+00:00
[2026-06-15T16:11:04.963+0000] {processor.py:183} INFO - Processing /home/airflow/.local/lib/python3.12/site-packages/airflow/example_dags/example_sla_dag.py took 0.144 seconds
[2026-06-15T16:11:35.395+0000] {processor.py:161} INFO - Started process (PID=1153) to work on /home/airflow/.local/lib/python3.12/site-packages/airflow/example_dags/example_sla_dag.py
[2026-06-15T16:11:35.397+0000] {processor.py:830} INFO - Processing file /home/airflow/.local/lib/python3.12/site-packages/airflow/example_dags/example_sla_dag.py for tasks to queue
[2026-06-15T16:11:35.401+0000] {logging_mixin.py:188} INFO - [2026-06-15T16:11:35.400+0000] {dagbag.py:545} INFO - Filling up the DagBag from /home/airflow/.local/lib/python3.12/site-packages/airflow/example_dags/example_sla_dag.py
[2026-06-15T16:11:35.417+0000] {processor.py:840} INFO - DAG(s) 'example_sla_dag' retrieved from /home/airflow/.local/lib/python3.12/site-packages/airflow/example_dags/example_sla_dag.py
[2026-06-15T16:11:35.457+0000] {logging_mixin.py:188} INFO - [2026-06-15T16:11:35.457+0000] {dag.py:3096} INFO - Sync 1 DAGs
[2026-06-15T16:11:35.506+0000] {logging_mixin.py:188} INFO - [2026-06-15T16:11:35.505+0000] {dag.py:3954} INFO - Setting next_dagrun for example_sla_dag to 2026-06-15 16:08:00+00:00, run_after=2026-06-15 16:10:00+00:00
[2026-06-15T16:11:35.541+0000] {processor.py:183} INFO - Processing /home/airflow/.local/lib/python3.12/site-packages/airflow/example_dags/example_sla_dag.py took 0.158 seconds
[2026-06-15T16:12:05.620+0000] {processor.py:161} INFO - Started process (PID=1211) to work on /home/airflow/.local/lib/python3.12/site-packages/airflow/example_dags/example_sla_dag.py
[2026-06-15T16:12:05.622+0000] {processor.py:830} INFO - Processing file /home/airflow/.local/lib/python3.12/site-packages/airflow/example_dags/example_sla_dag.py for tasks to queue
[2026-06-15T16:12:05.626+0000] {logging_mixin.py:188} INFO - [2026-06-15T16:12:05.625+0000] {dagbag.py:545} INFO - Filling up the DagBag from /home/airflow/.local/lib/python3.12/site-packages/airflow/example_dags/example_sla_dag.py
[2026-06-15T16:12:05.643+0000] {processor.py:840} INFO - DAG(s) 'example_sla_dag' retrieved from /home/airflow/.local/lib/python3.12/site-packages/airflow/example_dags/example_sla_dag.py
[2026-06-15T16:12:05.678+0000] {logging_mixin.py:188} INFO - [2026-06-15T16:12:05.677+0000] {dag.py:3096} INFO - Sync 1 DAGs
[2026-06-15T16:12:05.720+0000] {logging_mixin.py:188} INFO - [2026-06-15T16:12:05.719+0000] {dag.py:3954} INFO - Setting next_dagrun for example_sla_dag to 2026-06-15 16:10:00+00:00, run_after=2026-06-15 16:12:00+00:00
[2026-06-15T16:12:05.765+0000] {processor.py:183} INFO - Processing /home/airflow/.local/lib/python3.12/site-packages/airflow/example_dags/example_sla_dag.py took 0.158 seconds
[2026-06-15T16:12:35.993+0000] {processor.py:161} INFO - Started process (PID=1271) to work on /home/airflow/.local/lib/python3.12/site-packages/airflow/example_dags/example_sla_dag.py
[2026-06-15T16:12:35.995+0000] {processor.py:830} INFO - Processing file /home/airflow/.local/lib/python3.12/site-packages/airflow/example_dags/example_sla_dag.py for tasks to queue
[2026-06-15T16:12:35.998+0000] {logging_mixin.py:188} INFO - [2026-06-15T16:12:35.998+0000] {dagbag.py:545} INFO - Filling up the DagBag from /home/airflow/.local/lib/python3.12/site-packages/airflow/example_dags/example_sla_dag.py
[2026-06-15T16:12:36.016+0000] {processor.py:840} INFO - DAG(s) 'example_sla_dag' retrieved from /home/airflow/.local/lib/python3.12/site-packages/airflow/example_dags/example_sla_dag.py
[2026-06-15T16:12:36.056+0000] {logging_mixin.py:188} INFO - [2026-06-15T16:12:36.055+0000] {dag.py:3096} INFO - Sync 1 DAGs
[2026-06-15T16:12:36.100+0000] {logging_mixin.py:188} INFO - [2026-06-15T16:12:36.100+0000] {dag.py:3954} INFO - Setting next_dagrun for example_sla_dag to 2026-06-15 16:10:00+00:00, run_after=2026-06-15 16:12:00+00:00
[2026-06-15T16:12:36.142+0000] {processor.py:183} INFO - Processing /home/airflow/.local/lib/python3.12/site-packages/airflow/example_dags/example_sla_dag.py took 0.161 seconds
[2026-06-15T16:13:06.319+0000] {processor.py:161} INFO - Started process (PID=1330) to work on /home/airflow/.local/lib/python3.12/site-packages/airflow/example_dags/example_sla_dag.py
[2026-06-15T16:13:06.321+0000] {processor.py:830} INFO - Processing file /home/airflow/.local/lib/python3.12/site-packages/airflow/example_dags/example_sla_dag.py for tasks to queue
[2026-06-15T16:13:06.327+0000] {logging_mixin.py:188} INFO - [2026-06-15T16:13:06.326+0000] {dagbag.py:545} INFO - Filling up the DagBag from /home/airflow/.local/lib/python3.12/site-packages/airflow/example_dags/example_sla_dag.py
[2026-06-15T16:13:06.344+0000] {processor.py:840} INFO - DAG(s) 'example_sla_dag' retrieved from /home/airflow/.local/lib/python3.12/site-packages/airflow/example_dags/example_sla_dag.py
[2026-06-15T16:13:06.378+0000] {logging_mixin.py:188} INFO - [2026-06-15T16:13:06.377+0000] {dag.py:3096} INFO - Sync 1 DAGs
[2026-06-15T16:13:06.424+0000] {logging_mixin.py:188} INFO - [2026-06-15T16:13:06.424+0000] {dag.py:3954} INFO - Setting next_dagrun for example_sla_dag to 2026-06-15 16:10:00+00:00, run_after=2026-06-15 16:12:00+00:00
[2026-06-15T16:13:06.460+0000] {processor.py:183} INFO - Processing /home/airflow/.local/lib/python3.12/site-packages/airflow/example_dags/example_sla_dag.py took 0.152 seconds
[2026-06-15T16:13:37.005+0000] {processor.py:161} INFO - Started process (PID=1390) to work on /home/airflow/.local/lib/python3.12/site-packages/airflow/example_dags/example_sla_dag.py
[2026-06-15T16:13:37.007+0000] {processor.py:830} INFO - Processing file /home/airflow/.local/lib/python3.12/site-packages/airflow/example_dags/example_sla_dag.py for tasks to queue
[2026-06-15T16:13:37.010+0000] {logging_mixin.py:188} INFO - [2026-06-15T16:13:37.010+0000] {dagbag.py:545} INFO - Filling up the DagBag from /home/airflow/.local/lib/python3.12/site-packages/airflow/example_dags/example_sla_dag.py
[2026-06-15T16:13:37.026+0000] {processor.py:840} INFO - DAG(s) 'example_sla_dag' retrieved from /home/airflow/.local/lib/python3.12/site-packages/airflow/example_dags/example_sla_dag.py
[2026-06-15T16:13:37.061+0000] {logging_mixin.py:188} INFO - [2026-06-15T16:13:37.061+0000] {dag.py:3096} INFO - Sync 1 DAGs
[2026-06-15T16:13:37.109+0000] {logging_mixin.py:188} INFO - [2026-06-15T16:13:37.108+0000] {dag.py:3954} INFO - Setting next_dagrun for example_sla_dag to 2026-06-15 16:10:00+00:00, run_after=2026-06-15 16:12:00+00:00
[2026-06-15T16:13:37.150+0000] {processor.py:183} INFO - Processing /home/airflow/.local/lib/python3.12/site-packages/airflow/example_dags/example_sla_dag.py took 0.153 seconds
[2026-06-15T16:14:07.799+0000] {processor.py:161} INFO - Started process (PID=1455) to work on /home/airflow/.local/lib/python3.12/site-packages/airflow/example_dags/example_sla_dag.py
[2026-06-15T16:14:07.801+0000] {processor.py:830} INFO - Processing file /home/airflow/.local/lib/python3.12/site-packages/airflow/example_dags/example_sla_dag.py for tasks to queue
[2026-06-15T16:14:07.804+0000] {logging_mixin.py:188} INFO - [2026-06-15T16:14:07.804+0000] {dagbag.py:545} INFO - Filling up the DagBag from /home/airflow/.local/lib/python3.12/site-packages/airflow/example_dags/example_sla_dag.py
[2026-06-15T16:14:07.816+0000] {processor.py:840} INFO - DAG(s) 'example_sla_dag' retrieved from /home/airflow/.local/lib/python3.12/site-packages/airflow/example_dags/example_sla_dag.py
[2026-06-15T16:14:07.848+0000] {logging_mixin.py:188} INFO - [2026-06-15T16:14:07.847+0000] {dag.py:3096} INFO - Sync 1 DAGs
[2026-06-15T16:14:07.882+0000] {logging_mixin.py:188} INFO - [2026-06-15T16:14:07.881+0000] {dag.py:3954} INFO - Setting next_dagrun for example_sla_dag to 2026-06-15 16:12:00+00:00, run_after=2026-06-15 16:14:00+00:00
[2026-06-15T16:14:07.920+0000] {processor.py:183} INFO - Processing /home/airflow/.local/lib/python3.12/site-packages/airflow/example_dags/example_sla_dag.py took 0.129 seconds
[2026-06-15T16:14:38.629+0000] {processor.py:161} INFO - Started process (PID=1512) to work on /home/airflow/.local/lib/python3.12/site-packages/airflow/example_dags/example_sla_dag.py
[2026-06-15T16:14:38.630+0000] {processor.py:830} INFO - Processing file /home/airflow/.local/lib/python3.12/site-packages/airflow/example_dags/example_sla_dag.py for tasks to queue
[2026-06-15T16:14:38.633+0000] {logging_mixin.py:188} INFO - [2026-06-15T16:14:38.633+0000] {dagbag.py:545} INFO - Filling up the DagBag from /home/airflow/.local/lib/python3.12/site-packages/airflow/example_dags/example_sla_dag.py
[2026-06-15T16:14:38.650+0000] {processor.py:840} INFO - DAG(s) 'example_sla_dag' retrieved from /home/airflow/.local/lib/python3.12/site-packages/airflow/example_dags/example_sla_dag.py
[2026-06-15T16:14:38.689+0000] {logging_mixin.py:188} INFO - [2026-06-15T16:14:38.689+0000] {dag.py:3096} INFO - Sync 1 DAGs
[2026-06-15T16:14:38.729+0000] {logging_mixin.py:188} INFO - [2026-06-15T16:14:38.728+0000] {dag.py:3954} INFO - Setting next_dagrun for example_sla_dag to 2026-06-15 16:12:00+00:00, run_after=2026-06-15 16:14:00+00:00
[2026-06-15T16:14:38.764+0000] {processor.py:183} INFO - Processing /home/airflow/.local/lib/python3.12/site-packages/airflow/example_dags/example_sla_dag.py took 0.143 seconds
[2026-06-15T16:15:09.518+0000] {processor.py:161} INFO - Started process (PID=1571) to work on /home/airflow/.local/lib/python3.12/site-packages/airflow/example_dags/example_sla_dag.py
[2026-06-15T16:15:09.520+0000] {processor.py:830} INFO - Processing file /home/airflow/.local/lib/python3.12/site-packages/airflow/example_dags/example_sla_dag.py for tasks to queue
[2026-06-15T16:15:09.524+0000] {logging_mixin.py:188} INFO - [2026-06-15T16:15:09.524+0000] {dagbag.py:545} INFO - Filling up the DagBag from /home/airflow/.local/lib/python3.12/site-packages/airflow/example_dags/example_sla_dag.py
[2026-06-15T16:15:09.540+0000] {processor.py:840} INFO - DAG(s) 'example_sla_dag' retrieved from /home/airflow/.local/lib/python3.12/site-packages/airflow/example_dags/example_sla_dag.py
[2026-06-15T16:15:09.575+0000] {logging_mixin.py:188} INFO - [2026-06-15T16:15:09.574+0000] {dag.py:3096} INFO - Sync 1 DAGs
[2026-06-15T16:15:09.618+0000] {logging_mixin.py:188} INFO - [2026-06-15T16:15:09.617+0000] {dag.py:3954} INFO - Setting next_dagrun for example_sla_dag to 2026-06-15 16:12:00+00:00, run_after=2026-06-15 16:14:00+00:00
[2026-06-15T16:15:09.930+0000] {processor.py:183} INFO - Processing /home/airflow/.local/lib/python3.12/site-packages/airflow/example_dags/example_sla_dag.py took 0.423 seconds
[2026-06-15T16:15:40.059+0000] {processor.py:161} INFO - Started process (PID=1630) to work on /home/airflow/.local/lib/python3.12/site-packages/airflow/example_dags/example_sla_dag.py
[2026-06-15T16:15:40.060+0000] {processor.py:830} INFO - Processing file /home/airflow/.local/lib/python3.12/site-packages/airflow/example_dags/example_sla_dag.py for tasks to queue
[2026-06-15T16:15:40.063+0000] {logging_mixin.py:188} INFO - [2026-06-15T16:15:40.062+0000] {dagbag.py:545} INFO - Filling up the DagBag from /home/airflow/.local/lib/python3.12/site-packages/airflow/example_dags/example_sla_dag.py
[2026-06-15T16:15:40.076+0000] {processor.py:840} INFO - DAG(s) 'example_sla_dag' retrieved from /home/airflow/.local/lib/python3.12/site-packages/airflow/example_dags/example_sla_dag.py
[2026-06-15T16:15:40.109+0000] {logging_mixin.py:188} INFO - [2026-06-15T16:15:40.109+0000] {dag.py:3096} INFO - Sync 1 DAGs
[2026-06-15T16:15:40.145+0000] {logging_mixin.py:188} INFO - [2026-06-15T16:15:40.144+0000] {dag.py:3954} INFO - Setting next_dagrun for example_sla_dag to 2026-06-15 16:12:00+00:00, run_after=2026-06-15 16:14:00+00:00
[2026-06-15T16:15:40.182+0000] {processor.py:183} INFO - Processing /home/airflow/.local/lib/python3.12/site-packages/airflow/example_dags/example_sla_dag.py took 0.130 seconds
[2026-06-15T16:16:11.035+0000] {processor.py:161} INFO - Started process (PID=1690) to work on /home/airflow/.local/lib/python3.12/site-packages/airflow/example_dags/example_sla_dag.py
[2026-06-15T16:16:11.036+0000] {processor.py:830} INFO - Processing file /home/airflow/.local/lib/python3.12/site-packages/airflow/example_dags/example_sla_dag.py for tasks to queue
[2026-06-15T16:16:11.039+0000] {logging_mixin.py:188} INFO - [2026-06-15T16:16:11.039+0000] {dagbag.py:545} INFO - Filling up the DagBag from /home/airflow/.local/lib/python3.12/site-packages/airflow/example_dags/example_sla_dag.py
[2026-06-15T16:16:11.050+0000] {processor.py:840} INFO - DAG(s) 'example_sla_dag' retrieved from /home/airflow/.local/lib/python3.12/site-packages/airflow/example_dags/example_sla_dag.py
[2026-06-15T16:16:11.079+0000] {logging_mixin.py:188} INFO - [2026-06-15T16:16:11.079+0000] {dag.py:3096} INFO - Sync 1 DAGs
[2026-06-15T16:16:11.115+0000] {logging_mixin.py:188} INFO - [2026-06-15T16:16:11.115+0000] {dag.py:3954} INFO - Setting next_dagrun for example_sla_dag to 2026-06-15 16:14:00+00:00, run_after=2026-06-15 16:16:00+00:00
[2026-06-15T16:16:11.154+0000] {processor.py:183} INFO - Processing /home/airflow/.local/lib/python3.12/site-packages/airflow/example_dags/example_sla_dag.py took 0.127 seconds
[2026-06-15T16:16:41.578+0000] {processor.py:161} INFO - Started process (PID=1749) to work on /home/airflow/.local/lib/python3.12/site-packages/airflow/example_dags/example_sla_dag.py
[2026-06-15T16:16:41.580+0000] {processor.py:830} INFO - Processing file /home/airflow/.local/lib/python3.12/site-packages/airflow/example_dags/example_sla_dag.py for tasks to queue
[2026-06-15T16:16:41.583+0000] {logging_mixin.py:188} INFO - [2026-06-15T16:16:41.583+0000] {dagbag.py:545} INFO - Filling up the DagBag from /home/airflow/.local/lib/python3.12/site-packages/airflow/example_dags/example_sla_dag.py
[2026-06-15T16:16:41.598+0000] {processor.py:840} INFO - DAG(s) 'example_sla_dag' retrieved from /home/airflow/.local/lib/python3.12/site-packages/airflow/example_dags/example_sla_dag.py
[2026-06-15T16:16:41.628+0000] {logging_mixin.py:188} INFO - [2026-06-15T16:16:41.627+0000] {dag.py:3096} INFO - Sync 1 DAGs
[2026-06-15T16:16:41.668+0000] {logging_mixin.py:188} INFO - [2026-06-15T16:16:41.667+0000] {dag.py:3954} INFO - Setting next_dagrun for example_sla_dag to 2026-06-15 16:14:00+00:00, run_after=2026-06-15 16:16:00+00:00
[2026-06-15T16:16:41.699+0000] {processor.py:183} INFO - Processing /home/airflow/.local/lib/python3.12/site-packages/airflow/example_dags/example_sla_dag.py took 0.129 seconds
[2026-06-15T16:17:12.619+0000] {processor.py:161} INFO - Started process (PID=1809) to work on /home/airflow/.local/lib/python3.12/site-packages/airflow/example_dags/example_sla_dag.py
[2026-06-15T16:17:12.621+0000] {processor.py:830} INFO - Processing file /home/airflow/.local/lib/python3.12/site-packages/airflow/example_dags/example_sla_dag.py for tasks to queue
[2026-06-15T16:17:12.624+0000] {logging_mixin.py:188} INFO - [2026-06-15T16:17:12.623+0000] {dagbag.py:545} INFO - Filling up the DagBag from /home/airflow/.local/lib/python3.12/site-packages/airflow/example_dags/example_sla_dag.py
[2026-06-15T16:17:12.640+0000] {processor.py:840} INFO - DAG(s) 'example_sla_dag' retrieved from /home/airflow/.local/lib/python3.12/site-packages/airflow/example_dags/example_sla_dag.py
[2026-06-15T16:17:12.676+0000] {logging_mixin.py:188} INFO - [2026-06-15T16:17:12.676+0000] {dag.py:3096} INFO - Sync 1 DAGs
[2026-06-15T16:17:12.722+0000] {logging_mixin.py:188} INFO - [2026-06-15T16:17:12.722+0000] {dag.py:3954} INFO - Setting next_dagrun for example_sla_dag to 2026-06-15 16:14:00+00:00, run_after=2026-06-15 16:16:00+00:00
[2026-06-15T16:17:12.762+0000] {processor.py:183} INFO - Processing /home/airflow/.local/lib/python3.12/site-packages/airflow/example_dags/example_sla_dag.py took 0.154 seconds
[2026-06-15T16:17:43.318+0000] {processor.py:161} INFO - Started process (PID=1868) to work on /home/airflow/.local/lib/python3.12/site-packages/airflow/example_dags/example_sla_dag.py
[2026-06-15T16:17:43.320+0000] {processor.py:830} INFO - Processing file /home/airflow/.local/lib/python3.12/site-packages/airflow/example_dags/example_sla_dag.py for tasks to queue
[2026-06-15T16:17:43.325+0000] {logging_mixin.py:188} INFO - [2026-06-15T16:17:43.324+0000] {dagbag.py:545} INFO - Filling up the DagBag from /home/airflow/.local/lib/python3.12/site-packages/airflow/example_dags/example_sla_dag.py
[2026-06-15T16:17:43.344+0000] {processor.py:840} INFO - DAG(s) 'example_sla_dag' retrieved from /home/airflow/.local/lib/python3.12/site-packages/airflow/example_dags/example_sla_dag.py
[2026-06-15T16:17:43.387+0000] {logging_mixin.py:188} INFO - [2026-06-15T16:17:43.386+0000] {dag.py:3096} INFO - Sync 1 DAGs
[2026-06-15T16:17:43.434+0000] {logging_mixin.py:188} INFO - [2026-06-15T16:17:43.433+0000] {dag.py:3954} INFO - Setting next_dagrun for example_sla_dag to 2026-06-15 16:14:00+00:00, run_after=2026-06-15 16:16:00+00:00
[2026-06-15T16:17:43.478+0000] {processor.py:183} INFO - Processing /home/airflow/.local/lib/python3.12/site-packages/airflow/example_dags/example_sla_dag.py took 0.171 seconds
[2026-06-15T16:18:13.615+0000] {processor.py:161} INFO - Started process (PID=1927) to work on /home/airflow/.local/lib/python3.12/site-packages/airflow/example_dags/example_sla_dag.py
[2026-06-15T16:18:13.617+0000] {processor.py:830} INFO - Processing file /home/airflow/.local/lib/python3.12/site-packages/airflow/example_dags/example_sla_dag.py for tasks to queue
[2026-06-15T16:18:13.621+0000] {logging_mixin.py:188} INFO - [2026-06-15T16:18:13.620+0000] {dagbag.py:545} INFO - Filling up the DagBag from /home/airflow/.local/lib/python3.12/site-packages/airflow/example_dags/example_sla_dag.py
[2026-06-15T16:18:13.635+0000] {processor.py:840} INFO - DAG(s) 'example_sla_dag' retrieved from /home/airflow/.local/lib/python3.12/site-packages/airflow/example_dags/example_sla_dag.py
[2026-06-15T16:18:13.669+0000] {logging_mixin.py:188} INFO - [2026-06-15T16:18:13.669+0000] {dag.py:3096} INFO - Sync 1 DAGs
[2026-06-15T16:18:13.709+0000] {logging_mixin.py:188} INFO - [2026-06-15T16:18:13.708+0000] {dag.py:3954} INFO - Setting next_dagrun for example_sla_dag to 2026-06-15 16:16:00+00:00, run_after=2026-06-15 16:18:00+00:00
[2026-06-15T16:18:13.750+0000] {processor.py:183} INFO - Processing /home/airflow/.local/lib/python3.12/site-packages/airflow/example_dags/example_sla_dag.py took 0.144 seconds
[2026-06-15T16:18:44.333+0000] {processor.py:161} INFO - Started process (PID=1986) to work on /home/airflow/.local/lib/python3.12/site-packages/airflow/example_dags/example_sla_dag.py
[2026-06-15T16:18:44.335+0000] {processor.py:830} INFO - Processing file /home/airflow/.local/lib/python3.12/site-packages/airflow/example_dags/example_sla_dag.py for tasks to queue
[2026-06-15T16:18:44.338+0000] {logging_mixin.py:188} INFO - [2026-06-15T16:18:44.338+0000] {dagbag.py:545} INFO - Filling up the DagBag from /home/airflow/.local/lib/python3.12/site-packages/airflow/example_dags/example_sla_dag.py
[2026-06-15T16:18:44.351+0000] {processor.py:840} INFO - DAG(s) 'example_sla_dag' retrieved from /home/airflow/.local/lib/python3.12/site-packages/airflow/example_dags/example_sla_dag.py
[2026-06-15T16:18:44.384+0000] {logging_mixin.py:188} INFO - [2026-06-15T16:18:44.384+0000] {dag.py:3096} INFO - Sync 1 DAGs
[2026-06-15T16:18:44.423+0000] {logging_mixin.py:188} INFO - [2026-06-15T16:18:44.422+0000] {dag.py:3954} INFO - Setting next_dagrun for example_sla_dag to 2026-06-15 16:16:00+00:00, run_after=2026-06-15 16:18:00+00:00
[2026-06-15T16:18:44.455+0000] {processor.py:183} INFO - Processing /home/airflow/.local/lib/python3.12/site-packages/airflow/example_dags/example_sla_dag.py took 0.131 seconds
[2026-06-15T16:19:14.883+0000] {processor.py:161} INFO - Started process (PID=2045) to work on /home/airflow/.local/lib/python3.12/site-packages/airflow/example_dags/example_sla_dag.py
[2026-06-15T16:19:14.885+0000] {processor.py:830} INFO - Processing file /home/airflow/.local/lib/python3.12/site-packages/airflow/example_dags/example_sla_dag.py for tasks to queue
[2026-06-15T16:19:14.889+0000] {logging_mixin.py:188} INFO - [2026-06-15T16:19:14.888+0000] {dagbag.py:545} INFO - Filling up the DagBag from /home/airflow/.local/lib/python3.12/site-packages/airflow/example_dags/example_sla_dag.py
[2026-06-15T16:19:14.907+0000] {processor.py:840} INFO - DAG(s) 'example_sla_dag' retrieved from /home/airflow/.local/lib/python3.12/site-packages/airflow/example_dags/example_sla_dag.py
[2026-06-15T16:19:14.948+0000] {logging_mixin.py:188} INFO - [2026-06-15T16:19:14.947+0000] {dag.py:3096} INFO - Sync 1 DAGs
[2026-06-15T16:19:14.992+0000] {logging_mixin.py:188} INFO - [2026-06-15T16:19:14.992+0000] {dag.py:3954} INFO - Setting next_dagrun for example_sla_dag to 2026-06-15 16:16:00+00:00, run_after=2026-06-15 16:18:00+00:00
[2026-06-15T16:19:15.032+0000] {processor.py:183} INFO - Processing /home/airflow/.local/lib/python3.12/site-packages/airflow/example_dags/example_sla_dag.py took 0.161 seconds
[2026-06-15T16:19:45.866+0000] {processor.py:161} INFO - Started process (PID=2104) to work on /home/airflow/.local/lib/python3.12/site-packages/airflow/example_dags/example_sla_dag.py
[2026-06-15T16:19:45.868+0000] {processor.py:830} INFO - Processing file /home/airflow/.local/lib/python3.12/site-packages/airflow/example_dags/example_sla_dag.py for tasks to queue
[2026-06-15T16:19:45.872+0000] {logging_mixin.py:188} INFO - [2026-06-15T16:19:45.871+0000] {dagbag.py:545} INFO - Filling up the DagBag from /home/airflow/.local/lib/python3.12/site-packages/airflow/example_dags/example_sla_dag.py
[2026-06-15T16:19:45.888+0000] {processor.py:840} INFO - DAG(s) 'example_sla_dag' retrieved from /home/airflow/.local/lib/python3.12/site-packages/airflow/example_dags/example_sla_dag.py
[2026-06-15T16:19:45.925+0000] {logging_mixin.py:188} INFO - [2026-06-15T16:19:45.925+0000] {dag.py:3096} INFO - Sync 1 DAGs
[2026-06-15T16:19:45.966+0000] {logging_mixin.py:188} INFO - [2026-06-15T16:19:45.965+0000] {dag.py:3954} INFO - Setting next_dagrun for example_sla_dag to 2026-06-15 16:16:00+00:00, run_after=2026-06-15 16:18:00+00:00
[2026-06-15T16:19:46.002+0000] {processor.py:183} INFO - Processing /home/airflow/.local/lib/python3.12/site-packages/airflow/example_dags/example_sla_dag.py took 0.146 seconds
[2026-06-15T16:20:16.237+0000] {processor.py:161} INFO - Started process (PID=2163) to work on /home/airflow/.local/lib/python3.12/site-packages/airflow/example_dags/example_sla_dag.py
[2026-06-15T16:20:16.239+0000] {processor.py:830} INFO - Processing file /home/airflow/.local/lib/python3.12/site-packages/airflow/example_dags/example_sla_dag.py for tasks to queue
[2026-06-15T16:20:16.243+0000] {logging_mixin.py:188} INFO - [2026-06-15T16:20:16.242+0000] {dagbag.py:545} INFO - Filling up the DagBag from /home/airflow/.local/lib/python3.12/site-packages/airflow/example_dags/example_sla_dag.py
[2026-06-15T16:20:16.257+0000] {processor.py:840} INFO - DAG(s) 'example_sla_dag' retrieved from /home/airflow/.local/lib/python3.12/site-packages/airflow/example_dags/example_sla_dag.py
[2026-06-15T16:20:16.293+0000] {logging_mixin.py:188} INFO - [2026-06-15T16:20:16.292+0000] {dag.py:3096} INFO - Sync 1 DAGs
[2026-06-15T16:20:16.362+0000] {logging_mixin.py:188} INFO - [2026-06-15T16:20:16.362+0000] {dag.py:3954} INFO - Setting next_dagrun for example_sla_dag to 2026-06-15 16:18:00+00:00, run_after=2026-06-15 16:20:00+00:00
[2026-06-15T16:20:16.406+0000] {processor.py:183} INFO - Processing /home/airflow/.local/lib/python3.12/site-packages/airflow/example_dags/example_sla_dag.py took 0.180 seconds
[2026-06-15T16:45:19.911+0000] {processor.py:161} INFO - Started process (PID=2223) to work on /home/airflow/.local/lib/python3.12/site-packages/airflow/example_dags/example_sla_dag.py
[2026-06-15T16:45:19.924+0000] {processor.py:830} INFO - Processing file /home/airflow/.local/lib/python3.12/site-packages/airflow/example_dags/example_sla_dag.py for tasks to queue
[2026-06-15T16:45:19.935+0000] {logging_mixin.py:188} INFO - [2026-06-15T16:45:19.934+0000] {dagbag.py:545} INFO - Filling up the DagBag from /home/airflow/.local/lib/python3.12/site-packages/airflow/example_dags/example_sla_dag.py
[2026-06-15T16:45:19.990+0000] {processor.py:840} INFO - DAG(s) 'example_sla_dag' retrieved from /home/airflow/.local/lib/python3.12/site-packages/airflow/example_dags/example_sla_dag.py
[2026-06-15T16:45:20.154+0000] {logging_mixin.py:188} INFO - [2026-06-15T16:45:20.153+0000] {dag.py:3096} INFO - Sync 1 DAGs
[2026-06-15T16:45:20.315+0000] {logging_mixin.py:188} INFO - [2026-06-15T16:45:20.314+0000] {dag.py:3954} INFO - Setting next_dagrun for example_sla_dag to 2026-06-15 16:42:00+00:00, run_after=2026-06-15 16:44:00+00:00
[2026-06-15T16:45:20.499+0000] {processor.py:183} INFO - Processing /home/airflow/.local/lib/python3.12/site-packages/airflow/example_dags/example_sla_dag.py took 0.609 seconds
[2026-06-15T16:45:51.171+0000] {processor.py:161} INFO - Started process (PID=2282) to work on /home/airflow/.local/lib/python3.12/site-packages/airflow/example_dags/example_sla_dag.py
[2026-06-15T16:45:51.173+0000] {processor.py:830} INFO - Processing file /home/airflow/.local/lib/python3.12/site-packages/airflow/example_dags/example_sla_dag.py for tasks to queue
[2026-06-15T16:45:51.176+0000] {logging_mixin.py:188} INFO - [2026-06-15T16:45:51.175+0000] {dagbag.py:545} INFO - Filling up the DagBag from /home/airflow/.local/lib/python3.12/site-packages/airflow/example_dags/example_sla_dag.py
[2026-06-15T16:45:51.193+0000] {processor.py:840} INFO - DAG(s) 'example_sla_dag' retrieved from /home/airflow/.local/lib/python3.12/site-packages/airflow/example_dags/example_sla_dag.py
[2026-06-15T16:45:51.230+0000] {logging_mixin.py:188} INFO - [2026-06-15T16:45:51.229+0000] {dag.py:3096} INFO - Sync 1 DAGs
[2026-06-15T16:45:51.272+0000] {logging_mixin.py:188} INFO - [2026-06-15T16:45:51.271+0000] {dag.py:3954} INFO - Setting next_dagrun for example_sla_dag to 2026-06-15 16:42:00+00:00, run_after=2026-06-15 16:44:00+00:00
[2026-06-15T16:45:51.311+0000] {processor.py:183} INFO - Processing /home/airflow/.local/lib/python3.12/site-packages/airflow/example_dags/example_sla_dag.py took 0.149 seconds
[2026-06-15T16:46:21.732+0000] {processor.py:161} INFO - Started process (PID=2341) to work on /home/airflow/.local/lib/python3.12/site-packages/airflow/example_dags/example_sla_dag.py
[2026-06-15T16:46:21.734+0000] {processor.py:830} INFO - Processing file /home/airflow/.local/lib/python3.12/site-packages/airflow/example_dags/example_sla_dag.py for tasks to queue
[2026-06-15T16:46:21.741+0000] {logging_mixin.py:188} INFO - [2026-06-15T16:46:21.740+0000] {dagbag.py:545} INFO - Filling up the DagBag from /home/airflow/.local/lib/python3.12/site-packages/airflow/example_dags/example_sla_dag.py
[2026-06-15T16:46:21.760+0000] {processor.py:840} INFO - DAG(s) 'example_sla_dag' retrieved from /home/airflow/.local/lib/python3.12/site-packages/airflow/example_dags/example_sla_dag.py
[2026-06-15T16:46:21.811+0000] {logging_mixin.py:188} INFO - [2026-06-15T16:46:21.810+0000] {dag.py:3096} INFO - Sync 1 DAGs
[2026-06-15T16:46:21.868+0000] {logging_mixin.py:188} INFO - [2026-06-15T16:46:21.868+0000] {dag.py:3954} INFO - Setting next_dagrun for example_sla_dag to 2026-06-15 16:44:00+00:00, run_after=2026-06-15 16:46:00+00:00
[2026-06-15T16:46:21.921+0000] {processor.py:183} INFO - Processing /home/airflow/.local/lib/python3.12/site-packages/airflow/example_dags/example_sla_dag.py took 0.201 seconds
