[2026-06-15T15:53:06.377+0000] {processor.py:161} INFO - Started process (PID=112) to work on /home/airflow/.local/lib/python3.12/site-packages/airflow/example_dags/example_branch_day_of_week_operator.py
[2026-06-15T15:53:06.380+0000] {processor.py:830} INFO - Processing file /home/airflow/.local/lib/python3.12/site-packages/airflow/example_dags/example_branch_day_of_week_operator.py for tasks to queue
[2026-06-15T15:53:06.386+0000] {logging_mixin.py:188} INFO - [2026-06-15T15:53:06.386+0000] {dagbag.py:545} INFO - Filling up the DagBag from /home/airflow/.local/lib/python3.12/site-packages/airflow/example_dags/example_branch_day_of_week_operator.py
[2026-06-15T15:53:06.418+0000] {processor.py:840} INFO - DAG(s) 'example_weekday_branch_operator' retrieved from /home/airflow/.local/lib/python3.12/site-packages/airflow/example_dags/example_branch_day_of_week_operator.py
[2026-06-15T15:53:06.482+0000] {logging_mixin.py:188} INFO - [2026-06-15T15:53:06.481+0000] {dag.py:3096} INFO - Sync 1 DAGs
[2026-06-15T15:53:06.543+0000] {logging_mixin.py:188} INFO - [2026-06-15T15:53:06.542+0000] {dag.py:3954} INFO - Setting next_dagrun for example_weekday_branch_operator to 2026-06-14 00:00:00+00:00, run_after=2026-06-15 00:00:00+00:00
[2026-06-15T15:53:06.615+0000] {processor.py:183} INFO - Processing /home/airflow/.local/lib/python3.12/site-packages/airflow/example_dags/example_branch_day_of_week_operator.py took 0.252 seconds
[2026-06-15T15:57:19.491+0000] {processor.py:161} INFO - Started process (PID=106) to work on /home/airflow/.local/lib/python3.12/site-packages/airflow/example_dags/example_branch_day_of_week_operator.py
[2026-06-15T15:57:19.493+0000] {processor.py:830} INFO - Processing file /home/airflow/.local/lib/python3.12/site-packages/airflow/example_dags/example_branch_day_of_week_operator.py for tasks to queue
[2026-06-15T15:57:19.495+0000] {logging_mixin.py:188} INFO - [2026-06-15T15:57:19.495+0000] {dagbag.py:545} INFO - Filling up the DagBag from /home/airflow/.local/lib/python3.12/site-packages/airflow/example_dags/example_branch_day_of_week_operator.py
[2026-06-15T15:57:19.508+0000] {processor.py:840} INFO - DAG(s) 'example_weekday_branch_operator' retrieved from /home/airflow/.local/lib/python3.12/site-packages/airflow/example_dags/example_branch_day_of_week_operator.py
[2026-06-15T15:57:19.678+0000] {logging_mixin.py:188} INFO - [2026-06-15T15:57:19.678+0000] {dag.py:3096} INFO - Sync 1 DAGs
[2026-06-15T15:57:19.711+0000] {logging_mixin.py:188} INFO - [2026-06-15T15:57:19.711+0000] {dag.py:3954} INFO - Setting next_dagrun for example_weekday_branch_operator to 2026-06-14 00:00:00+00:00, run_after=2026-06-15 00:00:00+00:00
[2026-06-15T15:57:19.749+0000] {processor.py:183} INFO - Processing /home/airflow/.local/lib/python3.12/site-packages/airflow/example_dags/example_branch_day_of_week_operator.py took 0.266 seconds
[2026-06-15T15:57:50.243+0000] {processor.py:161} INFO - Started process (PID=165) to work on /home/airflow/.local/lib/python3.12/site-packages/airflow/example_dags/example_branch_day_of_week_operator.py
[2026-06-15T15:57:50.245+0000] {processor.py:830} INFO - Processing file /home/airflow/.local/lib/python3.12/site-packages/airflow/example_dags/example_branch_day_of_week_operator.py for tasks to queue
[2026-06-15T15:57:50.250+0000] {logging_mixin.py:188} INFO - [2026-06-15T15:57:50.249+0000] {dagbag.py:545} INFO - Filling up the DagBag from /home/airflow/.local/lib/python3.12/site-packages/airflow/example_dags/example_branch_day_of_week_operator.py
[2026-06-15T15:57:50.266+0000] {processor.py:840} INFO - DAG(s) 'example_weekday_branch_operator' retrieved from /home/airflow/.local/lib/python3.12/site-packages/airflow/example_dags/example_branch_day_of_week_operator.py
[2026-06-15T15:57:50.308+0000] {logging_mixin.py:188} INFO - [2026-06-15T15:57:50.307+0000] {dag.py:3096} INFO - Sync 1 DAGs
[2026-06-15T15:57:50.351+0000] {logging_mixin.py:188} INFO - [2026-06-15T15:57:50.350+0000] {dag.py:3954} INFO - Setting next_dagrun for example_weekday_branch_operator to 2026-06-14 00:00:00+00:00, run_after=2026-06-15 00:00:00+00:00
[2026-06-15T15:57:50.394+0000] {processor.py:183} INFO - Processing /home/airflow/.local/lib/python3.12/site-packages/airflow/example_dags/example_branch_day_of_week_operator.py took 0.168 seconds
[2026-06-15T15:58:20.572+0000] {processor.py:161} INFO - Started process (PID=232) to work on /home/airflow/.local/lib/python3.12/site-packages/airflow/example_dags/example_branch_day_of_week_operator.py
[2026-06-15T15:58:20.579+0000] {processor.py:830} INFO - Processing file /home/airflow/.local/lib/python3.12/site-packages/airflow/example_dags/example_branch_day_of_week_operator.py for tasks to queue
[2026-06-15T15:58:20.585+0000] {logging_mixin.py:188} INFO - [2026-06-15T15:58:20.584+0000] {dagbag.py:545} INFO - Filling up the DagBag from /home/airflow/.local/lib/python3.12/site-packages/airflow/example_dags/example_branch_day_of_week_operator.py
[2026-06-15T15:58:20.607+0000] {processor.py:840} INFO - DAG(s) 'example_weekday_branch_operator' retrieved from /home/airflow/.local/lib/python3.12/site-packages/airflow/example_dags/example_branch_day_of_week_operator.py
[2026-06-15T15:58:20.666+0000] {logging_mixin.py:188} INFO - [2026-06-15T15:58:20.666+0000] {dag.py:3096} INFO - Sync 1 DAGs
[2026-06-15T15:58:20.708+0000] {logging_mixin.py:188} INFO - [2026-06-15T15:58:20.707+0000] {dag.py:3954} INFO - Setting next_dagrun for example_weekday_branch_operator to 2026-06-14 00:00:00+00:00, run_after=2026-06-15 00:00:00+00:00
[2026-06-15T15:58:20.748+0000] {processor.py:183} INFO - Processing /home/airflow/.local/lib/python3.12/site-packages/airflow/example_dags/example_branch_day_of_week_operator.py took 0.187 seconds
[2026-06-15T15:58:51.615+0000] {processor.py:161} INFO - Started process (PID=292) to work on /home/airflow/.local/lib/python3.12/site-packages/airflow/example_dags/example_branch_day_of_week_operator.py
[2026-06-15T15:58:51.618+0000] {processor.py:830} INFO - Processing file /home/airflow/.local/lib/python3.12/site-packages/airflow/example_dags/example_branch_day_of_week_operator.py for tasks to queue
[2026-06-15T15:58:51.624+0000] {logging_mixin.py:188} INFO - [2026-06-15T15:58:51.623+0000] {dagbag.py:545} INFO - Filling up the DagBag from /home/airflow/.local/lib/python3.12/site-packages/airflow/example_dags/example_branch_day_of_week_operator.py
[2026-06-15T15:58:51.642+0000] {processor.py:840} INFO - DAG(s) 'example_weekday_branch_operator' retrieved from /home/airflow/.local/lib/python3.12/site-packages/airflow/example_dags/example_branch_day_of_week_operator.py
[2026-06-15T15:58:51.700+0000] {logging_mixin.py:188} INFO - [2026-06-15T15:58:51.699+0000] {dag.py:3096} INFO - Sync 1 DAGs
[2026-06-15T15:58:51.758+0000] {logging_mixin.py:188} INFO - [2026-06-15T15:58:51.758+0000] {dag.py:3954} INFO - Setting next_dagrun for example_weekday_branch_operator to 2026-06-14 00:00:00+00:00, run_after=2026-06-15 00:00:00+00:00
[2026-06-15T15:58:51.799+0000] {processor.py:183} INFO - Processing /home/airflow/.local/lib/python3.12/site-packages/airflow/example_dags/example_branch_day_of_week_operator.py took 0.196 seconds
[2026-06-15T15:59:22.044+0000] {processor.py:161} INFO - Started process (PID=352) to work on /home/airflow/.local/lib/python3.12/site-packages/airflow/example_dags/example_branch_day_of_week_operator.py
[2026-06-15T15:59:22.047+0000] {processor.py:830} INFO - Processing file /home/airflow/.local/lib/python3.12/site-packages/airflow/example_dags/example_branch_day_of_week_operator.py for tasks to queue
[2026-06-15T15:59:22.051+0000] {logging_mixin.py:188} INFO - [2026-06-15T15:59:22.050+0000] {dagbag.py:545} INFO - Filling up the DagBag from /home/airflow/.local/lib/python3.12/site-packages/airflow/example_dags/example_branch_day_of_week_operator.py
[2026-06-15T15:59:22.063+0000] {processor.py:840} INFO - DAG(s) 'example_weekday_branch_operator' retrieved from /home/airflow/.local/lib/python3.12/site-packages/airflow/example_dags/example_branch_day_of_week_operator.py
[2026-06-15T15:59:22.107+0000] {logging_mixin.py:188} INFO - [2026-06-15T15:59:22.106+0000] {dag.py:3096} INFO - Sync 1 DAGs
[2026-06-15T15:59:22.153+0000] {logging_mixin.py:188} INFO - [2026-06-15T15:59:22.152+0000] {dag.py:3954} INFO - Setting next_dagrun for example_weekday_branch_operator to 2026-06-14 00:00:00+00:00, run_after=2026-06-15 00:00:00+00:00
[2026-06-15T15:59:22.200+0000] {processor.py:183} INFO - Processing /home/airflow/.local/lib/python3.12/site-packages/airflow/example_dags/example_branch_day_of_week_operator.py took 0.166 seconds
[2026-06-15T15:59:52.701+0000] {processor.py:161} INFO - Started process (PID=412) to work on /home/airflow/.local/lib/python3.12/site-packages/airflow/example_dags/example_branch_day_of_week_operator.py
[2026-06-15T15:59:52.704+0000] {processor.py:830} INFO - Processing file /home/airflow/.local/lib/python3.12/site-packages/airflow/example_dags/example_branch_day_of_week_operator.py for tasks to queue
[2026-06-15T15:59:52.708+0000] {logging_mixin.py:188} INFO - [2026-06-15T15:59:52.707+0000] {dagbag.py:545} INFO - Filling up the DagBag from /home/airflow/.local/lib/python3.12/site-packages/airflow/example_dags/example_branch_day_of_week_operator.py
[2026-06-15T15:59:52.723+0000] {processor.py:840} INFO - DAG(s) 'example_weekday_branch_operator' retrieved from /home/airflow/.local/lib/python3.12/site-packages/airflow/example_dags/example_branch_day_of_week_operator.py
[2026-06-15T15:59:52.774+0000] {logging_mixin.py:188} INFO - [2026-06-15T15:59:52.773+0000] {dag.py:3096} INFO - Sync 1 DAGs
[2026-06-15T15:59:52.817+0000] {logging_mixin.py:188} INFO - [2026-06-15T15:59:52.817+0000] {dag.py:3954} INFO - Setting next_dagrun for example_weekday_branch_operator to 2026-06-14 00:00:00+00:00, run_after=2026-06-15 00:00:00+00:00
[2026-06-15T15:59:52.856+0000] {processor.py:183} INFO - Processing /home/airflow/.local/lib/python3.12/site-packages/airflow/example_dags/example_branch_day_of_week_operator.py took 0.165 seconds
[2026-06-15T16:00:23.130+0000] {processor.py:161} INFO - Started process (PID=472) to work on /home/airflow/.local/lib/python3.12/site-packages/airflow/example_dags/example_branch_day_of_week_operator.py
[2026-06-15T16:00:23.132+0000] {processor.py:830} INFO - Processing file /home/airflow/.local/lib/python3.12/site-packages/airflow/example_dags/example_branch_day_of_week_operator.py for tasks to queue
[2026-06-15T16:00:23.136+0000] {logging_mixin.py:188} INFO - [2026-06-15T16:00:23.135+0000] {dagbag.py:545} INFO - Filling up the DagBag from /home/airflow/.local/lib/python3.12/site-packages/airflow/example_dags/example_branch_day_of_week_operator.py
[2026-06-15T16:00:23.151+0000] {processor.py:840} INFO - DAG(s) 'example_weekday_branch_operator' retrieved from /home/airflow/.local/lib/python3.12/site-packages/airflow/example_dags/example_branch_day_of_week_operator.py
[2026-06-15T16:00:23.190+0000] {logging_mixin.py:188} INFO - [2026-06-15T16:00:23.190+0000] {dag.py:3096} INFO - Sync 1 DAGs
[2026-06-15T16:00:23.229+0000] {logging_mixin.py:188} INFO - [2026-06-15T16:00:23.229+0000] {dag.py:3954} INFO - Setting next_dagrun for example_weekday_branch_operator to 2026-06-14 00:00:00+00:00, run_after=2026-06-15 00:00:00+00:00
[2026-06-15T16:00:23.270+0000] {processor.py:183} INFO - Processing /home/airflow/.local/lib/python3.12/site-packages/airflow/example_dags/example_branch_day_of_week_operator.py took 0.150 seconds
[2026-06-15T16:03:04.597+0000] {processor.py:161} INFO - Started process (PID=113) to work on /home/airflow/.local/lib/python3.12/site-packages/airflow/example_dags/example_branch_day_of_week_operator.py
[2026-06-15T16:03:04.600+0000] {processor.py:830} INFO - Processing file /home/airflow/.local/lib/python3.12/site-packages/airflow/example_dags/example_branch_day_of_week_operator.py for tasks to queue
[2026-06-15T16:03:04.604+0000] {logging_mixin.py:188} INFO - [2026-06-15T16:03:04.603+0000] {dagbag.py:545} INFO - Filling up the DagBag from /home/airflow/.local/lib/python3.12/site-packages/airflow/example_dags/example_branch_day_of_week_operator.py
[2026-06-15T16:03:04.626+0000] {processor.py:840} INFO - DAG(s) 'example_weekday_branch_operator' retrieved from /home/airflow/.local/lib/python3.12/site-packages/airflow/example_dags/example_branch_day_of_week_operator.py
[2026-06-15T16:03:04.885+0000] {logging_mixin.py:188} INFO - [2026-06-15T16:03:04.885+0000] {dag.py:3096} INFO - Sync 1 DAGs
[2026-06-15T16:03:04.935+0000] {logging_mixin.py:188} INFO - [2026-06-15T16:03:04.935+0000] {dag.py:3954} INFO - Setting next_dagrun for example_weekday_branch_operator to 2026-06-14 00:00:00+00:00, run_after=2026-06-15 00:00:00+00:00
[2026-06-15T16:03:04.987+0000] {processor.py:183} INFO - Processing /home/airflow/.local/lib/python3.12/site-packages/airflow/example_dags/example_branch_day_of_week_operator.py took 0.402 seconds
[2026-06-15T16:03:35.133+0000] {processor.py:161} INFO - Started process (PID=195) to work on /home/airflow/.local/lib/python3.12/site-packages/airflow/example_dags/example_branch_day_of_week_operator.py
[2026-06-15T16:03:35.135+0000] {processor.py:830} INFO - Processing file /home/airflow/.local/lib/python3.12/site-packages/airflow/example_dags/example_branch_day_of_week_operator.py for tasks to queue
[2026-06-15T16:03:35.139+0000] {logging_mixin.py:188} INFO - [2026-06-15T16:03:35.138+0000] {dagbag.py:545} INFO - Filling up the DagBag from /home/airflow/.local/lib/python3.12/site-packages/airflow/example_dags/example_branch_day_of_week_operator.py
[2026-06-15T16:03:35.151+0000] {processor.py:840} INFO - DAG(s) 'example_weekday_branch_operator' retrieved from /home/airflow/.local/lib/python3.12/site-packages/airflow/example_dags/example_branch_day_of_week_operator.py
[2026-06-15T16:03:35.192+0000] {logging_mixin.py:188} INFO - [2026-06-15T16:03:35.192+0000] {dag.py:3096} INFO - Sync 1 DAGs
[2026-06-15T16:03:35.233+0000] {logging_mixin.py:188} INFO - [2026-06-15T16:03:35.232+0000] {dag.py:3954} INFO - Setting next_dagrun for example_weekday_branch_operator to 2026-06-14 00:00:00+00:00, run_after=2026-06-15 00:00:00+00:00
[2026-06-15T16:03:35.269+0000] {processor.py:183} INFO - Processing /home/airflow/.local/lib/python3.12/site-packages/airflow/example_dags/example_branch_day_of_week_operator.py took 0.144 seconds
[2026-06-15T16:04:05.451+0000] {processor.py:161} INFO - Started process (PID=310) to work on /home/airflow/.local/lib/python3.12/site-packages/airflow/example_dags/example_branch_day_of_week_operator.py
[2026-06-15T16:04:05.454+0000] {processor.py:830} INFO - Processing file /home/airflow/.local/lib/python3.12/site-packages/airflow/example_dags/example_branch_day_of_week_operator.py for tasks to queue
[2026-06-15T16:04:05.458+0000] {logging_mixin.py:188} INFO - [2026-06-15T16:04:05.458+0000] {dagbag.py:545} INFO - Filling up the DagBag from /home/airflow/.local/lib/python3.12/site-packages/airflow/example_dags/example_branch_day_of_week_operator.py
[2026-06-15T16:04:05.468+0000] {processor.py:840} INFO - DAG(s) 'example_weekday_branch_operator' retrieved from /home/airflow/.local/lib/python3.12/site-packages/airflow/example_dags/example_branch_day_of_week_operator.py
[2026-06-15T16:04:05.505+0000] {logging_mixin.py:188} INFO - [2026-06-15T16:04:05.504+0000] {dag.py:3096} INFO - Sync 1 DAGs
[2026-06-15T16:04:05.544+0000] {logging_mixin.py:188} INFO - [2026-06-15T16:04:05.544+0000] {dag.py:3954} INFO - Setting next_dagrun for example_weekday_branch_operator to 2026-06-14 00:00:00+00:00, run_after=2026-06-15 00:00:00+00:00
[2026-06-15T16:04:05.578+0000] {processor.py:183} INFO - Processing /home/airflow/.local/lib/python3.12/site-packages/airflow/example_dags/example_branch_day_of_week_operator.py took 0.137 seconds
[2026-06-15T16:04:35.657+0000] {processor.py:161} INFO - Started process (PID=369) to work on /home/airflow/.local/lib/python3.12/site-packages/airflow/example_dags/example_branch_day_of_week_operator.py
[2026-06-15T16:04:35.659+0000] {processor.py:830} INFO - Processing file /home/airflow/.local/lib/python3.12/site-packages/airflow/example_dags/example_branch_day_of_week_operator.py for tasks to queue
[2026-06-15T16:04:35.663+0000] {logging_mixin.py:188} INFO - [2026-06-15T16:04:35.662+0000] {dagbag.py:545} INFO - Filling up the DagBag from /home/airflow/.local/lib/python3.12/site-packages/airflow/example_dags/example_branch_day_of_week_operator.py
[2026-06-15T16:04:35.672+0000] {processor.py:840} INFO - DAG(s) 'example_weekday_branch_operator' retrieved from /home/airflow/.local/lib/python3.12/site-packages/airflow/example_dags/example_branch_day_of_week_operator.py
[2026-06-15T16:04:35.705+0000] {logging_mixin.py:188} INFO - [2026-06-15T16:04:35.705+0000] {dag.py:3096} INFO - Sync 1 DAGs
[2026-06-15T16:04:35.741+0000] {logging_mixin.py:188} INFO - [2026-06-15T16:04:35.741+0000] {dag.py:3954} INFO - Setting next_dagrun for example_weekday_branch_operator to 2026-06-14 00:00:00+00:00, run_after=2026-06-15 00:00:00+00:00
[2026-06-15T16:04:35.777+0000] {processor.py:183} INFO - Processing /home/airflow/.local/lib/python3.12/site-packages/airflow/example_dags/example_branch_day_of_week_operator.py took 0.128 seconds
[2026-06-15T16:05:06.002+0000] {processor.py:161} INFO - Started process (PID=428) to work on /home/airflow/.local/lib/python3.12/site-packages/airflow/example_dags/example_branch_day_of_week_operator.py
[2026-06-15T16:05:06.004+0000] {processor.py:830} INFO - Processing file /home/airflow/.local/lib/python3.12/site-packages/airflow/example_dags/example_branch_day_of_week_operator.py for tasks to queue
[2026-06-15T16:05:06.007+0000] {logging_mixin.py:188} INFO - [2026-06-15T16:05:06.007+0000] {dagbag.py:545} INFO - Filling up the DagBag from /home/airflow/.local/lib/python3.12/site-packages/airflow/example_dags/example_branch_day_of_week_operator.py
[2026-06-15T16:05:06.018+0000] {processor.py:840} INFO - DAG(s) 'example_weekday_branch_operator' retrieved from /home/airflow/.local/lib/python3.12/site-packages/airflow/example_dags/example_branch_day_of_week_operator.py
[2026-06-15T16:05:06.051+0000] {logging_mixin.py:188} INFO - [2026-06-15T16:05:06.050+0000] {dag.py:3096} INFO - Sync 1 DAGs
[2026-06-15T16:05:06.089+0000] {logging_mixin.py:188} INFO - [2026-06-15T16:05:06.088+0000] {dag.py:3954} INFO - Setting next_dagrun for example_weekday_branch_operator to 2026-06-14 00:00:00+00:00, run_after=2026-06-15 00:00:00+00:00
[2026-06-15T16:05:06.129+0000] {processor.py:183} INFO - Processing /home/airflow/.local/lib/python3.12/site-packages/airflow/example_dags/example_branch_day_of_week_operator.py took 0.135 seconds
[2026-06-15T16:05:36.742+0000] {processor.py:161} INFO - Started process (PID=487) to work on /home/airflow/.local/lib/python3.12/site-packages/airflow/example_dags/example_branch_day_of_week_operator.py
[2026-06-15T16:05:36.744+0000] {processor.py:830} INFO - Processing file /home/airflow/.local/lib/python3.12/site-packages/airflow/example_dags/example_branch_day_of_week_operator.py for tasks to queue
[2026-06-15T16:05:36.748+0000] {logging_mixin.py:188} INFO - [2026-06-15T16:05:36.747+0000] {dagbag.py:545} INFO - Filling up the DagBag from /home/airflow/.local/lib/python3.12/site-packages/airflow/example_dags/example_branch_day_of_week_operator.py
[2026-06-15T16:05:36.760+0000] {processor.py:840} INFO - DAG(s) 'example_weekday_branch_operator' retrieved from /home/airflow/.local/lib/python3.12/site-packages/airflow/example_dags/example_branch_day_of_week_operator.py
[2026-06-15T16:05:36.797+0000] {logging_mixin.py:188} INFO - [2026-06-15T16:05:36.797+0000] {dag.py:3096} INFO - Sync 1 DAGs
[2026-06-15T16:05:36.834+0000] {logging_mixin.py:188} INFO - [2026-06-15T16:05:36.834+0000] {dag.py:3954} INFO - Setting next_dagrun for example_weekday_branch_operator to 2026-06-14 00:00:00+00:00, run_after=2026-06-15 00:00:00+00:00
[2026-06-15T16:05:36.870+0000] {processor.py:183} INFO - Processing /home/airflow/.local/lib/python3.12/site-packages/airflow/example_dags/example_branch_day_of_week_operator.py took 0.137 seconds
[2026-06-15T16:06:07.072+0000] {processor.py:161} INFO - Started process (PID=546) to work on /home/airflow/.local/lib/python3.12/site-packages/airflow/example_dags/example_branch_day_of_week_operator.py
[2026-06-15T16:06:07.074+0000] {processor.py:830} INFO - Processing file /home/airflow/.local/lib/python3.12/site-packages/airflow/example_dags/example_branch_day_of_week_operator.py for tasks to queue
[2026-06-15T16:06:07.078+0000] {logging_mixin.py:188} INFO - [2026-06-15T16:06:07.077+0000] {dagbag.py:545} INFO - Filling up the DagBag from /home/airflow/.local/lib/python3.12/site-packages/airflow/example_dags/example_branch_day_of_week_operator.py
[2026-06-15T16:06:07.091+0000] {processor.py:840} INFO - DAG(s) 'example_weekday_branch_operator' retrieved from /home/airflow/.local/lib/python3.12/site-packages/airflow/example_dags/example_branch_day_of_week_operator.py
[2026-06-15T16:06:07.124+0000] {logging_mixin.py:188} INFO - [2026-06-15T16:06:07.124+0000] {dag.py:3096} INFO - Sync 1 DAGs
[2026-06-15T16:06:07.160+0000] {logging_mixin.py:188} INFO - [2026-06-15T16:06:07.160+0000] {dag.py:3954} INFO - Setting next_dagrun for example_weekday_branch_operator to 2026-06-14 00:00:00+00:00, run_after=2026-06-15 00:00:00+00:00
[2026-06-15T16:06:07.196+0000] {processor.py:183} INFO - Processing /home/airflow/.local/lib/python3.12/site-packages/airflow/example_dags/example_branch_day_of_week_operator.py took 0.131 seconds
[2026-06-15T16:06:37.600+0000] {processor.py:161} INFO - Started process (PID=605) to work on /home/airflow/.local/lib/python3.12/site-packages/airflow/example_dags/example_branch_day_of_week_operator.py
[2026-06-15T16:06:37.602+0000] {processor.py:830} INFO - Processing file /home/airflow/.local/lib/python3.12/site-packages/airflow/example_dags/example_branch_day_of_week_operator.py for tasks to queue
[2026-06-15T16:06:37.605+0000] {logging_mixin.py:188} INFO - [2026-06-15T16:06:37.604+0000] {dagbag.py:545} INFO - Filling up the DagBag from /home/airflow/.local/lib/python3.12/site-packages/airflow/example_dags/example_branch_day_of_week_operator.py
[2026-06-15T16:06:37.616+0000] {processor.py:840} INFO - DAG(s) 'example_weekday_branch_operator' retrieved from /home/airflow/.local/lib/python3.12/site-packages/airflow/example_dags/example_branch_day_of_week_operator.py
[2026-06-15T16:06:37.656+0000] {logging_mixin.py:188} INFO - [2026-06-15T16:06:37.655+0000] {dag.py:3096} INFO - Sync 1 DAGs
[2026-06-15T16:06:37.690+0000] {logging_mixin.py:188} INFO - [2026-06-15T16:06:37.690+0000] {dag.py:3954} INFO - Setting next_dagrun for example_weekday_branch_operator to 2026-06-14 00:00:00+00:00, run_after=2026-06-15 00:00:00+00:00
[2026-06-15T16:06:37.732+0000] {processor.py:183} INFO - Processing /home/airflow/.local/lib/python3.12/site-packages/airflow/example_dags/example_branch_day_of_week_operator.py took 0.139 seconds
[2026-06-15T16:07:08.160+0000] {processor.py:161} INFO - Started process (PID=664) to work on /home/airflow/.local/lib/python3.12/site-packages/airflow/example_dags/example_branch_day_of_week_operator.py
[2026-06-15T16:07:08.162+0000] {processor.py:830} INFO - Processing file /home/airflow/.local/lib/python3.12/site-packages/airflow/example_dags/example_branch_day_of_week_operator.py for tasks to queue
[2026-06-15T16:07:08.166+0000] {logging_mixin.py:188} INFO - [2026-06-15T16:07:08.165+0000] {dagbag.py:545} INFO - Filling up the DagBag from /home/airflow/.local/lib/python3.12/site-packages/airflow/example_dags/example_branch_day_of_week_operator.py
[2026-06-15T16:07:08.177+0000] {processor.py:840} INFO - DAG(s) 'example_weekday_branch_operator' retrieved from /home/airflow/.local/lib/python3.12/site-packages/airflow/example_dags/example_branch_day_of_week_operator.py
[2026-06-15T16:07:08.214+0000] {logging_mixin.py:188} INFO - [2026-06-15T16:07:08.213+0000] {dag.py:3096} INFO - Sync 1 DAGs
[2026-06-15T16:07:08.247+0000] {logging_mixin.py:188} INFO - [2026-06-15T16:07:08.247+0000] {dag.py:3954} INFO - Setting next_dagrun for example_weekday_branch_operator to 2026-06-14 00:00:00+00:00, run_after=2026-06-15 00:00:00+00:00
[2026-06-15T16:07:08.279+0000] {processor.py:183} INFO - Processing /home/airflow/.local/lib/python3.12/site-packages/airflow/example_dags/example_branch_day_of_week_operator.py took 0.129 seconds
[2026-06-15T16:07:38.931+0000] {processor.py:161} INFO - Started process (PID=724) to work on /home/airflow/.local/lib/python3.12/site-packages/airflow/example_dags/example_branch_day_of_week_operator.py
[2026-06-15T16:07:38.934+0000] {processor.py:830} INFO - Processing file /home/airflow/.local/lib/python3.12/site-packages/airflow/example_dags/example_branch_day_of_week_operator.py for tasks to queue
[2026-06-15T16:07:38.937+0000] {logging_mixin.py:188} INFO - [2026-06-15T16:07:38.937+0000] {dagbag.py:545} INFO - Filling up the DagBag from /home/airflow/.local/lib/python3.12/site-packages/airflow/example_dags/example_branch_day_of_week_operator.py
[2026-06-15T16:07:38.950+0000] {processor.py:840} INFO - DAG(s) 'example_weekday_branch_operator' retrieved from /home/airflow/.local/lib/python3.12/site-packages/airflow/example_dags/example_branch_day_of_week_operator.py
[2026-06-15T16:07:38.986+0000] {logging_mixin.py:188} INFO - [2026-06-15T16:07:38.986+0000] {dag.py:3096} INFO - Sync 1 DAGs
[2026-06-15T16:07:39.022+0000] {logging_mixin.py:188} INFO - [2026-06-15T16:07:39.021+0000] {dag.py:3954} INFO - Setting next_dagrun for example_weekday_branch_operator to 2026-06-14 00:00:00+00:00, run_after=2026-06-15 00:00:00+00:00
[2026-06-15T16:07:39.063+0000] {processor.py:183} INFO - Processing /home/airflow/.local/lib/python3.12/site-packages/airflow/example_dags/example_branch_day_of_week_operator.py took 0.140 seconds
[2026-06-15T16:08:10.162+0000] {processor.py:161} INFO - Started process (PID=783) to work on /home/airflow/.local/lib/python3.12/site-packages/airflow/example_dags/example_branch_day_of_week_operator.py
[2026-06-15T16:08:10.164+0000] {processor.py:830} INFO - Processing file /home/airflow/.local/lib/python3.12/site-packages/airflow/example_dags/example_branch_day_of_week_operator.py for tasks to queue
[2026-06-15T16:08:10.168+0000] {logging_mixin.py:188} INFO - [2026-06-15T16:08:10.167+0000] {dagbag.py:545} INFO - Filling up the DagBag from /home/airflow/.local/lib/python3.12/site-packages/airflow/example_dags/example_branch_day_of_week_operator.py
[2026-06-15T16:08:10.178+0000] {processor.py:840} INFO - DAG(s) 'example_weekday_branch_operator' retrieved from /home/airflow/.local/lib/python3.12/site-packages/airflow/example_dags/example_branch_day_of_week_operator.py
[2026-06-15T16:08:10.212+0000] {logging_mixin.py:188} INFO - [2026-06-15T16:08:10.212+0000] {dag.py:3096} INFO - Sync 1 DAGs
[2026-06-15T16:08:10.246+0000] {logging_mixin.py:188} INFO - [2026-06-15T16:08:10.246+0000] {dag.py:3954} INFO - Setting next_dagrun for example_weekday_branch_operator to 2026-06-14 00:00:00+00:00, run_after=2026-06-15 00:00:00+00:00
[2026-06-15T16:08:10.282+0000] {processor.py:183} INFO - Processing /home/airflow/.local/lib/python3.12/site-packages/airflow/example_dags/example_branch_day_of_week_operator.py took 0.128 seconds
[2026-06-15T16:08:40.999+0000] {processor.py:161} INFO - Started process (PID=842) to work on /home/airflow/.local/lib/python3.12/site-packages/airflow/example_dags/example_branch_day_of_week_operator.py
[2026-06-15T16:08:41.000+0000] {processor.py:830} INFO - Processing file /home/airflow/.local/lib/python3.12/site-packages/airflow/example_dags/example_branch_day_of_week_operator.py for tasks to queue
[2026-06-15T16:08:41.003+0000] {logging_mixin.py:188} INFO - [2026-06-15T16:08:41.003+0000] {dagbag.py:545} INFO - Filling up the DagBag from /home/airflow/.local/lib/python3.12/site-packages/airflow/example_dags/example_branch_day_of_week_operator.py
[2026-06-15T16:08:41.016+0000] {processor.py:840} INFO - DAG(s) 'example_weekday_branch_operator' retrieved from /home/airflow/.local/lib/python3.12/site-packages/airflow/example_dags/example_branch_day_of_week_operator.py
[2026-06-15T16:08:41.050+0000] {logging_mixin.py:188} INFO - [2026-06-15T16:08:41.050+0000] {dag.py:3096} INFO - Sync 1 DAGs
[2026-06-15T16:08:41.087+0000] {logging_mixin.py:188} INFO - [2026-06-15T16:08:41.086+0000] {dag.py:3954} INFO - Setting next_dagrun for example_weekday_branch_operator to 2026-06-14 00:00:00+00:00, run_after=2026-06-15 00:00:00+00:00
[2026-06-15T16:08:41.123+0000] {processor.py:183} INFO - Processing /home/airflow/.local/lib/python3.12/site-packages/airflow/example_dags/example_branch_day_of_week_operator.py took 0.132 seconds
[2026-06-15T16:09:12.490+0000] {processor.py:161} INFO - Started process (PID=901) to work on /home/airflow/.local/lib/python3.12/site-packages/airflow/example_dags/example_branch_day_of_week_operator.py
[2026-06-15T16:09:12.493+0000] {processor.py:830} INFO - Processing file /home/airflow/.local/lib/python3.12/site-packages/airflow/example_dags/example_branch_day_of_week_operator.py for tasks to queue
[2026-06-15T16:09:12.500+0000] {logging_mixin.py:188} INFO - [2026-06-15T16:09:12.498+0000] {dagbag.py:545} INFO - Filling up the DagBag from /home/airflow/.local/lib/python3.12/site-packages/airflow/example_dags/example_branch_day_of_week_operator.py
[2026-06-15T16:09:12.530+0000] {processor.py:840} INFO - DAG(s) 'example_weekday_branch_operator' retrieved from /home/airflow/.local/lib/python3.12/site-packages/airflow/example_dags/example_branch_day_of_week_operator.py
[2026-06-15T16:09:12.591+0000] {logging_mixin.py:188} INFO - [2026-06-15T16:09:12.590+0000] {dag.py:3096} INFO - Sync 1 DAGs
[2026-06-15T16:09:12.655+0000] {logging_mixin.py:188} INFO - [2026-06-15T16:09:12.654+0000] {dag.py:3954} INFO - Setting next_dagrun for example_weekday_branch_operator to 2026-06-14 00:00:00+00:00, run_after=2026-06-15 00:00:00+00:00
[2026-06-15T16:09:12.716+0000] {processor.py:183} INFO - Processing /home/airflow/.local/lib/python3.12/site-packages/airflow/example_dags/example_branch_day_of_week_operator.py took 0.243 seconds
[2026-06-15T16:09:42.850+0000] {processor.py:161} INFO - Started process (PID=960) to work on /home/airflow/.local/lib/python3.12/site-packages/airflow/example_dags/example_branch_day_of_week_operator.py
[2026-06-15T16:09:42.852+0000] {processor.py:830} INFO - Processing file /home/airflow/.local/lib/python3.12/site-packages/airflow/example_dags/example_branch_day_of_week_operator.py for tasks to queue
[2026-06-15T16:09:42.856+0000] {logging_mixin.py:188} INFO - [2026-06-15T16:09:42.856+0000] {dagbag.py:545} INFO - Filling up the DagBag from /home/airflow/.local/lib/python3.12/site-packages/airflow/example_dags/example_branch_day_of_week_operator.py
[2026-06-15T16:09:42.867+0000] {processor.py:840} INFO - DAG(s) 'example_weekday_branch_operator' retrieved from /home/airflow/.local/lib/python3.12/site-packages/airflow/example_dags/example_branch_day_of_week_operator.py
[2026-06-15T16:09:42.908+0000] {logging_mixin.py:188} INFO - [2026-06-15T16:09:42.908+0000] {dag.py:3096} INFO - Sync 1 DAGs
[2026-06-15T16:09:42.945+0000] {logging_mixin.py:188} INFO - [2026-06-15T16:09:42.944+0000] {dag.py:3954} INFO - Setting next_dagrun for example_weekday_branch_operator to 2026-06-14 00:00:00+00:00, run_after=2026-06-15 00:00:00+00:00
[2026-06-15T16:09:42.980+0000] {processor.py:183} INFO - Processing /home/airflow/.local/lib/python3.12/site-packages/airflow/example_dags/example_branch_day_of_week_operator.py took 0.141 seconds
[2026-06-15T16:10:13.313+0000] {processor.py:161} INFO - Started process (PID=1019) to work on /home/airflow/.local/lib/python3.12/site-packages/airflow/example_dags/example_branch_day_of_week_operator.py
[2026-06-15T16:10:13.315+0000] {processor.py:830} INFO - Processing file /home/airflow/.local/lib/python3.12/site-packages/airflow/example_dags/example_branch_day_of_week_operator.py for tasks to queue
[2026-06-15T16:10:13.318+0000] {logging_mixin.py:188} INFO - [2026-06-15T16:10:13.318+0000] {dagbag.py:545} INFO - Filling up the DagBag from /home/airflow/.local/lib/python3.12/site-packages/airflow/example_dags/example_branch_day_of_week_operator.py
[2026-06-15T16:10:13.329+0000] {processor.py:840} INFO - DAG(s) 'example_weekday_branch_operator' retrieved from /home/airflow/.local/lib/python3.12/site-packages/airflow/example_dags/example_branch_day_of_week_operator.py
[2026-06-15T16:10:13.362+0000] {logging_mixin.py:188} INFO - [2026-06-15T16:10:13.362+0000] {dag.py:3096} INFO - Sync 1 DAGs
[2026-06-15T16:10:13.401+0000] {logging_mixin.py:188} INFO - [2026-06-15T16:10:13.400+0000] {dag.py:3954} INFO - Setting next_dagrun for example_weekday_branch_operator to 2026-06-14 00:00:00+00:00, run_after=2026-06-15 00:00:00+00:00
[2026-06-15T16:10:13.438+0000] {processor.py:183} INFO - Processing /home/airflow/.local/lib/python3.12/site-packages/airflow/example_dags/example_branch_day_of_week_operator.py took 0.135 seconds
[2026-06-15T16:10:44.382+0000] {processor.py:161} INFO - Started process (PID=1078) to work on /home/airflow/.local/lib/python3.12/site-packages/airflow/example_dags/example_branch_day_of_week_operator.py
[2026-06-15T16:10:44.384+0000] {processor.py:830} INFO - Processing file /home/airflow/.local/lib/python3.12/site-packages/airflow/example_dags/example_branch_day_of_week_operator.py for tasks to queue
[2026-06-15T16:10:44.388+0000] {logging_mixin.py:188} INFO - [2026-06-15T16:10:44.387+0000] {dagbag.py:545} INFO - Filling up the DagBag from /home/airflow/.local/lib/python3.12/site-packages/airflow/example_dags/example_branch_day_of_week_operator.py
[2026-06-15T16:10:44.398+0000] {processor.py:840} INFO - DAG(s) 'example_weekday_branch_operator' retrieved from /home/airflow/.local/lib/python3.12/site-packages/airflow/example_dags/example_branch_day_of_week_operator.py
[2026-06-15T16:10:44.432+0000] {logging_mixin.py:188} INFO - [2026-06-15T16:10:44.431+0000] {dag.py:3096} INFO - Sync 1 DAGs
[2026-06-15T16:10:44.463+0000] {logging_mixin.py:188} INFO - [2026-06-15T16:10:44.463+0000] {dag.py:3954} INFO - Setting next_dagrun for example_weekday_branch_operator to 2026-06-14 00:00:00+00:00, run_after=2026-06-15 00:00:00+00:00
[2026-06-15T16:10:44.506+0000] {processor.py:183} INFO - Processing /home/airflow/.local/lib/python3.12/site-packages/airflow/example_dags/example_branch_day_of_week_operator.py took 0.131 seconds
[2026-06-15T16:11:15.023+0000] {processor.py:161} INFO - Started process (PID=1137) to work on /home/airflow/.local/lib/python3.12/site-packages/airflow/example_dags/example_branch_day_of_week_operator.py
[2026-06-15T16:11:15.026+0000] {processor.py:830} INFO - Processing file /home/airflow/.local/lib/python3.12/site-packages/airflow/example_dags/example_branch_day_of_week_operator.py for tasks to queue
[2026-06-15T16:11:15.029+0000] {logging_mixin.py:188} INFO - [2026-06-15T16:11:15.028+0000] {dagbag.py:545} INFO - Filling up the DagBag from /home/airflow/.local/lib/python3.12/site-packages/airflow/example_dags/example_branch_day_of_week_operator.py
[2026-06-15T16:11:15.042+0000] {processor.py:840} INFO - DAG(s) 'example_weekday_branch_operator' retrieved from /home/airflow/.local/lib/python3.12/site-packages/airflow/example_dags/example_branch_day_of_week_operator.py
[2026-06-15T16:11:15.076+0000] {logging_mixin.py:188} INFO - [2026-06-15T16:11:15.075+0000] {dag.py:3096} INFO - Sync 1 DAGs
[2026-06-15T16:11:15.107+0000] {logging_mixin.py:188} INFO - [2026-06-15T16:11:15.107+0000] {dag.py:3954} INFO - Setting next_dagrun for example_weekday_branch_operator to 2026-06-14 00:00:00+00:00, run_after=2026-06-15 00:00:00+00:00
[2026-06-15T16:11:15.142+0000] {processor.py:183} INFO - Processing /home/airflow/.local/lib/python3.12/site-packages/airflow/example_dags/example_branch_day_of_week_operator.py took 0.127 seconds
[2026-06-15T16:11:45.347+0000] {processor.py:161} INFO - Started process (PID=1196) to work on /home/airflow/.local/lib/python3.12/site-packages/airflow/example_dags/example_branch_day_of_week_operator.py
[2026-06-15T16:11:45.349+0000] {processor.py:830} INFO - Processing file /home/airflow/.local/lib/python3.12/site-packages/airflow/example_dags/example_branch_day_of_week_operator.py for tasks to queue
[2026-06-15T16:11:45.353+0000] {logging_mixin.py:188} INFO - [2026-06-15T16:11:45.353+0000] {dagbag.py:545} INFO - Filling up the DagBag from /home/airflow/.local/lib/python3.12/site-packages/airflow/example_dags/example_branch_day_of_week_operator.py
[2026-06-15T16:11:45.363+0000] {processor.py:840} INFO - DAG(s) 'example_weekday_branch_operator' retrieved from /home/airflow/.local/lib/python3.12/site-packages/airflow/example_dags/example_branch_day_of_week_operator.py
[2026-06-15T16:11:45.395+0000] {logging_mixin.py:188} INFO - [2026-06-15T16:11:45.395+0000] {dag.py:3096} INFO - Sync 1 DAGs
[2026-06-15T16:11:45.428+0000] {logging_mixin.py:188} INFO - [2026-06-15T16:11:45.428+0000] {dag.py:3954} INFO - Setting next_dagrun for example_weekday_branch_operator to 2026-06-14 00:00:00+00:00, run_after=2026-06-15 00:00:00+00:00
[2026-06-15T16:11:45.461+0000] {processor.py:183} INFO - Processing /home/airflow/.local/lib/python3.12/site-packages/airflow/example_dags/example_branch_day_of_week_operator.py took 0.124 seconds
[2026-06-15T16:12:15.553+0000] {processor.py:161} INFO - Started process (PID=1256) to work on /home/airflow/.local/lib/python3.12/site-packages/airflow/example_dags/example_branch_day_of_week_operator.py
[2026-06-15T16:12:15.556+0000] {processor.py:830} INFO - Processing file /home/airflow/.local/lib/python3.12/site-packages/airflow/example_dags/example_branch_day_of_week_operator.py for tasks to queue
[2026-06-15T16:12:15.559+0000] {logging_mixin.py:188} INFO - [2026-06-15T16:12:15.559+0000] {dagbag.py:545} INFO - Filling up the DagBag from /home/airflow/.local/lib/python3.12/site-packages/airflow/example_dags/example_branch_day_of_week_operator.py
[2026-06-15T16:12:15.574+0000] {processor.py:840} INFO - DAG(s) 'example_weekday_branch_operator' retrieved from /home/airflow/.local/lib/python3.12/site-packages/airflow/example_dags/example_branch_day_of_week_operator.py
[2026-06-15T16:12:15.614+0000] {logging_mixin.py:188} INFO - [2026-06-15T16:12:15.613+0000] {dag.py:3096} INFO - Sync 1 DAGs
[2026-06-15T16:12:15.654+0000] {logging_mixin.py:188} INFO - [2026-06-15T16:12:15.654+0000] {dag.py:3954} INFO - Setting next_dagrun for example_weekday_branch_operator to 2026-06-14 00:00:00+00:00, run_after=2026-06-15 00:00:00+00:00
[2026-06-15T16:12:15.691+0000] {processor.py:183} INFO - Processing /home/airflow/.local/lib/python3.12/site-packages/airflow/example_dags/example_branch_day_of_week_operator.py took 0.148 seconds
[2026-06-15T16:12:45.864+0000] {processor.py:161} INFO - Started process (PID=1315) to work on /home/airflow/.local/lib/python3.12/site-packages/airflow/example_dags/example_branch_day_of_week_operator.py
[2026-06-15T16:12:45.866+0000] {processor.py:830} INFO - Processing file /home/airflow/.local/lib/python3.12/site-packages/airflow/example_dags/example_branch_day_of_week_operator.py for tasks to queue
[2026-06-15T16:12:45.869+0000] {logging_mixin.py:188} INFO - [2026-06-15T16:12:45.868+0000] {dagbag.py:545} INFO - Filling up the DagBag from /home/airflow/.local/lib/python3.12/site-packages/airflow/example_dags/example_branch_day_of_week_operator.py
[2026-06-15T16:12:45.882+0000] {processor.py:840} INFO - DAG(s) 'example_weekday_branch_operator' retrieved from /home/airflow/.local/lib/python3.12/site-packages/airflow/example_dags/example_branch_day_of_week_operator.py
[2026-06-15T16:12:45.918+0000] {logging_mixin.py:188} INFO - [2026-06-15T16:12:45.917+0000] {dag.py:3096} INFO - Sync 1 DAGs
[2026-06-15T16:12:45.961+0000] {logging_mixin.py:188} INFO - [2026-06-15T16:12:45.961+0000] {dag.py:3954} INFO - Setting next_dagrun for example_weekday_branch_operator to 2026-06-14 00:00:00+00:00, run_after=2026-06-15 00:00:00+00:00
[2026-06-15T16:12:46.001+0000] {processor.py:183} INFO - Processing /home/airflow/.local/lib/python3.12/site-packages/airflow/example_dags/example_branch_day_of_week_operator.py took 0.146 seconds
[2026-06-15T16:13:16.719+0000] {processor.py:161} INFO - Started process (PID=1374) to work on /home/airflow/.local/lib/python3.12/site-packages/airflow/example_dags/example_branch_day_of_week_operator.py
[2026-06-15T16:13:16.721+0000] {processor.py:830} INFO - Processing file /home/airflow/.local/lib/python3.12/site-packages/airflow/example_dags/example_branch_day_of_week_operator.py for tasks to queue
[2026-06-15T16:13:16.725+0000] {logging_mixin.py:188} INFO - [2026-06-15T16:13:16.724+0000] {dagbag.py:545} INFO - Filling up the DagBag from /home/airflow/.local/lib/python3.12/site-packages/airflow/example_dags/example_branch_day_of_week_operator.py
[2026-06-15T16:13:16.736+0000] {processor.py:840} INFO - DAG(s) 'example_weekday_branch_operator' retrieved from /home/airflow/.local/lib/python3.12/site-packages/airflow/example_dags/example_branch_day_of_week_operator.py
[2026-06-15T16:13:16.773+0000] {logging_mixin.py:188} INFO - [2026-06-15T16:13:16.773+0000] {dag.py:3096} INFO - Sync 1 DAGs
[2026-06-15T16:13:16.807+0000] {logging_mixin.py:188} INFO - [2026-06-15T16:13:16.807+0000] {dag.py:3954} INFO - Setting next_dagrun for example_weekday_branch_operator to 2026-06-14 00:00:00+00:00, run_after=2026-06-15 00:00:00+00:00
[2026-06-15T16:13:16.840+0000] {processor.py:183} INFO - Processing /home/airflow/.local/lib/python3.12/site-packages/airflow/example_dags/example_branch_day_of_week_operator.py took 0.129 seconds
[2026-06-15T16:13:47.812+0000] {processor.py:161} INFO - Started process (PID=1433) to work on /home/airflow/.local/lib/python3.12/site-packages/airflow/example_dags/example_branch_day_of_week_operator.py
[2026-06-15T16:13:47.814+0000] {processor.py:830} INFO - Processing file /home/airflow/.local/lib/python3.12/site-packages/airflow/example_dags/example_branch_day_of_week_operator.py for tasks to queue
[2026-06-15T16:13:47.817+0000] {logging_mixin.py:188} INFO - [2026-06-15T16:13:47.817+0000] {dagbag.py:545} INFO - Filling up the DagBag from /home/airflow/.local/lib/python3.12/site-packages/airflow/example_dags/example_branch_day_of_week_operator.py
[2026-06-15T16:13:47.829+0000] {processor.py:840} INFO - DAG(s) 'example_weekday_branch_operator' retrieved from /home/airflow/.local/lib/python3.12/site-packages/airflow/example_dags/example_branch_day_of_week_operator.py
[2026-06-15T16:13:47.868+0000] {logging_mixin.py:188} INFO - [2026-06-15T16:13:47.868+0000] {dag.py:3096} INFO - Sync 1 DAGs
[2026-06-15T16:13:47.902+0000] {logging_mixin.py:188} INFO - [2026-06-15T16:13:47.902+0000] {dag.py:3954} INFO - Setting next_dagrun for example_weekday_branch_operator to 2026-06-14 00:00:00+00:00, run_after=2026-06-15 00:00:00+00:00
[2026-06-15T16:13:47.946+0000] {processor.py:183} INFO - Processing /home/airflow/.local/lib/python3.12/site-packages/airflow/example_dags/example_branch_day_of_week_operator.py took 0.143 seconds
[2026-06-15T16:14:18.357+0000] {processor.py:161} INFO - Started process (PID=1492) to work on /home/airflow/.local/lib/python3.12/site-packages/airflow/example_dags/example_branch_day_of_week_operator.py
[2026-06-15T16:14:18.360+0000] {processor.py:830} INFO - Processing file /home/airflow/.local/lib/python3.12/site-packages/airflow/example_dags/example_branch_day_of_week_operator.py for tasks to queue
[2026-06-15T16:14:18.364+0000] {logging_mixin.py:188} INFO - [2026-06-15T16:14:18.363+0000] {dagbag.py:545} INFO - Filling up the DagBag from /home/airflow/.local/lib/python3.12/site-packages/airflow/example_dags/example_branch_day_of_week_operator.py
[2026-06-15T16:14:18.375+0000] {processor.py:840} INFO - DAG(s) 'example_weekday_branch_operator' retrieved from /home/airflow/.local/lib/python3.12/site-packages/airflow/example_dags/example_branch_day_of_week_operator.py
[2026-06-15T16:14:18.422+0000] {logging_mixin.py:188} INFO - [2026-06-15T16:14:18.421+0000] {dag.py:3096} INFO - Sync 1 DAGs
[2026-06-15T16:14:18.465+0000] {logging_mixin.py:188} INFO - [2026-06-15T16:14:18.465+0000] {dag.py:3954} INFO - Setting next_dagrun for example_weekday_branch_operator to 2026-06-14 00:00:00+00:00, run_after=2026-06-15 00:00:00+00:00
[2026-06-15T16:14:18.512+0000] {processor.py:183} INFO - Processing /home/airflow/.local/lib/python3.12/site-packages/airflow/example_dags/example_branch_day_of_week_operator.py took 0.164 seconds
[2026-06-15T16:14:49.160+0000] {processor.py:161} INFO - Started process (PID=1551) to work on /home/airflow/.local/lib/python3.12/site-packages/airflow/example_dags/example_branch_day_of_week_operator.py
[2026-06-15T16:14:49.161+0000] {processor.py:830} INFO - Processing file /home/airflow/.local/lib/python3.12/site-packages/airflow/example_dags/example_branch_day_of_week_operator.py for tasks to queue
[2026-06-15T16:14:49.164+0000] {logging_mixin.py:188} INFO - [2026-06-15T16:14:49.164+0000] {dagbag.py:545} INFO - Filling up the DagBag from /home/airflow/.local/lib/python3.12/site-packages/airflow/example_dags/example_branch_day_of_week_operator.py
[2026-06-15T16:14:49.176+0000] {processor.py:840} INFO - DAG(s) 'example_weekday_branch_operator' retrieved from /home/airflow/.local/lib/python3.12/site-packages/airflow/example_dags/example_branch_day_of_week_operator.py
[2026-06-15T16:14:49.214+0000] {logging_mixin.py:188} INFO - [2026-06-15T16:14:49.213+0000] {dag.py:3096} INFO - Sync 1 DAGs
[2026-06-15T16:14:49.247+0000] {logging_mixin.py:188} INFO - [2026-06-15T16:14:49.247+0000] {dag.py:3954} INFO - Setting next_dagrun for example_weekday_branch_operator to 2026-06-14 00:00:00+00:00, run_after=2026-06-15 00:00:00+00:00
[2026-06-15T16:14:49.281+0000] {processor.py:183} INFO - Processing /home/airflow/.local/lib/python3.12/site-packages/airflow/example_dags/example_branch_day_of_week_operator.py took 0.129 seconds
[2026-06-15T16:15:19.783+0000] {processor.py:161} INFO - Started process (PID=1610) to work on /home/airflow/.local/lib/python3.12/site-packages/airflow/example_dags/example_branch_day_of_week_operator.py
[2026-06-15T16:15:19.785+0000] {processor.py:830} INFO - Processing file /home/airflow/.local/lib/python3.12/site-packages/airflow/example_dags/example_branch_day_of_week_operator.py for tasks to queue
[2026-06-15T16:15:19.793+0000] {logging_mixin.py:188} INFO - [2026-06-15T16:15:19.792+0000] {dagbag.py:545} INFO - Filling up the DagBag from /home/airflow/.local/lib/python3.12/site-packages/airflow/example_dags/example_branch_day_of_week_operator.py
[2026-06-15T16:15:19.812+0000] {processor.py:840} INFO - DAG(s) 'example_weekday_branch_operator' retrieved from /home/airflow/.local/lib/python3.12/site-packages/airflow/example_dags/example_branch_day_of_week_operator.py
[2026-06-15T16:15:19.846+0000] {logging_mixin.py:188} INFO - [2026-06-15T16:15:19.845+0000] {dag.py:3096} INFO - Sync 1 DAGs
[2026-06-15T16:15:19.878+0000] {logging_mixin.py:188} INFO - [2026-06-15T16:15:19.878+0000] {dag.py:3954} INFO - Setting next_dagrun for example_weekday_branch_operator to 2026-06-14 00:00:00+00:00, run_after=2026-06-15 00:00:00+00:00
[2026-06-15T16:15:19.911+0000] {processor.py:183} INFO - Processing /home/airflow/.local/lib/python3.12/site-packages/airflow/example_dags/example_branch_day_of_week_operator.py took 0.152 seconds
[2026-06-15T16:15:50.406+0000] {processor.py:161} INFO - Started process (PID=1669) to work on /home/airflow/.local/lib/python3.12/site-packages/airflow/example_dags/example_branch_day_of_week_operator.py
[2026-06-15T16:15:50.408+0000] {processor.py:830} INFO - Processing file /home/airflow/.local/lib/python3.12/site-packages/airflow/example_dags/example_branch_day_of_week_operator.py for tasks to queue
[2026-06-15T16:15:50.413+0000] {logging_mixin.py:188} INFO - [2026-06-15T16:15:50.412+0000] {dagbag.py:545} INFO - Filling up the DagBag from /home/airflow/.local/lib/python3.12/site-packages/airflow/example_dags/example_branch_day_of_week_operator.py
[2026-06-15T16:15:50.423+0000] {processor.py:840} INFO - DAG(s) 'example_weekday_branch_operator' retrieved from /home/airflow/.local/lib/python3.12/site-packages/airflow/example_dags/example_branch_day_of_week_operator.py
[2026-06-15T16:15:50.611+0000] {logging_mixin.py:188} INFO - [2026-06-15T16:15:50.611+0000] {dag.py:3096} INFO - Sync 1 DAGs
[2026-06-15T16:15:50.648+0000] {logging_mixin.py:188} INFO - [2026-06-15T16:15:50.648+0000] {dag.py:3954} INFO - Setting next_dagrun for example_weekday_branch_operator to 2026-06-14 00:00:00+00:00, run_after=2026-06-15 00:00:00+00:00
[2026-06-15T16:15:50.683+0000] {processor.py:183} INFO - Processing /home/airflow/.local/lib/python3.12/site-packages/airflow/example_dags/example_branch_day_of_week_operator.py took 0.286 seconds
[2026-06-15T16:16:20.906+0000] {processor.py:161} INFO - Started process (PID=1729) to work on /home/airflow/.local/lib/python3.12/site-packages/airflow/example_dags/example_branch_day_of_week_operator.py
[2026-06-15T16:16:20.908+0000] {processor.py:830} INFO - Processing file /home/airflow/.local/lib/python3.12/site-packages/airflow/example_dags/example_branch_day_of_week_operator.py for tasks to queue
[2026-06-15T16:16:20.912+0000] {logging_mixin.py:188} INFO - [2026-06-15T16:16:20.911+0000] {dagbag.py:545} INFO - Filling up the DagBag from /home/airflow/.local/lib/python3.12/site-packages/airflow/example_dags/example_branch_day_of_week_operator.py
[2026-06-15T16:16:20.922+0000] {processor.py:840} INFO - DAG(s) 'example_weekday_branch_operator' retrieved from /home/airflow/.local/lib/python3.12/site-packages/airflow/example_dags/example_branch_day_of_week_operator.py
[2026-06-15T16:16:20.962+0000] {logging_mixin.py:188} INFO - [2026-06-15T16:16:20.962+0000] {dag.py:3096} INFO - Sync 1 DAGs
[2026-06-15T16:16:21.000+0000] {logging_mixin.py:188} INFO - [2026-06-15T16:16:20.999+0000] {dag.py:3954} INFO - Setting next_dagrun for example_weekday_branch_operator to 2026-06-14 00:00:00+00:00, run_after=2026-06-15 00:00:00+00:00
[2026-06-15T16:16:21.042+0000] {processor.py:183} INFO - Processing /home/airflow/.local/lib/python3.12/site-packages/airflow/example_dags/example_branch_day_of_week_operator.py took 0.146 seconds
[2026-06-15T16:16:51.221+0000] {processor.py:161} INFO - Started process (PID=1788) to work on /home/airflow/.local/lib/python3.12/site-packages/airflow/example_dags/example_branch_day_of_week_operator.py
[2026-06-15T16:16:51.223+0000] {processor.py:830} INFO - Processing file /home/airflow/.local/lib/python3.12/site-packages/airflow/example_dags/example_branch_day_of_week_operator.py for tasks to queue
[2026-06-15T16:16:51.227+0000] {logging_mixin.py:188} INFO - [2026-06-15T16:16:51.226+0000] {dagbag.py:545} INFO - Filling up the DagBag from /home/airflow/.local/lib/python3.12/site-packages/airflow/example_dags/example_branch_day_of_week_operator.py
[2026-06-15T16:16:51.238+0000] {processor.py:840} INFO - DAG(s) 'example_weekday_branch_operator' retrieved from /home/airflow/.local/lib/python3.12/site-packages/airflow/example_dags/example_branch_day_of_week_operator.py
[2026-06-15T16:16:51.273+0000] {logging_mixin.py:188} INFO - [2026-06-15T16:16:51.272+0000] {dag.py:3096} INFO - Sync 1 DAGs
[2026-06-15T16:16:51.309+0000] {logging_mixin.py:188} INFO - [2026-06-15T16:16:51.309+0000] {dag.py:3954} INFO - Setting next_dagrun for example_weekday_branch_operator to 2026-06-14 00:00:00+00:00, run_after=2026-06-15 00:00:00+00:00
[2026-06-15T16:16:51.347+0000] {processor.py:183} INFO - Processing /home/airflow/.local/lib/python3.12/site-packages/airflow/example_dags/example_branch_day_of_week_operator.py took 0.134 seconds
[2026-06-15T16:17:22.054+0000] {processor.py:161} INFO - Started process (PID=1848) to work on /home/airflow/.local/lib/python3.12/site-packages/airflow/example_dags/example_branch_day_of_week_operator.py
[2026-06-15T16:17:22.056+0000] {processor.py:830} INFO - Processing file /home/airflow/.local/lib/python3.12/site-packages/airflow/example_dags/example_branch_day_of_week_operator.py for tasks to queue
[2026-06-15T16:17:22.062+0000] {logging_mixin.py:188} INFO - [2026-06-15T16:17:22.061+0000] {dagbag.py:545} INFO - Filling up the DagBag from /home/airflow/.local/lib/python3.12/site-packages/airflow/example_dags/example_branch_day_of_week_operator.py
[2026-06-15T16:17:22.077+0000] {processor.py:840} INFO - DAG(s) 'example_weekday_branch_operator' retrieved from /home/airflow/.local/lib/python3.12/site-packages/airflow/example_dags/example_branch_day_of_week_operator.py
[2026-06-15T16:17:22.112+0000] {logging_mixin.py:188} INFO - [2026-06-15T16:17:22.111+0000] {dag.py:3096} INFO - Sync 1 DAGs
[2026-06-15T16:17:22.149+0000] {logging_mixin.py:188} INFO - [2026-06-15T16:17:22.149+0000] {dag.py:3954} INFO - Setting next_dagrun for example_weekday_branch_operator to 2026-06-14 00:00:00+00:00, run_after=2026-06-15 00:00:00+00:00
[2026-06-15T16:17:22.187+0000] {processor.py:183} INFO - Processing /home/airflow/.local/lib/python3.12/site-packages/airflow/example_dags/example_branch_day_of_week_operator.py took 0.146 seconds
[2026-06-15T16:17:52.529+0000] {processor.py:161} INFO - Started process (PID=1907) to work on /home/airflow/.local/lib/python3.12/site-packages/airflow/example_dags/example_branch_day_of_week_operator.py
[2026-06-15T16:17:52.531+0000] {processor.py:830} INFO - Processing file /home/airflow/.local/lib/python3.12/site-packages/airflow/example_dags/example_branch_day_of_week_operator.py for tasks to queue
[2026-06-15T16:17:52.535+0000] {logging_mixin.py:188} INFO - [2026-06-15T16:17:52.534+0000] {dagbag.py:545} INFO - Filling up the DagBag from /home/airflow/.local/lib/python3.12/site-packages/airflow/example_dags/example_branch_day_of_week_operator.py
[2026-06-15T16:17:52.547+0000] {processor.py:840} INFO - DAG(s) 'example_weekday_branch_operator' retrieved from /home/airflow/.local/lib/python3.12/site-packages/airflow/example_dags/example_branch_day_of_week_operator.py
[2026-06-15T16:17:52.588+0000] {logging_mixin.py:188} INFO - [2026-06-15T16:17:52.588+0000] {dag.py:3096} INFO - Sync 1 DAGs
[2026-06-15T16:17:52.629+0000] {logging_mixin.py:188} INFO - [2026-06-15T16:17:52.629+0000] {dag.py:3954} INFO - Setting next_dagrun for example_weekday_branch_operator to 2026-06-14 00:00:00+00:00, run_after=2026-06-15 00:00:00+00:00
[2026-06-15T16:17:52.660+0000] {processor.py:183} INFO - Processing /home/airflow/.local/lib/python3.12/site-packages/airflow/example_dags/example_branch_day_of_week_operator.py took 0.139 seconds
[2026-06-15T16:18:22.972+0000] {processor.py:161} INFO - Started process (PID=1966) to work on /home/airflow/.local/lib/python3.12/site-packages/airflow/example_dags/example_branch_day_of_week_operator.py
[2026-06-15T16:18:22.974+0000] {processor.py:830} INFO - Processing file /home/airflow/.local/lib/python3.12/site-packages/airflow/example_dags/example_branch_day_of_week_operator.py for tasks to queue
[2026-06-15T16:18:22.977+0000] {logging_mixin.py:188} INFO - [2026-06-15T16:18:22.976+0000] {dagbag.py:545} INFO - Filling up the DagBag from /home/airflow/.local/lib/python3.12/site-packages/airflow/example_dags/example_branch_day_of_week_operator.py
[2026-06-15T16:18:22.988+0000] {processor.py:840} INFO - DAG(s) 'example_weekday_branch_operator' retrieved from /home/airflow/.local/lib/python3.12/site-packages/airflow/example_dags/example_branch_day_of_week_operator.py
[2026-06-15T16:18:23.026+0000] {logging_mixin.py:188} INFO - [2026-06-15T16:18:23.026+0000] {dag.py:3096} INFO - Sync 1 DAGs
[2026-06-15T16:18:23.060+0000] {logging_mixin.py:188} INFO - [2026-06-15T16:18:23.059+0000] {dag.py:3954} INFO - Setting next_dagrun for example_weekday_branch_operator to 2026-06-14 00:00:00+00:00, run_after=2026-06-15 00:00:00+00:00
[2026-06-15T16:18:23.094+0000] {processor.py:183} INFO - Processing /home/airflow/.local/lib/python3.12/site-packages/airflow/example_dags/example_branch_day_of_week_operator.py took 0.131 seconds
[2026-06-15T16:18:53.965+0000] {processor.py:161} INFO - Started process (PID=2025) to work on /home/airflow/.local/lib/python3.12/site-packages/airflow/example_dags/example_branch_day_of_week_operator.py
[2026-06-15T16:18:53.966+0000] {processor.py:830} INFO - Processing file /home/airflow/.local/lib/python3.12/site-packages/airflow/example_dags/example_branch_day_of_week_operator.py for tasks to queue
[2026-06-15T16:18:53.970+0000] {logging_mixin.py:188} INFO - [2026-06-15T16:18:53.969+0000] {dagbag.py:545} INFO - Filling up the DagBag from /home/airflow/.local/lib/python3.12/site-packages/airflow/example_dags/example_branch_day_of_week_operator.py
[2026-06-15T16:18:53.982+0000] {processor.py:840} INFO - DAG(s) 'example_weekday_branch_operator' retrieved from /home/airflow/.local/lib/python3.12/site-packages/airflow/example_dags/example_branch_day_of_week_operator.py
[2026-06-15T16:18:54.021+0000] {logging_mixin.py:188} INFO - [2026-06-15T16:18:54.021+0000] {dag.py:3096} INFO - Sync 1 DAGs
[2026-06-15T16:18:54.064+0000] {logging_mixin.py:188} INFO - [2026-06-15T16:18:54.064+0000] {dag.py:3954} INFO - Setting next_dagrun for example_weekday_branch_operator to 2026-06-14 00:00:00+00:00, run_after=2026-06-15 00:00:00+00:00
[2026-06-15T16:18:54.106+0000] {processor.py:183} INFO - Processing /home/airflow/.local/lib/python3.12/site-packages/airflow/example_dags/example_branch_day_of_week_operator.py took 0.151 seconds
[2026-06-15T16:19:24.724+0000] {processor.py:161} INFO - Started process (PID=2084) to work on /home/airflow/.local/lib/python3.12/site-packages/airflow/example_dags/example_branch_day_of_week_operator.py
[2026-06-15T16:19:24.727+0000] {processor.py:830} INFO - Processing file /home/airflow/.local/lib/python3.12/site-packages/airflow/example_dags/example_branch_day_of_week_operator.py for tasks to queue
[2026-06-15T16:19:24.730+0000] {logging_mixin.py:188} INFO - [2026-06-15T16:19:24.729+0000] {dagbag.py:545} INFO - Filling up the DagBag from /home/airflow/.local/lib/python3.12/site-packages/airflow/example_dags/example_branch_day_of_week_operator.py
[2026-06-15T16:19:24.743+0000] {processor.py:840} INFO - DAG(s) 'example_weekday_branch_operator' retrieved from /home/airflow/.local/lib/python3.12/site-packages/airflow/example_dags/example_branch_day_of_week_operator.py
[2026-06-15T16:19:24.789+0000] {logging_mixin.py:188} INFO - [2026-06-15T16:19:24.788+0000] {dag.py:3096} INFO - Sync 1 DAGs
[2026-06-15T16:19:24.833+0000] {logging_mixin.py:188} INFO - [2026-06-15T16:19:24.832+0000] {dag.py:3954} INFO - Setting next_dagrun for example_weekday_branch_operator to 2026-06-14 00:00:00+00:00, run_after=2026-06-15 00:00:00+00:00
[2026-06-15T16:19:24.873+0000] {processor.py:183} INFO - Processing /home/airflow/.local/lib/python3.12/site-packages/airflow/example_dags/example_branch_day_of_week_operator.py took 0.160 seconds
[2026-06-15T16:19:55.808+0000] {processor.py:161} INFO - Started process (PID=2143) to work on /home/airflow/.local/lib/python3.12/site-packages/airflow/example_dags/example_branch_day_of_week_operator.py
[2026-06-15T16:19:55.810+0000] {processor.py:830} INFO - Processing file /home/airflow/.local/lib/python3.12/site-packages/airflow/example_dags/example_branch_day_of_week_operator.py for tasks to queue
[2026-06-15T16:19:55.815+0000] {logging_mixin.py:188} INFO - [2026-06-15T16:19:55.814+0000] {dagbag.py:545} INFO - Filling up the DagBag from /home/airflow/.local/lib/python3.12/site-packages/airflow/example_dags/example_branch_day_of_week_operator.py
[2026-06-15T16:19:55.834+0000] {processor.py:840} INFO - DAG(s) 'example_weekday_branch_operator' retrieved from /home/airflow/.local/lib/python3.12/site-packages/airflow/example_dags/example_branch_day_of_week_operator.py
[2026-06-15T16:19:55.874+0000] {logging_mixin.py:188} INFO - [2026-06-15T16:19:55.874+0000] {dag.py:3096} INFO - Sync 1 DAGs
[2026-06-15T16:19:55.923+0000] {logging_mixin.py:188} INFO - [2026-06-15T16:19:55.923+0000] {dag.py:3954} INFO - Setting next_dagrun for example_weekday_branch_operator to 2026-06-14 00:00:00+00:00, run_after=2026-06-15 00:00:00+00:00
[2026-06-15T16:19:55.960+0000] {processor.py:183} INFO - Processing /home/airflow/.local/lib/python3.12/site-packages/airflow/example_dags/example_branch_day_of_week_operator.py took 0.162 seconds
[2026-06-15T16:20:26.349+0000] {processor.py:161} INFO - Started process (PID=2202) to work on /home/airflow/.local/lib/python3.12/site-packages/airflow/example_dags/example_branch_day_of_week_operator.py
[2026-06-15T16:20:26.352+0000] {processor.py:830} INFO - Processing file /home/airflow/.local/lib/python3.12/site-packages/airflow/example_dags/example_branch_day_of_week_operator.py for tasks to queue
[2026-06-15T16:20:26.357+0000] {logging_mixin.py:188} INFO - [2026-06-15T16:20:26.356+0000] {dagbag.py:545} INFO - Filling up the DagBag from /home/airflow/.local/lib/python3.12/site-packages/airflow/example_dags/example_branch_day_of_week_operator.py
[2026-06-15T16:20:26.374+0000] {processor.py:840} INFO - DAG(s) 'example_weekday_branch_operator' retrieved from /home/airflow/.local/lib/python3.12/site-packages/airflow/example_dags/example_branch_day_of_week_operator.py
[2026-06-15T16:20:26.417+0000] {logging_mixin.py:188} INFO - [2026-06-15T16:20:26.417+0000] {dag.py:3096} INFO - Sync 1 DAGs
[2026-06-15T16:20:26.458+0000] {logging_mixin.py:188} INFO - [2026-06-15T16:20:26.458+0000] {dag.py:3954} INFO - Setting next_dagrun for example_weekday_branch_operator to 2026-06-14 00:00:00+00:00, run_after=2026-06-15 00:00:00+00:00
[2026-06-15T16:20:26.526+0000] {processor.py:183} INFO - Processing /home/airflow/.local/lib/python3.12/site-packages/airflow/example_dags/example_branch_day_of_week_operator.py took 0.189 seconds
[2026-06-15T16:45:29.124+0000] {processor.py:161} INFO - Started process (PID=2260) to work on /home/airflow/.local/lib/python3.12/site-packages/airflow/example_dags/example_branch_day_of_week_operator.py
[2026-06-15T16:45:29.127+0000] {processor.py:830} INFO - Processing file /home/airflow/.local/lib/python3.12/site-packages/airflow/example_dags/example_branch_day_of_week_operator.py for tasks to queue
[2026-06-15T16:45:29.131+0000] {logging_mixin.py:188} INFO - [2026-06-15T16:45:29.131+0000] {dagbag.py:545} INFO - Filling up the DagBag from /home/airflow/.local/lib/python3.12/site-packages/airflow/example_dags/example_branch_day_of_week_operator.py
[2026-06-15T16:45:29.150+0000] {processor.py:840} INFO - DAG(s) 'example_weekday_branch_operator' retrieved from /home/airflow/.local/lib/python3.12/site-packages/airflow/example_dags/example_branch_day_of_week_operator.py
[2026-06-15T16:45:29.192+0000] {logging_mixin.py:188} INFO - [2026-06-15T16:45:29.191+0000] {dag.py:3096} INFO - Sync 1 DAGs
[2026-06-15T16:45:29.234+0000] {logging_mixin.py:188} INFO - [2026-06-15T16:45:29.234+0000] {dag.py:3954} INFO - Setting next_dagrun for example_weekday_branch_operator to 2026-06-14 00:00:00+00:00, run_after=2026-06-15 00:00:00+00:00
[2026-06-15T16:45:29.270+0000] {processor.py:183} INFO - Processing /home/airflow/.local/lib/python3.12/site-packages/airflow/example_dags/example_branch_day_of_week_operator.py took 0.161 seconds
[2026-06-15T16:45:59.667+0000] {processor.py:161} INFO - Started process (PID=2319) to work on /home/airflow/.local/lib/python3.12/site-packages/airflow/example_dags/example_branch_day_of_week_operator.py
[2026-06-15T16:45:59.670+0000] {processor.py:830} INFO - Processing file /home/airflow/.local/lib/python3.12/site-packages/airflow/example_dags/example_branch_day_of_week_operator.py for tasks to queue
[2026-06-15T16:45:59.674+0000] {logging_mixin.py:188} INFO - [2026-06-15T16:45:59.673+0000] {dagbag.py:545} INFO - Filling up the DagBag from /home/airflow/.local/lib/python3.12/site-packages/airflow/example_dags/example_branch_day_of_week_operator.py
[2026-06-15T16:45:59.688+0000] {processor.py:840} INFO - DAG(s) 'example_weekday_branch_operator' retrieved from /home/airflow/.local/lib/python3.12/site-packages/airflow/example_dags/example_branch_day_of_week_operator.py
[2026-06-15T16:45:59.748+0000] {logging_mixin.py:188} INFO - [2026-06-15T16:45:59.747+0000] {dag.py:3096} INFO - Sync 1 DAGs
[2026-06-15T16:45:59.819+0000] {logging_mixin.py:188} INFO - [2026-06-15T16:45:59.818+0000] {dag.py:3954} INFO - Setting next_dagrun for example_weekday_branch_operator to 2026-06-14 00:00:00+00:00, run_after=2026-06-15 00:00:00+00:00
[2026-06-15T16:45:59.869+0000] {processor.py:183} INFO - Processing /home/airflow/.local/lib/python3.12/site-packages/airflow/example_dags/example_branch_day_of_week_operator.py took 0.215 seconds
[2026-06-15T16:46:30.244+0000] {processor.py:161} INFO - Started process (PID=2378) to work on /home/airflow/.local/lib/python3.12/site-packages/airflow/example_dags/example_branch_day_of_week_operator.py
[2026-06-15T16:46:30.246+0000] {processor.py:830} INFO - Processing file /home/airflow/.local/lib/python3.12/site-packages/airflow/example_dags/example_branch_day_of_week_operator.py for tasks to queue
[2026-06-15T16:46:30.250+0000] {logging_mixin.py:188} INFO - [2026-06-15T16:46:30.249+0000] {dagbag.py:545} INFO - Filling up the DagBag from /home/airflow/.local/lib/python3.12/site-packages/airflow/example_dags/example_branch_day_of_week_operator.py
[2026-06-15T16:46:30.263+0000] {processor.py:840} INFO - DAG(s) 'example_weekday_branch_operator' retrieved from /home/airflow/.local/lib/python3.12/site-packages/airflow/example_dags/example_branch_day_of_week_operator.py
[2026-06-15T16:46:30.306+0000] {logging_mixin.py:188} INFO - [2026-06-15T16:46:30.305+0000] {dag.py:3096} INFO - Sync 1 DAGs
[2026-06-15T16:46:30.350+0000] {logging_mixin.py:188} INFO - [2026-06-15T16:46:30.350+0000] {dag.py:3954} INFO - Setting next_dagrun for example_weekday_branch_operator to 2026-06-14 00:00:00+00:00, run_after=2026-06-15 00:00:00+00:00
[2026-06-15T16:46:30.390+0000] {processor.py:183} INFO - Processing /home/airflow/.local/lib/python3.12/site-packages/airflow/example_dags/example_branch_day_of_week_operator.py took 0.156 seconds
