[2026-06-15T15:53:05.027+0000] {processor.py:161} INFO - Started process (PID=106) to work on /home/airflow/.local/lib/python3.12/site-packages/airflow/example_dags/example_nested_branch_dag.py
[2026-06-15T15:53:05.029+0000] {processor.py:830} INFO - Processing file /home/airflow/.local/lib/python3.12/site-packages/airflow/example_dags/example_nested_branch_dag.py for tasks to queue
[2026-06-15T15:53:05.034+0000] {logging_mixin.py:188} INFO - [2026-06-15T15:53:05.033+0000] {dagbag.py:545} INFO - Filling up the DagBag from /home/airflow/.local/lib/python3.12/site-packages/airflow/example_dags/example_nested_branch_dag.py
[2026-06-15T15:53:05.069+0000] {processor.py:840} INFO - DAG(s) 'example_nested_branch_dag' retrieved from /home/airflow/.local/lib/python3.12/site-packages/airflow/example_dags/example_nested_branch_dag.py
[2026-06-15T15:53:05.127+0000] {logging_mixin.py:188} INFO - [2026-06-15T15:53:05.127+0000] {dag.py:3096} INFO - Sync 1 DAGs
[2026-06-15T15:53:05.176+0000] {logging_mixin.py:188} INFO - [2026-06-15T15:53:05.175+0000] {dag.py:3954} INFO - Setting next_dagrun for example_nested_branch_dag to 2026-06-14 00:00:00+00:00, run_after=2026-06-15 00:00:00+00:00
[2026-06-15T15:53:05.221+0000] {processor.py:183} INFO - Processing /home/airflow/.local/lib/python3.12/site-packages/airflow/example_dags/example_nested_branch_dag.py took 0.203 seconds
[2026-06-15T15:57:17.909+0000] {processor.py:161} INFO - Started process (PID=100) to work on /home/airflow/.local/lib/python3.12/site-packages/airflow/example_dags/example_nested_branch_dag.py
[2026-06-15T15:57:17.911+0000] {processor.py:830} INFO - Processing file /home/airflow/.local/lib/python3.12/site-packages/airflow/example_dags/example_nested_branch_dag.py for tasks to queue
[2026-06-15T15:57:17.915+0000] {logging_mixin.py:188} INFO - [2026-06-15T15:57:17.914+0000] {dagbag.py:545} INFO - Filling up the DagBag from /home/airflow/.local/lib/python3.12/site-packages/airflow/example_dags/example_nested_branch_dag.py
[2026-06-15T15:57:17.933+0000] {processor.py:840} INFO - DAG(s) 'example_nested_branch_dag' retrieved from /home/airflow/.local/lib/python3.12/site-packages/airflow/example_dags/example_nested_branch_dag.py
[2026-06-15T15:57:18.110+0000] {logging_mixin.py:188} INFO - [2026-06-15T15:57:18.109+0000] {dag.py:3096} INFO - Sync 1 DAGs
[2026-06-15T15:57:18.140+0000] {logging_mixin.py:188} INFO - [2026-06-15T15:57:18.139+0000] {dag.py:3954} INFO - Setting next_dagrun for example_nested_branch_dag to 2026-06-14 00:00:00+00:00, run_after=2026-06-15 00:00:00+00:00
[2026-06-15T15:57:18.183+0000] {processor.py:183} INFO - Processing /home/airflow/.local/lib/python3.12/site-packages/airflow/example_dags/example_nested_branch_dag.py took 0.284 seconds
[2026-06-15T15:57:48.437+0000] {processor.py:161} INFO - Started process (PID=159) to work on /home/airflow/.local/lib/python3.12/site-packages/airflow/example_dags/example_nested_branch_dag.py
[2026-06-15T15:57:48.439+0000] {processor.py:830} INFO - Processing file /home/airflow/.local/lib/python3.12/site-packages/airflow/example_dags/example_nested_branch_dag.py for tasks to queue
[2026-06-15T15:57:48.443+0000] {logging_mixin.py:188} INFO - [2026-06-15T15:57:48.443+0000] {dagbag.py:545} INFO - Filling up the DagBag from /home/airflow/.local/lib/python3.12/site-packages/airflow/example_dags/example_nested_branch_dag.py
[2026-06-15T15:57:48.465+0000] {processor.py:840} INFO - DAG(s) 'example_nested_branch_dag' retrieved from /home/airflow/.local/lib/python3.12/site-packages/airflow/example_dags/example_nested_branch_dag.py
[2026-06-15T15:57:48.521+0000] {logging_mixin.py:188} INFO - [2026-06-15T15:57:48.521+0000] {dag.py:3096} INFO - Sync 1 DAGs
[2026-06-15T15:57:48.562+0000] {logging_mixin.py:188} INFO - [2026-06-15T15:57:48.561+0000] {dag.py:3954} INFO - Setting next_dagrun for example_nested_branch_dag to 2026-06-14 00:00:00+00:00, run_after=2026-06-15 00:00:00+00:00
[2026-06-15T15:57:48.601+0000] {processor.py:183} INFO - Processing /home/airflow/.local/lib/python3.12/site-packages/airflow/example_dags/example_nested_branch_dag.py took 0.174 seconds
[2026-06-15T15:58:18.984+0000] {processor.py:161} INFO - Started process (PID=226) to work on /home/airflow/.local/lib/python3.12/site-packages/airflow/example_dags/example_nested_branch_dag.py
[2026-06-15T15:58:18.989+0000] {processor.py:830} INFO - Processing file /home/airflow/.local/lib/python3.12/site-packages/airflow/example_dags/example_nested_branch_dag.py for tasks to queue
[2026-06-15T15:58:18.996+0000] {logging_mixin.py:188} INFO - [2026-06-15T15:58:18.994+0000] {dagbag.py:545} INFO - Filling up the DagBag from /home/airflow/.local/lib/python3.12/site-packages/airflow/example_dags/example_nested_branch_dag.py
[2026-06-15T15:58:19.027+0000] {processor.py:840} INFO - DAG(s) 'example_nested_branch_dag' retrieved from /home/airflow/.local/lib/python3.12/site-packages/airflow/example_dags/example_nested_branch_dag.py
[2026-06-15T15:58:19.098+0000] {logging_mixin.py:188} INFO - [2026-06-15T15:58:19.097+0000] {dag.py:3096} INFO - Sync 1 DAGs
[2026-06-15T15:58:19.188+0000] {logging_mixin.py:188} INFO - [2026-06-15T15:58:19.188+0000] {dag.py:3954} INFO - Setting next_dagrun for example_nested_branch_dag to 2026-06-14 00:00:00+00:00, run_after=2026-06-15 00:00:00+00:00
[2026-06-15T15:58:19.249+0000] {processor.py:183} INFO - Processing /home/airflow/.local/lib/python3.12/site-packages/airflow/example_dags/example_nested_branch_dag.py took 0.282 seconds
[2026-06-15T15:58:49.791+0000] {processor.py:161} INFO - Started process (PID=286) to work on /home/airflow/.local/lib/python3.12/site-packages/airflow/example_dags/example_nested_branch_dag.py
[2026-06-15T15:58:49.794+0000] {processor.py:830} INFO - Processing file /home/airflow/.local/lib/python3.12/site-packages/airflow/example_dags/example_nested_branch_dag.py for tasks to queue
[2026-06-15T15:58:49.798+0000] {logging_mixin.py:188} INFO - [2026-06-15T15:58:49.797+0000] {dagbag.py:545} INFO - Filling up the DagBag from /home/airflow/.local/lib/python3.12/site-packages/airflow/example_dags/example_nested_branch_dag.py
[2026-06-15T15:58:49.814+0000] {processor.py:840} INFO - DAG(s) 'example_nested_branch_dag' retrieved from /home/airflow/.local/lib/python3.12/site-packages/airflow/example_dags/example_nested_branch_dag.py
[2026-06-15T15:58:49.855+0000] {logging_mixin.py:188} INFO - [2026-06-15T15:58:49.855+0000] {dag.py:3096} INFO - Sync 1 DAGs
[2026-06-15T15:58:49.902+0000] {logging_mixin.py:188} INFO - [2026-06-15T15:58:49.901+0000] {dag.py:3954} INFO - Setting next_dagrun for example_nested_branch_dag to 2026-06-14 00:00:00+00:00, run_after=2026-06-15 00:00:00+00:00
[2026-06-15T15:58:49.949+0000] {processor.py:183} INFO - Processing /home/airflow/.local/lib/python3.12/site-packages/airflow/example_dags/example_nested_branch_dag.py took 0.166 seconds
[2026-06-15T15:59:20.295+0000] {processor.py:161} INFO - Started process (PID=346) to work on /home/airflow/.local/lib/python3.12/site-packages/airflow/example_dags/example_nested_branch_dag.py
[2026-06-15T15:59:20.298+0000] {processor.py:830} INFO - Processing file /home/airflow/.local/lib/python3.12/site-packages/airflow/example_dags/example_nested_branch_dag.py for tasks to queue
[2026-06-15T15:59:20.303+0000] {logging_mixin.py:188} INFO - [2026-06-15T15:59:20.302+0000] {dagbag.py:545} INFO - Filling up the DagBag from /home/airflow/.local/lib/python3.12/site-packages/airflow/example_dags/example_nested_branch_dag.py
[2026-06-15T15:59:20.327+0000] {processor.py:840} INFO - DAG(s) 'example_nested_branch_dag' retrieved from /home/airflow/.local/lib/python3.12/site-packages/airflow/example_dags/example_nested_branch_dag.py
[2026-06-15T15:59:20.366+0000] {logging_mixin.py:188} INFO - [2026-06-15T15:59:20.365+0000] {dag.py:3096} INFO - Sync 1 DAGs
[2026-06-15T15:59:20.402+0000] {logging_mixin.py:188} INFO - [2026-06-15T15:59:20.402+0000] {dag.py:3954} INFO - Setting next_dagrun for example_nested_branch_dag to 2026-06-14 00:00:00+00:00, run_after=2026-06-15 00:00:00+00:00
[2026-06-15T15:59:20.442+0000] {processor.py:183} INFO - Processing /home/airflow/.local/lib/python3.12/site-packages/airflow/example_dags/example_nested_branch_dag.py took 0.165 seconds
[2026-06-15T15:59:51.728+0000] {processor.py:161} INFO - Started process (PID=406) to work on /home/airflow/.local/lib/python3.12/site-packages/airflow/example_dags/example_nested_branch_dag.py
[2026-06-15T15:59:51.731+0000] {processor.py:830} INFO - Processing file /home/airflow/.local/lib/python3.12/site-packages/airflow/example_dags/example_nested_branch_dag.py for tasks to queue
[2026-06-15T15:59:51.736+0000] {logging_mixin.py:188} INFO - [2026-06-15T15:59:51.735+0000] {dagbag.py:545} INFO - Filling up the DagBag from /home/airflow/.local/lib/python3.12/site-packages/airflow/example_dags/example_nested_branch_dag.py
[2026-06-15T15:59:51.765+0000] {processor.py:840} INFO - DAG(s) 'example_nested_branch_dag' retrieved from /home/airflow/.local/lib/python3.12/site-packages/airflow/example_dags/example_nested_branch_dag.py
[2026-06-15T15:59:51.823+0000] {logging_mixin.py:188} INFO - [2026-06-15T15:59:51.823+0000] {dag.py:3096} INFO - Sync 1 DAGs
[2026-06-15T15:59:51.899+0000] {logging_mixin.py:188} INFO - [2026-06-15T15:59:51.899+0000] {dag.py:3954} INFO - Setting next_dagrun for example_nested_branch_dag to 2026-06-14 00:00:00+00:00, run_after=2026-06-15 00:00:00+00:00
[2026-06-15T15:59:51.946+0000] {processor.py:183} INFO - Processing /home/airflow/.local/lib/python3.12/site-packages/airflow/example_dags/example_nested_branch_dag.py took 0.229 seconds
[2026-06-15T16:00:22.373+0000] {processor.py:161} INFO - Started process (PID=466) to work on /home/airflow/.local/lib/python3.12/site-packages/airflow/example_dags/example_nested_branch_dag.py
[2026-06-15T16:00:22.375+0000] {processor.py:830} INFO - Processing file /home/airflow/.local/lib/python3.12/site-packages/airflow/example_dags/example_nested_branch_dag.py for tasks to queue
[2026-06-15T16:00:22.379+0000] {logging_mixin.py:188} INFO - [2026-06-15T16:00:22.379+0000] {dagbag.py:545} INFO - Filling up the DagBag from /home/airflow/.local/lib/python3.12/site-packages/airflow/example_dags/example_nested_branch_dag.py
[2026-06-15T16:00:22.398+0000] {processor.py:840} INFO - DAG(s) 'example_nested_branch_dag' retrieved from /home/airflow/.local/lib/python3.12/site-packages/airflow/example_dags/example_nested_branch_dag.py
[2026-06-15T16:00:22.445+0000] {logging_mixin.py:188} INFO - [2026-06-15T16:00:22.444+0000] {dag.py:3096} INFO - Sync 1 DAGs
[2026-06-15T16:00:22.491+0000] {logging_mixin.py:188} INFO - [2026-06-15T16:00:22.490+0000] {dag.py:3954} INFO - Setting next_dagrun for example_nested_branch_dag to 2026-06-14 00:00:00+00:00, run_after=2026-06-15 00:00:00+00:00
[2026-06-15T16:00:22.536+0000] {processor.py:183} INFO - Processing /home/airflow/.local/lib/python3.12/site-packages/airflow/example_dags/example_nested_branch_dag.py took 0.173 seconds
[2026-06-15T16:03:02.931+0000] {processor.py:161} INFO - Started process (PID=107) to work on /home/airflow/.local/lib/python3.12/site-packages/airflow/example_dags/example_nested_branch_dag.py
[2026-06-15T16:03:02.933+0000] {processor.py:830} INFO - Processing file /home/airflow/.local/lib/python3.12/site-packages/airflow/example_dags/example_nested_branch_dag.py for tasks to queue
[2026-06-15T16:03:02.937+0000] {logging_mixin.py:188} INFO - [2026-06-15T16:03:02.936+0000] {dagbag.py:545} INFO - Filling up the DagBag from /home/airflow/.local/lib/python3.12/site-packages/airflow/example_dags/example_nested_branch_dag.py
[2026-06-15T16:03:02.960+0000] {processor.py:840} INFO - DAG(s) 'example_nested_branch_dag' retrieved from /home/airflow/.local/lib/python3.12/site-packages/airflow/example_dags/example_nested_branch_dag.py
[2026-06-15T16:03:03.164+0000] {logging_mixin.py:188} INFO - [2026-06-15T16:03:03.163+0000] {dag.py:3096} INFO - Sync 1 DAGs
[2026-06-15T16:03:03.204+0000] {logging_mixin.py:188} INFO - [2026-06-15T16:03:03.203+0000] {dag.py:3954} INFO - Setting next_dagrun for example_nested_branch_dag to 2026-06-14 00:00:00+00:00, run_after=2026-06-15 00:00:00+00:00
[2026-06-15T16:03:03.243+0000] {processor.py:183} INFO - Processing /home/airflow/.local/lib/python3.12/site-packages/airflow/example_dags/example_nested_branch_dag.py took 0.320 seconds
[2026-06-15T16:03:33.468+0000] {processor.py:161} INFO - Started process (PID=189) to work on /home/airflow/.local/lib/python3.12/site-packages/airflow/example_dags/example_nested_branch_dag.py
[2026-06-15T16:03:33.470+0000] {processor.py:830} INFO - Processing file /home/airflow/.local/lib/python3.12/site-packages/airflow/example_dags/example_nested_branch_dag.py for tasks to queue
[2026-06-15T16:03:33.475+0000] {logging_mixin.py:188} INFO - [2026-06-15T16:03:33.474+0000] {dagbag.py:545} INFO - Filling up the DagBag from /home/airflow/.local/lib/python3.12/site-packages/airflow/example_dags/example_nested_branch_dag.py
[2026-06-15T16:03:33.499+0000] {processor.py:840} INFO - DAG(s) 'example_nested_branch_dag' retrieved from /home/airflow/.local/lib/python3.12/site-packages/airflow/example_dags/example_nested_branch_dag.py
[2026-06-15T16:03:33.540+0000] {logging_mixin.py:188} INFO - [2026-06-15T16:03:33.540+0000] {dag.py:3096} INFO - Sync 1 DAGs
[2026-06-15T16:03:33.574+0000] {logging_mixin.py:188} INFO - [2026-06-15T16:03:33.574+0000] {dag.py:3954} INFO - Setting next_dagrun for example_nested_branch_dag to 2026-06-14 00:00:00+00:00, run_after=2026-06-15 00:00:00+00:00
[2026-06-15T16:03:33.620+0000] {processor.py:183} INFO - Processing /home/airflow/.local/lib/python3.12/site-packages/airflow/example_dags/example_nested_branch_dag.py took 0.164 seconds
[2026-06-15T16:04:03.796+0000] {processor.py:161} INFO - Started process (PID=304) to work on /home/airflow/.local/lib/python3.12/site-packages/airflow/example_dags/example_nested_branch_dag.py
[2026-06-15T16:04:03.798+0000] {processor.py:830} INFO - Processing file /home/airflow/.local/lib/python3.12/site-packages/airflow/example_dags/example_nested_branch_dag.py for tasks to queue
[2026-06-15T16:04:03.802+0000] {logging_mixin.py:188} INFO - [2026-06-15T16:04:03.801+0000] {dagbag.py:545} INFO - Filling up the DagBag from /home/airflow/.local/lib/python3.12/site-packages/airflow/example_dags/example_nested_branch_dag.py
[2026-06-15T16:04:03.818+0000] {processor.py:840} INFO - DAG(s) 'example_nested_branch_dag' retrieved from /home/airflow/.local/lib/python3.12/site-packages/airflow/example_dags/example_nested_branch_dag.py
[2026-06-15T16:04:03.858+0000] {logging_mixin.py:188} INFO - [2026-06-15T16:04:03.857+0000] {dag.py:3096} INFO - Sync 1 DAGs
[2026-06-15T16:04:03.896+0000] {logging_mixin.py:188} INFO - [2026-06-15T16:04:03.895+0000] {dag.py:3954} INFO - Setting next_dagrun for example_nested_branch_dag to 2026-06-14 00:00:00+00:00, run_after=2026-06-15 00:00:00+00:00
[2026-06-15T16:04:03.934+0000] {processor.py:183} INFO - Processing /home/airflow/.local/lib/python3.12/site-packages/airflow/example_dags/example_nested_branch_dag.py took 0.149 seconds
[2026-06-15T16:04:34.801+0000] {processor.py:161} INFO - Started process (PID=363) to work on /home/airflow/.local/lib/python3.12/site-packages/airflow/example_dags/example_nested_branch_dag.py
[2026-06-15T16:04:34.803+0000] {processor.py:830} INFO - Processing file /home/airflow/.local/lib/python3.12/site-packages/airflow/example_dags/example_nested_branch_dag.py for tasks to queue
[2026-06-15T16:04:34.807+0000] {logging_mixin.py:188} INFO - [2026-06-15T16:04:34.806+0000] {dagbag.py:545} INFO - Filling up the DagBag from /home/airflow/.local/lib/python3.12/site-packages/airflow/example_dags/example_nested_branch_dag.py
[2026-06-15T16:04:34.828+0000] {processor.py:840} INFO - DAG(s) 'example_nested_branch_dag' retrieved from /home/airflow/.local/lib/python3.12/site-packages/airflow/example_dags/example_nested_branch_dag.py
[2026-06-15T16:04:34.867+0000] {logging_mixin.py:188} INFO - [2026-06-15T16:04:34.867+0000] {dag.py:3096} INFO - Sync 1 DAGs
[2026-06-15T16:04:34.911+0000] {logging_mixin.py:188} INFO - [2026-06-15T16:04:34.910+0000] {dag.py:3954} INFO - Setting next_dagrun for example_nested_branch_dag to 2026-06-14 00:00:00+00:00, run_after=2026-06-15 00:00:00+00:00
[2026-06-15T16:04:34.944+0000] {processor.py:183} INFO - Processing /home/airflow/.local/lib/python3.12/site-packages/airflow/example_dags/example_nested_branch_dag.py took 0.151 seconds
[2026-06-15T16:05:05.186+0000] {processor.py:161} INFO - Started process (PID=422) to work on /home/airflow/.local/lib/python3.12/site-packages/airflow/example_dags/example_nested_branch_dag.py
[2026-06-15T16:05:05.190+0000] {processor.py:830} INFO - Processing file /home/airflow/.local/lib/python3.12/site-packages/airflow/example_dags/example_nested_branch_dag.py for tasks to queue
[2026-06-15T16:05:05.193+0000] {logging_mixin.py:188} INFO - [2026-06-15T16:05:05.193+0000] {dagbag.py:545} INFO - Filling up the DagBag from /home/airflow/.local/lib/python3.12/site-packages/airflow/example_dags/example_nested_branch_dag.py
[2026-06-15T16:05:05.212+0000] {processor.py:840} INFO - DAG(s) 'example_nested_branch_dag' retrieved from /home/airflow/.local/lib/python3.12/site-packages/airflow/example_dags/example_nested_branch_dag.py
[2026-06-15T16:05:05.248+0000] {logging_mixin.py:188} INFO - [2026-06-15T16:05:05.247+0000] {dag.py:3096} INFO - Sync 1 DAGs
[2026-06-15T16:05:05.289+0000] {logging_mixin.py:188} INFO - [2026-06-15T16:05:05.288+0000] {dag.py:3954} INFO - Setting next_dagrun for example_nested_branch_dag to 2026-06-14 00:00:00+00:00, run_after=2026-06-15 00:00:00+00:00
[2026-06-15T16:05:05.327+0000] {processor.py:183} INFO - Processing /home/airflow/.local/lib/python3.12/site-packages/airflow/example_dags/example_nested_branch_dag.py took 0.152 seconds
[2026-06-15T16:05:36.127+0000] {processor.py:161} INFO - Started process (PID=481) to work on /home/airflow/.local/lib/python3.12/site-packages/airflow/example_dags/example_nested_branch_dag.py
[2026-06-15T16:05:36.129+0000] {processor.py:830} INFO - Processing file /home/airflow/.local/lib/python3.12/site-packages/airflow/example_dags/example_nested_branch_dag.py for tasks to queue
[2026-06-15T16:05:36.134+0000] {logging_mixin.py:188} INFO - [2026-06-15T16:05:36.133+0000] {dagbag.py:545} INFO - Filling up the DagBag from /home/airflow/.local/lib/python3.12/site-packages/airflow/example_dags/example_nested_branch_dag.py
[2026-06-15T16:05:36.159+0000] {processor.py:840} INFO - DAG(s) 'example_nested_branch_dag' retrieved from /home/airflow/.local/lib/python3.12/site-packages/airflow/example_dags/example_nested_branch_dag.py
[2026-06-15T16:05:36.205+0000] {logging_mixin.py:188} INFO - [2026-06-15T16:05:36.205+0000] {dag.py:3096} INFO - Sync 1 DAGs
[2026-06-15T16:05:36.252+0000] {logging_mixin.py:188} INFO - [2026-06-15T16:05:36.252+0000] {dag.py:3954} INFO - Setting next_dagrun for example_nested_branch_dag to 2026-06-14 00:00:00+00:00, run_after=2026-06-15 00:00:00+00:00
[2026-06-15T16:05:36.295+0000] {processor.py:183} INFO - Processing /home/airflow/.local/lib/python3.12/site-packages/airflow/example_dags/example_nested_branch_dag.py took 0.182 seconds
[2026-06-15T16:06:06.483+0000] {processor.py:161} INFO - Started process (PID=540) to work on /home/airflow/.local/lib/python3.12/site-packages/airflow/example_dags/example_nested_branch_dag.py
[2026-06-15T16:06:06.486+0000] {processor.py:830} INFO - Processing file /home/airflow/.local/lib/python3.12/site-packages/airflow/example_dags/example_nested_branch_dag.py for tasks to queue
[2026-06-15T16:06:06.490+0000] {logging_mixin.py:188} INFO - [2026-06-15T16:06:06.489+0000] {dagbag.py:545} INFO - Filling up the DagBag from /home/airflow/.local/lib/python3.12/site-packages/airflow/example_dags/example_nested_branch_dag.py
[2026-06-15T16:06:06.510+0000] {processor.py:840} INFO - DAG(s) 'example_nested_branch_dag' retrieved from /home/airflow/.local/lib/python3.12/site-packages/airflow/example_dags/example_nested_branch_dag.py
[2026-06-15T16:06:06.555+0000] {logging_mixin.py:188} INFO - [2026-06-15T16:06:06.554+0000] {dag.py:3096} INFO - Sync 1 DAGs
[2026-06-15T16:06:06.596+0000] {logging_mixin.py:188} INFO - [2026-06-15T16:06:06.596+0000] {dag.py:3954} INFO - Setting next_dagrun for example_nested_branch_dag to 2026-06-14 00:00:00+00:00, run_after=2026-06-15 00:00:00+00:00
[2026-06-15T16:06:06.633+0000] {processor.py:183} INFO - Processing /home/airflow/.local/lib/python3.12/site-packages/airflow/example_dags/example_nested_branch_dag.py took 0.166 seconds
[2026-06-15T16:06:37.037+0000] {processor.py:161} INFO - Started process (PID=599) to work on /home/airflow/.local/lib/python3.12/site-packages/airflow/example_dags/example_nested_branch_dag.py
[2026-06-15T16:06:37.039+0000] {processor.py:830} INFO - Processing file /home/airflow/.local/lib/python3.12/site-packages/airflow/example_dags/example_nested_branch_dag.py for tasks to queue
[2026-06-15T16:06:37.043+0000] {logging_mixin.py:188} INFO - [2026-06-15T16:06:37.042+0000] {dagbag.py:545} INFO - Filling up the DagBag from /home/airflow/.local/lib/python3.12/site-packages/airflow/example_dags/example_nested_branch_dag.py
[2026-06-15T16:06:37.063+0000] {processor.py:840} INFO - DAG(s) 'example_nested_branch_dag' retrieved from /home/airflow/.local/lib/python3.12/site-packages/airflow/example_dags/example_nested_branch_dag.py
[2026-06-15T16:06:37.106+0000] {logging_mixin.py:188} INFO - [2026-06-15T16:06:37.105+0000] {dag.py:3096} INFO - Sync 1 DAGs
[2026-06-15T16:06:37.145+0000] {logging_mixin.py:188} INFO - [2026-06-15T16:06:37.145+0000] {dag.py:3954} INFO - Setting next_dagrun for example_nested_branch_dag to 2026-06-14 00:00:00+00:00, run_after=2026-06-15 00:00:00+00:00
[2026-06-15T16:06:37.181+0000] {processor.py:183} INFO - Processing /home/airflow/.local/lib/python3.12/site-packages/airflow/example_dags/example_nested_branch_dag.py took 0.151 seconds
[2026-06-15T16:07:07.358+0000] {processor.py:161} INFO - Started process (PID=658) to work on /home/airflow/.local/lib/python3.12/site-packages/airflow/example_dags/example_nested_branch_dag.py
[2026-06-15T16:07:07.359+0000] {processor.py:830} INFO - Processing file /home/airflow/.local/lib/python3.12/site-packages/airflow/example_dags/example_nested_branch_dag.py for tasks to queue
[2026-06-15T16:07:07.363+0000] {logging_mixin.py:188} INFO - [2026-06-15T16:07:07.362+0000] {dagbag.py:545} INFO - Filling up the DagBag from /home/airflow/.local/lib/python3.12/site-packages/airflow/example_dags/example_nested_branch_dag.py
[2026-06-15T16:07:07.379+0000] {processor.py:840} INFO - DAG(s) 'example_nested_branch_dag' retrieved from /home/airflow/.local/lib/python3.12/site-packages/airflow/example_dags/example_nested_branch_dag.py
[2026-06-15T16:07:07.417+0000] {logging_mixin.py:188} INFO - [2026-06-15T16:07:07.416+0000] {dag.py:3096} INFO - Sync 1 DAGs
[2026-06-15T16:07:07.452+0000] {logging_mixin.py:188} INFO - [2026-06-15T16:07:07.452+0000] {dag.py:3954} INFO - Setting next_dagrun for example_nested_branch_dag to 2026-06-14 00:00:00+00:00, run_after=2026-06-15 00:00:00+00:00
[2026-06-15T16:07:07.499+0000] {processor.py:183} INFO - Processing /home/airflow/.local/lib/python3.12/site-packages/airflow/example_dags/example_nested_branch_dag.py took 0.150 seconds
[2026-06-15T16:07:38.099+0000] {processor.py:161} INFO - Started process (PID=718) to work on /home/airflow/.local/lib/python3.12/site-packages/airflow/example_dags/example_nested_branch_dag.py
[2026-06-15T16:07:38.101+0000] {processor.py:830} INFO - Processing file /home/airflow/.local/lib/python3.12/site-packages/airflow/example_dags/example_nested_branch_dag.py for tasks to queue
[2026-06-15T16:07:38.105+0000] {logging_mixin.py:188} INFO - [2026-06-15T16:07:38.104+0000] {dagbag.py:545} INFO - Filling up the DagBag from /home/airflow/.local/lib/python3.12/site-packages/airflow/example_dags/example_nested_branch_dag.py
[2026-06-15T16:07:38.119+0000] {processor.py:840} INFO - DAG(s) 'example_nested_branch_dag' retrieved from /home/airflow/.local/lib/python3.12/site-packages/airflow/example_dags/example_nested_branch_dag.py
[2026-06-15T16:07:38.158+0000] {logging_mixin.py:188} INFO - [2026-06-15T16:07:38.157+0000] {dag.py:3096} INFO - Sync 1 DAGs
[2026-06-15T16:07:38.202+0000] {logging_mixin.py:188} INFO - [2026-06-15T16:07:38.202+0000] {dag.py:3954} INFO - Setting next_dagrun for example_nested_branch_dag to 2026-06-14 00:00:00+00:00, run_after=2026-06-15 00:00:00+00:00
[2026-06-15T16:07:38.240+0000] {processor.py:183} INFO - Processing /home/airflow/.local/lib/python3.12/site-packages/airflow/example_dags/example_nested_branch_dag.py took 0.150 seconds
[2026-06-15T16:08:09.228+0000] {processor.py:161} INFO - Started process (PID=777) to work on /home/airflow/.local/lib/python3.12/site-packages/airflow/example_dags/example_nested_branch_dag.py
[2026-06-15T16:08:09.230+0000] {processor.py:830} INFO - Processing file /home/airflow/.local/lib/python3.12/site-packages/airflow/example_dags/example_nested_branch_dag.py for tasks to queue
[2026-06-15T16:08:09.232+0000] {logging_mixin.py:188} INFO - [2026-06-15T16:08:09.232+0000] {dagbag.py:545} INFO - Filling up the DagBag from /home/airflow/.local/lib/python3.12/site-packages/airflow/example_dags/example_nested_branch_dag.py
[2026-06-15T16:08:09.253+0000] {processor.py:840} INFO - DAG(s) 'example_nested_branch_dag' retrieved from /home/airflow/.local/lib/python3.12/site-packages/airflow/example_dags/example_nested_branch_dag.py
[2026-06-15T16:08:09.289+0000] {logging_mixin.py:188} INFO - [2026-06-15T16:08:09.288+0000] {dag.py:3096} INFO - Sync 1 DAGs
[2026-06-15T16:08:09.325+0000] {logging_mixin.py:188} INFO - [2026-06-15T16:08:09.324+0000] {dag.py:3954} INFO - Setting next_dagrun for example_nested_branch_dag to 2026-06-14 00:00:00+00:00, run_after=2026-06-15 00:00:00+00:00
[2026-06-15T16:08:09.367+0000] {processor.py:183} INFO - Processing /home/airflow/.local/lib/python3.12/site-packages/airflow/example_dags/example_nested_branch_dag.py took 0.148 seconds
[2026-06-15T16:08:40.242+0000] {processor.py:161} INFO - Started process (PID=836) to work on /home/airflow/.local/lib/python3.12/site-packages/airflow/example_dags/example_nested_branch_dag.py
[2026-06-15T16:08:40.244+0000] {processor.py:830} INFO - Processing file /home/airflow/.local/lib/python3.12/site-packages/airflow/example_dags/example_nested_branch_dag.py for tasks to queue
[2026-06-15T16:08:40.247+0000] {logging_mixin.py:188} INFO - [2026-06-15T16:08:40.246+0000] {dagbag.py:545} INFO - Filling up the DagBag from /home/airflow/.local/lib/python3.12/site-packages/airflow/example_dags/example_nested_branch_dag.py
[2026-06-15T16:08:40.263+0000] {processor.py:840} INFO - DAG(s) 'example_nested_branch_dag' retrieved from /home/airflow/.local/lib/python3.12/site-packages/airflow/example_dags/example_nested_branch_dag.py
[2026-06-15T16:08:40.305+0000] {logging_mixin.py:188} INFO - [2026-06-15T16:08:40.304+0000] {dag.py:3096} INFO - Sync 1 DAGs
[2026-06-15T16:08:40.343+0000] {logging_mixin.py:188} INFO - [2026-06-15T16:08:40.342+0000] {dag.py:3954} INFO - Setting next_dagrun for example_nested_branch_dag to 2026-06-14 00:00:00+00:00, run_after=2026-06-15 00:00:00+00:00
[2026-06-15T16:08:40.377+0000] {processor.py:183} INFO - Processing /home/airflow/.local/lib/python3.12/site-packages/airflow/example_dags/example_nested_branch_dag.py took 0.145 seconds
[2026-06-15T16:09:10.937+0000] {processor.py:161} INFO - Started process (PID=895) to work on /home/airflow/.local/lib/python3.12/site-packages/airflow/example_dags/example_nested_branch_dag.py
[2026-06-15T16:09:10.946+0000] {processor.py:830} INFO - Processing file /home/airflow/.local/lib/python3.12/site-packages/airflow/example_dags/example_nested_branch_dag.py for tasks to queue
[2026-06-15T16:09:10.953+0000] {logging_mixin.py:188} INFO - [2026-06-15T16:09:10.952+0000] {dagbag.py:545} INFO - Filling up the DagBag from /home/airflow/.local/lib/python3.12/site-packages/airflow/example_dags/example_nested_branch_dag.py
[2026-06-15T16:09:10.999+0000] {processor.py:840} INFO - DAG(s) 'example_nested_branch_dag' retrieved from /home/airflow/.local/lib/python3.12/site-packages/airflow/example_dags/example_nested_branch_dag.py
[2026-06-15T16:09:11.103+0000] {logging_mixin.py:188} INFO - [2026-06-15T16:09:11.103+0000] {dag.py:3096} INFO - Sync 1 DAGs
[2026-06-15T16:09:11.206+0000] {logging_mixin.py:188} INFO - [2026-06-15T16:09:11.205+0000] {dag.py:3954} INFO - Setting next_dagrun for example_nested_branch_dag to 2026-06-14 00:00:00+00:00, run_after=2026-06-15 00:00:00+00:00
[2026-06-15T16:09:11.299+0000] {processor.py:183} INFO - Processing /home/airflow/.local/lib/python3.12/site-packages/airflow/example_dags/example_nested_branch_dag.py took 0.394 seconds
[2026-06-15T16:09:41.420+0000] {processor.py:161} INFO - Started process (PID=954) to work on /home/airflow/.local/lib/python3.12/site-packages/airflow/example_dags/example_nested_branch_dag.py
[2026-06-15T16:09:41.422+0000] {processor.py:830} INFO - Processing file /home/airflow/.local/lib/python3.12/site-packages/airflow/example_dags/example_nested_branch_dag.py for tasks to queue
[2026-06-15T16:09:41.425+0000] {logging_mixin.py:188} INFO - [2026-06-15T16:09:41.424+0000] {dagbag.py:545} INFO - Filling up the DagBag from /home/airflow/.local/lib/python3.12/site-packages/airflow/example_dags/example_nested_branch_dag.py
[2026-06-15T16:09:41.438+0000] {processor.py:840} INFO - DAG(s) 'example_nested_branch_dag' retrieved from /home/airflow/.local/lib/python3.12/site-packages/airflow/example_dags/example_nested_branch_dag.py
[2026-06-15T16:09:41.473+0000] {logging_mixin.py:188} INFO - [2026-06-15T16:09:41.472+0000] {dag.py:3096} INFO - Sync 1 DAGs
[2026-06-15T16:09:41.505+0000] {logging_mixin.py:188} INFO - [2026-06-15T16:09:41.504+0000] {dag.py:3954} INFO - Setting next_dagrun for example_nested_branch_dag to 2026-06-14 00:00:00+00:00, run_after=2026-06-15 00:00:00+00:00
[2026-06-15T16:09:41.541+0000] {processor.py:183} INFO - Processing /home/airflow/.local/lib/python3.12/site-packages/airflow/example_dags/example_nested_branch_dag.py took 0.129 seconds
[2026-06-15T16:10:11.663+0000] {processor.py:161} INFO - Started process (PID=1013) to work on /home/airflow/.local/lib/python3.12/site-packages/airflow/example_dags/example_nested_branch_dag.py
[2026-06-15T16:10:11.666+0000] {processor.py:830} INFO - Processing file /home/airflow/.local/lib/python3.12/site-packages/airflow/example_dags/example_nested_branch_dag.py for tasks to queue
[2026-06-15T16:10:11.671+0000] {logging_mixin.py:188} INFO - [2026-06-15T16:10:11.670+0000] {dagbag.py:545} INFO - Filling up the DagBag from /home/airflow/.local/lib/python3.12/site-packages/airflow/example_dags/example_nested_branch_dag.py
[2026-06-15T16:10:11.687+0000] {processor.py:840} INFO - DAG(s) 'example_nested_branch_dag' retrieved from /home/airflow/.local/lib/python3.12/site-packages/airflow/example_dags/example_nested_branch_dag.py
[2026-06-15T16:10:11.731+0000] {logging_mixin.py:188} INFO - [2026-06-15T16:10:11.731+0000] {dag.py:3096} INFO - Sync 1 DAGs
[2026-06-15T16:10:11.778+0000] {logging_mixin.py:188} INFO - [2026-06-15T16:10:11.777+0000] {dag.py:3954} INFO - Setting next_dagrun for example_nested_branch_dag to 2026-06-14 00:00:00+00:00, run_after=2026-06-15 00:00:00+00:00
[2026-06-15T16:10:11.819+0000] {processor.py:183} INFO - Processing /home/airflow/.local/lib/python3.12/site-packages/airflow/example_dags/example_nested_branch_dag.py took 0.165 seconds
[2026-06-15T16:10:42.791+0000] {processor.py:161} INFO - Started process (PID=1072) to work on /home/airflow/.local/lib/python3.12/site-packages/airflow/example_dags/example_nested_branch_dag.py
[2026-06-15T16:10:42.794+0000] {processor.py:830} INFO - Processing file /home/airflow/.local/lib/python3.12/site-packages/airflow/example_dags/example_nested_branch_dag.py for tasks to queue
[2026-06-15T16:10:42.797+0000] {logging_mixin.py:188} INFO - [2026-06-15T16:10:42.797+0000] {dagbag.py:545} INFO - Filling up the DagBag from /home/airflow/.local/lib/python3.12/site-packages/airflow/example_dags/example_nested_branch_dag.py
[2026-06-15T16:10:42.817+0000] {processor.py:840} INFO - DAG(s) 'example_nested_branch_dag' retrieved from /home/airflow/.local/lib/python3.12/site-packages/airflow/example_dags/example_nested_branch_dag.py
[2026-06-15T16:10:42.857+0000] {logging_mixin.py:188} INFO - [2026-06-15T16:10:42.856+0000] {dag.py:3096} INFO - Sync 1 DAGs
[2026-06-15T16:10:42.891+0000] {logging_mixin.py:188} INFO - [2026-06-15T16:10:42.891+0000] {dag.py:3954} INFO - Setting next_dagrun for example_nested_branch_dag to 2026-06-14 00:00:00+00:00, run_after=2026-06-15 00:00:00+00:00
[2026-06-15T16:10:42.928+0000] {processor.py:183} INFO - Processing /home/airflow/.local/lib/python3.12/site-packages/airflow/example_dags/example_nested_branch_dag.py took 0.145 seconds
[2026-06-15T16:11:13.313+0000] {processor.py:161} INFO - Started process (PID=1131) to work on /home/airflow/.local/lib/python3.12/site-packages/airflow/example_dags/example_nested_branch_dag.py
[2026-06-15T16:11:13.315+0000] {processor.py:830} INFO - Processing file /home/airflow/.local/lib/python3.12/site-packages/airflow/example_dags/example_nested_branch_dag.py for tasks to queue
[2026-06-15T16:11:13.318+0000] {logging_mixin.py:188} INFO - [2026-06-15T16:11:13.318+0000] {dagbag.py:545} INFO - Filling up the DagBag from /home/airflow/.local/lib/python3.12/site-packages/airflow/example_dags/example_nested_branch_dag.py
[2026-06-15T16:11:13.332+0000] {processor.py:840} INFO - DAG(s) 'example_nested_branch_dag' retrieved from /home/airflow/.local/lib/python3.12/site-packages/airflow/example_dags/example_nested_branch_dag.py
[2026-06-15T16:11:13.368+0000] {logging_mixin.py:188} INFO - [2026-06-15T16:11:13.368+0000] {dag.py:3096} INFO - Sync 1 DAGs
[2026-06-15T16:11:13.402+0000] {logging_mixin.py:188} INFO - [2026-06-15T16:11:13.402+0000] {dag.py:3954} INFO - Setting next_dagrun for example_nested_branch_dag to 2026-06-14 00:00:00+00:00, run_after=2026-06-15 00:00:00+00:00
[2026-06-15T16:11:13.433+0000] {processor.py:183} INFO - Processing /home/airflow/.local/lib/python3.12/site-packages/airflow/example_dags/example_nested_branch_dag.py took 0.128 seconds
[2026-06-15T16:11:43.508+0000] {processor.py:161} INFO - Started process (PID=1190) to work on /home/airflow/.local/lib/python3.12/site-packages/airflow/example_dags/example_nested_branch_dag.py
[2026-06-15T16:11:43.510+0000] {processor.py:830} INFO - Processing file /home/airflow/.local/lib/python3.12/site-packages/airflow/example_dags/example_nested_branch_dag.py for tasks to queue
[2026-06-15T16:11:43.513+0000] {logging_mixin.py:188} INFO - [2026-06-15T16:11:43.513+0000] {dagbag.py:545} INFO - Filling up the DagBag from /home/airflow/.local/lib/python3.12/site-packages/airflow/example_dags/example_nested_branch_dag.py
[2026-06-15T16:11:43.526+0000] {processor.py:840} INFO - DAG(s) 'example_nested_branch_dag' retrieved from /home/airflow/.local/lib/python3.12/site-packages/airflow/example_dags/example_nested_branch_dag.py
[2026-06-15T16:11:43.560+0000] {logging_mixin.py:188} INFO - [2026-06-15T16:11:43.559+0000] {dag.py:3096} INFO - Sync 1 DAGs
[2026-06-15T16:11:43.592+0000] {logging_mixin.py:188} INFO - [2026-06-15T16:11:43.591+0000] {dag.py:3954} INFO - Setting next_dagrun for example_nested_branch_dag to 2026-06-14 00:00:00+00:00, run_after=2026-06-15 00:00:00+00:00
[2026-06-15T16:11:43.639+0000] {processor.py:183} INFO - Processing /home/airflow/.local/lib/python3.12/site-packages/airflow/example_dags/example_nested_branch_dag.py took 0.138 seconds
[2026-06-15T16:12:13.767+0000] {processor.py:161} INFO - Started process (PID=1251) to work on /home/airflow/.local/lib/python3.12/site-packages/airflow/example_dags/example_nested_branch_dag.py
[2026-06-15T16:12:13.769+0000] {processor.py:830} INFO - Processing file /home/airflow/.local/lib/python3.12/site-packages/airflow/example_dags/example_nested_branch_dag.py for tasks to queue
[2026-06-15T16:12:13.774+0000] {logging_mixin.py:188} INFO - [2026-06-15T16:12:13.773+0000] {dagbag.py:545} INFO - Filling up the DagBag from /home/airflow/.local/lib/python3.12/site-packages/airflow/example_dags/example_nested_branch_dag.py
[2026-06-15T16:12:13.787+0000] {processor.py:840} INFO - DAG(s) 'example_nested_branch_dag' retrieved from /home/airflow/.local/lib/python3.12/site-packages/airflow/example_dags/example_nested_branch_dag.py
[2026-06-15T16:12:13.824+0000] {logging_mixin.py:188} INFO - [2026-06-15T16:12:13.824+0000] {dag.py:3096} INFO - Sync 1 DAGs
[2026-06-15T16:12:13.858+0000] {logging_mixin.py:188} INFO - [2026-06-15T16:12:13.857+0000] {dag.py:3954} INFO - Setting next_dagrun for example_nested_branch_dag to 2026-06-14 00:00:00+00:00, run_after=2026-06-15 00:00:00+00:00
[2026-06-15T16:12:13.894+0000] {processor.py:183} INFO - Processing /home/airflow/.local/lib/python3.12/site-packages/airflow/example_dags/example_nested_branch_dag.py took 0.135 seconds
[2026-06-15T16:12:44.308+0000] {processor.py:161} INFO - Started process (PID=1310) to work on /home/airflow/.local/lib/python3.12/site-packages/airflow/example_dags/example_nested_branch_dag.py
[2026-06-15T16:12:44.310+0000] {processor.py:830} INFO - Processing file /home/airflow/.local/lib/python3.12/site-packages/airflow/example_dags/example_nested_branch_dag.py for tasks to queue
[2026-06-15T16:12:44.314+0000] {logging_mixin.py:188} INFO - [2026-06-15T16:12:44.313+0000] {dagbag.py:545} INFO - Filling up the DagBag from /home/airflow/.local/lib/python3.12/site-packages/airflow/example_dags/example_nested_branch_dag.py
[2026-06-15T16:12:44.327+0000] {processor.py:840} INFO - DAG(s) 'example_nested_branch_dag' retrieved from /home/airflow/.local/lib/python3.12/site-packages/airflow/example_dags/example_nested_branch_dag.py
[2026-06-15T16:12:44.361+0000] {logging_mixin.py:188} INFO - [2026-06-15T16:12:44.360+0000] {dag.py:3096} INFO - Sync 1 DAGs
[2026-06-15T16:12:44.395+0000] {logging_mixin.py:188} INFO - [2026-06-15T16:12:44.394+0000] {dag.py:3954} INFO - Setting next_dagrun for example_nested_branch_dag to 2026-06-14 00:00:00+00:00, run_after=2026-06-15 00:00:00+00:00
[2026-06-15T16:12:44.431+0000] {processor.py:183} INFO - Processing /home/airflow/.local/lib/python3.12/site-packages/airflow/example_dags/example_nested_branch_dag.py took 0.131 seconds
[2026-06-15T16:13:15.250+0000] {processor.py:161} INFO - Started process (PID=1369) to work on /home/airflow/.local/lib/python3.12/site-packages/airflow/example_dags/example_nested_branch_dag.py
[2026-06-15T16:13:15.253+0000] {processor.py:830} INFO - Processing file /home/airflow/.local/lib/python3.12/site-packages/airflow/example_dags/example_nested_branch_dag.py for tasks to queue
[2026-06-15T16:13:15.256+0000] {logging_mixin.py:188} INFO - [2026-06-15T16:13:15.256+0000] {dagbag.py:545} INFO - Filling up the DagBag from /home/airflow/.local/lib/python3.12/site-packages/airflow/example_dags/example_nested_branch_dag.py
[2026-06-15T16:13:15.274+0000] {processor.py:840} INFO - DAG(s) 'example_nested_branch_dag' retrieved from /home/airflow/.local/lib/python3.12/site-packages/airflow/example_dags/example_nested_branch_dag.py
[2026-06-15T16:13:15.316+0000] {logging_mixin.py:188} INFO - [2026-06-15T16:13:15.315+0000] {dag.py:3096} INFO - Sync 1 DAGs
[2026-06-15T16:13:15.352+0000] {logging_mixin.py:188} INFO - [2026-06-15T16:13:15.352+0000] {dag.py:3954} INFO - Setting next_dagrun for example_nested_branch_dag to 2026-06-14 00:00:00+00:00, run_after=2026-06-15 00:00:00+00:00
[2026-06-15T16:13:15.389+0000] {processor.py:183} INFO - Processing /home/airflow/.local/lib/python3.12/site-packages/airflow/example_dags/example_nested_branch_dag.py took 0.149 seconds
[2026-06-15T16:13:46.013+0000] {processor.py:161} INFO - Started process (PID=1428) to work on /home/airflow/.local/lib/python3.12/site-packages/airflow/example_dags/example_nested_branch_dag.py
[2026-06-15T16:13:46.015+0000] {processor.py:830} INFO - Processing file /home/airflow/.local/lib/python3.12/site-packages/airflow/example_dags/example_nested_branch_dag.py for tasks to queue
[2026-06-15T16:13:46.019+0000] {logging_mixin.py:188} INFO - [2026-06-15T16:13:46.018+0000] {dagbag.py:545} INFO - Filling up the DagBag from /home/airflow/.local/lib/python3.12/site-packages/airflow/example_dags/example_nested_branch_dag.py
[2026-06-15T16:13:46.033+0000] {processor.py:840} INFO - DAG(s) 'example_nested_branch_dag' retrieved from /home/airflow/.local/lib/python3.12/site-packages/airflow/example_dags/example_nested_branch_dag.py
[2026-06-15T16:13:46.069+0000] {logging_mixin.py:188} INFO - [2026-06-15T16:13:46.069+0000] {dag.py:3096} INFO - Sync 1 DAGs
[2026-06-15T16:13:46.108+0000] {logging_mixin.py:188} INFO - [2026-06-15T16:13:46.107+0000] {dag.py:3954} INFO - Setting next_dagrun for example_nested_branch_dag to 2026-06-14 00:00:00+00:00, run_after=2026-06-15 00:00:00+00:00
[2026-06-15T16:13:46.337+0000] {processor.py:183} INFO - Processing /home/airflow/.local/lib/python3.12/site-packages/airflow/example_dags/example_nested_branch_dag.py took 0.334 seconds
[2026-06-15T16:14:16.917+0000] {processor.py:161} INFO - Started process (PID=1486) to work on /home/airflow/.local/lib/python3.12/site-packages/airflow/example_dags/example_nested_branch_dag.py
[2026-06-15T16:14:16.920+0000] {processor.py:830} INFO - Processing file /home/airflow/.local/lib/python3.12/site-packages/airflow/example_dags/example_nested_branch_dag.py for tasks to queue
[2026-06-15T16:14:16.923+0000] {logging_mixin.py:188} INFO - [2026-06-15T16:14:16.922+0000] {dagbag.py:545} INFO - Filling up the DagBag from /home/airflow/.local/lib/python3.12/site-packages/airflow/example_dags/example_nested_branch_dag.py
[2026-06-15T16:14:16.938+0000] {processor.py:840} INFO - DAG(s) 'example_nested_branch_dag' retrieved from /home/airflow/.local/lib/python3.12/site-packages/airflow/example_dags/example_nested_branch_dag.py
[2026-06-15T16:14:16.981+0000] {logging_mixin.py:188} INFO - [2026-06-15T16:14:16.980+0000] {dag.py:3096} INFO - Sync 1 DAGs
[2026-06-15T16:14:17.018+0000] {logging_mixin.py:188} INFO - [2026-06-15T16:14:17.018+0000] {dag.py:3954} INFO - Setting next_dagrun for example_nested_branch_dag to 2026-06-14 00:00:00+00:00, run_after=2026-06-15 00:00:00+00:00
[2026-06-15T16:14:17.052+0000] {processor.py:183} INFO - Processing /home/airflow/.local/lib/python3.12/site-packages/airflow/example_dags/example_nested_branch_dag.py took 0.144 seconds
[2026-06-15T16:14:47.450+0000] {processor.py:161} INFO - Started process (PID=1545) to work on /home/airflow/.local/lib/python3.12/site-packages/airflow/example_dags/example_nested_branch_dag.py
[2026-06-15T16:14:47.454+0000] {processor.py:830} INFO - Processing file /home/airflow/.local/lib/python3.12/site-packages/airflow/example_dags/example_nested_branch_dag.py for tasks to queue
[2026-06-15T16:14:47.459+0000] {logging_mixin.py:188} INFO - [2026-06-15T16:14:47.458+0000] {dagbag.py:545} INFO - Filling up the DagBag from /home/airflow/.local/lib/python3.12/site-packages/airflow/example_dags/example_nested_branch_dag.py
[2026-06-15T16:14:47.487+0000] {processor.py:840} INFO - DAG(s) 'example_nested_branch_dag' retrieved from /home/airflow/.local/lib/python3.12/site-packages/airflow/example_dags/example_nested_branch_dag.py
[2026-06-15T16:14:47.556+0000] {logging_mixin.py:188} INFO - [2026-06-15T16:14:47.555+0000] {dag.py:3096} INFO - Sync 1 DAGs
[2026-06-15T16:14:47.617+0000] {logging_mixin.py:188} INFO - [2026-06-15T16:14:47.616+0000] {dag.py:3954} INFO - Setting next_dagrun for example_nested_branch_dag to 2026-06-14 00:00:00+00:00, run_after=2026-06-15 00:00:00+00:00
[2026-06-15T16:14:47.676+0000] {processor.py:183} INFO - Processing /home/airflow/.local/lib/python3.12/site-packages/airflow/example_dags/example_nested_branch_dag.py took 0.241 seconds
[2026-06-15T16:15:18.109+0000] {processor.py:161} INFO - Started process (PID=1604) to work on /home/airflow/.local/lib/python3.12/site-packages/airflow/example_dags/example_nested_branch_dag.py
[2026-06-15T16:15:18.111+0000] {processor.py:830} INFO - Processing file /home/airflow/.local/lib/python3.12/site-packages/airflow/example_dags/example_nested_branch_dag.py for tasks to queue
[2026-06-15T16:15:18.115+0000] {logging_mixin.py:188} INFO - [2026-06-15T16:15:18.114+0000] {dagbag.py:545} INFO - Filling up the DagBag from /home/airflow/.local/lib/python3.12/site-packages/airflow/example_dags/example_nested_branch_dag.py
[2026-06-15T16:15:18.135+0000] {processor.py:840} INFO - DAG(s) 'example_nested_branch_dag' retrieved from /home/airflow/.local/lib/python3.12/site-packages/airflow/example_dags/example_nested_branch_dag.py
[2026-06-15T16:15:18.173+0000] {logging_mixin.py:188} INFO - [2026-06-15T16:15:18.173+0000] {dag.py:3096} INFO - Sync 1 DAGs
[2026-06-15T16:15:18.211+0000] {logging_mixin.py:188} INFO - [2026-06-15T16:15:18.210+0000] {dag.py:3954} INFO - Setting next_dagrun for example_nested_branch_dag to 2026-06-14 00:00:00+00:00, run_after=2026-06-15 00:00:00+00:00
[2026-06-15T16:15:18.249+0000] {processor.py:183} INFO - Processing /home/airflow/.local/lib/python3.12/site-packages/airflow/example_dags/example_nested_branch_dag.py took 0.148 seconds
[2026-06-15T16:15:49.256+0000] {processor.py:161} INFO - Started process (PID=1663) to work on /home/airflow/.local/lib/python3.12/site-packages/airflow/example_dags/example_nested_branch_dag.py
[2026-06-15T16:15:49.258+0000] {processor.py:830} INFO - Processing file /home/airflow/.local/lib/python3.12/site-packages/airflow/example_dags/example_nested_branch_dag.py for tasks to queue
[2026-06-15T16:15:49.263+0000] {logging_mixin.py:188} INFO - [2026-06-15T16:15:49.262+0000] {dagbag.py:545} INFO - Filling up the DagBag from /home/airflow/.local/lib/python3.12/site-packages/airflow/example_dags/example_nested_branch_dag.py
[2026-06-15T16:15:49.279+0000] {processor.py:840} INFO - DAG(s) 'example_nested_branch_dag' retrieved from /home/airflow/.local/lib/python3.12/site-packages/airflow/example_dags/example_nested_branch_dag.py
[2026-06-15T16:15:49.510+0000] {logging_mixin.py:188} INFO - [2026-06-15T16:15:49.509+0000] {dag.py:3096} INFO - Sync 1 DAGs
[2026-06-15T16:15:49.540+0000] {logging_mixin.py:188} INFO - [2026-06-15T16:15:49.540+0000] {dag.py:3954} INFO - Setting next_dagrun for example_nested_branch_dag to 2026-06-14 00:00:00+00:00, run_after=2026-06-15 00:00:00+00:00
[2026-06-15T16:15:49.570+0000] {processor.py:183} INFO - Processing /home/airflow/.local/lib/python3.12/site-packages/airflow/example_dags/example_nested_branch_dag.py took 0.324 seconds
[2026-06-15T16:16:20.168+0000] {processor.py:161} INFO - Started process (PID=1723) to work on /home/airflow/.local/lib/python3.12/site-packages/airflow/example_dags/example_nested_branch_dag.py
[2026-06-15T16:16:20.170+0000] {processor.py:830} INFO - Processing file /home/airflow/.local/lib/python3.12/site-packages/airflow/example_dags/example_nested_branch_dag.py for tasks to queue
[2026-06-15T16:16:20.174+0000] {logging_mixin.py:188} INFO - [2026-06-15T16:16:20.173+0000] {dagbag.py:545} INFO - Filling up the DagBag from /home/airflow/.local/lib/python3.12/site-packages/airflow/example_dags/example_nested_branch_dag.py
[2026-06-15T16:16:20.188+0000] {processor.py:840} INFO - DAG(s) 'example_nested_branch_dag' retrieved from /home/airflow/.local/lib/python3.12/site-packages/airflow/example_dags/example_nested_branch_dag.py
[2026-06-15T16:16:20.225+0000] {logging_mixin.py:188} INFO - [2026-06-15T16:16:20.224+0000] {dag.py:3096} INFO - Sync 1 DAGs
[2026-06-15T16:16:20.264+0000] {logging_mixin.py:188} INFO - [2026-06-15T16:16:20.264+0000] {dag.py:3954} INFO - Setting next_dagrun for example_nested_branch_dag to 2026-06-14 00:00:00+00:00, run_after=2026-06-15 00:00:00+00:00
[2026-06-15T16:16:20.299+0000] {processor.py:183} INFO - Processing /home/airflow/.local/lib/python3.12/site-packages/airflow/example_dags/example_nested_branch_dag.py took 0.140 seconds
[2026-06-15T16:16:50.651+0000] {processor.py:161} INFO - Started process (PID=1782) to work on /home/airflow/.local/lib/python3.12/site-packages/airflow/example_dags/example_nested_branch_dag.py
[2026-06-15T16:16:50.653+0000] {processor.py:830} INFO - Processing file /home/airflow/.local/lib/python3.12/site-packages/airflow/example_dags/example_nested_branch_dag.py for tasks to queue
[2026-06-15T16:16:50.656+0000] {logging_mixin.py:188} INFO - [2026-06-15T16:16:50.655+0000] {dagbag.py:545} INFO - Filling up the DagBag from /home/airflow/.local/lib/python3.12/site-packages/airflow/example_dags/example_nested_branch_dag.py
[2026-06-15T16:16:50.670+0000] {processor.py:840} INFO - DAG(s) 'example_nested_branch_dag' retrieved from /home/airflow/.local/lib/python3.12/site-packages/airflow/example_dags/example_nested_branch_dag.py
[2026-06-15T16:16:50.708+0000] {logging_mixin.py:188} INFO - [2026-06-15T16:16:50.707+0000] {dag.py:3096} INFO - Sync 1 DAGs
[2026-06-15T16:16:50.755+0000] {logging_mixin.py:188} INFO - [2026-06-15T16:16:50.755+0000] {dag.py:3954} INFO - Setting next_dagrun for example_nested_branch_dag to 2026-06-14 00:00:00+00:00, run_after=2026-06-15 00:00:00+00:00
[2026-06-15T16:16:50.797+0000] {processor.py:183} INFO - Processing /home/airflow/.local/lib/python3.12/site-packages/airflow/example_dags/example_nested_branch_dag.py took 0.154 seconds
[2026-06-15T16:17:21.255+0000] {processor.py:161} INFO - Started process (PID=1842) to work on /home/airflow/.local/lib/python3.12/site-packages/airflow/example_dags/example_nested_branch_dag.py
[2026-06-15T16:17:21.257+0000] {processor.py:830} INFO - Processing file /home/airflow/.local/lib/python3.12/site-packages/airflow/example_dags/example_nested_branch_dag.py for tasks to queue
[2026-06-15T16:17:21.260+0000] {logging_mixin.py:188} INFO - [2026-06-15T16:17:21.259+0000] {dagbag.py:545} INFO - Filling up the DagBag from /home/airflow/.local/lib/python3.12/site-packages/airflow/example_dags/example_nested_branch_dag.py
[2026-06-15T16:17:21.278+0000] {processor.py:840} INFO - DAG(s) 'example_nested_branch_dag' retrieved from /home/airflow/.local/lib/python3.12/site-packages/airflow/example_dags/example_nested_branch_dag.py
[2026-06-15T16:17:21.321+0000] {logging_mixin.py:188} INFO - [2026-06-15T16:17:21.321+0000] {dag.py:3096} INFO - Sync 1 DAGs
[2026-06-15T16:17:21.364+0000] {logging_mixin.py:188} INFO - [2026-06-15T16:17:21.363+0000] {dag.py:3954} INFO - Setting next_dagrun for example_nested_branch_dag to 2026-06-14 00:00:00+00:00, run_after=2026-06-15 00:00:00+00:00
[2026-06-15T16:17:21.397+0000] {processor.py:183} INFO - Processing /home/airflow/.local/lib/python3.12/site-packages/airflow/example_dags/example_nested_branch_dag.py took 0.150 seconds
[2026-06-15T16:17:51.757+0000] {processor.py:161} INFO - Started process (PID=1901) to work on /home/airflow/.local/lib/python3.12/site-packages/airflow/example_dags/example_nested_branch_dag.py
[2026-06-15T16:17:51.759+0000] {processor.py:830} INFO - Processing file /home/airflow/.local/lib/python3.12/site-packages/airflow/example_dags/example_nested_branch_dag.py for tasks to queue
[2026-06-15T16:17:51.763+0000] {logging_mixin.py:188} INFO - [2026-06-15T16:17:51.762+0000] {dagbag.py:545} INFO - Filling up the DagBag from /home/airflow/.local/lib/python3.12/site-packages/airflow/example_dags/example_nested_branch_dag.py
[2026-06-15T16:17:51.781+0000] {processor.py:840} INFO - DAG(s) 'example_nested_branch_dag' retrieved from /home/airflow/.local/lib/python3.12/site-packages/airflow/example_dags/example_nested_branch_dag.py
[2026-06-15T16:17:51.818+0000] {logging_mixin.py:188} INFO - [2026-06-15T16:17:51.818+0000] {dag.py:3096} INFO - Sync 1 DAGs
[2026-06-15T16:17:51.859+0000] {logging_mixin.py:188} INFO - [2026-06-15T16:17:51.858+0000] {dag.py:3954} INFO - Setting next_dagrun for example_nested_branch_dag to 2026-06-14 00:00:00+00:00, run_after=2026-06-15 00:00:00+00:00
[2026-06-15T16:17:51.891+0000] {processor.py:183} INFO - Processing /home/airflow/.local/lib/python3.12/site-packages/airflow/example_dags/example_nested_branch_dag.py took 0.144 seconds
[2026-06-15T16:18:22.403+0000] {processor.py:161} INFO - Started process (PID=1960) to work on /home/airflow/.local/lib/python3.12/site-packages/airflow/example_dags/example_nested_branch_dag.py
[2026-06-15T16:18:22.405+0000] {processor.py:830} INFO - Processing file /home/airflow/.local/lib/python3.12/site-packages/airflow/example_dags/example_nested_branch_dag.py for tasks to queue
[2026-06-15T16:18:22.409+0000] {logging_mixin.py:188} INFO - [2026-06-15T16:18:22.409+0000] {dagbag.py:545} INFO - Filling up the DagBag from /home/airflow/.local/lib/python3.12/site-packages/airflow/example_dags/example_nested_branch_dag.py
[2026-06-15T16:18:22.426+0000] {processor.py:840} INFO - DAG(s) 'example_nested_branch_dag' retrieved from /home/airflow/.local/lib/python3.12/site-packages/airflow/example_dags/example_nested_branch_dag.py
[2026-06-15T16:18:22.466+0000] {logging_mixin.py:188} INFO - [2026-06-15T16:18:22.466+0000] {dag.py:3096} INFO - Sync 1 DAGs
[2026-06-15T16:18:22.505+0000] {logging_mixin.py:188} INFO - [2026-06-15T16:18:22.505+0000] {dag.py:3954} INFO - Setting next_dagrun for example_nested_branch_dag to 2026-06-14 00:00:00+00:00, run_after=2026-06-15 00:00:00+00:00
[2026-06-15T16:18:22.542+0000] {processor.py:183} INFO - Processing /home/airflow/.local/lib/python3.12/site-packages/airflow/example_dags/example_nested_branch_dag.py took 0.149 seconds
[2026-06-15T16:18:53.319+0000] {processor.py:161} INFO - Started process (PID=2019) to work on /home/airflow/.local/lib/python3.12/site-packages/airflow/example_dags/example_nested_branch_dag.py
[2026-06-15T16:18:53.321+0000] {processor.py:830} INFO - Processing file /home/airflow/.local/lib/python3.12/site-packages/airflow/example_dags/example_nested_branch_dag.py for tasks to queue
[2026-06-15T16:18:53.324+0000] {logging_mixin.py:188} INFO - [2026-06-15T16:18:53.323+0000] {dagbag.py:545} INFO - Filling up the DagBag from /home/airflow/.local/lib/python3.12/site-packages/airflow/example_dags/example_nested_branch_dag.py
[2026-06-15T16:18:53.342+0000] {processor.py:840} INFO - DAG(s) 'example_nested_branch_dag' retrieved from /home/airflow/.local/lib/python3.12/site-packages/airflow/example_dags/example_nested_branch_dag.py
[2026-06-15T16:18:53.390+0000] {logging_mixin.py:188} INFO - [2026-06-15T16:18:53.389+0000] {dag.py:3096} INFO - Sync 1 DAGs
[2026-06-15T16:18:53.433+0000] {logging_mixin.py:188} INFO - [2026-06-15T16:18:53.432+0000] {dag.py:3954} INFO - Setting next_dagrun for example_nested_branch_dag to 2026-06-14 00:00:00+00:00, run_after=2026-06-15 00:00:00+00:00
[2026-06-15T16:18:53.466+0000] {processor.py:183} INFO - Processing /home/airflow/.local/lib/python3.12/site-packages/airflow/example_dags/example_nested_branch_dag.py took 0.158 seconds
[2026-06-15T16:19:23.910+0000] {processor.py:161} INFO - Started process (PID=2078) to work on /home/airflow/.local/lib/python3.12/site-packages/airflow/example_dags/example_nested_branch_dag.py
[2026-06-15T16:19:23.911+0000] {processor.py:830} INFO - Processing file /home/airflow/.local/lib/python3.12/site-packages/airflow/example_dags/example_nested_branch_dag.py for tasks to queue
[2026-06-15T16:19:23.916+0000] {logging_mixin.py:188} INFO - [2026-06-15T16:19:23.915+0000] {dagbag.py:545} INFO - Filling up the DagBag from /home/airflow/.local/lib/python3.12/site-packages/airflow/example_dags/example_nested_branch_dag.py
[2026-06-15T16:19:23.934+0000] {processor.py:840} INFO - DAG(s) 'example_nested_branch_dag' retrieved from /home/airflow/.local/lib/python3.12/site-packages/airflow/example_dags/example_nested_branch_dag.py
[2026-06-15T16:19:23.973+0000] {logging_mixin.py:188} INFO - [2026-06-15T16:19:23.972+0000] {dag.py:3096} INFO - Sync 1 DAGs
[2026-06-15T16:19:24.009+0000] {logging_mixin.py:188} INFO - [2026-06-15T16:19:24.008+0000] {dag.py:3954} INFO - Setting next_dagrun for example_nested_branch_dag to 2026-06-14 00:00:00+00:00, run_after=2026-06-15 00:00:00+00:00
[2026-06-15T16:19:24.043+0000] {processor.py:183} INFO - Processing /home/airflow/.local/lib/python3.12/site-packages/airflow/example_dags/example_nested_branch_dag.py took 0.141 seconds
[2026-06-15T16:19:54.191+0000] {processor.py:161} INFO - Started process (PID=2137) to work on /home/airflow/.local/lib/python3.12/site-packages/airflow/example_dags/example_nested_branch_dag.py
[2026-06-15T16:19:54.193+0000] {processor.py:830} INFO - Processing file /home/airflow/.local/lib/python3.12/site-packages/airflow/example_dags/example_nested_branch_dag.py for tasks to queue
[2026-06-15T16:19:54.196+0000] {logging_mixin.py:188} INFO - [2026-06-15T16:19:54.196+0000] {dagbag.py:545} INFO - Filling up the DagBag from /home/airflow/.local/lib/python3.12/site-packages/airflow/example_dags/example_nested_branch_dag.py
[2026-06-15T16:19:54.213+0000] {processor.py:840} INFO - DAG(s) 'example_nested_branch_dag' retrieved from /home/airflow/.local/lib/python3.12/site-packages/airflow/example_dags/example_nested_branch_dag.py
[2026-06-15T16:19:54.250+0000] {logging_mixin.py:188} INFO - [2026-06-15T16:19:54.250+0000] {dag.py:3096} INFO - Sync 1 DAGs
[2026-06-15T16:19:54.288+0000] {logging_mixin.py:188} INFO - [2026-06-15T16:19:54.287+0000] {dag.py:3954} INFO - Setting next_dagrun for example_nested_branch_dag to 2026-06-14 00:00:00+00:00, run_after=2026-06-15 00:00:00+00:00
[2026-06-15T16:19:54.326+0000] {processor.py:183} INFO - Processing /home/airflow/.local/lib/python3.12/site-packages/airflow/example_dags/example_nested_branch_dag.py took 0.146 seconds
[2026-06-15T16:20:24.774+0000] {processor.py:161} INFO - Started process (PID=2196) to work on /home/airflow/.local/lib/python3.12/site-packages/airflow/example_dags/example_nested_branch_dag.py
[2026-06-15T16:20:24.776+0000] {processor.py:830} INFO - Processing file /home/airflow/.local/lib/python3.12/site-packages/airflow/example_dags/example_nested_branch_dag.py for tasks to queue
[2026-06-15T16:20:24.782+0000] {logging_mixin.py:188} INFO - [2026-06-15T16:20:24.781+0000] {dagbag.py:545} INFO - Filling up the DagBag from /home/airflow/.local/lib/python3.12/site-packages/airflow/example_dags/example_nested_branch_dag.py
[2026-06-15T16:20:24.800+0000] {processor.py:840} INFO - DAG(s) 'example_nested_branch_dag' retrieved from /home/airflow/.local/lib/python3.12/site-packages/airflow/example_dags/example_nested_branch_dag.py
[2026-06-15T16:20:24.838+0000] {logging_mixin.py:188} INFO - [2026-06-15T16:20:24.837+0000] {dag.py:3096} INFO - Sync 1 DAGs
[2026-06-15T16:20:24.873+0000] {logging_mixin.py:188} INFO - [2026-06-15T16:20:24.873+0000] {dag.py:3954} INFO - Setting next_dagrun for example_nested_branch_dag to 2026-06-14 00:00:00+00:00, run_after=2026-06-15 00:00:00+00:00
[2026-06-15T16:20:24.905+0000] {processor.py:183} INFO - Processing /home/airflow/.local/lib/python3.12/site-packages/airflow/example_dags/example_nested_branch_dag.py took 0.142 seconds
[2026-06-15T16:45:28.323+0000] {processor.py:161} INFO - Started process (PID=2254) to work on /home/airflow/.local/lib/python3.12/site-packages/airflow/example_dags/example_nested_branch_dag.py
[2026-06-15T16:45:28.325+0000] {processor.py:830} INFO - Processing file /home/airflow/.local/lib/python3.12/site-packages/airflow/example_dags/example_nested_branch_dag.py for tasks to queue
[2026-06-15T16:45:28.329+0000] {logging_mixin.py:188} INFO - [2026-06-15T16:45:28.328+0000] {dagbag.py:545} INFO - Filling up the DagBag from /home/airflow/.local/lib/python3.12/site-packages/airflow/example_dags/example_nested_branch_dag.py
[2026-06-15T16:45:28.348+0000] {processor.py:840} INFO - DAG(s) 'example_nested_branch_dag' retrieved from /home/airflow/.local/lib/python3.12/site-packages/airflow/example_dags/example_nested_branch_dag.py
[2026-06-15T16:45:28.400+0000] {logging_mixin.py:188} INFO - [2026-06-15T16:45:28.399+0000] {dag.py:3096} INFO - Sync 1 DAGs
[2026-06-15T16:45:28.482+0000] {logging_mixin.py:188} INFO - [2026-06-15T16:45:28.482+0000] {dag.py:3954} INFO - Setting next_dagrun for example_nested_branch_dag to 2026-06-14 00:00:00+00:00, run_after=2026-06-15 00:00:00+00:00
[2026-06-15T16:45:28.547+0000] {processor.py:183} INFO - Processing /home/airflow/.local/lib/python3.12/site-packages/airflow/example_dags/example_nested_branch_dag.py took 0.238 seconds
[2026-06-15T16:45:58.690+0000] {processor.py:161} INFO - Started process (PID=2313) to work on /home/airflow/.local/lib/python3.12/site-packages/airflow/example_dags/example_nested_branch_dag.py
[2026-06-15T16:45:58.692+0000] {processor.py:830} INFO - Processing file /home/airflow/.local/lib/python3.12/site-packages/airflow/example_dags/example_nested_branch_dag.py for tasks to queue
[2026-06-15T16:45:58.695+0000] {logging_mixin.py:188} INFO - [2026-06-15T16:45:58.695+0000] {dagbag.py:545} INFO - Filling up the DagBag from /home/airflow/.local/lib/python3.12/site-packages/airflow/example_dags/example_nested_branch_dag.py
[2026-06-15T16:45:58.708+0000] {processor.py:840} INFO - DAG(s) 'example_nested_branch_dag' retrieved from /home/airflow/.local/lib/python3.12/site-packages/airflow/example_dags/example_nested_branch_dag.py
[2026-06-15T16:45:58.741+0000] {logging_mixin.py:188} INFO - [2026-06-15T16:45:58.741+0000] {dag.py:3096} INFO - Sync 1 DAGs
[2026-06-15T16:45:58.776+0000] {logging_mixin.py:188} INFO - [2026-06-15T16:45:58.776+0000] {dag.py:3954} INFO - Setting next_dagrun for example_nested_branch_dag to 2026-06-14 00:00:00+00:00, run_after=2026-06-15 00:00:00+00:00
[2026-06-15T16:45:58.813+0000] {processor.py:183} INFO - Processing /home/airflow/.local/lib/python3.12/site-packages/airflow/example_dags/example_nested_branch_dag.py took 0.130 seconds
[2026-06-15T16:46:29.269+0000] {processor.py:161} INFO - Started process (PID=2372) to work on /home/airflow/.local/lib/python3.12/site-packages/airflow/example_dags/example_nested_branch_dag.py
[2026-06-15T16:46:29.271+0000] {processor.py:830} INFO - Processing file /home/airflow/.local/lib/python3.12/site-packages/airflow/example_dags/example_nested_branch_dag.py for tasks to queue
[2026-06-15T16:46:29.275+0000] {logging_mixin.py:188} INFO - [2026-06-15T16:46:29.274+0000] {dagbag.py:545} INFO - Filling up the DagBag from /home/airflow/.local/lib/python3.12/site-packages/airflow/example_dags/example_nested_branch_dag.py
[2026-06-15T16:46:29.292+0000] {processor.py:840} INFO - DAG(s) 'example_nested_branch_dag' retrieved from /home/airflow/.local/lib/python3.12/site-packages/airflow/example_dags/example_nested_branch_dag.py
[2026-06-15T16:46:29.332+0000] {logging_mixin.py:188} INFO - [2026-06-15T16:46:29.331+0000] {dag.py:3096} INFO - Sync 1 DAGs
[2026-06-15T16:46:29.370+0000] {logging_mixin.py:188} INFO - [2026-06-15T16:46:29.370+0000] {dag.py:3954} INFO - Setting next_dagrun for example_nested_branch_dag to 2026-06-14 00:00:00+00:00, run_after=2026-06-15 00:00:00+00:00
[2026-06-15T16:46:29.407+0000] {processor.py:183} INFO - Processing /home/airflow/.local/lib/python3.12/site-packages/airflow/example_dags/example_nested_branch_dag.py took 0.146 seconds
