[2026-06-23T02:46:54.722+0000] {processor.py:161} INFO - Started process (PID=68) to work on /opt/airflow/dags/airpulse_pipeline.py
[2026-06-23T02:46:54.725+0000] {processor.py:830} INFO - Processing file /opt/airflow/dags/airpulse_pipeline.py for tasks to queue
[2026-06-23T02:46:54.730+0000] {logging_mixin.py:188} INFO - [2026-06-23T02:46:54.729+0000] {dagbag.py:545} INFO - Filling up the DagBag from /opt/airflow/dags/airpulse_pipeline.py
[2026-06-23T02:46:54.816+0000] {processor.py:840} INFO - DAG(s) 'airpulse_pipeline' retrieved from /opt/airflow/dags/airpulse_pipeline.py
[2026-06-23T02:46:55.291+0000] {logging_mixin.py:188} INFO - [2026-06-23T02:46:55.291+0000] {dag.py:3096} INFO - Sync 1 DAGs
[2026-06-23T02:46:55.344+0000] {logging_mixin.py:188} INFO - [2026-06-23T02:46:55.343+0000] {dag.py:3954} INFO - Setting next_dagrun for airpulse_pipeline to 2026-06-22 00:00:00+00:00, run_after=2026-06-23 00:00:00+00:00
[2026-06-23T02:46:55.388+0000] {processor.py:183} INFO - Processing /opt/airflow/dags/airpulse_pipeline.py took 0.683 seconds
[2026-06-23T02:47:25.653+0000] {processor.py:161} INFO - Started process (PID=127) to work on /opt/airflow/dags/airpulse_pipeline.py
[2026-06-23T02:47:25.655+0000] {processor.py:830} INFO - Processing file /opt/airflow/dags/airpulse_pipeline.py for tasks to queue
[2026-06-23T02:47:25.660+0000] {logging_mixin.py:188} INFO - [2026-06-23T02:47:25.659+0000] {dagbag.py:545} INFO - Filling up the DagBag from /opt/airflow/dags/airpulse_pipeline.py
[2026-06-23T02:47:25.722+0000] {processor.py:840} INFO - DAG(s) 'airpulse_pipeline' retrieved from /opt/airflow/dags/airpulse_pipeline.py
[2026-06-23T02:47:25.789+0000] {logging_mixin.py:188} INFO - [2026-06-23T02:47:25.788+0000] {dag.py:3096} INFO - Sync 1 DAGs
[2026-06-23T02:47:25.841+0000] {logging_mixin.py:188} INFO - [2026-06-23T02:47:25.841+0000] {dag.py:3954} INFO - Setting next_dagrun for airpulse_pipeline to 2026-06-23 00:00:00+00:00, run_after=2026-06-24 00:00:00+00:00
[2026-06-23T02:47:25.887+0000] {processor.py:183} INFO - Processing /opt/airflow/dags/airpulse_pipeline.py took 0.245 seconds
[2026-06-23T02:47:56.077+0000] {processor.py:161} INFO - Started process (PID=186) to work on /opt/airflow/dags/airpulse_pipeline.py
[2026-06-23T02:47:56.078+0000] {processor.py:830} INFO - Processing file /opt/airflow/dags/airpulse_pipeline.py for tasks to queue
[2026-06-23T02:47:56.082+0000] {logging_mixin.py:188} INFO - [2026-06-23T02:47:56.081+0000] {dagbag.py:545} INFO - Filling up the DagBag from /opt/airflow/dags/airpulse_pipeline.py
[2026-06-23T02:47:56.119+0000] {processor.py:840} INFO - DAG(s) 'airpulse_pipeline' retrieved from /opt/airflow/dags/airpulse_pipeline.py
[2026-06-23T02:47:56.152+0000] {logging_mixin.py:188} INFO - [2026-06-23T02:47:56.151+0000] {dag.py:3096} INFO - Sync 1 DAGs
[2026-06-23T02:47:56.185+0000] {logging_mixin.py:188} INFO - [2026-06-23T02:47:56.185+0000] {dag.py:3954} INFO - Setting next_dagrun for airpulse_pipeline to 2026-06-23 00:00:00+00:00, run_after=2026-06-24 00:00:00+00:00
[2026-06-23T02:47:56.226+0000] {processor.py:183} INFO - Processing /opt/airflow/dags/airpulse_pipeline.py took 0.161 seconds
[2026-06-23T02:48:26.603+0000] {processor.py:161} INFO - Started process (PID=245) to work on /opt/airflow/dags/airpulse_pipeline.py
[2026-06-23T02:48:26.605+0000] {processor.py:830} INFO - Processing file /opt/airflow/dags/airpulse_pipeline.py for tasks to queue
[2026-06-23T02:48:26.609+0000] {logging_mixin.py:188} INFO - [2026-06-23T02:48:26.608+0000] {dagbag.py:545} INFO - Filling up the DagBag from /opt/airflow/dags/airpulse_pipeline.py
[2026-06-23T02:48:26.646+0000] {processor.py:840} INFO - DAG(s) 'airpulse_pipeline' retrieved from /opt/airflow/dags/airpulse_pipeline.py
[2026-06-23T02:48:26.686+0000] {logging_mixin.py:188} INFO - [2026-06-23T02:48:26.686+0000] {dag.py:3096} INFO - Sync 1 DAGs
[2026-06-23T02:48:26.733+0000] {logging_mixin.py:188} INFO - [2026-06-23T02:48:26.733+0000] {dag.py:3954} INFO - Setting next_dagrun for airpulse_pipeline to 2026-06-23 00:00:00+00:00, run_after=2026-06-24 00:00:00+00:00
[2026-06-23T02:48:26.778+0000] {processor.py:183} INFO - Processing /opt/airflow/dags/airpulse_pipeline.py took 0.187 seconds
[2026-06-23T02:48:37.301+0000] {processor.py:161} INFO - Started process (PID=299) to work on /opt/airflow/dags/airpulse_pipeline.py
[2026-06-23T02:48:37.303+0000] {processor.py:830} INFO - Processing file /opt/airflow/dags/airpulse_pipeline.py for tasks to queue
[2026-06-23T02:48:37.306+0000] {logging_mixin.py:188} INFO - [2026-06-23T02:48:37.306+0000] {dagbag.py:545} INFO - Filling up the DagBag from /opt/airflow/dags/airpulse_pipeline.py
[2026-06-23T02:48:37.337+0000] {logging_mixin.py:188} INFO - [2026-06-23T02:48:37.336+0000] {dagbag.py:355} ERROR - Failed to import: /opt/airflow/dags/airpulse_pipeline.py
Traceback (most recent call last):
  File "/home/airflow/.local/lib/python3.12/site-packages/airflow/models/dagbag.py", line 351, in parse
    loader.exec_module(new_module)
  File "<frozen importlib._bootstrap_external>", line 991, in exec_module
  File "<frozen importlib._bootstrap_external>", line 1129, in get_code
  File "<frozen importlib._bootstrap_external>", line 1059, in source_to_code
  File "<frozen importlib._bootstrap>", line 488, in _call_with_frames_removed
  File "/opt/airflow/dags/airpulse_pipeline.py", line 22
    bash_command='cd /opt/airflow/transform && dbt run --profiles-dir . --no-partial-parse",
                 ^
SyntaxError: unterminated string literal (detected at line 22)
[2026-06-23T02:48:37.339+0000] {processor.py:842} WARNING - No viable dags retrieved from /opt/airflow/dags/airpulse_pipeline.py
[2026-06-23T02:48:37.376+0000] {processor.py:183} INFO - Processing /opt/airflow/dags/airpulse_pipeline.py took 0.083 seconds
[2026-06-23T02:48:44.361+0000] {processor.py:161} INFO - Started process (PID=305) to work on /opt/airflow/dags/airpulse_pipeline.py
[2026-06-23T02:48:44.363+0000] {processor.py:830} INFO - Processing file /opt/airflow/dags/airpulse_pipeline.py for tasks to queue
[2026-06-23T02:48:44.367+0000] {logging_mixin.py:188} INFO - [2026-06-23T02:48:44.366+0000] {dagbag.py:545} INFO - Filling up the DagBag from /opt/airflow/dags/airpulse_pipeline.py
[2026-06-23T02:48:44.397+0000] {logging_mixin.py:188} INFO - [2026-06-23T02:48:44.395+0000] {dagbag.py:355} ERROR - Failed to import: /opt/airflow/dags/airpulse_pipeline.py
Traceback (most recent call last):
  File "/home/airflow/.local/lib/python3.12/site-packages/airflow/models/dagbag.py", line 351, in parse
    loader.exec_module(new_module)
  File "<frozen importlib._bootstrap_external>", line 991, in exec_module
  File "<frozen importlib._bootstrap_external>", line 1129, in get_code
  File "<frozen importlib._bootstrap_external>", line 1059, in source_to_code
  File "<frozen importlib._bootstrap>", line 488, in _call_with_frames_removed
  File "/opt/airflow/dags/airpulse_pipeline.py", line 22
    bash_command='cd /opt/airflow/transform && dbt run --profiles-dir . --no-partial-parse",
                 ^
SyntaxError: unterminated string literal (detected at line 22)
[2026-06-23T02:48:44.398+0000] {processor.py:842} WARNING - No viable dags retrieved from /opt/airflow/dags/airpulse_pipeline.py
[2026-06-23T02:48:44.438+0000] {processor.py:183} INFO - Processing /opt/airflow/dags/airpulse_pipeline.py took 0.086 seconds
[2026-06-23T02:49:14.584+0000] {processor.py:161} INFO - Started process (PID=364) to work on /opt/airflow/dags/airpulse_pipeline.py
[2026-06-23T02:49:14.587+0000] {processor.py:830} INFO - Processing file /opt/airflow/dags/airpulse_pipeline.py for tasks to queue
[2026-06-23T02:49:14.591+0000] {logging_mixin.py:188} INFO - [2026-06-23T02:49:14.590+0000] {dagbag.py:545} INFO - Filling up the DagBag from /opt/airflow/dags/airpulse_pipeline.py
[2026-06-23T02:49:14.621+0000] {logging_mixin.py:188} INFO - [2026-06-23T02:49:14.619+0000] {dagbag.py:355} ERROR - Failed to import: /opt/airflow/dags/airpulse_pipeline.py
Traceback (most recent call last):
  File "/home/airflow/.local/lib/python3.12/site-packages/airflow/models/dagbag.py", line 351, in parse
    loader.exec_module(new_module)
  File "<frozen importlib._bootstrap_external>", line 991, in exec_module
  File "<frozen importlib._bootstrap_external>", line 1129, in get_code
  File "<frozen importlib._bootstrap_external>", line 1059, in source_to_code
  File "<frozen importlib._bootstrap>", line 488, in _call_with_frames_removed
  File "/opt/airflow/dags/airpulse_pipeline.py", line 22
    bash_command='cd /opt/airflow/transform && dbt run --profiles-dir . --no-partial-parse",
                 ^
SyntaxError: unterminated string literal (detected at line 22)
[2026-06-23T02:49:14.622+0000] {processor.py:842} WARNING - No viable dags retrieved from /opt/airflow/dags/airpulse_pipeline.py
[2026-06-23T02:49:14.662+0000] {processor.py:183} INFO - Processing /opt/airflow/dags/airpulse_pipeline.py took 0.091 seconds
[2026-06-23T02:49:45.026+0000] {processor.py:161} INFO - Started process (PID=423) to work on /opt/airflow/dags/airpulse_pipeline.py
[2026-06-23T02:49:45.028+0000] {processor.py:830} INFO - Processing file /opt/airflow/dags/airpulse_pipeline.py for tasks to queue
[2026-06-23T02:49:45.033+0000] {logging_mixin.py:188} INFO - [2026-06-23T02:49:45.032+0000] {dagbag.py:545} INFO - Filling up the DagBag from /opt/airflow/dags/airpulse_pipeline.py
[2026-06-23T02:49:45.062+0000] {logging_mixin.py:188} INFO - [2026-06-23T02:49:45.060+0000] {dagbag.py:355} ERROR - Failed to import: /opt/airflow/dags/airpulse_pipeline.py
Traceback (most recent call last):
  File "/home/airflow/.local/lib/python3.12/site-packages/airflow/models/dagbag.py", line 351, in parse
    loader.exec_module(new_module)
  File "<frozen importlib._bootstrap_external>", line 991, in exec_module
  File "<frozen importlib._bootstrap_external>", line 1129, in get_code
  File "<frozen importlib._bootstrap_external>", line 1059, in source_to_code
  File "<frozen importlib._bootstrap>", line 488, in _call_with_frames_removed
  File "/opt/airflow/dags/airpulse_pipeline.py", line 22
    bash_command='cd /opt/airflow/transform && dbt run --profiles-dir . --no-partial-parse",
                 ^
SyntaxError: unterminated string literal (detected at line 22)
[2026-06-23T02:49:45.064+0000] {processor.py:842} WARNING - No viable dags retrieved from /opt/airflow/dags/airpulse_pipeline.py
[2026-06-23T02:49:45.104+0000] {processor.py:183} INFO - Processing /opt/airflow/dags/airpulse_pipeline.py took 0.090 seconds
[2026-06-23T02:50:00.609+0000] {processor.py:161} INFO - Started process (PID=435) to work on /opt/airflow/dags/airpulse_pipeline.py
[2026-06-23T02:50:00.610+0000] {processor.py:830} INFO - Processing file /opt/airflow/dags/airpulse_pipeline.py for tasks to queue
[2026-06-23T02:50:00.613+0000] {logging_mixin.py:188} INFO - [2026-06-23T02:50:00.613+0000] {dagbag.py:545} INFO - Filling up the DagBag from /opt/airflow/dags/airpulse_pipeline.py
[2026-06-23T02:50:00.659+0000] {logging_mixin.py:188} INFO - [2026-06-23T02:50:00.656+0000] {dagbag.py:355} ERROR - Failed to import: /opt/airflow/dags/airpulse_pipeline.py
Traceback (most recent call last):
  File "/home/airflow/.local/lib/python3.12/site-packages/airflow/models/dagbag.py", line 351, in parse
    loader.exec_module(new_module)
  File "<frozen importlib._bootstrap_external>", line 991, in exec_module
  File "<frozen importlib._bootstrap_external>", line 1129, in get_code
  File "<frozen importlib._bootstrap_external>", line 1059, in source_to_code
  File "<frozen importlib._bootstrap>", line 488, in _call_with_frames_removed
  File "/opt/airflow/dags/airpulse_pipeline.py", line 22
    bash_command='cd /opt/airflow/transform && dbt run --profiles-dir . --no-partial-parse",
                 ^
SyntaxError: unterminated string literal (detected at line 22)
[2026-06-23T02:50:00.661+0000] {processor.py:842} WARNING - No viable dags retrieved from /opt/airflow/dags/airpulse_pipeline.py
[2026-06-23T02:50:00.702+0000] {processor.py:183} INFO - Processing /opt/airflow/dags/airpulse_pipeline.py took 0.101 seconds
[2026-06-23T02:50:30.967+0000] {processor.py:161} INFO - Started process (PID=494) to work on /opt/airflow/dags/airpulse_pipeline.py
[2026-06-23T02:50:30.970+0000] {processor.py:830} INFO - Processing file /opt/airflow/dags/airpulse_pipeline.py for tasks to queue
[2026-06-23T02:50:30.976+0000] {logging_mixin.py:188} INFO - [2026-06-23T02:50:30.975+0000] {dagbag.py:545} INFO - Filling up the DagBag from /opt/airflow/dags/airpulse_pipeline.py
[2026-06-23T02:50:31.028+0000] {logging_mixin.py:188} INFO - [2026-06-23T02:50:31.025+0000] {dagbag.py:355} ERROR - Failed to import: /opt/airflow/dags/airpulse_pipeline.py
Traceback (most recent call last):
  File "/home/airflow/.local/lib/python3.12/site-packages/airflow/models/dagbag.py", line 351, in parse
    loader.exec_module(new_module)
  File "<frozen importlib._bootstrap_external>", line 991, in exec_module
  File "<frozen importlib._bootstrap_external>", line 1129, in get_code
  File "<frozen importlib._bootstrap_external>", line 1059, in source_to_code
  File "<frozen importlib._bootstrap>", line 488, in _call_with_frames_removed
  File "/opt/airflow/dags/airpulse_pipeline.py", line 22
    bash_command='cd /opt/airflow/transform && dbt run --profiles-dir . --no-partial-parse",
                 ^
SyntaxError: unterminated string literal (detected at line 22)
[2026-06-23T02:50:31.032+0000] {processor.py:842} WARNING - No viable dags retrieved from /opt/airflow/dags/airpulse_pipeline.py
[2026-06-23T02:50:31.081+0000] {processor.py:183} INFO - Processing /opt/airflow/dags/airpulse_pipeline.py took 0.132 seconds
[2026-06-23T02:50:35.901+0000] {processor.py:161} INFO - Started process (PID=521) to work on /opt/airflow/dags/airpulse_pipeline.py
[2026-06-23T02:50:35.903+0000] {processor.py:830} INFO - Processing file /opt/airflow/dags/airpulse_pipeline.py for tasks to queue
[2026-06-23T02:50:35.906+0000] {logging_mixin.py:188} INFO - [2026-06-23T02:50:35.906+0000] {dagbag.py:545} INFO - Filling up the DagBag from /opt/airflow/dags/airpulse_pipeline.py
[2026-06-23T02:50:35.970+0000] {processor.py:840} INFO - DAG(s) 'airpulse_pipeline' retrieved from /opt/airflow/dags/airpulse_pipeline.py
[2026-06-23T02:50:36.147+0000] {logging_mixin.py:188} INFO - [2026-06-23T02:50:36.146+0000] {dag.py:3096} INFO - Sync 1 DAGs
[2026-06-23T02:50:36.164+0000] {logging_mixin.py:188} INFO - [2026-06-23T02:50:36.164+0000] {dag.py:3118} INFO - Creating ORM DAG for airpulse_pipeline
[2026-06-23T02:50:36.181+0000] {logging_mixin.py:188} INFO - [2026-06-23T02:50:36.181+0000] {dag.py:3954} INFO - Setting next_dagrun for airpulse_pipeline to 2026-06-23 00:00:00+00:00, run_after=2026-06-24 00:00:00+00:00
[2026-06-23T02:50:36.227+0000] {processor.py:183} INFO - Processing /opt/airflow/dags/airpulse_pipeline.py took 0.335 seconds
[2026-06-23T02:50:37.416+0000] {processor.py:161} INFO - Started process (PID=531) to work on /opt/airflow/dags/airpulse_pipeline.py
[2026-06-23T02:50:37.418+0000] {processor.py:830} INFO - Processing file /opt/airflow/dags/airpulse_pipeline.py for tasks to queue
[2026-06-23T02:50:37.421+0000] {logging_mixin.py:188} INFO - [2026-06-23T02:50:37.421+0000] {dagbag.py:545} INFO - Filling up the DagBag from /opt/airflow/dags/airpulse_pipeline.py
[2026-06-23T02:50:37.481+0000] {processor.py:840} INFO - DAG(s) 'airpulse_pipeline' retrieved from /opt/airflow/dags/airpulse_pipeline.py
[2026-06-23T02:50:37.507+0000] {logging_mixin.py:188} INFO - [2026-06-23T02:50:37.506+0000] {dag.py:3096} INFO - Sync 1 DAGs
[2026-06-23T02:50:37.542+0000] {logging_mixin.py:188} INFO - [2026-06-23T02:50:37.542+0000] {dag.py:3954} INFO - Setting next_dagrun for airpulse_pipeline to 2026-06-23 00:00:00+00:00, run_after=2026-06-24 00:00:00+00:00
[2026-06-23T02:50:37.583+0000] {processor.py:183} INFO - Processing /opt/airflow/dags/airpulse_pipeline.py took 0.178 seconds
[2026-06-23T02:51:07.704+0000] {processor.py:161} INFO - Started process (PID=589) to work on /opt/airflow/dags/airpulse_pipeline.py
[2026-06-23T02:51:07.706+0000] {processor.py:830} INFO - Processing file /opt/airflow/dags/airpulse_pipeline.py for tasks to queue
[2026-06-23T02:51:07.709+0000] {logging_mixin.py:188} INFO - [2026-06-23T02:51:07.708+0000] {dagbag.py:545} INFO - Filling up the DagBag from /opt/airflow/dags/airpulse_pipeline.py
[2026-06-23T02:51:07.743+0000] {processor.py:840} INFO - DAG(s) 'airpulse_pipeline' retrieved from /opt/airflow/dags/airpulse_pipeline.py
[2026-06-23T02:51:07.778+0000] {logging_mixin.py:188} INFO - [2026-06-23T02:51:07.777+0000] {dag.py:3096} INFO - Sync 1 DAGs
[2026-06-23T02:51:07.816+0000] {logging_mixin.py:188} INFO - [2026-06-23T02:51:07.816+0000] {dag.py:3954} INFO - Setting next_dagrun for airpulse_pipeline to 2026-06-23 00:00:00+00:00, run_after=2026-06-24 00:00:00+00:00
[2026-06-23T02:51:07.853+0000] {processor.py:183} INFO - Processing /opt/airflow/dags/airpulse_pipeline.py took 0.158 seconds
[2026-06-23T02:51:38.050+0000] {processor.py:161} INFO - Started process (PID=648) to work on /opt/airflow/dags/airpulse_pipeline.py
[2026-06-23T02:51:38.052+0000] {processor.py:830} INFO - Processing file /opt/airflow/dags/airpulse_pipeline.py for tasks to queue
[2026-06-23T02:51:38.056+0000] {logging_mixin.py:188} INFO - [2026-06-23T02:51:38.055+0000] {dagbag.py:545} INFO - Filling up the DagBag from /opt/airflow/dags/airpulse_pipeline.py
[2026-06-23T02:51:38.086+0000] {processor.py:840} INFO - DAG(s) 'airpulse_pipeline' retrieved from /opt/airflow/dags/airpulse_pipeline.py
[2026-06-23T02:51:38.123+0000] {logging_mixin.py:188} INFO - [2026-06-23T02:51:38.123+0000] {dag.py:3096} INFO - Sync 1 DAGs
[2026-06-23T02:51:38.158+0000] {logging_mixin.py:188} INFO - [2026-06-23T02:51:38.157+0000] {dag.py:3954} INFO - Setting next_dagrun for airpulse_pipeline to 2026-06-23 00:00:00+00:00, run_after=2026-06-24 00:00:00+00:00
[2026-06-23T02:51:38.194+0000] {processor.py:183} INFO - Processing /opt/airflow/dags/airpulse_pipeline.py took 0.152 seconds
[2026-06-23T02:52:08.547+0000] {processor.py:161} INFO - Started process (PID=707) to work on /opt/airflow/dags/airpulse_pipeline.py
[2026-06-23T02:52:08.548+0000] {processor.py:830} INFO - Processing file /opt/airflow/dags/airpulse_pipeline.py for tasks to queue
[2026-06-23T02:52:08.551+0000] {logging_mixin.py:188} INFO - [2026-06-23T02:52:08.551+0000] {dagbag.py:545} INFO - Filling up the DagBag from /opt/airflow/dags/airpulse_pipeline.py
[2026-06-23T02:52:08.580+0000] {processor.py:840} INFO - DAG(s) 'airpulse_pipeline' retrieved from /opt/airflow/dags/airpulse_pipeline.py
[2026-06-23T02:52:08.609+0000] {logging_mixin.py:188} INFO - [2026-06-23T02:52:08.609+0000] {dag.py:3096} INFO - Sync 1 DAGs
[2026-06-23T02:52:08.639+0000] {logging_mixin.py:188} INFO - [2026-06-23T02:52:08.639+0000] {dag.py:3954} INFO - Setting next_dagrun for airpulse_pipeline to 2026-06-23 00:00:00+00:00, run_after=2026-06-24 00:00:00+00:00
[2026-06-23T02:52:08.672+0000] {processor.py:183} INFO - Processing /opt/airflow/dags/airpulse_pipeline.py took 0.132 seconds
[2026-06-23T02:52:39.204+0000] {processor.py:161} INFO - Started process (PID=766) to work on /opt/airflow/dags/airpulse_pipeline.py
[2026-06-23T02:52:39.206+0000] {processor.py:830} INFO - Processing file /opt/airflow/dags/airpulse_pipeline.py for tasks to queue
[2026-06-23T02:52:39.209+0000] {logging_mixin.py:188} INFO - [2026-06-23T02:52:39.209+0000] {dagbag.py:545} INFO - Filling up the DagBag from /opt/airflow/dags/airpulse_pipeline.py
[2026-06-23T02:52:39.239+0000] {processor.py:840} INFO - DAG(s) 'airpulse_pipeline' retrieved from /opt/airflow/dags/airpulse_pipeline.py
[2026-06-23T02:52:39.267+0000] {logging_mixin.py:188} INFO - [2026-06-23T02:52:39.267+0000] {dag.py:3096} INFO - Sync 1 DAGs
[2026-06-23T02:52:39.298+0000] {logging_mixin.py:188} INFO - [2026-06-23T02:52:39.298+0000] {dag.py:3954} INFO - Setting next_dagrun for airpulse_pipeline to 2026-06-23 00:00:00+00:00, run_after=2026-06-24 00:00:00+00:00
[2026-06-23T02:52:39.329+0000] {processor.py:183} INFO - Processing /opt/airflow/dags/airpulse_pipeline.py took 0.132 seconds
[2026-06-23T02:53:09.556+0000] {processor.py:161} INFO - Started process (PID=825) to work on /opt/airflow/dags/airpulse_pipeline.py
[2026-06-23T02:53:09.557+0000] {processor.py:830} INFO - Processing file /opt/airflow/dags/airpulse_pipeline.py for tasks to queue
[2026-06-23T02:53:09.560+0000] {logging_mixin.py:188} INFO - [2026-06-23T02:53:09.559+0000] {dagbag.py:545} INFO - Filling up the DagBag from /opt/airflow/dags/airpulse_pipeline.py
[2026-06-23T02:53:09.587+0000] {processor.py:840} INFO - DAG(s) 'airpulse_pipeline' retrieved from /opt/airflow/dags/airpulse_pipeline.py
[2026-06-23T02:53:09.616+0000] {logging_mixin.py:188} INFO - [2026-06-23T02:53:09.616+0000] {dag.py:3096} INFO - Sync 1 DAGs
[2026-06-23T02:53:09.647+0000] {logging_mixin.py:188} INFO - [2026-06-23T02:53:09.647+0000] {dag.py:3954} INFO - Setting next_dagrun for airpulse_pipeline to 2026-06-23 00:00:00+00:00, run_after=2026-06-24 00:00:00+00:00
[2026-06-23T02:53:09.680+0000] {processor.py:183} INFO - Processing /opt/airflow/dags/airpulse_pipeline.py took 0.131 seconds
[2026-06-23T02:53:39.975+0000] {processor.py:161} INFO - Started process (PID=883) to work on /opt/airflow/dags/airpulse_pipeline.py
[2026-06-23T02:53:39.976+0000] {processor.py:830} INFO - Processing file /opt/airflow/dags/airpulse_pipeline.py for tasks to queue
[2026-06-23T02:53:39.979+0000] {logging_mixin.py:188} INFO - [2026-06-23T02:53:39.978+0000] {dagbag.py:545} INFO - Filling up the DagBag from /opt/airflow/dags/airpulse_pipeline.py
[2026-06-23T02:53:40.002+0000] {processor.py:840} INFO - DAG(s) 'airpulse_pipeline' retrieved from /opt/airflow/dags/airpulse_pipeline.py
[2026-06-23T02:53:40.026+0000] {logging_mixin.py:188} INFO - [2026-06-23T02:53:40.026+0000] {dag.py:3096} INFO - Sync 1 DAGs
[2026-06-23T02:53:40.053+0000] {logging_mixin.py:188} INFO - [2026-06-23T02:53:40.053+0000] {dag.py:3954} INFO - Setting next_dagrun for airpulse_pipeline to 2026-06-23 00:00:00+00:00, run_after=2026-06-24 00:00:00+00:00
[2026-06-23T02:53:40.081+0000] {processor.py:183} INFO - Processing /opt/airflow/dags/airpulse_pipeline.py took 0.113 seconds
[2026-06-23T02:54:10.211+0000] {processor.py:161} INFO - Started process (PID=942) to work on /opt/airflow/dags/airpulse_pipeline.py
[2026-06-23T02:54:10.213+0000] {processor.py:830} INFO - Processing file /opt/airflow/dags/airpulse_pipeline.py for tasks to queue
[2026-06-23T02:54:10.217+0000] {logging_mixin.py:188} INFO - [2026-06-23T02:54:10.217+0000] {dagbag.py:545} INFO - Filling up the DagBag from /opt/airflow/dags/airpulse_pipeline.py
[2026-06-23T02:54:10.249+0000] {processor.py:840} INFO - DAG(s) 'airpulse_pipeline' retrieved from /opt/airflow/dags/airpulse_pipeline.py
[2026-06-23T02:54:10.275+0000] {logging_mixin.py:188} INFO - [2026-06-23T02:54:10.274+0000] {dag.py:3096} INFO - Sync 1 DAGs
[2026-06-23T02:54:10.302+0000] {logging_mixin.py:188} INFO - [2026-06-23T02:54:10.302+0000] {dag.py:3954} INFO - Setting next_dagrun for airpulse_pipeline to 2026-06-23 00:00:00+00:00, run_after=2026-06-24 00:00:00+00:00
[2026-06-23T02:54:10.334+0000] {processor.py:183} INFO - Processing /opt/airflow/dags/airpulse_pipeline.py took 0.130 seconds
[2026-06-23T02:54:40.490+0000] {processor.py:161} INFO - Started process (PID=1000) to work on /opt/airflow/dags/airpulse_pipeline.py
[2026-06-23T02:54:40.492+0000] {processor.py:830} INFO - Processing file /opt/airflow/dags/airpulse_pipeline.py for tasks to queue
[2026-06-23T02:54:40.494+0000] {logging_mixin.py:188} INFO - [2026-06-23T02:54:40.494+0000] {dagbag.py:545} INFO - Filling up the DagBag from /opt/airflow/dags/airpulse_pipeline.py
[2026-06-23T02:54:40.525+0000] {processor.py:840} INFO - DAG(s) 'airpulse_pipeline' retrieved from /opt/airflow/dags/airpulse_pipeline.py
[2026-06-23T02:54:40.555+0000] {logging_mixin.py:188} INFO - [2026-06-23T02:54:40.555+0000] {dag.py:3096} INFO - Sync 1 DAGs
[2026-06-23T02:54:40.584+0000] {logging_mixin.py:188} INFO - [2026-06-23T02:54:40.584+0000] {dag.py:3954} INFO - Setting next_dagrun for airpulse_pipeline to 2026-06-23 00:00:00+00:00, run_after=2026-06-24 00:00:00+00:00
[2026-06-23T02:54:40.617+0000] {processor.py:183} INFO - Processing /opt/airflow/dags/airpulse_pipeline.py took 0.135 seconds
[2026-06-23T02:55:11.155+0000] {processor.py:161} INFO - Started process (PID=1056) to work on /opt/airflow/dags/airpulse_pipeline.py
[2026-06-23T02:55:11.158+0000] {processor.py:830} INFO - Processing file /opt/airflow/dags/airpulse_pipeline.py for tasks to queue
[2026-06-23T02:55:11.162+0000] {logging_mixin.py:188} INFO - [2026-06-23T02:55:11.161+0000] {dagbag.py:545} INFO - Filling up the DagBag from /opt/airflow/dags/airpulse_pipeline.py
[2026-06-23T02:55:11.206+0000] {processor.py:840} INFO - DAG(s) 'airpulse_pipeline' retrieved from /opt/airflow/dags/airpulse_pipeline.py
[2026-06-23T02:55:11.239+0000] {logging_mixin.py:188} INFO - [2026-06-23T02:55:11.239+0000] {dag.py:3096} INFO - Sync 1 DAGs
[2026-06-23T02:55:11.273+0000] {logging_mixin.py:188} INFO - [2026-06-23T02:55:11.273+0000] {dag.py:3954} INFO - Setting next_dagrun for airpulse_pipeline to 2026-06-23 00:00:00+00:00, run_after=2026-06-24 00:00:00+00:00
[2026-06-23T02:55:11.301+0000] {processor.py:183} INFO - Processing /opt/airflow/dags/airpulse_pipeline.py took 0.167 seconds
[2026-06-23T02:55:41.829+0000] {processor.py:161} INFO - Started process (PID=1116) to work on /opt/airflow/dags/airpulse_pipeline.py
[2026-06-23T02:55:41.830+0000] {processor.py:830} INFO - Processing file /opt/airflow/dags/airpulse_pipeline.py for tasks to queue
[2026-06-23T02:55:41.834+0000] {logging_mixin.py:188} INFO - [2026-06-23T02:55:41.833+0000] {dagbag.py:545} INFO - Filling up the DagBag from /opt/airflow/dags/airpulse_pipeline.py
[2026-06-23T02:55:41.863+0000] {processor.py:840} INFO - DAG(s) 'airpulse_pipeline' retrieved from /opt/airflow/dags/airpulse_pipeline.py
[2026-06-23T02:55:41.891+0000] {logging_mixin.py:188} INFO - [2026-06-23T02:55:41.891+0000] {dag.py:3096} INFO - Sync 1 DAGs
[2026-06-23T02:55:41.925+0000] {logging_mixin.py:188} INFO - [2026-06-23T02:55:41.925+0000] {dag.py:3954} INFO - Setting next_dagrun for airpulse_pipeline to 2026-06-23 00:00:00+00:00, run_after=2026-06-24 00:00:00+00:00
[2026-06-23T02:55:41.959+0000] {processor.py:183} INFO - Processing /opt/airflow/dags/airpulse_pipeline.py took 0.139 seconds
[2026-06-23T02:56:12.830+0000] {processor.py:161} INFO - Started process (PID=1175) to work on /opt/airflow/dags/airpulse_pipeline.py
[2026-06-23T02:56:12.831+0000] {processor.py:830} INFO - Processing file /opt/airflow/dags/airpulse_pipeline.py for tasks to queue
[2026-06-23T02:56:12.835+0000] {logging_mixin.py:188} INFO - [2026-06-23T02:56:12.834+0000] {dagbag.py:545} INFO - Filling up the DagBag from /opt/airflow/dags/airpulse_pipeline.py
[2026-06-23T02:56:12.865+0000] {processor.py:840} INFO - DAG(s) 'airpulse_pipeline' retrieved from /opt/airflow/dags/airpulse_pipeline.py
[2026-06-23T02:56:12.897+0000] {logging_mixin.py:188} INFO - [2026-06-23T02:56:12.897+0000] {dag.py:3096} INFO - Sync 1 DAGs
[2026-06-23T02:56:12.930+0000] {logging_mixin.py:188} INFO - [2026-06-23T02:56:12.930+0000] {dag.py:3954} INFO - Setting next_dagrun for airpulse_pipeline to 2026-06-23 00:00:00+00:00, run_after=2026-06-24 00:00:00+00:00
[2026-06-23T02:56:12.966+0000] {processor.py:183} INFO - Processing /opt/airflow/dags/airpulse_pipeline.py took 0.144 seconds
[2026-06-23T02:56:43.276+0000] {processor.py:161} INFO - Started process (PID=1235) to work on /opt/airflow/dags/airpulse_pipeline.py
[2026-06-23T02:56:43.278+0000] {processor.py:830} INFO - Processing file /opt/airflow/dags/airpulse_pipeline.py for tasks to queue
[2026-06-23T02:56:43.280+0000] {logging_mixin.py:188} INFO - [2026-06-23T02:56:43.280+0000] {dagbag.py:545} INFO - Filling up the DagBag from /opt/airflow/dags/airpulse_pipeline.py
[2026-06-23T02:56:43.306+0000] {processor.py:840} INFO - DAG(s) 'airpulse_pipeline' retrieved from /opt/airflow/dags/airpulse_pipeline.py
[2026-06-23T02:56:43.341+0000] {logging_mixin.py:188} INFO - [2026-06-23T02:56:43.340+0000] {dag.py:3096} INFO - Sync 1 DAGs
[2026-06-23T02:56:43.382+0000] {logging_mixin.py:188} INFO - [2026-06-23T02:56:43.381+0000] {dag.py:3954} INFO - Setting next_dagrun for airpulse_pipeline to 2026-06-23 00:00:00+00:00, run_after=2026-06-24 00:00:00+00:00
[2026-06-23T02:56:43.416+0000] {processor.py:183} INFO - Processing /opt/airflow/dags/airpulse_pipeline.py took 0.147 seconds
[2026-06-23T02:57:13.974+0000] {processor.py:161} INFO - Started process (PID=1294) to work on /opt/airflow/dags/airpulse_pipeline.py
[2026-06-23T02:57:13.978+0000] {processor.py:830} INFO - Processing file /opt/airflow/dags/airpulse_pipeline.py for tasks to queue
[2026-06-23T02:57:13.984+0000] {logging_mixin.py:188} INFO - [2026-06-23T02:57:13.983+0000] {dagbag.py:545} INFO - Filling up the DagBag from /opt/airflow/dags/airpulse_pipeline.py
[2026-06-23T02:57:14.043+0000] {processor.py:840} INFO - DAG(s) 'airpulse_pipeline' retrieved from /opt/airflow/dags/airpulse_pipeline.py
[2026-06-23T02:57:14.111+0000] {logging_mixin.py:188} INFO - [2026-06-23T02:57:14.110+0000] {dag.py:3096} INFO - Sync 1 DAGs
[2026-06-23T02:57:14.178+0000] {logging_mixin.py:188} INFO - [2026-06-23T02:57:14.178+0000] {dag.py:3954} INFO - Setting next_dagrun for airpulse_pipeline to 2026-06-23 00:00:00+00:00, run_after=2026-06-24 00:00:00+00:00
[2026-06-23T02:57:14.235+0000] {processor.py:183} INFO - Processing /opt/airflow/dags/airpulse_pipeline.py took 0.279 seconds
[2026-06-23T02:57:44.378+0000] {processor.py:161} INFO - Started process (PID=1353) to work on /opt/airflow/dags/airpulse_pipeline.py
[2026-06-23T02:57:44.379+0000] {processor.py:830} INFO - Processing file /opt/airflow/dags/airpulse_pipeline.py for tasks to queue
[2026-06-23T02:57:44.383+0000] {logging_mixin.py:188} INFO - [2026-06-23T02:57:44.382+0000] {dagbag.py:545} INFO - Filling up the DagBag from /opt/airflow/dags/airpulse_pipeline.py
[2026-06-23T02:57:44.410+0000] {processor.py:840} INFO - DAG(s) 'airpulse_pipeline' retrieved from /opt/airflow/dags/airpulse_pipeline.py
[2026-06-23T02:57:44.440+0000] {logging_mixin.py:188} INFO - [2026-06-23T02:57:44.439+0000] {dag.py:3096} INFO - Sync 1 DAGs
[2026-06-23T02:57:44.469+0000] {logging_mixin.py:188} INFO - [2026-06-23T02:57:44.469+0000] {dag.py:3954} INFO - Setting next_dagrun for airpulse_pipeline to 2026-06-23 00:00:00+00:00, run_after=2026-06-24 00:00:00+00:00
[2026-06-23T02:57:44.650+0000] {processor.py:183} INFO - Processing /opt/airflow/dags/airpulse_pipeline.py took 0.279 seconds
[2026-06-23T02:58:51.489+0000] {processor.py:161} INFO - Started process (PID=1380) to work on /opt/airflow/dags/airpulse_pipeline.py
[2026-06-23T02:58:51.491+0000] {processor.py:830} INFO - Processing file /opt/airflow/dags/airpulse_pipeline.py for tasks to queue
[2026-06-23T02:58:51.495+0000] {logging_mixin.py:188} INFO - [2026-06-23T02:58:51.494+0000] {dagbag.py:545} INFO - Filling up the DagBag from /opt/airflow/dags/airpulse_pipeline.py
[2026-06-23T02:58:51.519+0000] {processor.py:840} INFO - DAG(s) 'airpulse_pipeline' retrieved from /opt/airflow/dags/airpulse_pipeline.py
[2026-06-23T02:58:51.546+0000] {logging_mixin.py:188} INFO - [2026-06-23T02:58:51.546+0000] {dag.py:3096} INFO - Sync 1 DAGs
[2026-06-23T02:58:51.574+0000] {logging_mixin.py:188} INFO - [2026-06-23T02:58:51.573+0000] {dag.py:3954} INFO - Setting next_dagrun for airpulse_pipeline to 2026-06-23 00:00:00+00:00, run_after=2026-06-24 00:00:00+00:00
[2026-06-23T02:58:51.606+0000] {processor.py:183} INFO - Processing /opt/airflow/dags/airpulse_pipeline.py took 0.124 seconds
[2026-06-23T02:59:22.496+0000] {processor.py:161} INFO - Started process (PID=1439) to work on /opt/airflow/dags/airpulse_pipeline.py
[2026-06-23T02:59:22.498+0000] {processor.py:830} INFO - Processing file /opt/airflow/dags/airpulse_pipeline.py for tasks to queue
[2026-06-23T02:59:22.501+0000] {logging_mixin.py:188} INFO - [2026-06-23T02:59:22.501+0000] {dagbag.py:545} INFO - Filling up the DagBag from /opt/airflow/dags/airpulse_pipeline.py
[2026-06-23T02:59:22.528+0000] {processor.py:840} INFO - DAG(s) 'airpulse_pipeline' retrieved from /opt/airflow/dags/airpulse_pipeline.py
[2026-06-23T02:59:22.554+0000] {logging_mixin.py:188} INFO - [2026-06-23T02:59:22.553+0000] {dag.py:3096} INFO - Sync 1 DAGs
[2026-06-23T02:59:22.580+0000] {logging_mixin.py:188} INFO - [2026-06-23T02:59:22.580+0000] {dag.py:3954} INFO - Setting next_dagrun for airpulse_pipeline to 2026-06-23 00:00:00+00:00, run_after=2026-06-24 00:00:00+00:00
[2026-06-23T02:59:22.611+0000] {processor.py:183} INFO - Processing /opt/airflow/dags/airpulse_pipeline.py took 0.122 seconds
[2026-06-23T02:59:52.741+0000] {processor.py:161} INFO - Started process (PID=1498) to work on /opt/airflow/dags/airpulse_pipeline.py
[2026-06-23T02:59:52.743+0000] {processor.py:830} INFO - Processing file /opt/airflow/dags/airpulse_pipeline.py for tasks to queue
[2026-06-23T02:59:52.747+0000] {logging_mixin.py:188} INFO - [2026-06-23T02:59:52.746+0000] {dagbag.py:545} INFO - Filling up the DagBag from /opt/airflow/dags/airpulse_pipeline.py
[2026-06-23T02:59:52.775+0000] {processor.py:840} INFO - DAG(s) 'airpulse_pipeline' retrieved from /opt/airflow/dags/airpulse_pipeline.py
[2026-06-23T02:59:52.803+0000] {logging_mixin.py:188} INFO - [2026-06-23T02:59:52.802+0000] {dag.py:3096} INFO - Sync 1 DAGs
[2026-06-23T02:59:52.993+0000] {logging_mixin.py:188} INFO - [2026-06-23T02:59:52.993+0000] {dag.py:3954} INFO - Setting next_dagrun for airpulse_pipeline to 2026-06-23 00:00:00+00:00, run_after=2026-06-24 00:00:00+00:00
[2026-06-23T02:59:53.022+0000] {processor.py:183} INFO - Processing /opt/airflow/dags/airpulse_pipeline.py took 0.288 seconds
[2026-06-23T03:00:23.236+0000] {processor.py:161} INFO - Started process (PID=1557) to work on /opt/airflow/dags/airpulse_pipeline.py
[2026-06-23T03:00:23.238+0000] {processor.py:830} INFO - Processing file /opt/airflow/dags/airpulse_pipeline.py for tasks to queue
[2026-06-23T03:00:23.240+0000] {logging_mixin.py:188} INFO - [2026-06-23T03:00:23.240+0000] {dagbag.py:545} INFO - Filling up the DagBag from /opt/airflow/dags/airpulse_pipeline.py
[2026-06-23T03:00:23.269+0000] {processor.py:840} INFO - DAG(s) 'airpulse_pipeline' retrieved from /opt/airflow/dags/airpulse_pipeline.py
[2026-06-23T03:00:23.294+0000] {logging_mixin.py:188} INFO - [2026-06-23T03:00:23.294+0000] {dag.py:3096} INFO - Sync 1 DAGs
[2026-06-23T03:00:23.322+0000] {logging_mixin.py:188} INFO - [2026-06-23T03:00:23.322+0000] {dag.py:3954} INFO - Setting next_dagrun for airpulse_pipeline to 2026-06-23 00:00:00+00:00, run_after=2026-06-24 00:00:00+00:00
[2026-06-23T03:00:23.352+0000] {processor.py:183} INFO - Processing /opt/airflow/dags/airpulse_pipeline.py took 0.123 seconds
[2026-06-23T03:00:53.899+0000] {processor.py:161} INFO - Started process (PID=1616) to work on /opt/airflow/dags/airpulse_pipeline.py
[2026-06-23T03:00:53.901+0000] {processor.py:830} INFO - Processing file /opt/airflow/dags/airpulse_pipeline.py for tasks to queue
[2026-06-23T03:00:53.904+0000] {logging_mixin.py:188} INFO - [2026-06-23T03:00:53.904+0000] {dagbag.py:545} INFO - Filling up the DagBag from /opt/airflow/dags/airpulse_pipeline.py
[2026-06-23T03:00:53.935+0000] {processor.py:840} INFO - DAG(s) 'airpulse_pipeline' retrieved from /opt/airflow/dags/airpulse_pipeline.py
[2026-06-23T03:00:53.966+0000] {logging_mixin.py:188} INFO - [2026-06-23T03:00:53.965+0000] {dag.py:3096} INFO - Sync 1 DAGs
[2026-06-23T03:00:53.997+0000] {logging_mixin.py:188} INFO - [2026-06-23T03:00:53.997+0000] {dag.py:3954} INFO - Setting next_dagrun for airpulse_pipeline to 2026-06-23 00:00:00+00:00, run_after=2026-06-24 00:00:00+00:00
[2026-06-23T03:00:54.028+0000] {processor.py:183} INFO - Processing /opt/airflow/dags/airpulse_pipeline.py took 0.137 seconds
[2026-06-23T03:01:24.642+0000] {processor.py:161} INFO - Started process (PID=1675) to work on /opt/airflow/dags/airpulse_pipeline.py
[2026-06-23T03:01:24.643+0000] {processor.py:830} INFO - Processing file /opt/airflow/dags/airpulse_pipeline.py for tasks to queue
[2026-06-23T03:01:24.646+0000] {logging_mixin.py:188} INFO - [2026-06-23T03:01:24.646+0000] {dagbag.py:545} INFO - Filling up the DagBag from /opt/airflow/dags/airpulse_pipeline.py
[2026-06-23T03:01:24.676+0000] {processor.py:840} INFO - DAG(s) 'airpulse_pipeline' retrieved from /opt/airflow/dags/airpulse_pipeline.py
[2026-06-23T03:01:24.705+0000] {logging_mixin.py:188} INFO - [2026-06-23T03:01:24.705+0000] {dag.py:3096} INFO - Sync 1 DAGs
[2026-06-23T03:01:24.736+0000] {logging_mixin.py:188} INFO - [2026-06-23T03:01:24.736+0000] {dag.py:3954} INFO - Setting next_dagrun for airpulse_pipeline to 2026-06-23 00:00:00+00:00, run_after=2026-06-24 00:00:00+00:00
[2026-06-23T03:01:24.771+0000] {processor.py:183} INFO - Processing /opt/airflow/dags/airpulse_pipeline.py took 0.137 seconds
[2026-06-23T03:01:55.227+0000] {processor.py:161} INFO - Started process (PID=1734) to work on /opt/airflow/dags/airpulse_pipeline.py
[2026-06-23T03:01:55.229+0000] {processor.py:830} INFO - Processing file /opt/airflow/dags/airpulse_pipeline.py for tasks to queue
[2026-06-23T03:01:55.233+0000] {logging_mixin.py:188} INFO - [2026-06-23T03:01:55.232+0000] {dagbag.py:545} INFO - Filling up the DagBag from /opt/airflow/dags/airpulse_pipeline.py
[2026-06-23T03:01:55.264+0000] {processor.py:840} INFO - DAG(s) 'airpulse_pipeline' retrieved from /opt/airflow/dags/airpulse_pipeline.py
[2026-06-23T03:01:55.297+0000] {logging_mixin.py:188} INFO - [2026-06-23T03:01:55.296+0000] {dag.py:3096} INFO - Sync 1 DAGs
[2026-06-23T03:01:55.329+0000] {logging_mixin.py:188} INFO - [2026-06-23T03:01:55.329+0000] {dag.py:3954} INFO - Setting next_dagrun for airpulse_pipeline to 2026-06-23 00:00:00+00:00, run_after=2026-06-24 00:00:00+00:00
[2026-06-23T03:01:55.360+0000] {processor.py:183} INFO - Processing /opt/airflow/dags/airpulse_pipeline.py took 0.143 seconds
[2026-06-23T03:02:25.824+0000] {processor.py:161} INFO - Started process (PID=1793) to work on /opt/airflow/dags/airpulse_pipeline.py
[2026-06-23T03:02:25.825+0000] {processor.py:830} INFO - Processing file /opt/airflow/dags/airpulse_pipeline.py for tasks to queue
[2026-06-23T03:02:25.830+0000] {logging_mixin.py:188} INFO - [2026-06-23T03:02:25.830+0000] {dagbag.py:545} INFO - Filling up the DagBag from /opt/airflow/dags/airpulse_pipeline.py
[2026-06-23T03:02:25.860+0000] {processor.py:840} INFO - DAG(s) 'airpulse_pipeline' retrieved from /opt/airflow/dags/airpulse_pipeline.py
[2026-06-23T03:02:25.900+0000] {logging_mixin.py:188} INFO - [2026-06-23T03:02:25.899+0000] {dag.py:3096} INFO - Sync 1 DAGs
[2026-06-23T03:02:25.935+0000] {logging_mixin.py:188} INFO - [2026-06-23T03:02:25.935+0000] {dag.py:3954} INFO - Setting next_dagrun for airpulse_pipeline to 2026-06-23 00:00:00+00:00, run_after=2026-06-24 00:00:00+00:00
[2026-06-23T03:02:25.965+0000] {processor.py:183} INFO - Processing /opt/airflow/dags/airpulse_pipeline.py took 0.149 seconds
[2026-06-23T03:02:56.081+0000] {processor.py:161} INFO - Started process (PID=1852) to work on /opt/airflow/dags/airpulse_pipeline.py
[2026-06-23T03:02:56.083+0000] {processor.py:830} INFO - Processing file /opt/airflow/dags/airpulse_pipeline.py for tasks to queue
[2026-06-23T03:02:56.086+0000] {logging_mixin.py:188} INFO - [2026-06-23T03:02:56.085+0000] {dagbag.py:545} INFO - Filling up the DagBag from /opt/airflow/dags/airpulse_pipeline.py
[2026-06-23T03:02:56.112+0000] {processor.py:840} INFO - DAG(s) 'airpulse_pipeline' retrieved from /opt/airflow/dags/airpulse_pipeline.py
[2026-06-23T03:02:56.139+0000] {logging_mixin.py:188} INFO - [2026-06-23T03:02:56.139+0000] {dag.py:3096} INFO - Sync 1 DAGs
[2026-06-23T03:02:56.166+0000] {logging_mixin.py:188} INFO - [2026-06-23T03:02:56.165+0000] {dag.py:3954} INFO - Setting next_dagrun for airpulse_pipeline to 2026-06-23 00:00:00+00:00, run_after=2026-06-24 00:00:00+00:00
[2026-06-23T03:02:56.200+0000] {processor.py:183} INFO - Processing /opt/airflow/dags/airpulse_pipeline.py took 0.125 seconds
[2026-06-23T03:03:26.505+0000] {processor.py:161} INFO - Started process (PID=1911) to work on /opt/airflow/dags/airpulse_pipeline.py
[2026-06-23T03:03:26.507+0000] {processor.py:830} INFO - Processing file /opt/airflow/dags/airpulse_pipeline.py for tasks to queue
[2026-06-23T03:03:26.511+0000] {logging_mixin.py:188} INFO - [2026-06-23T03:03:26.510+0000] {dagbag.py:545} INFO - Filling up the DagBag from /opt/airflow/dags/airpulse_pipeline.py
[2026-06-23T03:03:26.559+0000] {processor.py:840} INFO - DAG(s) 'airpulse_pipeline' retrieved from /opt/airflow/dags/airpulse_pipeline.py
[2026-06-23T03:03:26.608+0000] {logging_mixin.py:188} INFO - [2026-06-23T03:03:26.606+0000] {dag.py:3096} INFO - Sync 1 DAGs
[2026-06-23T03:03:26.671+0000] {logging_mixin.py:188} INFO - [2026-06-23T03:03:26.671+0000] {dag.py:3954} INFO - Setting next_dagrun for airpulse_pipeline to 2026-06-23 00:00:00+00:00, run_after=2026-06-24 00:00:00+00:00
[2026-06-23T03:03:26.726+0000] {processor.py:183} INFO - Processing /opt/airflow/dags/airpulse_pipeline.py took 0.230 seconds
[2026-06-23T03:04:41.217+0000] {processor.py:161} INFO - Started process (PID=192) to work on /opt/airflow/dags/airpulse_pipeline.py
[2026-06-23T03:04:41.220+0000] {processor.py:830} INFO - Processing file /opt/airflow/dags/airpulse_pipeline.py for tasks to queue
[2026-06-23T03:04:41.223+0000] {logging_mixin.py:188} INFO - [2026-06-23T03:04:41.223+0000] {dagbag.py:545} INFO - Filling up the DagBag from /opt/airflow/dags/airpulse_pipeline.py
[2026-06-23T03:04:41.277+0000] {processor.py:840} INFO - DAG(s) 'airpulse_pipeline' retrieved from /opt/airflow/dags/airpulse_pipeline.py
[2026-06-23T03:04:41.674+0000] {logging_mixin.py:188} INFO - [2026-06-23T03:04:41.673+0000] {dag.py:3096} INFO - Sync 1 DAGs
[2026-06-23T03:04:41.699+0000] {logging_mixin.py:188} INFO - [2026-06-23T03:04:41.698+0000] {dag.py:3954} INFO - Setting next_dagrun for airpulse_pipeline to 2026-06-23 00:00:00+00:00, run_after=2026-06-24 00:00:00+00:00
[2026-06-23T03:04:41.736+0000] {processor.py:183} INFO - Processing /opt/airflow/dags/airpulse_pipeline.py took 0.528 seconds
[2026-06-23T03:05:12.124+0000] {processor.py:161} INFO - Started process (PID=459) to work on /opt/airflow/dags/airpulse_pipeline.py
[2026-06-23T03:05:12.126+0000] {processor.py:830} INFO - Processing file /opt/airflow/dags/airpulse_pipeline.py for tasks to queue
[2026-06-23T03:05:12.130+0000] {logging_mixin.py:188} INFO - [2026-06-23T03:05:12.129+0000] {dagbag.py:545} INFO - Filling up the DagBag from /opt/airflow/dags/airpulse_pipeline.py
[2026-06-23T03:05:12.159+0000] {processor.py:840} INFO - DAG(s) 'airpulse_pipeline' retrieved from /opt/airflow/dags/airpulse_pipeline.py
[2026-06-23T03:05:12.192+0000] {logging_mixin.py:188} INFO - [2026-06-23T03:05:12.191+0000] {dag.py:3096} INFO - Sync 1 DAGs
[2026-06-23T03:05:12.222+0000] {logging_mixin.py:188} INFO - [2026-06-23T03:05:12.221+0000] {dag.py:3954} INFO - Setting next_dagrun for airpulse_pipeline to 2026-06-23 00:00:00+00:00, run_after=2026-06-24 00:00:00+00:00
[2026-06-23T03:05:12.257+0000] {processor.py:183} INFO - Processing /opt/airflow/dags/airpulse_pipeline.py took 0.141 seconds
[2026-06-23T03:05:42.706+0000] {processor.py:161} INFO - Started process (PID=841) to work on /opt/airflow/dags/airpulse_pipeline.py
[2026-06-23T03:05:42.707+0000] {processor.py:830} INFO - Processing file /opt/airflow/dags/airpulse_pipeline.py for tasks to queue
[2026-06-23T03:05:42.711+0000] {logging_mixin.py:188} INFO - [2026-06-23T03:05:42.710+0000] {dagbag.py:545} INFO - Filling up the DagBag from /opt/airflow/dags/airpulse_pipeline.py
[2026-06-23T03:05:42.741+0000] {processor.py:840} INFO - DAG(s) 'airpulse_pipeline' retrieved from /opt/airflow/dags/airpulse_pipeline.py
[2026-06-23T03:05:42.769+0000] {logging_mixin.py:188} INFO - [2026-06-23T03:05:42.768+0000] {dag.py:3096} INFO - Sync 1 DAGs
[2026-06-23T03:05:42.797+0000] {logging_mixin.py:188} INFO - [2026-06-23T03:05:42.797+0000] {dag.py:3954} INFO - Setting next_dagrun for airpulse_pipeline to 2026-06-23 00:00:00+00:00, run_after=2026-06-24 00:00:00+00:00
[2026-06-23T03:05:42.828+0000] {processor.py:183} INFO - Processing /opt/airflow/dags/airpulse_pipeline.py took 0.129 seconds
[2026-06-23T03:06:13.284+0000] {processor.py:161} INFO - Started process (PID=1108) to work on /opt/airflow/dags/airpulse_pipeline.py
[2026-06-23T03:06:13.286+0000] {processor.py:830} INFO - Processing file /opt/airflow/dags/airpulse_pipeline.py for tasks to queue
[2026-06-23T03:06:13.290+0000] {logging_mixin.py:188} INFO - [2026-06-23T03:06:13.289+0000] {dagbag.py:545} INFO - Filling up the DagBag from /opt/airflow/dags/airpulse_pipeline.py
[2026-06-23T03:06:13.314+0000] {processor.py:840} INFO - DAG(s) 'airpulse_pipeline' retrieved from /opt/airflow/dags/airpulse_pipeline.py
[2026-06-23T03:06:13.343+0000] {logging_mixin.py:188} INFO - [2026-06-23T03:06:13.343+0000] {dag.py:3096} INFO - Sync 1 DAGs
[2026-06-23T03:06:13.374+0000] {logging_mixin.py:188} INFO - [2026-06-23T03:06:13.374+0000] {dag.py:3954} INFO - Setting next_dagrun for airpulse_pipeline to 2026-06-23 00:00:00+00:00, run_after=2026-06-24 00:00:00+00:00
[2026-06-23T03:06:13.407+0000] {processor.py:183} INFO - Processing /opt/airflow/dags/airpulse_pipeline.py took 0.129 seconds
[2026-06-23T03:06:44.189+0000] {processor.py:161} INFO - Started process (PID=1381) to work on /opt/airflow/dags/airpulse_pipeline.py
[2026-06-23T03:06:44.191+0000] {processor.py:830} INFO - Processing file /opt/airflow/dags/airpulse_pipeline.py for tasks to queue
[2026-06-23T03:06:44.194+0000] {logging_mixin.py:188} INFO - [2026-06-23T03:06:44.193+0000] {dagbag.py:545} INFO - Filling up the DagBag from /opt/airflow/dags/airpulse_pipeline.py
[2026-06-23T03:06:44.222+0000] {processor.py:840} INFO - DAG(s) 'airpulse_pipeline' retrieved from /opt/airflow/dags/airpulse_pipeline.py
[2026-06-23T03:06:44.251+0000] {logging_mixin.py:188} INFO - [2026-06-23T03:06:44.250+0000] {dag.py:3096} INFO - Sync 1 DAGs
[2026-06-23T03:06:44.279+0000] {logging_mixin.py:188} INFO - [2026-06-23T03:06:44.279+0000] {dag.py:3954} INFO - Setting next_dagrun for airpulse_pipeline to 2026-06-23 00:00:00+00:00, run_after=2026-06-24 00:00:00+00:00
[2026-06-23T03:06:44.311+0000] {processor.py:183} INFO - Processing /opt/airflow/dags/airpulse_pipeline.py took 0.130 seconds
[2026-06-23T03:07:14.394+0000] {processor.py:161} INFO - Started process (PID=1648) to work on /opt/airflow/dags/airpulse_pipeline.py
[2026-06-23T03:07:14.396+0000] {processor.py:830} INFO - Processing file /opt/airflow/dags/airpulse_pipeline.py for tasks to queue
[2026-06-23T03:07:14.398+0000] {logging_mixin.py:188} INFO - [2026-06-23T03:07:14.397+0000] {dagbag.py:545} INFO - Filling up the DagBag from /opt/airflow/dags/airpulse_pipeline.py
[2026-06-23T03:07:14.423+0000] {processor.py:840} INFO - DAG(s) 'airpulse_pipeline' retrieved from /opt/airflow/dags/airpulse_pipeline.py
[2026-06-23T03:07:14.448+0000] {logging_mixin.py:188} INFO - [2026-06-23T03:07:14.448+0000] {dag.py:3096} INFO - Sync 1 DAGs
[2026-06-23T03:07:14.476+0000] {logging_mixin.py:188} INFO - [2026-06-23T03:07:14.475+0000] {dag.py:3954} INFO - Setting next_dagrun for airpulse_pipeline to 2026-06-23 00:00:00+00:00, run_after=2026-06-24 00:00:00+00:00
[2026-06-23T03:07:14.506+0000] {processor.py:183} INFO - Processing /opt/airflow/dags/airpulse_pipeline.py took 0.119 seconds
[2026-06-23T03:07:44.778+0000] {processor.py:161} INFO - Started process (PID=1915) to work on /opt/airflow/dags/airpulse_pipeline.py
[2026-06-23T03:07:44.779+0000] {processor.py:830} INFO - Processing file /opt/airflow/dags/airpulse_pipeline.py for tasks to queue
[2026-06-23T03:07:44.782+0000] {logging_mixin.py:188} INFO - [2026-06-23T03:07:44.782+0000] {dagbag.py:545} INFO - Filling up the DagBag from /opt/airflow/dags/airpulse_pipeline.py
[2026-06-23T03:07:44.808+0000] {processor.py:840} INFO - DAG(s) 'airpulse_pipeline' retrieved from /opt/airflow/dags/airpulse_pipeline.py
[2026-06-23T03:07:44.837+0000] {logging_mixin.py:188} INFO - [2026-06-23T03:07:44.836+0000] {dag.py:3096} INFO - Sync 1 DAGs
[2026-06-23T03:07:44.865+0000] {logging_mixin.py:188} INFO - [2026-06-23T03:07:44.864+0000] {dag.py:3954} INFO - Setting next_dagrun for airpulse_pipeline to 2026-06-23 00:00:00+00:00, run_after=2026-06-24 00:00:00+00:00
[2026-06-23T03:07:44.896+0000] {processor.py:183} INFO - Processing /opt/airflow/dags/airpulse_pipeline.py took 0.125 seconds
[2026-06-23T03:08:15.280+0000] {processor.py:161} INFO - Started process (PID=2182) to work on /opt/airflow/dags/airpulse_pipeline.py
[2026-06-23T03:08:15.282+0000] {processor.py:830} INFO - Processing file /opt/airflow/dags/airpulse_pipeline.py for tasks to queue
[2026-06-23T03:08:15.284+0000] {logging_mixin.py:188} INFO - [2026-06-23T03:08:15.284+0000] {dagbag.py:545} INFO - Filling up the DagBag from /opt/airflow/dags/airpulse_pipeline.py
[2026-06-23T03:08:15.309+0000] {processor.py:840} INFO - DAG(s) 'airpulse_pipeline' retrieved from /opt/airflow/dags/airpulse_pipeline.py
[2026-06-23T03:08:15.336+0000] {logging_mixin.py:188} INFO - [2026-06-23T03:08:15.335+0000] {dag.py:3096} INFO - Sync 1 DAGs
[2026-06-23T03:08:15.363+0000] {logging_mixin.py:188} INFO - [2026-06-23T03:08:15.363+0000] {dag.py:3954} INFO - Setting next_dagrun for airpulse_pipeline to 2026-06-23 00:00:00+00:00, run_after=2026-06-24 00:00:00+00:00
[2026-06-23T03:08:15.405+0000] {processor.py:183} INFO - Processing /opt/airflow/dags/airpulse_pipeline.py took 0.132 seconds
[2026-06-23T03:08:45.720+0000] {processor.py:161} INFO - Started process (PID=2449) to work on /opt/airflow/dags/airpulse_pipeline.py
[2026-06-23T03:08:45.721+0000] {processor.py:830} INFO - Processing file /opt/airflow/dags/airpulse_pipeline.py for tasks to queue
[2026-06-23T03:08:45.725+0000] {logging_mixin.py:188} INFO - [2026-06-23T03:08:45.724+0000] {dagbag.py:545} INFO - Filling up the DagBag from /opt/airflow/dags/airpulse_pipeline.py
[2026-06-23T03:08:45.755+0000] {processor.py:840} INFO - DAG(s) 'airpulse_pipeline' retrieved from /opt/airflow/dags/airpulse_pipeline.py
[2026-06-23T03:08:45.782+0000] {logging_mixin.py:188} INFO - [2026-06-23T03:08:45.781+0000] {dag.py:3096} INFO - Sync 1 DAGs
[2026-06-23T03:08:45.810+0000] {logging_mixin.py:188} INFO - [2026-06-23T03:08:45.809+0000] {dag.py:3954} INFO - Setting next_dagrun for airpulse_pipeline to 2026-06-23 00:00:00+00:00, run_after=2026-06-24 00:00:00+00:00
[2026-06-23T03:08:45.841+0000] {processor.py:183} INFO - Processing /opt/airflow/dags/airpulse_pipeline.py took 0.128 seconds
[2026-06-23T03:09:16.151+0000] {processor.py:161} INFO - Started process (PID=2716) to work on /opt/airflow/dags/airpulse_pipeline.py
[2026-06-23T03:09:16.152+0000] {processor.py:830} INFO - Processing file /opt/airflow/dags/airpulse_pipeline.py for tasks to queue
[2026-06-23T03:09:16.154+0000] {logging_mixin.py:188} INFO - [2026-06-23T03:09:16.154+0000] {dagbag.py:545} INFO - Filling up the DagBag from /opt/airflow/dags/airpulse_pipeline.py
[2026-06-23T03:09:16.181+0000] {processor.py:840} INFO - DAG(s) 'airpulse_pipeline' retrieved from /opt/airflow/dags/airpulse_pipeline.py
[2026-06-23T03:09:16.206+0000] {logging_mixin.py:188} INFO - [2026-06-23T03:09:16.206+0000] {dag.py:3096} INFO - Sync 1 DAGs
[2026-06-23T03:09:16.232+0000] {logging_mixin.py:188} INFO - [2026-06-23T03:09:16.232+0000] {dag.py:3954} INFO - Setting next_dagrun for airpulse_pipeline to 2026-06-23 00:00:00+00:00, run_after=2026-06-24 00:00:00+00:00
[2026-06-23T03:09:16.260+0000] {processor.py:183} INFO - Processing /opt/airflow/dags/airpulse_pipeline.py took 0.116 seconds
[2026-06-23T03:09:46.364+0000] {processor.py:161} INFO - Started process (PID=2983) to work on /opt/airflow/dags/airpulse_pipeline.py
[2026-06-23T03:09:46.366+0000] {processor.py:830} INFO - Processing file /opt/airflow/dags/airpulse_pipeline.py for tasks to queue
[2026-06-23T03:09:46.369+0000] {logging_mixin.py:188} INFO - [2026-06-23T03:09:46.369+0000] {dagbag.py:545} INFO - Filling up the DagBag from /opt/airflow/dags/airpulse_pipeline.py
[2026-06-23T03:09:46.395+0000] {processor.py:840} INFO - DAG(s) 'airpulse_pipeline' retrieved from /opt/airflow/dags/airpulse_pipeline.py
[2026-06-23T03:09:46.421+0000] {logging_mixin.py:188} INFO - [2026-06-23T03:09:46.421+0000] {dag.py:3096} INFO - Sync 1 DAGs
[2026-06-23T03:09:46.451+0000] {logging_mixin.py:188} INFO - [2026-06-23T03:09:46.450+0000] {dag.py:3954} INFO - Setting next_dagrun for airpulse_pipeline to 2026-06-23 00:00:00+00:00, run_after=2026-06-24 00:00:00+00:00
[2026-06-23T03:09:46.485+0000] {processor.py:183} INFO - Processing /opt/airflow/dags/airpulse_pipeline.py took 0.128 seconds
[2026-06-23T03:10:17.013+0000] {processor.py:161} INFO - Started process (PID=3250) to work on /opt/airflow/dags/airpulse_pipeline.py
[2026-06-23T03:10:17.015+0000] {processor.py:830} INFO - Processing file /opt/airflow/dags/airpulse_pipeline.py for tasks to queue
[2026-06-23T03:10:17.017+0000] {logging_mixin.py:188} INFO - [2026-06-23T03:10:17.017+0000] {dagbag.py:545} INFO - Filling up the DagBag from /opt/airflow/dags/airpulse_pipeline.py
[2026-06-23T03:10:17.043+0000] {processor.py:840} INFO - DAG(s) 'airpulse_pipeline' retrieved from /opt/airflow/dags/airpulse_pipeline.py
[2026-06-23T03:10:17.069+0000] {logging_mixin.py:188} INFO - [2026-06-23T03:10:17.068+0000] {dag.py:3096} INFO - Sync 1 DAGs
[2026-06-23T03:10:17.097+0000] {logging_mixin.py:188} INFO - [2026-06-23T03:10:17.097+0000] {dag.py:3954} INFO - Setting next_dagrun for airpulse_pipeline to 2026-06-23 00:00:00+00:00, run_after=2026-06-24 00:00:00+00:00
[2026-06-23T03:10:17.131+0000] {processor.py:183} INFO - Processing /opt/airflow/dags/airpulse_pipeline.py took 0.127 seconds
[2026-06-23T03:10:47.379+0000] {processor.py:161} INFO - Started process (PID=3517) to work on /opt/airflow/dags/airpulse_pipeline.py
[2026-06-23T03:10:47.381+0000] {processor.py:830} INFO - Processing file /opt/airflow/dags/airpulse_pipeline.py for tasks to queue
[2026-06-23T03:10:47.383+0000] {logging_mixin.py:188} INFO - [2026-06-23T03:10:47.382+0000] {dagbag.py:545} INFO - Filling up the DagBag from /opt/airflow/dags/airpulse_pipeline.py
[2026-06-23T03:10:47.412+0000] {processor.py:840} INFO - DAG(s) 'airpulse_pipeline' retrieved from /opt/airflow/dags/airpulse_pipeline.py
[2026-06-23T03:10:47.438+0000] {logging_mixin.py:188} INFO - [2026-06-23T03:10:47.437+0000] {dag.py:3096} INFO - Sync 1 DAGs
[2026-06-23T03:10:47.465+0000] {logging_mixin.py:188} INFO - [2026-06-23T03:10:47.464+0000] {dag.py:3954} INFO - Setting next_dagrun for airpulse_pipeline to 2026-06-23 00:00:00+00:00, run_after=2026-06-24 00:00:00+00:00
[2026-06-23T03:10:47.496+0000] {processor.py:183} INFO - Processing /opt/airflow/dags/airpulse_pipeline.py took 0.123 seconds
[2026-06-23T03:11:17.877+0000] {processor.py:161} INFO - Started process (PID=3784) to work on /opt/airflow/dags/airpulse_pipeline.py
[2026-06-23T03:11:17.880+0000] {processor.py:830} INFO - Processing file /opt/airflow/dags/airpulse_pipeline.py for tasks to queue
[2026-06-23T03:11:17.883+0000] {logging_mixin.py:188} INFO - [2026-06-23T03:11:17.883+0000] {dagbag.py:545} INFO - Filling up the DagBag from /opt/airflow/dags/airpulse_pipeline.py
[2026-06-23T03:11:17.914+0000] {processor.py:840} INFO - DAG(s) 'airpulse_pipeline' retrieved from /opt/airflow/dags/airpulse_pipeline.py
[2026-06-23T03:11:17.944+0000] {logging_mixin.py:188} INFO - [2026-06-23T03:11:17.944+0000] {dag.py:3096} INFO - Sync 1 DAGs
[2026-06-23T03:11:17.978+0000] {logging_mixin.py:188} INFO - [2026-06-23T03:11:17.978+0000] {dag.py:3954} INFO - Setting next_dagrun for airpulse_pipeline to 2026-06-23 00:00:00+00:00, run_after=2026-06-24 00:00:00+00:00
[2026-06-23T03:11:18.011+0000] {processor.py:183} INFO - Processing /opt/airflow/dags/airpulse_pipeline.py took 0.142 seconds
[2026-06-23T03:11:48.447+0000] {processor.py:161} INFO - Started process (PID=4051) to work on /opt/airflow/dags/airpulse_pipeline.py
[2026-06-23T03:11:48.449+0000] {processor.py:830} INFO - Processing file /opt/airflow/dags/airpulse_pipeline.py for tasks to queue
[2026-06-23T03:11:48.451+0000] {logging_mixin.py:188} INFO - [2026-06-23T03:11:48.450+0000] {dagbag.py:545} INFO - Filling up the DagBag from /opt/airflow/dags/airpulse_pipeline.py
[2026-06-23T03:11:48.479+0000] {processor.py:840} INFO - DAG(s) 'airpulse_pipeline' retrieved from /opt/airflow/dags/airpulse_pipeline.py
[2026-06-23T03:11:48.509+0000] {logging_mixin.py:188} INFO - [2026-06-23T03:11:48.509+0000] {dag.py:3096} INFO - Sync 1 DAGs
[2026-06-23T03:11:48.539+0000] {logging_mixin.py:188} INFO - [2026-06-23T03:11:48.538+0000] {dag.py:3954} INFO - Setting next_dagrun for airpulse_pipeline to 2026-06-23 00:00:00+00:00, run_after=2026-06-24 00:00:00+00:00
[2026-06-23T03:11:48.568+0000] {processor.py:183} INFO - Processing /opt/airflow/dags/airpulse_pipeline.py took 0.128 seconds
[2026-06-23T03:12:18.716+0000] {processor.py:161} INFO - Started process (PID=4319) to work on /opt/airflow/dags/airpulse_pipeline.py
[2026-06-23T03:12:18.718+0000] {processor.py:830} INFO - Processing file /opt/airflow/dags/airpulse_pipeline.py for tasks to queue
[2026-06-23T03:12:18.721+0000] {logging_mixin.py:188} INFO - [2026-06-23T03:12:18.721+0000] {dagbag.py:545} INFO - Filling up the DagBag from /opt/airflow/dags/airpulse_pipeline.py
[2026-06-23T03:12:18.751+0000] {processor.py:840} INFO - DAG(s) 'airpulse_pipeline' retrieved from /opt/airflow/dags/airpulse_pipeline.py
[2026-06-23T03:12:18.782+0000] {logging_mixin.py:188} INFO - [2026-06-23T03:12:18.782+0000] {dag.py:3096} INFO - Sync 1 DAGs
[2026-06-23T03:12:18.813+0000] {logging_mixin.py:188} INFO - [2026-06-23T03:12:18.813+0000] {dag.py:3954} INFO - Setting next_dagrun for airpulse_pipeline to 2026-06-23 00:00:00+00:00, run_after=2026-06-24 00:00:00+00:00
[2026-06-23T03:12:18.841+0000] {processor.py:183} INFO - Processing /opt/airflow/dags/airpulse_pipeline.py took 0.134 seconds
[2026-06-23T03:12:48.985+0000] {processor.py:161} INFO - Started process (PID=4586) to work on /opt/airflow/dags/airpulse_pipeline.py
[2026-06-23T03:12:48.986+0000] {processor.py:830} INFO - Processing file /opt/airflow/dags/airpulse_pipeline.py for tasks to queue
[2026-06-23T03:12:48.989+0000] {logging_mixin.py:188} INFO - [2026-06-23T03:12:48.989+0000] {dagbag.py:545} INFO - Filling up the DagBag from /opt/airflow/dags/airpulse_pipeline.py
[2026-06-23T03:12:49.018+0000] {processor.py:840} INFO - DAG(s) 'airpulse_pipeline' retrieved from /opt/airflow/dags/airpulse_pipeline.py
[2026-06-23T03:12:49.051+0000] {logging_mixin.py:188} INFO - [2026-06-23T03:12:49.050+0000] {dag.py:3096} INFO - Sync 1 DAGs
[2026-06-23T03:12:49.082+0000] {logging_mixin.py:188} INFO - [2026-06-23T03:12:49.082+0000] {dag.py:3954} INFO - Setting next_dagrun for airpulse_pipeline to 2026-06-23 00:00:00+00:00, run_after=2026-06-24 00:00:00+00:00
[2026-06-23T03:12:49.111+0000] {processor.py:183} INFO - Processing /opt/airflow/dags/airpulse_pipeline.py took 0.132 seconds
[2026-06-23T03:13:19.374+0000] {processor.py:161} INFO - Started process (PID=4853) to work on /opt/airflow/dags/airpulse_pipeline.py
[2026-06-23T03:13:19.376+0000] {processor.py:830} INFO - Processing file /opt/airflow/dags/airpulse_pipeline.py for tasks to queue
[2026-06-23T03:13:19.379+0000] {logging_mixin.py:188} INFO - [2026-06-23T03:13:19.379+0000] {dagbag.py:545} INFO - Filling up the DagBag from /opt/airflow/dags/airpulse_pipeline.py
[2026-06-23T03:13:19.402+0000] {processor.py:840} INFO - DAG(s) 'airpulse_pipeline' retrieved from /opt/airflow/dags/airpulse_pipeline.py
[2026-06-23T03:13:19.429+0000] {logging_mixin.py:188} INFO - [2026-06-23T03:13:19.429+0000] {dag.py:3096} INFO - Sync 1 DAGs
[2026-06-23T03:13:19.455+0000] {logging_mixin.py:188} INFO - [2026-06-23T03:13:19.454+0000] {dag.py:3954} INFO - Setting next_dagrun for airpulse_pipeline to 2026-06-23 00:00:00+00:00, run_after=2026-06-24 00:00:00+00:00
[2026-06-23T03:13:19.484+0000] {processor.py:183} INFO - Processing /opt/airflow/dags/airpulse_pipeline.py took 0.117 seconds
[2026-06-23T03:13:49.705+0000] {processor.py:161} INFO - Started process (PID=5120) to work on /opt/airflow/dags/airpulse_pipeline.py
[2026-06-23T03:13:49.707+0000] {processor.py:830} INFO - Processing file /opt/airflow/dags/airpulse_pipeline.py for tasks to queue
[2026-06-23T03:13:49.709+0000] {logging_mixin.py:188} INFO - [2026-06-23T03:13:49.709+0000] {dagbag.py:545} INFO - Filling up the DagBag from /opt/airflow/dags/airpulse_pipeline.py
[2026-06-23T03:13:49.733+0000] {processor.py:840} INFO - DAG(s) 'airpulse_pipeline' retrieved from /opt/airflow/dags/airpulse_pipeline.py
[2026-06-23T03:13:49.758+0000] {logging_mixin.py:188} INFO - [2026-06-23T03:13:49.758+0000] {dag.py:3096} INFO - Sync 1 DAGs
[2026-06-23T03:13:49.785+0000] {logging_mixin.py:188} INFO - [2026-06-23T03:13:49.785+0000] {dag.py:3954} INFO - Setting next_dagrun for airpulse_pipeline to 2026-06-23 00:00:00+00:00, run_after=2026-06-24 00:00:00+00:00
[2026-06-23T03:13:49.819+0000] {processor.py:183} INFO - Processing /opt/airflow/dags/airpulse_pipeline.py took 0.121 seconds
[2026-06-23T03:14:20.317+0000] {processor.py:161} INFO - Started process (PID=5387) to work on /opt/airflow/dags/airpulse_pipeline.py
[2026-06-23T03:14:20.319+0000] {processor.py:830} INFO - Processing file /opt/airflow/dags/airpulse_pipeline.py for tasks to queue
[2026-06-23T03:14:20.322+0000] {logging_mixin.py:188} INFO - [2026-06-23T03:14:20.322+0000] {dagbag.py:545} INFO - Filling up the DagBag from /opt/airflow/dags/airpulse_pipeline.py
[2026-06-23T03:14:20.350+0000] {processor.py:840} INFO - DAG(s) 'airpulse_pipeline' retrieved from /opt/airflow/dags/airpulse_pipeline.py
[2026-06-23T03:14:20.375+0000] {logging_mixin.py:188} INFO - [2026-06-23T03:14:20.374+0000] {dag.py:3096} INFO - Sync 1 DAGs
[2026-06-23T03:14:20.400+0000] {logging_mixin.py:188} INFO - [2026-06-23T03:14:20.399+0000] {dag.py:3954} INFO - Setting next_dagrun for airpulse_pipeline to 2026-06-23 00:00:00+00:00, run_after=2026-06-24 00:00:00+00:00
[2026-06-23T03:14:20.430+0000] {processor.py:183} INFO - Processing /opt/airflow/dags/airpulse_pipeline.py took 0.120 seconds
[2026-06-23T03:14:50.716+0000] {processor.py:161} INFO - Started process (PID=5654) to work on /opt/airflow/dags/airpulse_pipeline.py
[2026-06-23T03:14:50.718+0000] {processor.py:830} INFO - Processing file /opt/airflow/dags/airpulse_pipeline.py for tasks to queue
[2026-06-23T03:14:50.721+0000] {logging_mixin.py:188} INFO - [2026-06-23T03:14:50.721+0000] {dagbag.py:545} INFO - Filling up the DagBag from /opt/airflow/dags/airpulse_pipeline.py
[2026-06-23T03:14:50.746+0000] {processor.py:840} INFO - DAG(s) 'airpulse_pipeline' retrieved from /opt/airflow/dags/airpulse_pipeline.py
[2026-06-23T03:14:50.771+0000] {logging_mixin.py:188} INFO - [2026-06-23T03:14:50.771+0000] {dag.py:3096} INFO - Sync 1 DAGs
[2026-06-23T03:14:50.799+0000] {logging_mixin.py:188} INFO - [2026-06-23T03:14:50.798+0000] {dag.py:3954} INFO - Setting next_dagrun for airpulse_pipeline to 2026-06-23 00:00:00+00:00, run_after=2026-06-24 00:00:00+00:00
[2026-06-23T03:14:50.827+0000] {processor.py:183} INFO - Processing /opt/airflow/dags/airpulse_pipeline.py took 0.117 seconds
[2026-06-23T03:15:21.018+0000] {processor.py:161} INFO - Started process (PID=5921) to work on /opt/airflow/dags/airpulse_pipeline.py
[2026-06-23T03:15:21.019+0000] {processor.py:830} INFO - Processing file /opt/airflow/dags/airpulse_pipeline.py for tasks to queue
[2026-06-23T03:15:21.023+0000] {logging_mixin.py:188} INFO - [2026-06-23T03:15:21.023+0000] {dagbag.py:545} INFO - Filling up the DagBag from /opt/airflow/dags/airpulse_pipeline.py
[2026-06-23T03:15:21.050+0000] {processor.py:840} INFO - DAG(s) 'airpulse_pipeline' retrieved from /opt/airflow/dags/airpulse_pipeline.py
[2026-06-23T03:15:21.076+0000] {logging_mixin.py:188} INFO - [2026-06-23T03:15:21.076+0000] {dag.py:3096} INFO - Sync 1 DAGs
[2026-06-23T03:15:21.103+0000] {logging_mixin.py:188} INFO - [2026-06-23T03:15:21.103+0000] {dag.py:3954} INFO - Setting next_dagrun for airpulse_pipeline to 2026-06-23 00:00:00+00:00, run_after=2026-06-24 00:00:00+00:00
[2026-06-23T03:15:21.133+0000] {processor.py:183} INFO - Processing /opt/airflow/dags/airpulse_pipeline.py took 0.122 seconds
[2026-06-23T03:15:51.315+0000] {processor.py:161} INFO - Started process (PID=6188) to work on /opt/airflow/dags/airpulse_pipeline.py
[2026-06-23T03:15:51.316+0000] {processor.py:830} INFO - Processing file /opt/airflow/dags/airpulse_pipeline.py for tasks to queue
[2026-06-23T03:15:51.319+0000] {logging_mixin.py:188} INFO - [2026-06-23T03:15:51.318+0000] {dagbag.py:545} INFO - Filling up the DagBag from /opt/airflow/dags/airpulse_pipeline.py
[2026-06-23T03:15:51.346+0000] {processor.py:840} INFO - DAG(s) 'airpulse_pipeline' retrieved from /opt/airflow/dags/airpulse_pipeline.py
[2026-06-23T03:15:51.372+0000] {logging_mixin.py:188} INFO - [2026-06-23T03:15:51.371+0000] {dag.py:3096} INFO - Sync 1 DAGs
[2026-06-23T03:15:51.397+0000] {logging_mixin.py:188} INFO - [2026-06-23T03:15:51.397+0000] {dag.py:3954} INFO - Setting next_dagrun for airpulse_pipeline to 2026-06-23 00:00:00+00:00, run_after=2026-06-24 00:00:00+00:00
[2026-06-23T03:15:51.425+0000] {processor.py:183} INFO - Processing /opt/airflow/dags/airpulse_pipeline.py took 0.116 seconds
[2026-06-23T03:16:21.687+0000] {processor.py:161} INFO - Started process (PID=6455) to work on /opt/airflow/dags/airpulse_pipeline.py
[2026-06-23T03:16:21.688+0000] {processor.py:830} INFO - Processing file /opt/airflow/dags/airpulse_pipeline.py for tasks to queue
[2026-06-23T03:16:21.691+0000] {logging_mixin.py:188} INFO - [2026-06-23T03:16:21.691+0000] {dagbag.py:545} INFO - Filling up the DagBag from /opt/airflow/dags/airpulse_pipeline.py
[2026-06-23T03:16:21.716+0000] {processor.py:840} INFO - DAG(s) 'airpulse_pipeline' retrieved from /opt/airflow/dags/airpulse_pipeline.py
[2026-06-23T03:16:21.741+0000] {logging_mixin.py:188} INFO - [2026-06-23T03:16:21.741+0000] {dag.py:3096} INFO - Sync 1 DAGs
[2026-06-23T03:16:21.768+0000] {logging_mixin.py:188} INFO - [2026-06-23T03:16:21.768+0000] {dag.py:3954} INFO - Setting next_dagrun for airpulse_pipeline to 2026-06-23 00:00:00+00:00, run_after=2026-06-24 00:00:00+00:00
[2026-06-23T03:16:21.798+0000] {processor.py:183} INFO - Processing /opt/airflow/dags/airpulse_pipeline.py took 0.118 seconds
[2026-06-23T03:16:52.007+0000] {processor.py:161} INFO - Started process (PID=6727) to work on /opt/airflow/dags/airpulse_pipeline.py
[2026-06-23T03:16:52.009+0000] {processor.py:830} INFO - Processing file /opt/airflow/dags/airpulse_pipeline.py for tasks to queue
[2026-06-23T03:16:52.012+0000] {logging_mixin.py:188} INFO - [2026-06-23T03:16:52.011+0000] {dagbag.py:545} INFO - Filling up the DagBag from /opt/airflow/dags/airpulse_pipeline.py
[2026-06-23T03:16:52.039+0000] {processor.py:840} INFO - DAG(s) 'airpulse_pipeline' retrieved from /opt/airflow/dags/airpulse_pipeline.py
[2026-06-23T03:16:52.064+0000] {logging_mixin.py:188} INFO - [2026-06-23T03:16:52.064+0000] {dag.py:3096} INFO - Sync 1 DAGs
[2026-06-23T03:16:52.089+0000] {logging_mixin.py:188} INFO - [2026-06-23T03:16:52.088+0000] {dag.py:3954} INFO - Setting next_dagrun for airpulse_pipeline to 2026-06-23 00:00:00+00:00, run_after=2026-06-24 00:00:00+00:00
[2026-06-23T03:16:52.119+0000] {processor.py:183} INFO - Processing /opt/airflow/dags/airpulse_pipeline.py took 0.118 seconds
[2026-06-23T03:17:22.245+0000] {processor.py:161} INFO - Started process (PID=6989) to work on /opt/airflow/dags/airpulse_pipeline.py
[2026-06-23T03:17:22.246+0000] {processor.py:830} INFO - Processing file /opt/airflow/dags/airpulse_pipeline.py for tasks to queue
[2026-06-23T03:17:22.249+0000] {logging_mixin.py:188} INFO - [2026-06-23T03:17:22.249+0000] {dagbag.py:545} INFO - Filling up the DagBag from /opt/airflow/dags/airpulse_pipeline.py
[2026-06-23T03:17:22.278+0000] {processor.py:840} INFO - DAG(s) 'airpulse_pipeline' retrieved from /opt/airflow/dags/airpulse_pipeline.py
[2026-06-23T03:17:22.304+0000] {logging_mixin.py:188} INFO - [2026-06-23T03:17:22.304+0000] {dag.py:3096} INFO - Sync 1 DAGs
[2026-06-23T03:17:22.330+0000] {logging_mixin.py:188} INFO - [2026-06-23T03:17:22.330+0000] {dag.py:3954} INFO - Setting next_dagrun for airpulse_pipeline to 2026-06-23 00:00:00+00:00, run_after=2026-06-24 00:00:00+00:00
[2026-06-23T03:17:22.362+0000] {processor.py:183} INFO - Processing /opt/airflow/dags/airpulse_pipeline.py took 0.124 seconds
[2026-06-23T03:17:52.712+0000] {processor.py:161} INFO - Started process (PID=7256) to work on /opt/airflow/dags/airpulse_pipeline.py
[2026-06-23T03:17:52.714+0000] {processor.py:830} INFO - Processing file /opt/airflow/dags/airpulse_pipeline.py for tasks to queue
[2026-06-23T03:17:52.719+0000] {logging_mixin.py:188} INFO - [2026-06-23T03:17:52.718+0000] {dagbag.py:545} INFO - Filling up the DagBag from /opt/airflow/dags/airpulse_pipeline.py
[2026-06-23T03:17:52.752+0000] {processor.py:840} INFO - DAG(s) 'airpulse_pipeline' retrieved from /opt/airflow/dags/airpulse_pipeline.py
[2026-06-23T03:17:52.791+0000] {logging_mixin.py:188} INFO - [2026-06-23T03:17:52.791+0000] {dag.py:3096} INFO - Sync 1 DAGs
[2026-06-23T03:17:52.836+0000] {logging_mixin.py:188} INFO - [2026-06-23T03:17:52.836+0000] {dag.py:3954} INFO - Setting next_dagrun for airpulse_pipeline to 2026-06-23 00:00:00+00:00, run_after=2026-06-24 00:00:00+00:00
[2026-06-23T03:17:52.877+0000] {processor.py:183} INFO - Processing /opt/airflow/dags/airpulse_pipeline.py took 0.175 seconds
[2026-06-23T03:18:23.052+0000] {processor.py:161} INFO - Started process (PID=7523) to work on /opt/airflow/dags/airpulse_pipeline.py
[2026-06-23T03:18:23.054+0000] {processor.py:830} INFO - Processing file /opt/airflow/dags/airpulse_pipeline.py for tasks to queue
[2026-06-23T03:18:23.058+0000] {logging_mixin.py:188} INFO - [2026-06-23T03:18:23.057+0000] {dagbag.py:545} INFO - Filling up the DagBag from /opt/airflow/dags/airpulse_pipeline.py
[2026-06-23T03:18:23.089+0000] {processor.py:840} INFO - DAG(s) 'airpulse_pipeline' retrieved from /opt/airflow/dags/airpulse_pipeline.py
[2026-06-23T03:18:23.123+0000] {logging_mixin.py:188} INFO - [2026-06-23T03:18:23.123+0000] {dag.py:3096} INFO - Sync 1 DAGs
[2026-06-23T03:18:23.159+0000] {logging_mixin.py:188} INFO - [2026-06-23T03:18:23.159+0000] {dag.py:3954} INFO - Setting next_dagrun for airpulse_pipeline to 2026-06-23 00:00:00+00:00, run_after=2026-06-24 00:00:00+00:00
[2026-06-23T03:18:23.191+0000] {processor.py:183} INFO - Processing /opt/airflow/dags/airpulse_pipeline.py took 0.150 seconds
[2026-06-23T03:18:53.667+0000] {processor.py:161} INFO - Started process (PID=7790) to work on /opt/airflow/dags/airpulse_pipeline.py
[2026-06-23T03:18:53.669+0000] {processor.py:830} INFO - Processing file /opt/airflow/dags/airpulse_pipeline.py for tasks to queue
[2026-06-23T03:18:53.673+0000] {logging_mixin.py:188} INFO - [2026-06-23T03:18:53.672+0000] {dagbag.py:545} INFO - Filling up the DagBag from /opt/airflow/dags/airpulse_pipeline.py
[2026-06-23T03:18:53.701+0000] {processor.py:840} INFO - DAG(s) 'airpulse_pipeline' retrieved from /opt/airflow/dags/airpulse_pipeline.py
[2026-06-23T03:18:53.727+0000] {logging_mixin.py:188} INFO - [2026-06-23T03:18:53.727+0000] {dag.py:3096} INFO - Sync 1 DAGs
[2026-06-23T03:18:53.759+0000] {logging_mixin.py:188} INFO - [2026-06-23T03:18:53.758+0000] {dag.py:3954} INFO - Setting next_dagrun for airpulse_pipeline to 2026-06-23 00:00:00+00:00, run_after=2026-06-24 00:00:00+00:00
[2026-06-23T03:18:53.791+0000] {processor.py:183} INFO - Processing /opt/airflow/dags/airpulse_pipeline.py took 0.130 seconds
[2026-06-23T03:19:23.918+0000] {processor.py:161} INFO - Started process (PID=8057) to work on /opt/airflow/dags/airpulse_pipeline.py
[2026-06-23T03:19:23.920+0000] {processor.py:830} INFO - Processing file /opt/airflow/dags/airpulse_pipeline.py for tasks to queue
[2026-06-23T03:19:23.922+0000] {logging_mixin.py:188} INFO - [2026-06-23T03:19:23.922+0000] {dagbag.py:545} INFO - Filling up the DagBag from /opt/airflow/dags/airpulse_pipeline.py
[2026-06-23T03:19:23.951+0000] {processor.py:840} INFO - DAG(s) 'airpulse_pipeline' retrieved from /opt/airflow/dags/airpulse_pipeline.py
[2026-06-23T03:19:23.986+0000] {logging_mixin.py:188} INFO - [2026-06-23T03:19:23.985+0000] {dag.py:3096} INFO - Sync 1 DAGs
[2026-06-23T03:19:24.015+0000] {logging_mixin.py:188} INFO - [2026-06-23T03:19:24.014+0000] {dag.py:3954} INFO - Setting next_dagrun for airpulse_pipeline to 2026-06-23 00:00:00+00:00, run_after=2026-06-24 00:00:00+00:00
[2026-06-23T03:19:24.045+0000] {processor.py:183} INFO - Processing /opt/airflow/dags/airpulse_pipeline.py took 0.135 seconds
